Archive member included to satisfy reference by file (symbol)

c:/progra~2/gnuarm~1/102021~1.07/bin/../lib/gcc/arm-none-eabi/10.3.1/thumb/v6-m/nofp\libgcc.a(_dvmd_tls.o)
                              CMakeFiles/Optical-SW.dir/C_/VSARM/sdk/Pico/pico-sdk/src/rp2_common/pico_divider/divider.S.obj (__aeabi_idiv0)
c:/progra~2/gnuarm~1/102021~1.07/bin/../lib/gcc/arm-none-eabi/10.3.1/../../../../arm-none-eabi/lib/thumb/v6-m/nofp\libg.a(lib_a-calloc.o)
                              CMakeFiles/Optical-SW.dir/C_/VSARM/sdk/Pico/pico-sdk/src/rp2_common/pico_malloc/pico_malloc.c.obj (calloc)
c:/progra~2/gnuarm~1/102021~1.07/bin/../lib/gcc/arm-none-eabi/10.3.1/../../../../arm-none-eabi/lib/thumb/v6-m/nofp\libg.a(lib_a-callocr.o)
                              c:/progra~2/gnuarm~1/102021~1.07/bin/../lib/gcc/arm-none-eabi/10.3.1/../../../../arm-none-eabi/lib/thumb/v6-m/nofp\libg.a(lib_a-calloc.o) (_calloc_r)
c:/progra~2/gnuarm~1/102021~1.07/bin/../lib/gcc/arm-none-eabi/10.3.1/../../../../arm-none-eabi/lib/thumb/v6-m/nofp\libg.a(lib_a-errno.o)
                              c:/progra~2/gnuarm~1/102021~1.07/bin/../lib/gcc/arm-none-eabi/10.3.1/../../../../arm-none-eabi/lib/thumb/v6-m/nofp\libg.a(lib_a-callocr.o) (__errno)
c:/progra~2/gnuarm~1/102021~1.07/bin/../lib/gcc/arm-none-eabi/10.3.1/../../../../arm-none-eabi/lib/thumb/v6-m/nofp\libg.a(lib_a-impure.o)
                              c:/progra~2/gnuarm~1/102021~1.07/bin/../lib/gcc/arm-none-eabi/10.3.1/../../../../arm-none-eabi/lib/thumb/v6-m/nofp\libg.a(lib_a-calloc.o) (_impure_ptr)
c:/progra~2/gnuarm~1/102021~1.07/bin/../lib/gcc/arm-none-eabi/10.3.1/../../../../arm-none-eabi/lib/thumb/v6-m/nofp\libg.a(lib_a-init.o)
                              c:/progra~2/gnuarm~1/102021~1.07/bin/../lib/gcc/arm-none-eabi/10.3.1/../../../../arm-none-eabi/lib/thumb/v6-m/nofp/crt0.o (__libc_init_array)
c:/progra~2/gnuarm~1/102021~1.07/bin/../lib/gcc/arm-none-eabi/10.3.1/../../../../arm-none-eabi/lib/thumb/v6-m/nofp\libg.a(lib_a-malloc.o)
                              CMakeFiles/Optical-SW.dir/C_/VSARM/sdk/Pico/pico-sdk/src/rp2_common/pico_malloc/pico_malloc.c.obj (malloc)
c:/progra~2/gnuarm~1/102021~1.07/bin/../lib/gcc/arm-none-eabi/10.3.1/../../../../arm-none-eabi/lib/thumb/v6-m/nofp\libg.a(lib_a-mallocr.o)
                              c:/progra~2/gnuarm~1/102021~1.07/bin/../lib/gcc/arm-none-eabi/10.3.1/../../../../arm-none-eabi/lib/thumb/v6-m/nofp\libg.a(lib_a-callocr.o) (_malloc_r)
c:/progra~2/gnuarm~1/102021~1.07/bin/../lib/gcc/arm-none-eabi/10.3.1/../../../../arm-none-eabi/lib/thumb/v6-m/nofp\libg.a(lib_a-mlock.o)
                              c:/progra~2/gnuarm~1/102021~1.07/bin/../lib/gcc/arm-none-eabi/10.3.1/../../../../arm-none-eabi/lib/thumb/v6-m/nofp\libg.a(lib_a-mallocr.o) (__malloc_lock)
c:/progra~2/gnuarm~1/102021~1.07/bin/../lib/gcc/arm-none-eabi/10.3.1/../../../../arm-none-eabi/lib/thumb/v6-m/nofp\libg.a(lib_a-sbrkr.o)
                              c:/progra~2/gnuarm~1/102021~1.07/bin/../lib/gcc/arm-none-eabi/10.3.1/../../../../arm-none-eabi/lib/thumb/v6-m/nofp\libg.a(lib_a-mallocr.o) (_sbrk_r)
c:/progra~2/gnuarm~1/102021~1.07/bin/../lib/gcc/arm-none-eabi/10.3.1/../../../../arm-none-eabi/lib/thumb/v6-m/nofp\libg.a(lib_a-strlen-stub.o)
                              CMakeFiles/Optical-SW.dir/C_/VSARM/sdk/Pico/pico-sdk/src/rp2_common/pico_stdio/stdio.c.obj (strlen)
c:/progra~2/gnuarm~1/102021~1.07/bin/../lib/gcc/arm-none-eabi/10.3.1/../../../../arm-none-eabi/lib/thumb/v6-m/nofp\libg.a(lib_a-freer.o)
                              c:/progra~2/gnuarm~1/102021~1.07/bin/../lib/gcc/arm-none-eabi/10.3.1/../../../../arm-none-eabi/lib/thumb/v6-m/nofp\libg.a(lib_a-malloc.o) (_free_r)
c:/progra~2/gnuarm~1/102021~1.07/bin/../lib/gcc/arm-none-eabi/10.3.1/../../../../arm-none-eabi/lib/thumb/v6-m/nofp\libg.a(lib_a-lock.o)
                              c:/progra~2/gnuarm~1/102021~1.07/bin/../lib/gcc/arm-none-eabi/10.3.1/../../../../arm-none-eabi/lib/thumb/v6-m/nofp\libg.a(lib_a-mlock.o) (__retarget_lock_acquire_recursive)
c:/progra~2/gnuarm~1/102021~1.07/bin/../lib/gcc/arm-none-eabi/10.3.1/../../../../arm-none-eabi/lib/thumb/v6-m/nofp\libg.a(lib_a-reent.o)
                              c:/progra~2/gnuarm~1/102021~1.07/bin/../lib/gcc/arm-none-eabi/10.3.1/../../../../arm-none-eabi/lib/thumb/v6-m/nofp\libg.a(lib_a-sbrkr.o) (errno)

Discarded input sections

 .text          0x00000000        0x0 c:/progra~2/gnuarm~1/102021~1.07/bin/../lib/gcc/arm-none-eabi/10.3.1/thumb/v6-m/nofp/crti.o
 .data          0x00000000        0x0 c:/progra~2/gnuarm~1/102021~1.07/bin/../lib/gcc/arm-none-eabi/10.3.1/thumb/v6-m/nofp/crti.o
 .bss           0x00000000        0x0 c:/progra~2/gnuarm~1/102021~1.07/bin/../lib/gcc/arm-none-eabi/10.3.1/thumb/v6-m/nofp/crti.o
 .data          0x00000000        0x4 c:/progra~2/gnuarm~1/102021~1.07/bin/../lib/gcc/arm-none-eabi/10.3.1/thumb/v6-m/nofp/crtbegin.o
[...]
Memory Configuration

Name             Origin             Length             Attributes
FLASH            0x10000000         0x00200000         xr
RAM              0x20000000         0x00040000         xrw
SCRATCH_X        0x20040000         0x00001000         xrw
SCRATCH_Y        0x20041000         0x00001000         xrw
*default*        0x00000000         0xffffffff

Linker script and memory map

LOAD c:/progra~2/gnuarm~1/102021~1.07/bin/../lib/gcc/arm-none-eabi/10.3.1/thumb/v6-m/nofp/crti.o
LOAD c:/progra~2/gnuarm~1/102021~1.07/bin/../lib/gcc/arm-none-eabi/10.3.1/thumb/v6-m/nofp/crtbegin.o
LOAD c:/progra~2/gnuarm~1/102021~1.07/bin/../lib/gcc/arm-none-eabi/10.3.1/../../../../arm-none-eabi/lib/thumb/v6-m/nofp/crt0.o

.flash_begin    0x10000000        0x0
                0x10000000                __flash_binary_start = .

.boot2          0x10000000      0x100
                0x10000000                __boot2_start__ = .
 *(.boot2)
 .boot2         0x10000000      0x100 C:\Users\ENITT\AppData\Local\Temp\cc8U9bGy.o
                0x10000100                __boot2_end__ = .
                0x00000001                ASSERT (((__boot2_end__ - __boot2_start__) == 0x100), ERROR: Pico second stage bootloader must be 256 bytes in size)

.text           0x10000100     0x45b8
                0x10000100                __logical_binary_start = .
 *(.vectors)
 .vectors       0x10000100       0xd4 CMakeFiles/Optical-SW.dir/C_/VSARM/sdk/Pico/pico-sdk/src/rp2_common/pico_standard_link/crt0.S.obj
                0x10000100                __VECTOR_TABLE
                0x10000100                __vectors
                0x100001c0                isr_invalid
                0x100001c0                __default_isrs_start
                0x100001c2                isr_nmi
                0x100001c4                isr_hardfault
                0x100001c6                isr_svcall
                0x100001c8                isr_pendsv
                0x100001ca                isr_systick
                0x100001cc                isr_irq23
                0x100001cc                isr_irq18
                0x100001cc                isr_irq11
                0x100001cc                isr_irq28
                0x100001cc                isr_irq19
                0x100001cc                isr_irq0
                0x100001cc                isr_irq6
                0x100001cc                isr_irq5
                0x100001cc                isr_irq12
                0x100001cc                isr_irq22
                0x100001cc                isr_irq31
                0x100001cc                isr_irq17
                0x100001cc                isr_irq27
                0x100001cc                isr_irq30
                0x100001cc                isr_irq2
                0x100001cc                isr_irq10
                0x100001cc                isr_irq8
                0x100001cc                isr_irq24
                0x100001cc                isr_irq1
                0x100001cc                isr_irq7
                0x100001cc                isr_irq21
                0x100001cc                isr_irq20
                0x100001cc                isr_irq15
                0x100001cc                isr_irq25
                0x100001cc                isr_irq13
                0x100001cc                __unhandled_user_irq
                0x100001cc                isr_irq4
                0x100001cc                isr_irq16
                0x100001cc                isr_irq29
                0x100001cc                isr_irq26
                0x100001cc                __default_isrs_end
                0x100001cc                isr_irq3
                0x100001cc                isr_irq14
                0x100001cc                isr_irq9
                0x100001d2                unhandled_user_irq_num_in_r0
 *(.binary_info_header)
 .binary_info_header
                0x100001d4       0x14 CMakeFiles/Optical-SW.dir/C_/VSARM/sdk/Pico/pico-sdk/src/rp2_common/pico_standard_link/crt0.S.obj
                0x100001e8                __binary_info_header_end = .
 *(.reset)
 .reset         0x100001e8       0xa8 CMakeFiles/Optical-SW.dir/C_/VSARM/sdk/Pico/pico-sdk/src/rp2_common/pico_standard_link/crt0.S.obj
                0x100001e8                _entry_point
                0x10000266                __get_current_exception
 .reset         0x10000290       0x30 CMakeFiles/Optical-SW.dir/C_/VSARM/sdk/Pico/pico-sdk/src/rp2_common/pico_standard_link/binary_info.c.obj
 *(.init)
 .init          0x100002c0        0x4 c:/progra~2/gnuarm~1/102021~1.07/bin/../lib/gcc/arm-none-eabi/10.3.1/thumb/v6-m/nofp/crti.o
                0x100002c0                _init
 *(EXCLUDE_FILE(*libm.a: *libc.a:*lib_a-mem*.o *libgcc.a:) .text*)
 .text          0x100002c4       0x48 c:/progra~2/gnuarm~1/102021~1.07/bin/../lib/gcc/arm-none-eabi/10.3.1/thumb/v6-m/nofp/crtbegin.o
 .text.swnum    0x1000030c      0x24c CMakeFiles/Optical-SW.dir/optical-sw.c.obj
                0x1000030c                swnum
 .text.main     0x10000558      0x114 CMakeFiles/Optical-SW.dir/optical-sw.c.obj
                0x10000558                main
 .text.gpio_set_function
                0x1000066c       0x30 CMakeFiles/Optical-SW.dir/C_/VSARM/sdk/Pico/pico-sdk/src/rp2_common/hardware_gpio/gpio.c.obj
                0x1000066c                gpio_set_function
 .text.gpio_init
                0x1000069c       0x16 CMakeFiles/Optical-SW.dir/C_/VSARM/sdk/Pico/pico-sdk/src/rp2_common/hardware_gpio/gpio.c.obj
                0x1000069c                gpio_init
 *fill*         0x100006b2        0x2 
 .text.hw_claim_lock
                0x100006b4       0x18 CMakeFiles/Optical-SW.dir/C_/VSARM/sdk/Pico/pico-sdk/src/rp2_common/hardware_claim/claim.c.obj
                0x100006b4                hw_claim_lock
 .text.hw_claim_unlock
                0x100006cc       0x14 CMakeFiles/Optical-SW.dir/C_/VSARM/sdk/Pico/pico-sdk/src/rp2_common/hardware_claim/claim.c.obj
                0x100006cc                hw_claim_unlock
 .text.hw_claim_or_assert
                0x100006e0       0x32 CMakeFiles/Optical-SW.dir/C_/VSARM/sdk/Pico/pico-sdk/src/rp2_common/hardware_claim/claim.c.obj
                0x100006e0                hw_claim_or_assert
 *fill*         0x10000712        0x2 
 .text.running_on_fpga
                0x10000714       0x14 CMakeFiles/Optical-SW.dir/C_/VSARM/sdk/Pico/pico-sdk/src/rp2_common/pico_platform/platform.c.obj
                0x10000714                running_on_fpga
 .text.spin_locks_reset
                0x10000728       0x20 CMakeFiles/Optical-SW.dir/C_/VSARM/sdk/Pico/pico-sdk/src/rp2_common/hardware_sync/sync.c.obj
                0x10000728                spin_locks_reset
 .text.next_striped_spin_lock_num
                0x10000748       0x1c CMakeFiles/Optical-SW.dir/C_/VSARM/sdk/Pico/pico-sdk/src/rp2_common/hardware_sync/sync.c.obj
                0x10000748                next_striped_spin_lock_num
 .text.uart_set_baudrate
                0x10000764       0x5c CMakeFiles/Optical-SW.dir/C_/VSARM/sdk/Pico/pico-sdk/src/rp2_common/hardware_uart/uart.c.obj
                0x10000764                uart_set_baudrate
 .text.uart_set_translate_crlf
                0x100007c0       0x28 CMakeFiles/Optical-SW.dir/C_/VSARM/sdk/Pico/pico-sdk/src/rp2_common/hardware_uart/uart.c.obj
                0x100007c0                uart_set_translate_crlf
 .text.uart_init
                0x100007e8       0x80 CMakeFiles/Optical-SW.dir/C_/VSARM/sdk/Pico/pico-sdk/src/rp2_common/hardware_uart/uart.c.obj
                0x100007e8                uart_init
 .text.alarm_pool_post_alloc_init
                0x10000868       0x40 CMakeFiles/Optical-SW.dir/C_/VSARM/sdk/Pico/pico-sdk/src/common/pico_time/time.c.obj
 .text.sleep_until_callback
                0x100008a8       0x30 CMakeFiles/Optical-SW.dir/C_/VSARM/sdk/Pico/pico-sdk/src/common/pico_time/time.c.obj
 .text.timer_pool_entry_comparator
                0x100008d8       0x7c CMakeFiles/Optical-SW.dir/C_/VSARM/sdk/Pico/pico-sdk/src/common/pico_time/time.c.obj
                0x100008d8                timer_pool_entry_comparator
 .text.ph_add_child_node
                0x10000954       0xa4 CMakeFiles/Optical-SW.dir/C_/VSARM/sdk/Pico/pico-sdk/src/common/pico_time/time.c.obj
 .text.ph_merge_nodes
                0x100009f8       0x3e CMakeFiles/Optical-SW.dir/C_/VSARM/sdk/Pico/pico-sdk/src/common/pico_time/time.c.obj
 *fill*         0x10000a36        0x2 
 .text.add_alarm_under_lock
                0x10000a38      0x174 CMakeFiles/Optical-SW.dir/C_/VSARM/sdk/Pico/pico-sdk/src/common/pico_time/time.c.obj
 .text.alarm_pool_alarm_callback
                0x10000bac      0x328 CMakeFiles/Optical-SW.dir/C_/VSARM/sdk/Pico/pico-sdk/src/common/pico_time/time.c.obj
 .text.alarm_pool_init_default
                0x10000ed4       0x38 CMakeFiles/Optical-SW.dir/C_/VSARM/sdk/Pico/pico-sdk/src/common/pico_time/time.c.obj
                0x10000ed4                alarm_pool_init_default
 .text.alarm_pool_get_default
                0x10000f0c       0x2c CMakeFiles/Optical-SW.dir/C_/VSARM/sdk/Pico/pico-sdk/src/common/pico_time/time.c.obj
                0x10000f0c                alarm_pool_get_default
 .text.alarm_pool_add_alarm_at
                0x10000f38      0x170 CMakeFiles/Optical-SW.dir/C_/VSARM/sdk/Pico/pico-sdk/src/common/pico_time/time.c.obj
                0x10000f38                alarm_pool_add_alarm_at
 .text.sleep_until
                0x100010a8       0xfc CMakeFiles/Optical-SW.dir/C_/VSARM/sdk/Pico/pico-sdk/src/common/pico_time/time.c.obj
                0x100010a8                sleep_until
 .text.sleep_us
                0x100011a4       0x58 CMakeFiles/Optical-SW.dir/C_/VSARM/sdk/Pico/pico-sdk/src/common/pico_time/time.c.obj
                0x100011a4                sleep_us
 .text.sleep_ms
                0x100011fc       0x14 CMakeFiles/Optical-SW.dir/C_/VSARM/sdk/Pico/pico-sdk/src/common/pico_time/time.c.obj
                0x100011fc                sleep_ms
 .text.hardware_alarm_irq_handler
                0x10001210       0x8c CMakeFiles/Optical-SW.dir/C_/VSARM/sdk/Pico/pico-sdk/src/rp2_common/hardware_timer/timer.c.obj
 .text.hardware_alarm_claim
                0x1000129c       0x18 CMakeFiles/Optical-SW.dir/C_/VSARM/sdk/Pico/pico-sdk/src/rp2_common/hardware_timer/timer.c.obj
                0x1000129c                hardware_alarm_claim
 .text.time_us_64
                0x100012b4       0x18 CMakeFiles/Optical-SW.dir/C_/VSARM/sdk/Pico/pico-sdk/src/rp2_common/hardware_timer/timer.c.obj
                0x100012b4                time_us_64
 .text.busy_wait_until
                0x100012cc       0x28 CMakeFiles/Optical-SW.dir/C_/VSARM/sdk/Pico/pico-sdk/src/rp2_common/hardware_timer/timer.c.obj
                0x100012cc                busy_wait_until
 .text.hardware_alarm_set_callback
                0x100012f4       0x90 CMakeFiles/Optical-SW.dir/C_/VSARM/sdk/Pico/pico-sdk/src/rp2_common/hardware_timer/timer.c.obj
                0x100012f4                hardware_alarm_set_callback
 .text.hardware_alarm_set_target
                0x10001384       0xe8 CMakeFiles/Optical-SW.dir/C_/VSARM/sdk/Pico/pico-sdk/src/rp2_common/hardware_timer/timer.c.obj
                0x10001384                hardware_alarm_set_target
 .text.hardware_alarm_cancel
                0x1000146c       0x40 CMakeFiles/Optical-SW.dir/C_/VSARM/sdk/Pico/pico-sdk/src/rp2_common/hardware_timer/timer.c.obj
                0x1000146c                hardware_alarm_cancel
 .text.lock_init
                0x100014ac       0x10 CMakeFiles/Optical-SW.dir/C_/VSARM/sdk/Pico/pico-sdk/src/common/pico_sync/lock_core.c.obj
                0x100014ac                lock_init
 .text.mutex_init_internal
                0x100014bc       0x1e CMakeFiles/Optical-SW.dir/C_/VSARM/sdk/Pico/pico-sdk/src/common/pico_sync/mutex.c.obj
 .text.mutex_init
                0x100014da        0xa CMakeFiles/Optical-SW.dir/C_/VSARM/sdk/Pico/pico-sdk/src/common/pico_sync/mutex.c.obj
                0x100014da                mutex_init
 .text.recursive_mutex_init
                0x100014e4        0xa CMakeFiles/Optical-SW.dir/C_/VSARM/sdk/Pico/pico-sdk/src/common/pico_sync/mutex.c.obj
                0x100014e4                recursive_mutex_init
 *fill*         0x100014ee        0x2 
 .text.ph_add_child_node
                0x100014f0       0xa4 CMakeFiles/Optical-SW.dir/C_/VSARM/sdk/Pico/pico-sdk/src/common/pico_util/pheap.c.obj
 .text.ph_merge_nodes
                0x10001594       0x3e CMakeFiles/Optical-SW.dir/C_/VSARM/sdk/Pico/pico-sdk/src/common/pico_util/pheap.c.obj
 *fill*         0x100015d2        0x2 
 .text.ph_clear
                0x100015d4       0x70 CMakeFiles/Optical-SW.dir/C_/VSARM/sdk/Pico/pico-sdk/src/common/pico_util/pheap.c.obj
                0x100015d4                ph_clear
 .text.ph_post_alloc_init
                0x10001644        0xe CMakeFiles/Optical-SW.dir/C_/VSARM/sdk/Pico/pico-sdk/src/common/pico_util/pheap.c.obj
                0x10001644                ph_post_alloc_init
 *fill*         0x10001652        0x2 
 .text.ph_merge_two_pass
                0x10001654       0xa8 CMakeFiles/Optical-SW.dir/C_/VSARM/sdk/Pico/pico-sdk/src/common/pico_util/pheap.c.obj
                0x10001654                ph_merge_two_pass
 .text.ph_remove_any_head
                0x100016fc      0x108 CMakeFiles/Optical-SW.dir/C_/VSARM/sdk/Pico/pico-sdk/src/common/pico_util/pheap.c.obj
 .text.ph_remove_head
                0x10001804       0x14 CMakeFiles/Optical-SW.dir/C_/VSARM/sdk/Pico/pico-sdk/src/common/pico_util/pheap.c.obj
                0x10001804                ph_remove_head
 .text.ph_remove_and_free_node
                0x10001818       0xf8 CMakeFiles/Optical-SW.dir/C_/VSARM/sdk/Pico/pico-sdk/src/common/pico_util/pheap.c.obj
                0x10001818                ph_remove_and_free_node
 .text.runtime_init
                0x10001910       0xd8 CMakeFiles/Optical-SW.dir/C_/VSARM/sdk/Pico/pico-sdk/src/rp2_common/pico_runtime/runtime.c.obj
                0x10001910                runtime_init
 .text._exit    0x100019e8        0x4 CMakeFiles/Optical-SW.dir/C_/VSARM/sdk/Pico/pico-sdk/src/rp2_common/pico_runtime/runtime.c.obj
                0x100019e8                _exit
 .text.exit     0x100019ec        0x6 CMakeFiles/Optical-SW.dir/C_/VSARM/sdk/Pico/pico-sdk/src/rp2_common/pico_runtime/runtime.c.obj
                0x100019ec                exit
 *fill*         0x100019f2        0x2 
 .text.__assert_func
                0x100019f4       0x3c CMakeFiles/Optical-SW.dir/C_/VSARM/sdk/Pico/pico-sdk/src/rp2_common/pico_runtime/runtime.c.obj
                0x100019f4                __assert_func
 .text.panic    0x10001a30       0x30 CMakeFiles/Optical-SW.dir/C_/VSARM/sdk/Pico/pico-sdk/src/rp2_common/pico_runtime/runtime.c.obj
                0x10001a30                panic
 .text.clock_configure
                0x10001a60      0x104 CMakeFiles/Optical-SW.dir/C_/VSARM/sdk/Pico/pico-sdk/src/rp2_common/hardware_clocks/clocks.c.obj
                0x10001a60                clock_configure
 .text.clocks_init
                0x10001b64      0x100 CMakeFiles/Optical-SW.dir/C_/VSARM/sdk/Pico/pico-sdk/src/rp2_common/hardware_clocks/clocks.c.obj
                0x10001b64                clocks_init
 .text.clock_get_hz
                0x10001c64        0xc CMakeFiles/Optical-SW.dir/C_/VSARM/sdk/Pico/pico-sdk/src/rp2_common/hardware_clocks/clocks.c.obj
                0x10001c64                clock_get_hz
 .text.set_raw_irq_handler_and_unlock
                0x10001c70       0x28 CMakeFiles/Optical-SW.dir/C_/VSARM/sdk/Pico/pico-sdk/src/rp2_common/hardware_irq/irq.c.obj
 .text.make_branch
                0x10001c98       0x34 CMakeFiles/Optical-SW.dir/C_/VSARM/sdk/Pico/pico-sdk/src/rp2_common/hardware_irq/irq.c.obj
 .text.insert_branch_and_link
                0x10001ccc       0x40 CMakeFiles/Optical-SW.dir/C_/VSARM/sdk/Pico/pico-sdk/src/rp2_common/hardware_irq/irq.c.obj
 .text.irq_is_enabled
                0x10001d0c       0x18 CMakeFiles/Optical-SW.dir/C_/VSARM/sdk/Pico/pico-sdk/src/rp2_common/hardware_irq/irq.c.obj
                0x10001d0c                irq_is_enabled
 .text.irq_set_mask_enabled
                0x10001d24       0x20 CMakeFiles/Optical-SW.dir/C_/VSARM/sdk/Pico/pico-sdk/src/rp2_common/hardware_irq/irq.c.obj
                0x10001d24                irq_set_mask_enabled
 .text.irq_set_enabled
                0x10001d44        0xe CMakeFiles/Optical-SW.dir/C_/VSARM/sdk/Pico/pico-sdk/src/rp2_common/hardware_irq/irq.c.obj
                0x10001d44                irq_set_enabled
 *fill*         0x10001d52        0x2 
 .text.irq_get_vtable_handler
                0x10001d54       0x10 CMakeFiles/Optical-SW.dir/C_/VSARM/sdk/Pico/pico-sdk/src/rp2_common/hardware_irq/irq.c.obj
                0x10001d54                irq_get_vtable_handler
 .text.irq_set_exclusive_handler
                0x10001d64       0x54 CMakeFiles/Optical-SW.dir/C_/VSARM/sdk/Pico/pico-sdk/src/rp2_common/hardware_irq/irq.c.obj
                0x10001d64                irq_set_exclusive_handler
 .text.irq_remove_handler
                0x10001db8      0x1ac CMakeFiles/Optical-SW.dir/C_/VSARM/sdk/Pico/pico-sdk/src/rp2_common/hardware_irq/irq.c.obj
                0x10001db8                irq_remove_handler
 .text.irq_set_priority
                0x10001f64       0x28 CMakeFiles/Optical-SW.dir/C_/VSARM/sdk/Pico/pico-sdk/src/rp2_common/hardware_irq/irq.c.obj
                0x10001f64                irq_set_priority
 .text.irq_add_tail_to_free_list
                0x10001f8c       0xf0 CMakeFiles/Optical-SW.dir/C_/VSARM/sdk/Pico/pico-sdk/src/rp2_common/hardware_irq/irq.c.obj
                0x10001f8c                irq_add_tail_to_free_list
 .text.irq_init_priorities
                0x1000207c       0x16 CMakeFiles/Optical-SW.dir/C_/VSARM/sdk/Pico/pico-sdk/src/rp2_common/hardware_irq/irq.c.obj
                0x1000207c                irq_init_priorities
 *fill*         0x10002092        0x2 
 .text.pll_init
                0x10002094      0x118 CMakeFiles/Optical-SW.dir/C_/VSARM/sdk/Pico/pico-sdk/src/rp2_common/hardware_pll/pll.c.obj
                0x10002094                pll_init
 .text.watchdog_start_tick
                0x100021ac       0x10 CMakeFiles/Optical-SW.dir/C_/VSARM/sdk/Pico/pico-sdk/src/rp2_common/hardware_watchdog/watchdog.c.obj
                0x100021ac                watchdog_start_tick
 .text.xosc_init
                0x100021bc       0x28 CMakeFiles/Optical-SW.dir/C_/VSARM/sdk/Pico/pico-sdk/src/rp2_common/hardware_xosc/xosc.c.obj
                0x100021bc                xosc_init
 .text._out_null
                0x100021e4        0x2 CMakeFiles/Optical-SW.dir/C_/VSARM/sdk/Pico/pico-sdk/src/rp2_common/pico_printf/printf.c.obj
 .text._out_fct
                0x100021e6        0xe CMakeFiles/Optical-SW.dir/C_/VSARM/sdk/Pico/pico-sdk/src/rp2_common/pico_printf/printf.c.obj
 .text._atoi    0x100021f4       0x24 CMakeFiles/Optical-SW.dir/C_/VSARM/sdk/Pico/pico-sdk/src/rp2_common/pico_printf/printf.c.obj
 .text._out_rev
                0x10002218       0xae CMakeFiles/Optical-SW.dir/C_/VSARM/sdk/Pico/pico-sdk/src/rp2_common/pico_printf/printf.c.obj
 .text._ntoa_format
                0x100022c6      0x112 CMakeFiles/Optical-SW.dir/C_/VSARM/sdk/Pico/pico-sdk/src/rp2_common/pico_printf/printf.c.obj
 .text._ntoa_long
                0x100023d8       0xbc CMakeFiles/Optical-SW.dir/C_/VSARM/sdk/Pico/pico-sdk/src/rp2_common/pico_printf/printf.c.obj
 .text._ntoa_long_long
                0x10002494       0xe2 CMakeFiles/Optical-SW.dir/C_/VSARM/sdk/Pico/pico-sdk/src/rp2_common/pico_printf/printf.c.obj
 *fill*         0x10002576        0x2 
 .text._etoa    0x10002578      0x414 CMakeFiles/Optical-SW.dir/C_/VSARM/sdk/Pico/pico-sdk/src/rp2_common/pico_printf/printf.c.obj
 .text._ftoa    0x1000298c      0x354 CMakeFiles/Optical-SW.dir/C_/VSARM/sdk/Pico/pico-sdk/src/rp2_common/pico_printf/printf.c.obj
 .text._vsnprintf
                0x10002ce0      0x624 CMakeFiles/Optical-SW.dir/C_/VSARM/sdk/Pico/pico-sdk/src/rp2_common/pico_printf/printf.c.obj
 .text.vfctprintf
                0x10003304       0x20 CMakeFiles/Optical-SW.dir/C_/VSARM/sdk/Pico/pico-sdk/src/rp2_common/pico_printf/printf.c.obj
                0x10003304                vfctprintf
 .text          0x10003324       0x10 CMakeFiles/Optical-SW.dir/C_/VSARM/sdk/Pico/pico-sdk/src/rp2_common/pico_bit_ops/bit_ops_aeabi.S.obj
 .text.rom_func_lookup
                0x10003334       0x10 CMakeFiles/Optical-SW.dir/C_/VSARM/sdk/Pico/pico-sdk/src/rp2_common/pico_bootrom/bootrom.c.obj
                0x10003334                rom_func_lookup
 .text.rom_data_lookup
                0x10003344       0x10 CMakeFiles/Optical-SW.dir/C_/VSARM/sdk/Pico/pico-sdk/src/rp2_common/pico_bootrom/bootrom.c.obj
                0x10003344                rom_data_lookup
 .text.rom_funcs_lookup
                0x10003354       0x36 CMakeFiles/Optical-SW.dir/C_/VSARM/sdk/Pico/pico-sdk/src/rp2_common/pico_bootrom/bootrom.c.obj
                0x10003354                rom_funcs_lookup
 *fill*         0x1000338a        0x2 
 .text.__wrap___aeabi_idiv
                0x1000338c       0x50 CMakeFiles/Optical-SW.dir/C_/VSARM/sdk/Pico/pico-sdk/src/rp2_common/pico_divider/divider.S.obj
                0x1000338c                __wrap___aeabi_idivmod
                0x1000338c                divmod_s32s32
                0x1000338c                div_s32s32
                0x1000338c                __wrap___aeabi_idiv
                0x10003394                divmod_s32s32_unsafe
                0x100033c0                divmod_s32s32_savestate
 .text.__wrap___aeabi_uidiv
                0x100033dc       0x4c CMakeFiles/Optical-SW.dir/C_/VSARM/sdk/Pico/pico-sdk/src/rp2_common/pico_divider/divider.S.obj
                0x100033dc                __wrap___aeabi_uidiv
                0x100033dc                __wrap___aeabi_uidivmod
                0x100033dc                div_u32u32
                0x100033dc                divmod_u32u32
                0x100033e4                divmod_u32u32_unsafe
                0x1000340c                divmod_u32u32_savestate
 .text.__wrap___aeabi_ldiv
                0x10003428      0x430 CMakeFiles/Optical-SW.dir/C_/VSARM/sdk/Pico/pico-sdk/src/rp2_common/pico_divider/divider.S.obj
                0x10003428                div_s64s64
                0x10003428                divmod_s64s64
                0x10003428                __wrap___aeabi_ldivmod
                0x10003460                divmod_u64u64
                0x10003460                div_u64u64
                0x10003460                __wrap___aeabi_uldivmod
                0x10003470                divmod_u64u64_savestate
                0x10003498                divmod_s64s64_unsafe
                0x10003520                divmod_u64u64_unsafe
 .text.__wrap___aeabi_darithmetic
                0x10003858       0x80 CMakeFiles/Optical-SW.dir/C_/VSARM/sdk/Pico/pico-sdk/src/rp2_common/pico_double/double_aeabi.S.obj
                0x10003858                __wrap___aeabi_drsub
                0x1000385e                __wrap___aeabi_dsub
                0x10003870                __wrap___aeabi_dadd
                0x10003882                __wrap___aeabi_ddiv
                0x100038be                __wrap___aeabi_dmul
 .text.__wrap___aeabi_cdcmple
                0x100038d8       0x6c CMakeFiles/Optical-SW.dir/C_/VSARM/sdk/Pico/pico-sdk/src/rp2_common/pico_double/double_aeabi.S.obj
                0x100038d8                __wrap___aeabi_cdrcmple
                0x100038e8                __wrap___aeabi_cdcmpeq
                0x100038e8                __wrap___aeabi_cdcmple
 .text.__wrap___aeabi_dcmplt
                0x10003944        0xc CMakeFiles/Optical-SW.dir/C_/VSARM/sdk/Pico/pico-sdk/src/rp2_common/pico_double/double_aeabi.S.obj
                0x10003944                __wrap___aeabi_dcmplt
 .text.__wrap___aeabi_dcmple
                0x10003950       0x10 CMakeFiles/Optical-SW.dir/C_/VSARM/sdk/Pico/pico-sdk/src/rp2_common/pico_double/double_aeabi.S.obj
                0x10003950                __wrap___aeabi_dcmple
 .text.__wrap___aeabi_dcmpge
                0x10003960       0x10 CMakeFiles/Optical-SW.dir/C_/VSARM/sdk/Pico/pico-sdk/src/rp2_common/pico_double/double_aeabi.S.obj
                0x10003960                __wrap___aeabi_dcmpge
 .text.__wrap___aeabi_dcmpgt
                0x10003970        0xa CMakeFiles/Optical-SW.dir/C_/VSARM/sdk/Pico/pico-sdk/src/rp2_common/pico_double/double_aeabi.S.obj
                0x10003970                __wrap___aeabi_dcmpgt
 .text.__wrap___aeabi_dcmpun
                0x1000397a       0x1c CMakeFiles/Optical-SW.dir/C_/VSARM/sdk/Pico/pico-sdk/src/rp2_common/pico_double/double_aeabi.S.obj
                0x1000397a                __wrap___aeabi_dcmpun
 *fill*         0x10003996        0x2 
 .text.__wrap___aeabi_i2d
                0x10003998       0x38 CMakeFiles/Optical-SW.dir/C_/VSARM/sdk/Pico/pico-sdk/src/rp2_common/pico_double/double_aeabi.S.obj
                0x10003998                __wrap___aeabi_ui2d
                0x100039a0                __wrap___aeabi_i2d
 .text.__wrap___aeabi_d2iz
                0x100039d0       0x48 CMakeFiles/Optical-SW.dir/C_/VSARM/sdk/Pico/pico-sdk/src/rp2_common/pico_double/double_aeabi.S.obj
                0x100039d0                double2int_z
                0x100039d0                __wrap___aeabi_d2iz
 .text.__wrap___aeabi_d2uiz
                0x10003a18       0x18 CMakeFiles/Optical-SW.dir/C_/VSARM/sdk/Pico/pico-sdk/src/rp2_common/pico_double/double_aeabi.S.obj
                0x10003a18                __wrap___aeabi_d2uiz
                0x10003a18                double2uint
 .text.__aeabi_double_init
                0x10003a30       0xb8 CMakeFiles/Optical-SW.dir/C_/VSARM/sdk/Pico/pico-sdk/src/rp2_common/pico_double/double_init_rom.c.obj
                0x10003a30                __aeabi_double_init
 .text.double_table_shim_on_use_helper
                0x10003ae8       0x34 CMakeFiles/Optical-SW.dir/C_/VSARM/sdk/Pico/pico-sdk/src/rp2_common/pico_double/double_v1_rom_shim.S.obj
                0x10003ae8                double_table_shim_on_use_helper
 .text.__wrap___aeabi_dsub
                0x10003b1c       0x10 CMakeFiles/Optical-SW.dir/C_/VSARM/sdk/Pico/pico-sdk/src/rp2_common/pico_double/double_v1_rom_shim.S.obj
                0x10003b1c                drsub_shim
                0x10003b22                dsub_shim
 .text.dadd_shim
                0x10003b2c      0x15c CMakeFiles/Optical-SW.dir/C_/VSARM/sdk/Pico/pico-sdk/src/rp2_common/pico_double/double_v1_rom_shim.S.obj
                0x10003b2c                dadd_shim
 .text.dmul_shim
                0x10003c88      0x15c CMakeFiles/Optical-SW.dir/C_/VSARM/sdk/Pico/pico-sdk/src/rp2_common/pico_double/double_v1_rom_shim.S.obj
                0x10003c88                dmul_shim
 .text.ddiv_shim
                0x10003de4      0x1b0 CMakeFiles/Optical-SW.dir/C_/VSARM/sdk/Pico/pico-sdk/src/rp2_common/pico_double/double_v1_rom_shim.S.obj
                0x10003de4                ddiv_shim
 .text.dcordic_rot_step
                0x10003f94       0x7c CMakeFiles/Optical-SW.dir/C_/VSARM/sdk/Pico/pico-sdk/src/rp2_common/pico_double/double_v1_rom_shim.S.obj
                0x10003f94                dcordic_rot_step
 .text.double2uint_shim
                0x10004010        0xe CMakeFiles/Optical-SW.dir/C_/VSARM/sdk/Pico/pico-sdk/src/rp2_common/pico_double/double_v1_rom_shim.S.obj
                0x10004010                double2uint_shim
                0x10004012                double2ufix_shim
 *fill*         0x1000401e        0x2 
 .text.double2uint64_shim
                0x10004020       0x6c CMakeFiles/Optical-SW.dir/C_/VSARM/sdk/Pico/pico-sdk/src/rp2_common/pico_double/double_v1_rom_shim.S.obj
                0x10004020                double2uint64_shim
                0x10004022                double2ufix64_shim
                0x1000403c                d2fix_a
 .text.dunpacks
                0x1000408c       0x3c CMakeFiles/Optical-SW.dir/C_/VSARM/sdk/Pico/pico-sdk/src/rp2_common/pico_double/double_v1_rom_shim.S.obj
                0x1000408c                dunpacks
 .text.__aeabi_lmul
                0x100040c8       0x32 CMakeFiles/Optical-SW.dir/C_/VSARM/sdk/Pico/pico-sdk/src/rp2_common/pico_int64_ops/pico_int64_ops_aeabi.S.obj
                0x100040c8                __wrap___aeabi_lmul
 *fill*         0x100040fa        0x2 
 .text.__aeabi_float_init
                0x100040fc       0xfc CMakeFiles/Optical-SW.dir/C_/VSARM/sdk/Pico/pico-sdk/src/rp2_common/pico_float/float_init_rom.c.obj
                0x100040fc                __aeabi_float_init
 .text.float_table_shim_on_use_helper
                0x100041f8       0x34 CMakeFiles/Optical-SW.dir/C_/VSARM/sdk/Pico/pico-sdk/src/rp2_common/pico_float/float_v1_rom_shim.S.obj
                0x100041f8                float_table_shim_on_use_helper
 .text          0x1000422c       0x10 CMakeFiles/Optical-SW.dir/C_/VSARM/sdk/Pico/pico-sdk/src/rp2_common/pico_mem_ops/mem_ops_aeabi.S.obj
                0x1000422c                __aeabi_mem_init
 .text.memset   0x1000423c        0xc CMakeFiles/Optical-SW.dir/C_/VSARM/sdk/Pico/pico-sdk/src/rp2_common/pico_mem_ops/mem_ops_aeabi.S.obj
                0x1000423c                __wrap_memset
 .text.memcpy   0x10004248        0xc CMakeFiles/Optical-SW.dir/C_/VSARM/sdk/Pico/pico-sdk/src/rp2_common/pico_mem_ops/mem_ops_aeabi.S.obj
                0x10004248                __wrap_memcpy
                0x10004248                __wrap___aeabi_memcpy
 .text.stdio_out_chars_crlf
                0x10004254       0x80 CMakeFiles/Optical-SW.dir/C_/VSARM/sdk/Pico/pico-sdk/src/rp2_common/pico_stdio/stdio.c.obj
 .text.stdio_stack_buffer_flush
                0x100042d4       0x44 CMakeFiles/Optical-SW.dir/C_/VSARM/sdk/Pico/pico-sdk/src/rp2_common/pico_stdio/stdio.c.obj
 .text.stdio_buffered_printer
                0x10004318       0x20 CMakeFiles/Optical-SW.dir/C_/VSARM/sdk/Pico/pico-sdk/src/rp2_common/pico_stdio/stdio.c.obj
 .text.stdout_serialize_begin
                0x10004338       0x30 CMakeFiles/Optical-SW.dir/C_/VSARM/sdk/Pico/pico-sdk/src/rp2_common/pico_stdio/stdio.c.obj
                0x10004338                stdout_serialize_begin
 .text.stdout_serialize_end
                0x10004368       0x10 CMakeFiles/Optical-SW.dir/C_/VSARM/sdk/Pico/pico-sdk/src/rp2_common/pico_stdio/stdio.c.obj
                0x10004368                stdout_serialize_end
 .text.stdio_put_string
                0x10004378       0x84 CMakeFiles/Optical-SW.dir/C_/VSARM/sdk/Pico/pico-sdk/src/rp2_common/pico_stdio/stdio.c.obj
 .text.stdio_set_driver_enabled
                0x100043fc       0x38 CMakeFiles/Optical-SW.dir/C_/VSARM/sdk/Pico/pico-sdk/src/rp2_common/pico_stdio/stdio.c.obj
                0x100043fc                stdio_set_driver_enabled
 .text.stdio_flush
                0x10004434       0x20 CMakeFiles/Optical-SW.dir/C_/VSARM/sdk/Pico/pico-sdk/src/rp2_common/pico_stdio/stdio.c.obj
                0x10004434                stdio_flush
 .text.__wrap_puts
                0x10004454       0x1c CMakeFiles/Optical-SW.dir/C_/VSARM/sdk/Pico/pico-sdk/src/rp2_common/pico_stdio/stdio.c.obj
                0x10004454                __wrap_puts
 .text.__wrap_vprintf
                0x10004470       0x44 CMakeFiles/Optical-SW.dir/C_/VSARM/sdk/Pico/pico-sdk/src/rp2_common/pico_stdio/stdio.c.obj
                0x10004470                __wrap_vprintf
 .text.__wrap_printf
                0x100044b4       0x18 CMakeFiles/Optical-SW.dir/C_/VSARM/sdk/Pico/pico-sdk/src/rp2_common/pico_stdio/stdio.c.obj
                0x100044b4                __wrap_printf
 .text.stdio_init_all
                0x100044cc        0x8 CMakeFiles/Optical-SW.dir/C_/VSARM/sdk/Pico/pico-sdk/src/rp2_common/pico_stdio/stdio.c.obj
                0x100044cc                stdio_init_all
 .text.stdio_uart_out_chars
                0x100044d4       0x74 CMakeFiles/Optical-SW.dir/C_/VSARM/sdk/Pico/pico-sdk/src/rp2_common/pico_stdio_uart/stdio_uart.c.obj
 .text.stdio_uart_in_chars
                0x10004548       0x58 CMakeFiles/Optical-SW.dir/C_/VSARM/sdk/Pico/pico-sdk/src/rp2_common/pico_stdio_uart/stdio_uart.c.obj
                0x10004548                stdio_uart_in_chars
 .text.stdio_uart_init_full
                0x100045a0       0x3c CMakeFiles/Optical-SW.dir/C_/VSARM/sdk/Pico/pico-sdk/src/rp2_common/pico_stdio_uart/stdio_uart.c.obj
                0x100045a0                stdio_uart_init_full
 .text.stdio_uart_init
                0x100045dc       0x28 CMakeFiles/Optical-SW.dir/C_/VSARM/sdk/Pico/pico-sdk/src/rp2_common/pico_stdio_uart/stdio_uart.c.obj
                0x100045dc                stdio_uart_init
 .text.strlen   0x10004604       0x5c c:/progra~2/gnuarm~1/102021~1.07/bin/../lib/gcc/arm-none-eabi/10.3.1/../../../../arm-none-eabi/lib/thumb/v6-m/nofp\libg.a(lib_a-strlen-stub.o)
                0x10004604                strlen
 *(.fini)
 .fini          0x10004660        0x4 c:/progra~2/gnuarm~1/102021~1.07/bin/../lib/gcc/arm-none-eabi/10.3.1/thumb/v6-m/nofp/crti.o
                0x10004660                _fini
 *fill*         0x10004664        0x4 
 .fini.__stub   0x10004668       0x50 linker stubs
 *crtbegin.o(.ctors)
 *crtbegin?.o(.ctors)
 *(EXCLUDE_FILE(*crtend.o *crtend?.o) .ctors)
 *(SORT_BY_NAME(.ctors.*))
 *(.ctors)
 *crtbegin.o(.dtors)
 *crtbegin?.o(.dtors)
 *(EXCLUDE_FILE(*crtend.o *crtend?.o) .dtors)
 *(SORT_BY_NAME(.dtors.*))
 *(.dtors)
 *(.eh_frame*)
 .eh_frame      0x100046b8        0x0 c:/progra~2/gnuarm~1/102021~1.07/bin/../lib/gcc/arm-none-eabi/10.3.1/thumb/v6-m/nofp/crtbegin.o
                0x100046b8                . = ALIGN (0x4)

.glue_7         0x100046b8        0x0
 .glue_7        0x100046b8        0x0 linker stubs

.glue_7t        0x100046b8        0x0
 .glue_7t       0x100046b8        0x0 linker stubs

.vfp11_veneer   0x100046b8        0x0
 .vfp11_veneer  0x100046b8        0x0 linker stubs

.v4_bx          0x100046b8        0x0
 .v4_bx         0x100046b8        0x0 linker stubs

.iplt           0x100046b8        0x0
 .iplt          0x100046b8        0x0 c:/progra~2/gnuarm~1/102021~1.07/bin/../lib/gcc/arm-none-eabi/10.3.1/thumb/v6-m/nofp/crtbegin.o

.rodata         0x100046b8      0xe34
 *(EXCLUDE_FILE(*libm.a: *libc.a:*lib_a-mem*.o *libgcc.a:) .rodata*)
 .rodata.swnum  0x100046b8       0x18 CMakeFiles/Optical-SW.dir/optical-sw.c.obj
 .rodata.main.str1.4
                0x100046d0       0x13 CMakeFiles/Optical-SW.dir/optical-sw.c.obj
 *fill*         0x100046e3        0x1 
 .rodata.repeating_timer_callback.str1.4
                0x100046e4       0x4b CMakeFiles/Optical-SW.dir/C_/VSARM/sdk/Pico/pico-sdk/src/common/pico_time/time.c.obj
 *fill*         0x1000472f        0x1 
 .rodata.alarm_pool_dump_key.str1.4
                0x10004730       0x33 CMakeFiles/Optical-SW.dir/C_/VSARM/sdk/Pico/pico-sdk/src/common/pico_time/time.c.obj
 *fill*         0x10004763        0x1 
 .rodata.ph_add_child_node.str1.4
                0x10004764       0x96 CMakeFiles/Optical-SW.dir/C_/VSARM/sdk/Pico/pico-sdk/src/common/pico_time/time.c.obj
 *fill*         0x100047fa        0x2 
 .rodata.add_alarm_under_lock.str1.4
                0x100047fc       0x28 CMakeFiles/Optical-SW.dir/C_/VSARM/sdk/Pico/pico-sdk/src/common/pico_time/time.c.obj
                                 0x2b (size before relaxing)
 .rodata.alarm_pool_alarm_callback.str1.4
                0x10004824       0xe6 CMakeFiles/Optical-SW.dir/C_/VSARM/sdk/Pico/pico-sdk/src/common/pico_time/time.c.obj
 *fill*         0x1000490a        0x2 
 .rodata.alarm_pool_get_default.str1.4
                0x1000490c       0x21 CMakeFiles/Optical-SW.dir/C_/VSARM/sdk/Pico/pico-sdk/src/common/pico_time/time.c.obj
 *fill*         0x1000492d        0x3 
 .rodata.sleep_until.str1.4
                0x10004930       0x4d CMakeFiles/Optical-SW.dir/C_/VSARM/sdk/Pico/pico-sdk/src/common/pico_time/time.c.obj
 *fill*         0x1000497d        0x3 
 .rodata.__func__.10
                0x10004980       0x15 CMakeFiles/Optical-SW.dir/C_/VSARM/sdk/Pico/pico-sdk/src/common/pico_time/time.c.obj
 *fill*         0x10004995        0x3 
 .rodata.__func__.11
                0x10004998       0x1a CMakeFiles/Optical-SW.dir/C_/VSARM/sdk/Pico/pico-sdk/src/common/pico_time/time.c.obj
 *fill*         0x100049b2        0x2 
 .rodata.__func__.12
                0x100049b4        0xa CMakeFiles/Optical-SW.dir/C_/VSARM/sdk/Pico/pico-sdk/src/common/pico_time/time.c.obj
 *fill*         0x100049be        0x2 
 .rodata.__func__.3
                0x100049c0       0x17 CMakeFiles/Optical-SW.dir/C_/VSARM/sdk/Pico/pico-sdk/src/common/pico_time/time.c.obj
 *fill*         0x100049d7        0x1 
 .rodata.__func__.4
                0x100049d8       0x12 CMakeFiles/Optical-SW.dir/C_/VSARM/sdk/Pico/pico-sdk/src/common/pico_time/time.c.obj
 *fill*         0x100049ea        0x2 
 .rodata.__func__.5
                0x100049ec        0xd CMakeFiles/Optical-SW.dir/C_/VSARM/sdk/Pico/pico-sdk/src/common/pico_time/time.c.obj
 *fill*         0x100049f9        0x3 
 .rodata.__func__.6
                0x100049fc       0x12 CMakeFiles/Optical-SW.dir/C_/VSARM/sdk/Pico/pico-sdk/src/common/pico_time/time.c.obj
 *fill*         0x10004a0e        0x2 
 .rodata.__func__.7
                0x10004a10        0xf CMakeFiles/Optical-SW.dir/C_/VSARM/sdk/Pico/pico-sdk/src/common/pico_time/time.c.obj
 *fill*         0x10004a1f        0x1 
 .rodata.__func__.8
                0x10004a20        0xc CMakeFiles/Optical-SW.dir/C_/VSARM/sdk/Pico/pico-sdk/src/common/pico_time/time.c.obj
 .rodata.__func__.9
                0x10004a2c       0x15 CMakeFiles/Optical-SW.dir/C_/VSARM/sdk/Pico/pico-sdk/src/common/pico_time/time.c.obj
 *fill*         0x10004a41        0x3 
 .rodata.hardware_alarm_claim.str1.4
                0x10004a44       0x22 CMakeFiles/Optical-SW.dir/C_/VSARM/sdk/Pico/pico-sdk/src/rp2_common/hardware_timer/timer.c.obj
 *fill*         0x10004a66        0x2 
 .rodata.hardware_alarm_set_target.str1.4
                0x10004a68       0x65 CMakeFiles/Optical-SW.dir/C_/VSARM/sdk/Pico/pico-sdk/src/rp2_common/hardware_timer/timer.c.obj
 *fill*         0x10004acd        0x3 
 .rodata.__func__.0
                0x10004ad0       0x1a CMakeFiles/Optical-SW.dir/C_/VSARM/sdk/Pico/pico-sdk/src/rp2_common/hardware_timer/timer.c.obj
 *fill*         0x10004aea        0x2 
 .rodata.str1.4
                0x10004aec       0xb1 CMakeFiles/Optical-SW.dir/C_/VSARM/sdk/Pico/pico-sdk/src/common/pico_sync/mutex.c.obj
                                0x115 (size before relaxing)
 *fill*         0x10004b9d        0x3 
 .rodata.__func__.0
                0x10004ba0        0xb CMakeFiles/Optical-SW.dir/C_/VSARM/sdk/Pico/pico-sdk/src/common/pico_sync/mutex.c.obj
 *fill*         0x10004bab        0x1 
 .rodata.__func__.3
                0x10004bac       0x15 CMakeFiles/Optical-SW.dir/C_/VSARM/sdk/Pico/pico-sdk/src/common/pico_sync/mutex.c.obj
 .rodata.ph_add_child_node.str1.4
                0x10004bc1       0x96 CMakeFiles/Optical-SW.dir/C_/VSARM/sdk/Pico/pico-sdk/src/common/pico_util/pheap.c.obj
 *fill*         0x10004bc1        0x3 
 .rodata.ph_remove_any_head.str1.4
                0x10004bc4       0x8c CMakeFiles/Optical-SW.dir/C_/VSARM/sdk/Pico/pico-sdk/src/common/pico_util/pheap.c.obj
 .rodata.ph_remove_and_free_node.str1.4
                0x10004c50       0x26 CMakeFiles/Optical-SW.dir/C_/VSARM/sdk/Pico/pico-sdk/src/common/pico_util/pheap.c.obj
 *fill*         0x10004c76        0x2 
 .rodata.__func__.0
                0x10004c78       0x18 CMakeFiles/Optical-SW.dir/C_/VSARM/sdk/Pico/pico-sdk/src/common/pico_util/pheap.c.obj
 .rodata.__func__.1
                0x10004c90       0x13 CMakeFiles/Optical-SW.dir/C_/VSARM/sdk/Pico/pico-sdk/src/common/pico_util/pheap.c.obj
 *fill*         0x10004ca3        0x1 
 .rodata.__func__.2
                0x10004ca4       0x12 CMakeFiles/Optical-SW.dir/C_/VSARM/sdk/Pico/pico-sdk/src/common/pico_util/pheap.c.obj
 *fill*         0x10004cb6        0x2 
 .rodata.__func__.3
                0x10004cb8        0xc CMakeFiles/Optical-SW.dir/C_/VSARM/sdk/Pico/pico-sdk/src/common/pico_util/pheap.c.obj
 .rodata.__assert_func.str1.4
                0x10004cc4       0x3f CMakeFiles/Optical-SW.dir/C_/VSARM/sdk/Pico/pico-sdk/src/rp2_common/pico_runtime/runtime.c.obj
                                 0x43 (size before relaxing)
 *fill*         0x10004d03        0x1 
 .rodata.panic.str1.4
                0x10004d04       0x12 CMakeFiles/Optical-SW.dir/C_/VSARM/sdk/Pico/pico-sdk/src/rp2_common/pico_runtime/runtime.c.obj
 *fill*         0x10004d16        0x2 
 .rodata.clock_configure.str1.4
                0x10004d18       0x57 CMakeFiles/Optical-SW.dir/C_/VSARM/sdk/Pico/pico-sdk/src/rp2_common/hardware_clocks/clocks.c.obj
 *fill*         0x10004d6f        0x1 
 .rodata.__func__.1
                0x10004d70       0x10 CMakeFiles/Optical-SW.dir/C_/VSARM/sdk/Pico/pico-sdk/src/rp2_common/hardware_clocks/clocks.c.obj
 .rodata.make_branch.str1.4
                0x10004d80       0x4d CMakeFiles/Optical-SW.dir/C_/VSARM/sdk/Pico/pico-sdk/src/rp2_common/hardware_irq/irq.c.obj
 *fill*         0x10004dcd        0x3 
 .rodata.irq_set_exclusive_handler.str1.4
                0x10004dd0       0x36 CMakeFiles/Optical-SW.dir/C_/VSARM/sdk/Pico/pico-sdk/src/rp2_common/hardware_irq/irq.c.obj
 *fill*         0x10004e06        0x2 
 .rodata.irq_add_shared_handler.str1.4
                0x10004e08       0xd9 CMakeFiles/Optical-SW.dir/C_/VSARM/sdk/Pico/pico-sdk/src/rp2_common/hardware_irq/irq.c.obj
 *fill*         0x10004ee1        0x3 
 .rodata.irq_remove_handler.str1.4
                0x10004ee4       0x2a CMakeFiles/Optical-SW.dir/C_/VSARM/sdk/Pico/pico-sdk/src/rp2_common/hardware_irq/irq.c.obj
 *fill*         0x10004f0e        0x2 
 .rodata.irq_add_tail_to_free_list.str1.4
                0x10004f10       0x32 CMakeFiles/Optical-SW.dir/C_/VSARM/sdk/Pico/pico-sdk/src/rp2_common/hardware_irq/irq.c.obj
                                 0x3a (size before relaxing)
 *fill*         0x10004f42        0x2 
 .rodata.__func__.0
                0x10004f44       0x1a CMakeFiles/Optical-SW.dir/C_/VSARM/sdk/Pico/pico-sdk/src/rp2_common/hardware_irq/irq.c.obj
 *fill*         0x10004f5e        0x2 
 .rodata.__func__.1
                0x10004f60       0x17 CMakeFiles/Optical-SW.dir/C_/VSARM/sdk/Pico/pico-sdk/src/rp2_common/hardware_irq/irq.c.obj
 *fill*         0x10004f77        0x1 
 .rodata.__func__.2
                0x10004f78       0x13 CMakeFiles/Optical-SW.dir/C_/VSARM/sdk/Pico/pico-sdk/src/rp2_common/hardware_irq/irq.c.obj
 *fill*         0x10004f8b        0x1 
 .rodata.__func__.3
                0x10004f8c        0xc CMakeFiles/Optical-SW.dir/C_/VSARM/sdk/Pico/pico-sdk/src/rp2_common/hardware_irq/irq.c.obj
 .rodata.__func__.4
                0x10004f98        0xf CMakeFiles/Optical-SW.dir/C_/VSARM/sdk/Pico/pico-sdk/src/rp2_common/hardware_irq/irq.c.obj
 *fill*         0x10004fa7        0x1 
 .rodata.__func__.6
                0x10004fa8       0x1a CMakeFiles/Optical-SW.dir/C_/VSARM/sdk/Pico/pico-sdk/src/rp2_common/hardware_irq/irq.c.obj
 *fill*         0x10004fc2        0x2 
 .rodata.pll_init.str1.4
                0x10004fc4       0xdb CMakeFiles/Optical-SW.dir/C_/VSARM/sdk/Pico/pico-sdk/src/rp2_common/hardware_pll/pll.c.obj
 *fill*         0x1000509f        0x1 
 .rodata.__func__.0
                0x100050a0        0x9 CMakeFiles/Optical-SW.dir/C_/VSARM/sdk/Pico/pico-sdk/src/rp2_common/hardware_pll/pll.c.obj
 *fill*         0x100050a9        0x3 
 .rodata._ftoa.str1.4
                0x100050ac       0x15 CMakeFiles/Optical-SW.dir/C_/VSARM/sdk/Pico/pico-sdk/src/rp2_common/pico_printf/printf.c.obj
 *fill*         0x100050c1        0x3 
 .rodata._vsnprintf
                0x100050c4      0x1e0 CMakeFiles/Optical-SW.dir/C_/VSARM/sdk/Pico/pico-sdk/src/rp2_common/pico_printf/printf.c.obj
 *fill*         0x100052a4        0x4 
 .rodata.pow10.0
                0x100052a8       0x50 CMakeFiles/Optical-SW.dir/C_/VSARM/sdk/Pico/pico-sdk/src/rp2_common/pico_printf/printf.c.obj
 .rodata.__aeabi_double_init.str1.4
                0x100052f8       0xa8 CMakeFiles/Optical-SW.dir/C_/VSARM/sdk/Pico/pico-sdk/src/rp2_common/pico_double/double_init_rom.c.obj
 .rodata.__func__.0
                0x100053a0       0x14 CMakeFiles/Optical-SW.dir/C_/VSARM/sdk/Pico/pico-sdk/src/rp2_common/pico_double/double_init_rom.c.obj
 .rodata.__aeabi_float_init.str1.4
                0x100053b4       0x7a CMakeFiles/Optical-SW.dir/C_/VSARM/sdk/Pico/pico-sdk/src/rp2_common/pico_float/float_init_rom.c.obj
                                 0x7e (size before relaxing)
 *fill*         0x1000542e        0x2 
 .rodata.__func__.0
                0x10005430       0x13 CMakeFiles/Optical-SW.dir/C_/VSARM/sdk/Pico/pico-sdk/src/rp2_common/pico_float/float_init_rom.c.obj
 *fill*         0x10005443        0x1 
 .rodata.str1.4
                0x10005444       0x40 CMakeFiles/Optical-SW.dir/C_/VSARM/sdk/Pico/pico-sdk/src/rp2_common/pico_standard_link/binary_info.c.obj
 .rodata.__bi_44
                0x10005484        0xc CMakeFiles/Optical-SW.dir/C_/VSARM/sdk/Pico/pico-sdk/src/rp2_common/pico_standard_link/binary_info.c.obj
 .rodata.__bi_75
                0x10005490        0xc CMakeFiles/Optical-SW.dir/C_/VSARM/sdk/Pico/pico-sdk/src/rp2_common/pico_standard_link/binary_info.c.obj
 .rodata.__bi_81
                0x1000549c        0xc CMakeFiles/Optical-SW.dir/C_/VSARM/sdk/Pico/pico-sdk/src/rp2_common/pico_standard_link/binary_info.c.obj
 .rodata.crlf_str.3
                0x100054a8        0x2 CMakeFiles/Optical-SW.dir/C_/VSARM/sdk/Pico/pico-sdk/src/rp2_common/pico_stdio/stdio.c.obj
 *fill*         0x100054aa        0x2 
 .rodata.str1.4
                0x100054ac       0x2c CMakeFiles/Optical-SW.dir/C_/VSARM/sdk/Pico/pico-sdk/src/rp2_common/pico_stdio_uart/stdio_uart.c.obj
 .rodata.__bi_28.4
                0x100054d8        0xc CMakeFiles/Optical-SW.dir/C_/VSARM/sdk/Pico/pico-sdk/src/rp2_common/pico_stdio_uart/stdio_uart.c.obj
 .rodata.__bi_29.5
                0x100054e4        0x8 CMakeFiles/Optical-SW.dir/C_/VSARM/sdk/Pico/pico-sdk/src/rp2_common/pico_stdio_uart/stdio_uart.c.obj
                0x100054ec                . = ALIGN (0x4)
 *(SORT_BY_ALIGNMENT(SORT_BY_NAME(.flashdata*)))
                0x100054ec                . = ALIGN (0x4)

.rel.dyn        0x100054ec        0x0
 .rel.iplt      0x100054ec        0x0 c:/progra~2/gnuarm~1/102021~1.07/bin/../lib/gcc/arm-none-eabi/10.3.1/thumb/v6-m/nofp/crtbegin.o

.ARM.extab
 *(.ARM.extab* .gnu.linkonce.armextab.*)
                0x100054ec                __exidx_start = .

.ARM.exidx
 *(.ARM.exidx* .gnu.linkonce.armexidx.*)
                0x100054ec                __exidx_end = .
                0x100054ec                . = ALIGN (0x4)
                0x100054ec                __binary_info_start = .

.binary_info    0x100054ec       0x24
 *(.binary_info.keep.*)
 .binary_info.keep.__bi_ptr22
                0x100054ec        0x4 CMakeFiles/Optical-SW.dir/C_/VSARM/sdk/Pico/pico-sdk/src/rp2_common/pico_standard_link/binary_info.c.obj
 .binary_info.keep.__bi_ptr30
                0x100054f0        0x4 CMakeFiles/Optical-SW.dir/C_/VSARM/sdk/Pico/pico-sdk/src/rp2_common/pico_standard_link/binary_info.c.obj
 .binary_info.keep.__bi_ptr38
                0x100054f4        0x4 CMakeFiles/Optical-SW.dir/C_/VSARM/sdk/Pico/pico-sdk/src/rp2_common/pico_standard_link/binary_info.c.obj
 .binary_info.keep.__bi_ptr44
                0x100054f8        0x4 CMakeFiles/Optical-SW.dir/C_/VSARM/sdk/Pico/pico-sdk/src/rp2_common/pico_standard_link/binary_info.c.obj
 .binary_info.keep.__bi_ptr50
                0x100054fc        0x4 CMakeFiles/Optical-SW.dir/C_/VSARM/sdk/Pico/pico-sdk/src/rp2_common/pico_standard_link/binary_info.c.obj
 .binary_info.keep.__bi_ptr75
                0x10005500        0x4 CMakeFiles/Optical-SW.dir/C_/VSARM/sdk/Pico/pico-sdk/src/rp2_common/pico_standard_link/binary_info.c.obj
 .binary_info.keep.__bi_ptr81
                0x10005504        0x4 CMakeFiles/Optical-SW.dir/C_/VSARM/sdk/Pico/pico-sdk/src/rp2_common/pico_standard_link/binary_info.c.obj
 *(.binary_info.*)
 .binary_info.__bi_ptr28
                0x10005508        0x4 CMakeFiles/Optical-SW.dir/C_/VSARM/sdk/Pico/pico-sdk/src/rp2_common/pico_stdio_uart/stdio_uart.c.obj
 .binary_info.__bi_ptr29
                0x1000550c        0x4 CMakeFiles/Optical-SW.dir/C_/VSARM/sdk/Pico/pico-sdk/src/rp2_common/pico_stdio_uart/stdio_uart.c.obj
                0x10005510                __binary_info_end = .
                0x10005510                . = ALIGN (0x4)
                0x10005510                __etext = .

.ram_vector_table
                0x20000000       0xc0
 *(.ram_vector_table)
 .ram_vector_table
                0x20000000       0xc0 CMakeFiles/Optical-SW.dir/C_/VSARM/sdk/Pico/pico-sdk/src/rp2_common/pico_runtime/runtime.c.obj
                0x20000000                ram_vector_table

.data           0x200000c0      0x280 load address 0x10005510
                0x200000c0                __data_start__ = .
 *(vtable)
 *(.time_critical*)
 .time_critical.mutex_enter_blocking
                0x200000c0       0x94 CMakeFiles/Optical-SW.dir/C_/VSARM/sdk/Pico/pico-sdk/src/common/pico_sync/mutex.c.obj
                0x200000c0                mutex_enter_blocking
 .time_critical.mutex_try_enter
                0x20000154       0x5a CMakeFiles/Optical-SW.dir/C_/VSARM/sdk/Pico/pico-sdk/src/common/pico_sync/mutex.c.obj
                0x20000154                mutex_try_enter
 *fill*         0x200001ae        0x2 
 .time_critical.mutex_exit
                0x200001b0       0x94 CMakeFiles/Optical-SW.dir/C_/VSARM/sdk/Pico/pico-sdk/src/common/pico_sync/mutex.c.obj
                0x200001b0                mutex_exit
 *(.text*)
 .text          0x20000244        0x4 c:/progra~2/gnuarm~1/102021~1.07/bin/../lib/gcc/arm-none-eabi/10.3.1/thumb/v6-m/nofp\libgcc.a(_dvmd_tls.o)
                0x20000244                __aeabi_idiv0
                0x20000244                __aeabi_ldiv0
 .text.__stub   0x20000248       0x10 linker stubs
                0x20000258                . = ALIGN (0x4)
 *(.rodata*)
                0x20000258                . = ALIGN (0x4)
 *(.data*)
 .data.segPin   0x20000258       0x20 CMakeFiles/Optical-SW.dir/optical-sw.c.obj
                0x20000258                segPin
 .data.striped_spin_lock_num
                0x20000278        0x1 CMakeFiles/Optical-SW.dir/C_/VSARM/sdk/Pico/pico-sdk/src/rp2_common/hardware_sync/sync.c.obj
 *fill*         0x20000279        0x3 
 .data.default_alarm_pool
                0x2000027c       0x18 CMakeFiles/Optical-SW.dir/C_/VSARM/sdk/Pico/pico-sdk/src/common/pico_time/time.c.obj
 .data.default_alarm_pool_heap
                0x20000294       0x10 CMakeFiles/Optical-SW.dir/C_/VSARM/sdk/Pico/pico-sdk/src/common/pico_time/time.c.obj
 .data          0x200002a4       0x48 CMakeFiles/Optical-SW.dir/C_/VSARM/sdk/Pico/pico-sdk/src/rp2_common/hardware_irq/irq_handler_chain.S.obj
                0x200002a4                irq_handler_chain_slots
                0x200002d4                irq_handler_chain_first_slot
                0x200002de                irq_handler_chain_remove_tail
 *fill*         0x200002ec        0x4 
 .data.aeabi_bits_funcs
                0x200002f0       0x10 CMakeFiles/Optical-SW.dir/C_/VSARM/sdk/Pico/pico-sdk/src/rp2_common/pico_bit_ops/bit_ops_aeabi.S.obj
                0x200002f0                aeabi_bits_funcs
                0x20000300                aeabi_bits_funcs_end
 .data.aeabi_mem_funcs
                0x20000300       0x10 CMakeFiles/Optical-SW.dir/C_/VSARM/sdk/Pico/pico-sdk/src/rp2_common/pico_mem_ops/mem_ops_aeabi.S.obj
                0x20000300                aeabi_mem_funcs
                0x20000310                aeabi_mem_funcs_end
 .data.stdio_uart
                0x20000310       0x14 CMakeFiles/Optical-SW.dir/C_/VSARM/sdk/Pico/pico-sdk/src/rp2_common/pico_stdio_uart/stdio_uart.c.obj
                0x20000310                stdio_uart
                0x20000324                . = ALIGN (0x4)
 *(.after_data.*)
                0x20000324                . = ALIGN (0x4)
                0x20000324                PROVIDE (__mutex_array_start = .)
 *(SORT_BY_NAME(.mutex_array.*))
 *(.mutex_array)
 .mutex_array   0x20000324        0x8 CMakeFiles/Optical-SW.dir/C_/VSARM/sdk/Pico/pico-sdk/src/rp2_common/pico_stdio/stdio.c.obj
                0x2000032c                PROVIDE (__mutex_array_end = .)
                0x2000032c                . = ALIGN (0x4)
                0x2000032c                PROVIDE (__preinit_array_start = .)
 *(SORT_BY_NAME(.preinit_array.*))
 .preinit_array.00001
                0x2000032c        0x4 CMakeFiles/Optical-SW.dir/C_/VSARM/sdk/Pico/pico-sdk/src/rp2_common/pico_mem_ops/mem_ops_aeabi.S.obj
 .preinit_array.00010
                0x20000330        0x4 CMakeFiles/Optical-SW.dir/C_/VSARM/sdk/Pico/pico-sdk/src/rp2_common/pico_bit_ops/bit_ops_aeabi.S.obj
 .preinit_array.00020
                0x20000334        0x4 CMakeFiles/Optical-SW.dir/C_/VSARM/sdk/Pico/pico-sdk/src/rp2_common/pico_double/double_aeabi.S.obj
 .preinit_array.00020
                0x20000338        0x4 CMakeFiles/Optical-SW.dir/C_/VSARM/sdk/Pico/pico-sdk/src/rp2_common/pico_float/float_aeabi.S.obj
 *(.preinit_array)
                0x2000033c                PROVIDE (__preinit_array_end = .)
                0x2000033c                . = ALIGN (0x4)
                0x2000033c                PROVIDE (__init_array_start = .)
 *(SORT_BY_NAME(.init_array.*))
 *(.init_array)
 .init_array    0x2000033c        0x4 c:/progra~2/gnuarm~1/102021~1.07/bin/../lib/gcc/arm-none-eabi/10.3.1/thumb/v6-m/nofp/crtbegin.o
                0x20000340                PROVIDE (__init_array_end = .)
                0x20000340                . = ALIGN (0x4)
                [!provide]                PROVIDE (__fini_array_start = .)
 *(SORT_BY_NAME(.fini_array.*))
 *(.fini_array)
                [!provide]                PROVIDE (__fini_array_end = .)
 *(.jcr)
                0x20000340                . = ALIGN (0x4)
                0x20000340                __data_end__ = .

.igot.plt       0x20000340        0x0 load address 0x10005790
 .igot.plt      0x20000340        0x0 c:/progra~2/gnuarm~1/102021~1.07/bin/../lib/gcc/arm-none-eabi/10.3.1/thumb/v6-m/nofp/crtbegin.o

.uninitialized_data
                0x20000340        0x0 load address 0x10005790
                0x20000340                . = ALIGN (0x4)
 *(.uninitialized_data*)

.scratch_x      0x20040000        0x0 load address 0x10005790
                0x20040000                __scratch_x_start__ = .
 *(.scratch_x.*)
                0x20040000                . = ALIGN (0x4)
                0x20040000                __scratch_x_end__ = .
                0x10005790                __scratch_x_source__ = LOADADDR (.scratch_x)

.scratch_y      0x20041000        0x0 load address 0x10005790
                0x20041000                __scratch_y_start__ = .
 *(.scratch_y.*)
                0x20041000                . = ALIGN (0x4)
                0x20041000                __scratch_y_end__ = .
                0x10005790                __scratch_y_source__ = LOADADDR (.scratch_y)

.bss            0x20000340      0x3d4
                0x20000340                . = ALIGN (0x4)
                0x20000340                __bss_start__ = .
 *(SORT_BY_ALIGNMENT(SORT_BY_NAME(.bss*)))
 .bss.default_alarm_pool_entries
                0x20000340      0x100 CMakeFiles/Optical-SW.dir/C_/VSARM/sdk/Pico/pico-sdk/src/common/pico_time/time.c.obj
 .bss           0x20000440       0x1c c:/progra~2/gnuarm~1/102021~1.07/bin/../lib/gcc/arm-none-eabi/10.3.1/thumb/v6-m/nofp/crtbegin.o
 .bss.alarm_callbacks
                0x2000045c       0x10 CMakeFiles/Optical-SW.dir/C_/VSARM/sdk/Pico/pico-sdk/src/rp2_common/hardware_timer/timer.c.obj
 .bss.configured_freq
                0x2000046c       0x28 CMakeFiles/Optical-SW.dir/C_/VSARM/sdk/Pico/pico-sdk/src/rp2_common/hardware_clocks/clocks.c.obj
 .bss.default_alarm_pool_entry_ids_high
                0x20000494       0x10 CMakeFiles/Optical-SW.dir/C_/VSARM/sdk/Pico/pico-sdk/src/common/pico_time/time.c.obj
 .bss.default_alarm_pool_heap_nodes
                0x200004a4       0x30 CMakeFiles/Optical-SW.dir/C_/VSARM/sdk/Pico/pico-sdk/src/common/pico_time/time.c.obj
 .bss.drivers   0x200004d4        0x4 CMakeFiles/Optical-SW.dir/C_/VSARM/sdk/Pico/pico-sdk/src/rp2_common/pico_stdio/stdio.c.obj
 .bss.filter    0x200004d8        0x4 CMakeFiles/Optical-SW.dir/C_/VSARM/sdk/Pico/pico-sdk/src/rp2_common/pico_stdio/stdio.c.obj
 .bss.pin       0x200004dc        0x4 CMakeFiles/Optical-SW.dir/optical-sw.c.obj
                0x200004dc                pin
 .bss.pools     0x200004e0       0x10 CMakeFiles/Optical-SW.dir/C_/VSARM/sdk/Pico/pico-sdk/src/common/pico_time/time.c.obj
 .bss.sd_table  0x200004f0      0x100 CMakeFiles/Optical-SW.dir/C_/VSARM/sdk/Pico/pico-sdk/src/rp2_common/pico_double/double_init_rom.c.obj
                0x200004f0                sd_table
 .bss.sf_clz_func
                0x200005f0        0x4 CMakeFiles/Optical-SW.dir/C_/VSARM/sdk/Pico/pico-sdk/src/rp2_common/pico_float/float_init_rom.c.obj
                0x200005f0                sf_clz_func
 .bss.sf_table  0x200005f4      0x100 CMakeFiles/Optical-SW.dir/C_/VSARM/sdk/Pico/pico-sdk/src/rp2_common/pico_float/float_init_rom.c.obj
                0x200005f4                sf_table
 .bss.sleep_notifier
                0x200006f4        0x4 CMakeFiles/Optical-SW.dir/C_/VSARM/sdk/Pico/pico-sdk/src/common/pico_time/time.c.obj
 .bss.target_hi
                0x200006f8       0x10 CMakeFiles/Optical-SW.dir/C_/VSARM/sdk/Pico/pico-sdk/src/rp2_common/hardware_timer/timer.c.obj
 .bss.uart_char_to_line_feed
                0x20000708        0x4 CMakeFiles/Optical-SW.dir/C_/VSARM/sdk/Pico/pico-sdk/src/rp2_common/hardware_uart/uart.c.obj
                0x20000708                uart_char_to_line_feed
 .bss.uart_instance
                0x2000070c        0x4 CMakeFiles/Optical-SW.dir/C_/VSARM/sdk/Pico/pico-sdk/src/rp2_common/pico_stdio_uart/stdio_uart.c.obj
 .bss.claimed   0x20000710        0x1 CMakeFiles/Optical-SW.dir/C_/VSARM/sdk/Pico/pico-sdk/src/rp2_common/hardware_timer/timer.c.obj
 .bss.irq_hander_chain_free_slot_head
                0x20000711        0x1 CMakeFiles/Optical-SW.dir/C_/VSARM/sdk/Pico/pico-sdk/src/rp2_common/hardware_irq/irq.c.obj
 .bss.timer_callbacks_pending
                0x20000712        0x1 CMakeFiles/Optical-SW.dir/C_/VSARM/sdk/Pico/pico-sdk/src/rp2_common/hardware_timer/timer.c.obj
 *(COMMON)
                0x20000714                . = ALIGN (0x4)
 *fill*         0x20000713        0x1 
                0x20000714                __bss_end__ = .

.heap           0x20000714      0x800
                0x20000714                __end__ = .
                0x20000714                end = __end__
 *(.heap*)
 .heap          0x20000714      0x800 CMakeFiles/Optical-SW.dir/C_/VSARM/sdk/Pico/pico-sdk/src/rp2_common/pico_standard_link/crt0.S.obj
                0x20000f14                __HeapLimit = .

.stack1_dummy   0x20040000        0x0
 *(.stack1*)

.stack_dummy    0x20041000      0x800
 *(.stack*)
 .stack         0x20041000      0x800 CMakeFiles/Optical-SW.dir/C_/VSARM/sdk/Pico/pico-sdk/src/rp2_common/pico_standard_link/crt0.S.obj

.flash_end      0x10005790        0x0
                0x10005790                __flash_binary_end = .
                0x20040000                __StackLimit = (ORIGIN (RAM) + LENGTH (RAM))
                0x20041000                __StackOneTop = (ORIGIN (SCRATCH_X) + LENGTH (SCRATCH_X))
                0x20042000                __StackTop = (ORIGIN (SCRATCH_Y) + LENGTH (SCRATCH_Y))
                0x20041000                __StackOneBottom = (__StackOneTop - SIZEOF (.stack1_dummy))
                0x20041800                __StackBottom = (__StackTop - SIZEOF (.stack_dummy))
                0x20042000                PROVIDE (__stack = __StackTop)
                0x00000001                ASSERT ((__StackLimit >= __HeapLimit), region RAM overflowed)
                0x00000001                ASSERT (((__binary_info_header_end - __logical_binary_start) <= 0x100), Binary info must be in first 256 bytes of the binary)
LOAD CMakeFiles/Optical-SW.dir/optical-sw.c.obj
LOAD CMakeFiles/Optical-SW.dir/C_/VSARM/sdk/Pico/pico-sdk/src/rp2_common/pico_stdlib/stdlib.c.obj
LOAD CMakeFiles/Optical-SW.dir/C_/VSARM/sdk/Pico/pico-sdk/src/rp2_common/hardware_gpio/gpio.c.obj
LOAD CMakeFiles/Optical-SW.dir/C_/VSARM/sdk/Pico/pico-sdk/src/rp2_common/hardware_claim/claim.c.obj
LOAD CMakeFiles/Optical-SW.dir/C_/VSARM/sdk/Pico/pico-sdk/src/rp2_common/pico_platform/platform.c.obj
LOAD CMakeFiles/Optical-SW.dir/C_/VSARM/sdk/Pico/pico-sdk/src/rp2_common/hardware_sync/sync.c.obj
LOAD CMakeFiles/Optical-SW.dir/C_/VSARM/sdk/Pico/pico-sdk/src/rp2_common/hardware_uart/uart.c.obj
LOAD CMakeFiles/Optical-SW.dir/C_/VSARM/sdk/Pico/pico-sdk/src/rp2_common/hardware_divider/divider.S.obj
LOAD CMakeFiles/Optical-SW.dir/C_/VSARM/sdk/Pico/pico-sdk/src/common/pico_time/time.c.obj
LOAD CMakeFiles/Optical-SW.dir/C_/VSARM/sdk/Pico/pico-sdk/src/common/pico_time/timeout_helper.c.obj
LOAD CMakeFiles/Optical-SW.dir/C_/VSARM/sdk/Pico/pico-sdk/src/rp2_common/hardware_timer/timer.c.obj
LOAD CMakeFiles/Optical-SW.dir/C_/VSARM/sdk/Pico/pico-sdk/src/common/pico_sync/sem.c.obj
LOAD CMakeFiles/Optical-SW.dir/C_/VSARM/sdk/Pico/pico-sdk/src/common/pico_sync/lock_core.c.obj
LOAD CMakeFiles/Optical-SW.dir/C_/VSARM/sdk/Pico/pico-sdk/src/common/pico_sync/mutex.c.obj
LOAD CMakeFiles/Optical-SW.dir/C_/VSARM/sdk/Pico/pico-sdk/src/common/pico_sync/critical_section.c.obj
LOAD CMakeFiles/Optical-SW.dir/C_/VSARM/sdk/Pico/pico-sdk/src/common/pico_util/datetime.c.obj
LOAD CMakeFiles/Optical-SW.dir/C_/VSARM/sdk/Pico/pico-sdk/src/common/pico_util/pheap.c.obj
LOAD CMakeFiles/Optical-SW.dir/C_/VSARM/sdk/Pico/pico-sdk/src/common/pico_util/queue.c.obj
LOAD CMakeFiles/Optical-SW.dir/C_/VSARM/sdk/Pico/pico-sdk/src/rp2_common/pico_runtime/runtime.c.obj
LOAD CMakeFiles/Optical-SW.dir/C_/VSARM/sdk/Pico/pico-sdk/src/rp2_common/hardware_clocks/clocks.c.obj
LOAD CMakeFiles/Optical-SW.dir/C_/VSARM/sdk/Pico/pico-sdk/src/rp2_common/hardware_irq/irq.c.obj
LOAD CMakeFiles/Optical-SW.dir/C_/VSARM/sdk/Pico/pico-sdk/src/rp2_common/hardware_irq/irq_handler_chain.S.obj
LOAD CMakeFiles/Optical-SW.dir/C_/VSARM/sdk/Pico/pico-sdk/src/rp2_common/hardware_pll/pll.c.obj
LOAD CMakeFiles/Optical-SW.dir/C_/VSARM/sdk/Pico/pico-sdk/src/rp2_common/hardware_vreg/vreg.c.obj
LOAD CMakeFiles/Optical-SW.dir/C_/VSARM/sdk/Pico/pico-sdk/src/rp2_common/hardware_watchdog/watchdog.c.obj
LOAD CMakeFiles/Optical-SW.dir/C_/VSARM/sdk/Pico/pico-sdk/src/rp2_common/hardware_xosc/xosc.c.obj
LOAD CMakeFiles/Optical-SW.dir/C_/VSARM/sdk/Pico/pico-sdk/src/rp2_common/pico_printf/printf.c.obj
LOAD CMakeFiles/Optical-SW.dir/C_/VSARM/sdk/Pico/pico-sdk/src/rp2_common/pico_bit_ops/bit_ops_aeabi.S.obj
LOAD CMakeFiles/Optical-SW.dir/C_/VSARM/sdk/Pico/pico-sdk/src/rp2_common/pico_bootrom/bootrom.c.obj
LOAD CMakeFiles/Optical-SW.dir/C_/VSARM/sdk/Pico/pico-sdk/src/rp2_common/pico_divider/divider.S.obj
LOAD CMakeFiles/Optical-SW.dir/C_/VSARM/sdk/Pico/pico-sdk/src/rp2_common/pico_double/double_aeabi.S.obj
LOAD CMakeFiles/Optical-SW.dir/C_/VSARM/sdk/Pico/pico-sdk/src/rp2_common/pico_double/double_init_rom.c.obj
LOAD CMakeFiles/Optical-SW.dir/C_/VSARM/sdk/Pico/pico-sdk/src/rp2_common/pico_double/double_math.c.obj
LOAD CMakeFiles/Optical-SW.dir/C_/VSARM/sdk/Pico/pico-sdk/src/rp2_common/pico_double/double_v1_rom_shim.S.obj
LOAD CMakeFiles/Optical-SW.dir/C_/VSARM/sdk/Pico/pico-sdk/src/rp2_common/pico_int64_ops/pico_int64_ops_aeabi.S.obj
LOAD CMakeFiles/Optical-SW.dir/C_/VSARM/sdk/Pico/pico-sdk/src/rp2_common/pico_float/float_aeabi.S.obj
LOAD CMakeFiles/Optical-SW.dir/C_/VSARM/sdk/Pico/pico-sdk/src/rp2_common/pico_float/float_init_rom.c.obj
LOAD CMakeFiles/Optical-SW.dir/C_/VSARM/sdk/Pico/pico-sdk/src/rp2_common/pico_float/float_math.c.obj
LOAD CMakeFiles/Optical-SW.dir/C_/VSARM/sdk/Pico/pico-sdk/src/rp2_common/pico_float/float_v1_rom_shim.S.obj
LOAD CMakeFiles/Optical-SW.dir/C_/VSARM/sdk/Pico/pico-sdk/src/rp2_common/pico_malloc/pico_malloc.c.obj
LOAD CMakeFiles/Optical-SW.dir/C_/VSARM/sdk/Pico/pico-sdk/src/rp2_common/pico_mem_ops/mem_ops_aeabi.S.obj
LOAD CMakeFiles/Optical-SW.dir/C_/VSARM/sdk/Pico/pico-sdk/src/rp2_common/pico_standard_link/crt0.S.obj
LOAD CMakeFiles/Optical-SW.dir/C_/VSARM/sdk/Pico/pico-sdk/src/rp2_common/pico_standard_link/new_delete.cpp.obj
LOAD CMakeFiles/Optical-SW.dir/C_/VSARM/sdk/Pico/pico-sdk/src/rp2_common/pico_standard_link/binary_info.c.obj
LOAD CMakeFiles/Optical-SW.dir/C_/VSARM/sdk/Pico/pico-sdk/src/rp2_common/pico_stdio/stdio.c.obj
LOAD CMakeFiles/Optical-SW.dir/C_/VSARM/sdk/Pico/pico-sdk/src/rp2_common/pico_stdio_uart/stdio_uart.c.obj
LOAD C:\Users\ENITT\AppData\Local\Temp\cc8U9bGy.o
LOAD c:/progra~2/gnuarm~1/102021~1.07/bin/../lib/gcc/arm-none-eabi/10.3.1/../../../../arm-none-eabi/lib/thumb/v6-m/nofp\libstdc++.a
LOAD c:/progra~2/gnuarm~1/102021~1.07/bin/../lib/gcc/arm-none-eabi/10.3.1/../../../../arm-none-eabi/lib/thumb/v6-m/nofp\libm.a
START GROUP
LOAD c:/progra~2/gnuarm~1/102021~1.07/bin/../lib/gcc/arm-none-eabi/10.3.1/thumb/v6-m/nofp\libgcc.a
LOAD c:/progra~2/gnuarm~1/102021~1.07/bin/../lib/gcc/arm-none-eabi/10.3.1/../../../../arm-none-eabi/lib/thumb/v6-m/nofp\libg.a
LOAD c:/progra~2/gnuarm~1/102021~1.07/bin/../lib/gcc/arm-none-eabi/10.3.1/../../../../arm-none-eabi/lib/thumb/v6-m/nofp\libc.a
END GROUP
START GROUP
LOAD c:/progra~2/gnuarm~1/102021~1.07/bin/../lib/gcc/arm-none-eabi/10.3.1/thumb/v6-m/nofp\libgcc.a
LOAD c:/progra~2/gnuarm~1/102021~1.07/bin/../lib/gcc/arm-none-eabi/10.3.1/../../../../arm-none-eabi/lib/thumb/v6-m/nofp\libc.a
LOAD c:/progra~2/gnuarm~1/102021~1.07/bin/../lib/gcc/arm-none-eabi/10.3.1/../../../../arm-none-eabi/lib/thumb/v6-m/nofp\libnosys.a
END GROUP
LOAD c:/progra~2/gnuarm~1/102021~1.07/bin/../lib/gcc/arm-none-eabi/10.3.1/thumb/v6-m/nofp/crtend.o
LOAD c:/progra~2/gnuarm~1/102021~1.07/bin/../lib/gcc/arm-none-eabi/10.3.1/thumb/v6-m/nofp/crtn.o
OUTPUT(Optical-SW.elf elf32-littlearm)
LOAD linker stubs

.ARM.attributes
                0x00000000       0x28
 .ARM.attributes
                0x00000000       0x1e c:/progra~2/gnuarm~1/102021~1.07/bin/../lib/gcc/arm-none-eabi/10.3.1/thumb/v6-m/nofp/crti.o
 .ARM.attributes
                0x0000001e       0x2c c:/progra~2/gnuarm~1/102021~1.07/bin/../lib/gcc/arm-none-eabi/10.3.1/thumb/v6-m/nofp/crtbegin.o
 .ARM.attributes
                0x0000004a       0x2c CMakeFiles/Optical-SW.dir/optical-sw.c.obj
 .ARM.attributes
                0x00000076       0x2c CMakeFiles/Optical-SW.dir/C_/VSARM/sdk/Pico/pico-sdk/src/rp2_common/hardware_gpio/gpio.c.obj
 .ARM.attributes
                0x000000a2       0x2c CMakeFiles/Optical-SW.dir/C_/VSARM/sdk/Pico/pico-sdk/src/rp2_common/hardware_claim/claim.c.obj
 .ARM.attributes
                0x000000ce       0x2c CMakeFiles/Optical-SW.dir/C_/VSARM/sdk/Pico/pico-sdk/src/rp2_common/pico_platform/platform.c.obj
 .ARM.attributes
                0x000000fa       0x2c CMakeFiles/Optical-SW.dir/C_/VSARM/sdk/Pico/pico-sdk/src/rp2_common/hardware_sync/sync.c.obj
 .ARM.attributes
                0x00000126       0x2c CMakeFiles/Optical-SW.dir/C_/VSARM/sdk/Pico/pico-sdk/src/rp2_common/hardware_uart/uart.c.obj
 .ARM.attributes
                0x00000152       0x2c CMakeFiles/Optical-SW.dir/C_/VSARM/sdk/Pico/pico-sdk/src/common/pico_time/time.c.obj
 .ARM.attributes
                0x0000017e       0x2c CMakeFiles/Optical-SW.dir/C_/VSARM/sdk/Pico/pico-sdk/src/rp2_common/hardware_timer/timer.c.obj
 .ARM.attributes
                0x000001aa       0x2c CMakeFiles/Optical-SW.dir/C_/VSARM/sdk/Pico/pico-sdk/src/common/pico_sync/lock_core.c.obj
 .ARM.attributes
                0x000001d6       0x2c CMakeFiles/Optical-SW.dir/C_/VSARM/sdk/Pico/pico-sdk/src/common/pico_sync/mutex.c.obj
 .ARM.attributes
                0x00000202       0x2c CMakeFiles/Optical-SW.dir/C_/VSARM/sdk/Pico/pico-sdk/src/common/pico_util/pheap.c.obj
 .ARM.attributes
                0x0000022e       0x2c CMakeFiles/Optical-SW.dir/C_/VSARM/sdk/Pico/pico-sdk/src/rp2_common/pico_runtime/runtime.c.obj
 .ARM.attributes
                0x0000025a       0x2c CMakeFiles/Optical-SW.dir/C_/VSARM/sdk/Pico/pico-sdk/src/rp2_common/hardware_clocks/clocks.c.obj
 .ARM.attributes
                0x00000286       0x2c CMakeFiles/Optical-SW.dir/C_/VSARM/sdk/Pico/pico-sdk/src/rp2_common/hardware_irq/irq.c.obj
 .ARM.attributes
                0x000002b2       0x22 CMakeFiles/Optical-SW.dir/C_/VSARM/sdk/Pico/pico-sdk/src/rp2_common/hardware_irq/irq_handler_chain.S.obj
 .ARM.attributes
                0x000002d4       0x2c CMakeFiles/Optical-SW.dir/C_/VSARM/sdk/Pico/pico-sdk/src/rp2_common/hardware_pll/pll.c.obj
 .ARM.attributes
                0x00000300       0x2c CMakeFiles/Optical-SW.dir/C_/VSARM/sdk/Pico/pico-sdk/src/rp2_common/hardware_watchdog/watchdog.c.obj
 .ARM.attributes
                0x0000032c       0x2c CMakeFiles/Optical-SW.dir/C_/VSARM/sdk/Pico/pico-sdk/src/rp2_common/hardware_xosc/xosc.c.obj
 .ARM.attributes
                0x00000358       0x2c CMakeFiles/Optical-SW.dir/C_/VSARM/sdk/Pico/pico-sdk/src/rp2_common/pico_printf/printf.c.obj
 .ARM.attributes
                0x00000384       0x22 CMakeFiles/Optical-SW.dir/C_/VSARM/sdk/Pico/pico-sdk/src/rp2_common/pico_bit_ops/bit_ops_aeabi.S.obj
 .ARM.attributes
                0x000003a6       0x2c CMakeFiles/Optical-SW.dir/C_/VSARM/sdk/Pico/pico-sdk/src/rp2_common/pico_bootrom/bootrom.c.obj
 .ARM.attributes
                0x000003d2       0x22 CMakeFiles/Optical-SW.dir/C_/VSARM/sdk/Pico/pico-sdk/src/rp2_common/pico_divider/divider.S.obj
 .ARM.attributes
                0x000003f4       0x22 CMakeFiles/Optical-SW.dir/C_/VSARM/sdk/Pico/pico-sdk/src/rp2_common/pico_double/double_aeabi.S.obj
 .ARM.attributes
                0x00000416       0x2c CMakeFiles/Optical-SW.dir/C_/VSARM/sdk/Pico/pico-sdk/src/rp2_common/pico_double/double_init_rom.c.obj
 .ARM.attributes
                0x00000442       0x22 CMakeFiles/Optical-SW.dir/C_/VSARM/sdk/Pico/pico-sdk/src/rp2_common/pico_double/double_v1_rom_shim.S.obj
 .ARM.attributes
                0x00000464       0x22 CMakeFiles/Optical-SW.dir/C_/VSARM/sdk/Pico/pico-sdk/src/rp2_common/pico_int64_ops/pico_int64_ops_aeabi.S.obj
 .ARM.attributes
                0x00000486       0x22 CMakeFiles/Optical-SW.dir/C_/VSARM/sdk/Pico/pico-sdk/src/rp2_common/pico_float/float_aeabi.S.obj
 .ARM.attributes
                0x000004a8       0x2c CMakeFiles/Optical-SW.dir/C_/VSARM/sdk/Pico/pico-sdk/src/rp2_common/pico_float/float_init_rom.c.obj
 .ARM.attributes
                0x000004d4       0x22 CMakeFiles/Optical-SW.dir/C_/VSARM/sdk/Pico/pico-sdk/src/rp2_common/pico_float/float_v1_rom_shim.S.obj
 .ARM.attributes
                0x000004f6       0x22 CMakeFiles/Optical-SW.dir/C_/VSARM/sdk/Pico/pico-sdk/src/rp2_common/pico_mem_ops/mem_ops_aeabi.S.obj
 .ARM.attributes
                0x00000518       0x22 CMakeFiles/Optical-SW.dir/C_/VSARM/sdk/Pico/pico-sdk/src/rp2_common/pico_standard_link/crt0.S.obj
 .ARM.attributes
                0x0000053a       0x32 CMakeFiles/Optical-SW.dir/C_/VSARM/sdk/Pico/pico-sdk/src/rp2_common/pico_standard_link/binary_info.c.obj
 .ARM.attributes
                0x0000056c       0x2c CMakeFiles/Optical-SW.dir/C_/VSARM/sdk/Pico/pico-sdk/src/rp2_common/pico_stdio/stdio.c.obj
 .ARM.attributes
                0x00000598       0x2c CMakeFiles/Optical-SW.dir/C_/VSARM/sdk/Pico/pico-sdk/src/rp2_common/pico_stdio_uart/stdio_uart.c.obj
 .ARM.attributes
                0x000005c4       0x22 C:\Users\ENITT\AppData\Local\Temp\cc8U9bGy.o
 .ARM.attributes
                0x000005e6       0x1e c:/progra~2/gnuarm~1/102021~1.07/bin/../lib/gcc/arm-none-eabi/10.3.1/thumb/v6-m/nofp\libgcc.a(_dvmd_tls.o)
 .ARM.attributes
                0x00000604       0x2c c:/progra~2/gnuarm~1/102021~1.07/bin/../lib/gcc/arm-none-eabi/10.3.1/../../../../arm-none-eabi/lib/thumb/v6-m/nofp\libg.a(lib_a-strlen-stub.o)

.comment        0x00000000       0x49
 .comment       0x00000000       0x49 CMakeFiles/Optical-SW.dir/optical-sw.c.obj
                                 0x4a (size before relaxing)
 .comment       0x00000049       0x4a CMakeFiles/Optical-SW.dir/C_/VSARM/sdk/Pico/pico-sdk/src/rp2_common/hardware_gpio/gpio.c.obj
 .comment       0x00000049       0x4a CMakeFiles/Optical-SW.dir/C_/VSARM/sdk/Pico/pico-sdk/src/rp2_common/hardware_claim/claim.c.obj
 .comment       0x00000049       0x4a CMakeFiles/Optical-SW.dir/C_/VSARM/sdk/Pico/pico-sdk/src/rp2_common/pico_platform/platform.c.obj
 .comment       0x00000049       0x4a CMakeFiles/Optical-SW.dir/C_/VSARM/sdk/Pico/pico-sdk/src/rp2_common/hardware_sync/sync.c.obj
 .comment       0x00000049       0x4a CMakeFiles/Optical-SW.dir/C_/VSARM/sdk/Pico/pico-sdk/src/rp2_common/hardware_uart/uart.c.obj
 .comment       0x00000049       0x4a CMakeFiles/Optical-SW.dir/C_/VSARM/sdk/Pico/pico-sdk/src/common/pico_time/time.c.obj
 .comment       0x00000049       0x4a CMakeFiles/Optical-SW.dir/C_/VSARM/sdk/Pico/pico-sdk/src/rp2_common/hardware_timer/timer.c.obj
 .comment       0x00000049       0x4a CMakeFiles/Optical-SW.dir/C_/VSARM/sdk/Pico/pico-sdk/src/common/pico_sync/lock_core.c.obj
 .comment       0x00000049       0x4a CMakeFiles/Optical-SW.dir/C_/VSARM/sdk/Pico/pico-sdk/src/common/pico_sync/mutex.c.obj
 .comment       0x00000049       0x4a CMakeFiles/Optical-SW.dir/C_/VSARM/sdk/Pico/pico-sdk/src/common/pico_util/pheap.c.obj
 .comment       0x00000049       0x4a CMakeFiles/Optical-SW.dir/C_/VSARM/sdk/Pico/pico-sdk/src/rp2_common/pico_runtime/runtime.c.obj
 .comment       0x00000049       0x4a CMakeFiles/Optical-SW.dir/C_/VSARM/sdk/Pico/pico-sdk/src/rp2_common/hardware_clocks/clocks.c.obj
 .comment       0x00000049       0x4a CMakeFiles/Optical-SW.dir/C_/VSARM/sdk/Pico/pico-sdk/src/rp2_common/hardware_irq/irq.c.obj
 .comment       0x00000049       0x4a CMakeFiles/Optical-SW.dir/C_/VSARM/sdk/Pico/pico-sdk/src/rp2_common/hardware_pll/pll.c.obj
 .comment       0x00000049       0x4a CMakeFiles/Optical-SW.dir/C_/VSARM/sdk/Pico/pico-sdk/src/rp2_common/hardware_watchdog/watchdog.c.obj
 .comment       0x00000049       0x4a CMakeFiles/Optical-SW.dir/C_/VSARM/sdk/Pico/pico-sdk/src/rp2_common/hardware_xosc/xosc.c.obj
 .comment       0x00000049       0x4a CMakeFiles/Optical-SW.dir/C_/VSARM/sdk/Pico/pico-sdk/src/rp2_common/pico_printf/printf.c.obj
 .comment       0x00000049       0x4a CMakeFiles/Optical-SW.dir/C_/VSARM/sdk/Pico/pico-sdk/src/rp2_common/pico_bootrom/bootrom.c.obj
 .comment       0x00000049       0x4a CMakeFiles/Optical-SW.dir/C_/VSARM/sdk/Pico/pico-sdk/src/rp2_common/pico_double/double_init_rom.c.obj
 .comment       0x00000049       0x4a CMakeFiles/Optical-SW.dir/C_/VSARM/sdk/Pico/pico-sdk/src/rp2_common/pico_float/float_init_rom.c.obj
 .comment       0x00000049       0x4a CMakeFiles/Optical-SW.dir/C_/VSARM/sdk/Pico/pico-sdk/src/rp2_common/pico_standard_link/binary_info.c.obj
 .comment       0x00000049       0x4a CMakeFiles/Optical-SW.dir/C_/VSARM/sdk/Pico/pico-sdk/src/rp2_common/pico_stdio/stdio.c.obj
 .comment       0x00000049       0x4a CMakeFiles/Optical-SW.dir/C_/VSARM/sdk/Pico/pico-sdk/src/rp2_common/pico_stdio_uart/stdio_uart.c.obj

.debug_info     0x00000000    0x14a9f
 .debug_info    0x00000000     0x275d CMakeFiles/Optical-SW.dir/optical-sw.c.obj
 .debug_info    0x0000275d     0x1465 CMakeFiles/Optical-SW.dir/C_/VSARM/sdk/Pico/pico-sdk/src/rp2_common/hardware_gpio/gpio.c.obj
 .debug_info    0x00003bc2      0x6ba CMakeFiles/Optical-SW.dir/C_/VSARM/sdk/Pico/pico-sdk/src/rp2_common/hardware_claim/claim.c.obj
 .debug_info    0x0000427c      0x1e3 CMakeFiles/Optical-SW.dir/C_/VSARM/sdk/Pico/pico-sdk/src/rp2_common/pico_platform/platform.c.obj
 .debug_info    0x0000445f      0x58e CMakeFiles/Optical-SW.dir/C_/VSARM/sdk/Pico/pico-sdk/src/rp2_common/hardware_sync/sync.c.obj
 .debug_info    0x000049ed      0xb64 CMakeFiles/Optical-SW.dir/C_/VSARM/sdk/Pico/pico-sdk/src/rp2_common/hardware_uart/uart.c.obj
 .debug_info    0x00005551     0x3b2f CMakeFiles/Optical-SW.dir/C_/VSARM/sdk/Pico/pico-sdk/src/common/pico_time/time.c.obj
 .debug_info    0x00009080     0x1130 CMakeFiles/Optical-SW.dir/C_/VSARM/sdk/Pico/pico-sdk/src/rp2_common/hardware_timer/timer.c.obj
 .debug_info    0x0000a1b0      0x1a4 CMakeFiles/Optical-SW.dir/C_/VSARM/sdk/Pico/pico-sdk/src/common/pico_sync/lock_core.c.obj
 .debug_info    0x0000a354     0x13b2 CMakeFiles/Optical-SW.dir/C_/VSARM/sdk/Pico/pico-sdk/src/common/pico_sync/mutex.c.obj
 .debug_info    0x0000b706     0x120c CMakeFiles/Optical-SW.dir/C_/VSARM/sdk/Pico/pico-sdk/src/common/pico_util/pheap.c.obj
 .debug_info    0x0000c912      0x9bc CMakeFiles/Optical-SW.dir/C_/VSARM/sdk/Pico/pico-sdk/src/rp2_common/pico_runtime/runtime.c.obj
 .debug_info    0x0000d2ce      0xf56 CMakeFiles/Optical-SW.dir/C_/VSARM/sdk/Pico/pico-sdk/src/rp2_common/hardware_clocks/clocks.c.obj
 .debug_info    0x0000e224     0x191a CMakeFiles/Optical-SW.dir/C_/VSARM/sdk/Pico/pico-sdk/src/rp2_common/hardware_irq/irq.c.obj
 .debug_info    0x0000fb3e      0x509 CMakeFiles/Optical-SW.dir/C_/VSARM/sdk/Pico/pico-sdk/src/rp2_common/hardware_pll/pll.c.obj
 .debug_info    0x00010047      0x49c CMakeFiles/Optical-SW.dir/C_/VSARM/sdk/Pico/pico-sdk/src/rp2_common/hardware_watchdog/watchdog.c.obj
 .debug_info    0x000104e3      0x1dd CMakeFiles/Optical-SW.dir/C_/VSARM/sdk/Pico/pico-sdk/src/rp2_common/hardware_xosc/xosc.c.obj
 .debug_info    0x000106c0     0x1a5f CMakeFiles/Optical-SW.dir/C_/VSARM/sdk/Pico/pico-sdk/src/rp2_common/pico_printf/printf.c.obj
 .debug_info    0x0001211f       0x22 CMakeFiles/Optical-SW.dir/C_/VSARM/sdk/Pico/pico-sdk/src/rp2_common/pico_bit_ops/bit_ops_aeabi.S.obj
 .debug_info    0x00012141      0x231 CMakeFiles/Optical-SW.dir/C_/VSARM/sdk/Pico/pico-sdk/src/rp2_common/pico_bootrom/bootrom.c.obj
 .debug_info    0x00012372       0x22 CMakeFiles/Optical-SW.dir/C_/VSARM/sdk/Pico/pico-sdk/src/rp2_common/pico_divider/divider.S.obj
 .debug_info    0x00012394       0x22 CMakeFiles/Optical-SW.dir/C_/VSARM/sdk/Pico/pico-sdk/src/rp2_common/pico_double/double_aeabi.S.obj
 .debug_info    0x000123b6      0x2a0 CMakeFiles/Optical-SW.dir/C_/VSARM/sdk/Pico/pico-sdk/src/rp2_common/pico_double/double_init_rom.c.obj
 .debug_info    0x00012656       0x22 CMakeFiles/Optical-SW.dir/C_/VSARM/sdk/Pico/pico-sdk/src/rp2_common/pico_double/double_v1_rom_shim.S.obj
 .debug_info    0x00012678       0x26 CMakeFiles/Optical-SW.dir/C_/VSARM/sdk/Pico/pico-sdk/src/rp2_common/pico_int64_ops/pico_int64_ops_aeabi.S.obj
 .debug_info    0x0001269e       0x22 CMakeFiles/Optical-SW.dir/C_/VSARM/sdk/Pico/pico-sdk/src/rp2_common/pico_float/float_aeabi.S.obj
 .debug_info    0x000126c0      0x2e9 CMakeFiles/Optical-SW.dir/C_/VSARM/sdk/Pico/pico-sdk/src/rp2_common/pico_float/float_init_rom.c.obj
 .debug_info    0x000129a9       0x22 CMakeFiles/Optical-SW.dir/C_/VSARM/sdk/Pico/pico-sdk/src/rp2_common/pico_float/float_v1_rom_shim.S.obj
 .debug_info    0x000129cb       0x22 CMakeFiles/Optical-SW.dir/C_/VSARM/sdk/Pico/pico-sdk/src/rp2_common/pico_mem_ops/mem_ops_aeabi.S.obj
 .debug_info    0x000129ed       0x22 CMakeFiles/Optical-SW.dir/C_/VSARM/sdk/Pico/pico-sdk/src/rp2_common/pico_standard_link/crt0.S.obj
 .debug_info    0x00012a0f      0x2f6 CMakeFiles/Optical-SW.dir/C_/VSARM/sdk/Pico/pico-sdk/src/rp2_common/pico_standard_link/binary_info.c.obj
 .debug_info    0x00012d05     0x116b CMakeFiles/Optical-SW.dir/C_/VSARM/sdk/Pico/pico-sdk/src/rp2_common/pico_stdio/stdio.c.obj
 .debug_info    0x00013e70      0xc2f CMakeFiles/Optical-SW.dir/C_/VSARM/sdk/Pico/pico-sdk/src/rp2_common/pico_stdio_uart/stdio_uart.c.obj

.debug_abbrev   0x00000000     0x3f82
 .debug_abbrev  0x00000000      0x33e CMakeFiles/Optical-SW.dir/optical-sw.c.obj
 .debug_abbrev  0x0000033e      0x2c4 CMakeFiles/Optical-SW.dir/C_/VSARM/sdk/Pico/pico-sdk/src/rp2_common/hardware_gpio/gpio.c.obj
 .debug_abbrev  0x00000602      0x2d6 CMakeFiles/Optical-SW.dir/C_/VSARM/sdk/Pico/pico-sdk/src/rp2_common/hardware_claim/claim.c.obj
 .debug_abbrev  0x000008d8       0xeb CMakeFiles/Optical-SW.dir/C_/VSARM/sdk/Pico/pico-sdk/src/rp2_common/pico_platform/platform.c.obj
 .debug_abbrev  0x000009c3      0x21b CMakeFiles/Optical-SW.dir/C_/VSARM/sdk/Pico/pico-sdk/src/rp2_common/hardware_sync/sync.c.obj
 .debug_abbrev  0x00000bde      0x2d2 CMakeFiles/Optical-SW.dir/C_/VSARM/sdk/Pico/pico-sdk/src/rp2_common/hardware_uart/uart.c.obj
 .debug_abbrev  0x00000eb0      0x53c CMakeFiles/Optical-SW.dir/C_/VSARM/sdk/Pico/pico-sdk/src/common/pico_time/time.c.obj
 .debug_abbrev  0x000013ec      0x37e CMakeFiles/Optical-SW.dir/C_/VSARM/sdk/Pico/pico-sdk/src/rp2_common/hardware_timer/timer.c.obj
 .debug_abbrev  0x0000176a      0x116 CMakeFiles/Optical-SW.dir/C_/VSARM/sdk/Pico/pico-sdk/src/common/pico_sync/lock_core.c.obj
 .debug_abbrev  0x00001880      0x37d CMakeFiles/Optical-SW.dir/C_/VSARM/sdk/Pico/pico-sdk/src/common/pico_sync/mutex.c.obj
 .debug_abbrev  0x00001bfd      0x297 CMakeFiles/Optical-SW.dir/C_/VSARM/sdk/Pico/pico-sdk/src/common/pico_util/pheap.c.obj
 .debug_abbrev  0x00001e94      0x35a CMakeFiles/Optical-SW.dir/C_/VSARM/sdk/Pico/pico-sdk/src/rp2_common/pico_runtime/runtime.c.obj
 .debug_abbrev  0x000021ee      0x372 CMakeFiles/Optical-SW.dir/C_/VSARM/sdk/Pico/pico-sdk/src/rp2_common/hardware_clocks/clocks.c.obj
 .debug_abbrev  0x00002560      0x4a5 CMakeFiles/Optical-SW.dir/C_/VSARM/sdk/Pico/pico-sdk/src/rp2_common/hardware_irq/irq.c.obj
 .debug_abbrev  0x00002a05      0x1ea CMakeFiles/Optical-SW.dir/C_/VSARM/sdk/Pico/pico-sdk/src/rp2_common/hardware_pll/pll.c.obj
 .debug_abbrev  0x00002bef      0x1b1 CMakeFiles/Optical-SW.dir/C_/VSARM/sdk/Pico/pico-sdk/src/rp2_common/hardware_watchdog/watchdog.c.obj
 .debug_abbrev  0x00002da0      0x109 CMakeFiles/Optical-SW.dir/C_/VSARM/sdk/Pico/pico-sdk/src/rp2_common/hardware_xosc/xosc.c.obj
 .debug_abbrev  0x00002ea9      0x384 CMakeFiles/Optical-SW.dir/C_/VSARM/sdk/Pico/pico-sdk/src/rp2_common/pico_printf/printf.c.obj
 .debug_abbrev  0x0000322d       0x12 CMakeFiles/Optical-SW.dir/C_/VSARM/sdk/Pico/pico-sdk/src/rp2_common/pico_bit_ops/bit_ops_aeabi.S.obj
 .debug_abbrev  0x0000323f       0xf8 CMakeFiles/Optical-SW.dir/C_/VSARM/sdk/Pico/pico-sdk/src/rp2_common/pico_bootrom/bootrom.c.obj
 .debug_abbrev  0x00003337       0x12 CMakeFiles/Optical-SW.dir/C_/VSARM/sdk/Pico/pico-sdk/src/rp2_common/pico_divider/divider.S.obj
 .debug_abbrev  0x00003349       0x12 CMakeFiles/Optical-SW.dir/C_/VSARM/sdk/Pico/pico-sdk/src/rp2_common/pico_double/double_aeabi.S.obj
 .debug_abbrev  0x0000335b      0x166 CMakeFiles/Optical-SW.dir/C_/VSARM/sdk/Pico/pico-sdk/src/rp2_common/pico_double/double_init_rom.c.obj
 .debug_abbrev  0x000034c1       0x12 CMakeFiles/Optical-SW.dir/C_/VSARM/sdk/Pico/pico-sdk/src/rp2_common/pico_double/double_v1_rom_shim.S.obj
 .debug_abbrev  0x000034d3       0x14 CMakeFiles/Optical-SW.dir/C_/VSARM/sdk/Pico/pico-sdk/src/rp2_common/pico_int64_ops/pico_int64_ops_aeabi.S.obj
 .debug_abbrev  0x000034e7       0x12 CMakeFiles/Optical-SW.dir/C_/VSARM/sdk/Pico/pico-sdk/src/rp2_common/pico_float/float_aeabi.S.obj
 .debug_abbrev  0x000034f9      0x179 CMakeFiles/Optical-SW.dir/C_/VSARM/sdk/Pico/pico-sdk/src/rp2_common/pico_float/float_init_rom.c.obj
 .debug_abbrev  0x00003672       0x12 CMakeFiles/Optical-SW.dir/C_/VSARM/sdk/Pico/pico-sdk/src/rp2_common/pico_float/float_v1_rom_shim.S.obj
 .debug_abbrev  0x00003684       0x12 CMakeFiles/Optical-SW.dir/C_/VSARM/sdk/Pico/pico-sdk/src/rp2_common/pico_mem_ops/mem_ops_aeabi.S.obj
 .debug_abbrev  0x00003696       0x12 CMakeFiles/Optical-SW.dir/C_/VSARM/sdk/Pico/pico-sdk/src/rp2_common/pico_standard_link/crt0.S.obj
 .debug_abbrev  0x000036a8       0xad CMakeFiles/Optical-SW.dir/C_/VSARM/sdk/Pico/pico-sdk/src/rp2_common/pico_standard_link/binary_info.c.obj
 .debug_abbrev  0x00003755      0x4a7 CMakeFiles/Optical-SW.dir/C_/VSARM/sdk/Pico/pico-sdk/src/rp2_common/pico_stdio/stdio.c.obj
 .debug_abbrev  0x00003bfc      0x386 CMakeFiles/Optical-SW.dir/C_/VSARM/sdk/Pico/pico-sdk/src/rp2_common/pico_stdio_uart/stdio_uart.c.obj

.debug_loc      0x00000000     0xe208
 .debug_loc     0x00000000     0x1939 CMakeFiles/Optical-SW.dir/optical-sw.c.obj
 .debug_loc     0x00001939      0xede CMakeFiles/Optical-SW.dir/C_/VSARM/sdk/Pico/pico-sdk/src/rp2_common/hardware_gpio/gpio.c.obj
 .debug_loc     0x00002817      0x45f CMakeFiles/Optical-SW.dir/C_/VSARM/sdk/Pico/pico-sdk/src/rp2_common/hardware_claim/claim.c.obj
 .debug_loc     0x00002c76       0xe9 CMakeFiles/Optical-SW.dir/C_/VSARM/sdk/Pico/pico-sdk/src/rp2_common/pico_platform/platform.c.obj
 .debug_loc     0x00002d5f      0x233 CMakeFiles/Optical-SW.dir/C_/VSARM/sdk/Pico/pico-sdk/src/rp2_common/hardware_sync/sync.c.obj
 .debug_loc     0x00002f92      0x533 CMakeFiles/Optical-SW.dir/C_/VSARM/sdk/Pico/pico-sdk/src/rp2_common/hardware_uart/uart.c.obj
 .debug_loc     0x000034c5     0x2e37 CMakeFiles/Optical-SW.dir/C_/VSARM/sdk/Pico/pico-sdk/src/common/pico_time/time.c.obj
 .debug_loc     0x000062fc      0x952 CMakeFiles/Optical-SW.dir/C_/VSARM/sdk/Pico/pico-sdk/src/rp2_common/hardware_timer/timer.c.obj
 .debug_loc     0x00006c4e       0x60 CMakeFiles/Optical-SW.dir/C_/VSARM/sdk/Pico/pico-sdk/src/common/pico_sync/lock_core.c.obj
 .debug_loc     0x00006cae      0xbc3 CMakeFiles/Optical-SW.dir/C_/VSARM/sdk/Pico/pico-sdk/src/common/pico_sync/mutex.c.obj
 .debug_loc     0x00007871     0x1439 CMakeFiles/Optical-SW.dir/C_/VSARM/sdk/Pico/pico-sdk/src/common/pico_util/pheap.c.obj
 .debug_loc     0x00008caa      0x3c6 CMakeFiles/Optical-SW.dir/C_/VSARM/sdk/Pico/pico-sdk/src/rp2_common/pico_runtime/runtime.c.obj
 .debug_loc     0x00009070      0x7eb CMakeFiles/Optical-SW.dir/C_/VSARM/sdk/Pico/pico-sdk/src/rp2_common/hardware_clocks/clocks.c.obj
 .debug_loc     0x0000985b     0x1186 CMakeFiles/Optical-SW.dir/C_/VSARM/sdk/Pico/pico-sdk/src/rp2_common/hardware_irq/irq.c.obj
 .debug_loc     0x0000a9e1      0x300 CMakeFiles/Optical-SW.dir/C_/VSARM/sdk/Pico/pico-sdk/src/rp2_common/hardware_pll/pll.c.obj
 .debug_loc     0x0000ace1      0x267 CMakeFiles/Optical-SW.dir/C_/VSARM/sdk/Pico/pico-sdk/src/rp2_common/hardware_watchdog/watchdog.c.obj
 .debug_loc     0x0000af48       0x71 CMakeFiles/Optical-SW.dir/C_/VSARM/sdk/Pico/pico-sdk/src/rp2_common/hardware_xosc/xosc.c.obj
 .debug_loc     0x0000afb9     0x2095 CMakeFiles/Optical-SW.dir/C_/VSARM/sdk/Pico/pico-sdk/src/rp2_common/pico_printf/printf.c.obj
 .debug_loc     0x0000d04e      0x16f CMakeFiles/Optical-SW.dir/C_/VSARM/sdk/Pico/pico-sdk/src/rp2_common/pico_bootrom/bootrom.c.obj
 .debug_loc     0x0000d1bd       0x59 CMakeFiles/Optical-SW.dir/C_/VSARM/sdk/Pico/pico-sdk/src/rp2_common/pico_double/double_init_rom.c.obj
 .debug_loc     0x0000d216       0x73 CMakeFiles/Optical-SW.dir/C_/VSARM/sdk/Pico/pico-sdk/src/rp2_common/pico_float/float_init_rom.c.obj
 .debug_loc     0x0000d289      0xa33 CMakeFiles/Optical-SW.dir/C_/VSARM/sdk/Pico/pico-sdk/src/rp2_common/pico_stdio/stdio.c.obj
 .debug_loc     0x0000dcbc      0x54c CMakeFiles/Optical-SW.dir/C_/VSARM/sdk/Pico/pico-sdk/src/rp2_common/pico_stdio_uart/stdio_uart.c.obj

.debug_aranges  0x00000000      0xd18
 .debug_aranges
                0x00000000       0x28 CMakeFiles/Optical-SW.dir/optical-sw.c.obj
 .debug_aranges
                0x00000028       0xd8 CMakeFiles/Optical-SW.dir/C_/VSARM/sdk/Pico/pico-sdk/src/rp2_common/hardware_gpio/gpio.c.obj
 .debug_aranges
                0x00000100       0x48 CMakeFiles/Optical-SW.dir/C_/VSARM/sdk/Pico/pico-sdk/src/rp2_common/hardware_claim/claim.c.obj
 .debug_aranges
                0x00000148       0x28 CMakeFiles/Optical-SW.dir/C_/VSARM/sdk/Pico/pico-sdk/src/rp2_common/pico_platform/platform.c.obj
 .debug_aranges
                0x00000170       0x58 CMakeFiles/Optical-SW.dir/C_/VSARM/sdk/Pico/pico-sdk/src/rp2_common/hardware_sync/sync.c.obj
 .debug_aranges
                0x000001c8       0x40 CMakeFiles/Optical-SW.dir/C_/VSARM/sdk/Pico/pico-sdk/src/rp2_common/hardware_uart/uart.c.obj
 .debug_aranges
                0x00000208       0xd0 CMakeFiles/Optical-SW.dir/C_/VSARM/sdk/Pico/pico-sdk/src/common/pico_time/time.c.obj
 .debug_aranges
                0x000002d8       0x78 CMakeFiles/Optical-SW.dir/C_/VSARM/sdk/Pico/pico-sdk/src/rp2_common/hardware_timer/timer.c.obj
 .debug_aranges
                0x00000350       0x20 CMakeFiles/Optical-SW.dir/C_/VSARM/sdk/Pico/pico-sdk/src/common/pico_sync/lock_core.c.obj
 .debug_aranges
                0x00000370       0x60 CMakeFiles/Optical-SW.dir/C_/VSARM/sdk/Pico/pico-sdk/src/common/pico_sync/mutex.c.obj
 .debug_aranges
                0x000003d0       0x78 CMakeFiles/Optical-SW.dir/C_/VSARM/sdk/Pico/pico-sdk/src/common/pico_util/pheap.c.obj
 .debug_aranges
                0x00000448       0x60 CMakeFiles/Optical-SW.dir/C_/VSARM/sdk/Pico/pico-sdk/src/rp2_common/pico_runtime/runtime.c.obj
 .debug_aranges
                0x000004a8       0x70 CMakeFiles/Optical-SW.dir/C_/VSARM/sdk/Pico/pico-sdk/src/rp2_common/hardware_clocks/clocks.c.obj
 .debug_aranges
                0x00000518       0x90 CMakeFiles/Optical-SW.dir/C_/VSARM/sdk/Pico/pico-sdk/src/rp2_common/hardware_irq/irq.c.obj
 .debug_aranges
                0x000005a8       0x28 CMakeFiles/Optical-SW.dir/C_/VSARM/sdk/Pico/pico-sdk/src/rp2_common/hardware_pll/pll.c.obj
 .debug_aranges
                0x000005d0       0x50 CMakeFiles/Optical-SW.dir/C_/VSARM/sdk/Pico/pico-sdk/src/rp2_common/hardware_watchdog/watchdog.c.obj
 .debug_aranges
                0x00000620       0x30 CMakeFiles/Optical-SW.dir/C_/VSARM/sdk/Pico/pico-sdk/src/rp2_common/hardware_xosc/xosc.c.obj
 .debug_aranges
                0x00000650       0x90 CMakeFiles/Optical-SW.dir/C_/VSARM/sdk/Pico/pico-sdk/src/rp2_common/pico_printf/printf.c.obj
 .debug_aranges
                0x000006e0       0x68 CMakeFiles/Optical-SW.dir/C_/VSARM/sdk/Pico/pico-sdk/src/rp2_common/pico_bit_ops/bit_ops_aeabi.S.obj
 .debug_aranges
                0x00000748       0x30 CMakeFiles/Optical-SW.dir/C_/VSARM/sdk/Pico/pico-sdk/src/rp2_common/pico_bootrom/bootrom.c.obj
 .debug_aranges
                0x00000778       0x40 CMakeFiles/Optical-SW.dir/C_/VSARM/sdk/Pico/pico-sdk/src/rp2_common/pico_divider/divider.S.obj
 .debug_aranges
                0x000007b8      0x140 CMakeFiles/Optical-SW.dir/C_/VSARM/sdk/Pico/pico-sdk/src/rp2_common/pico_double/double_aeabi.S.obj
 .debug_aranges
                0x000008f8       0x20 CMakeFiles/Optical-SW.dir/C_/VSARM/sdk/Pico/pico-sdk/src/rp2_common/pico_double/double_init_rom.c.obj
 .debug_aranges
                0x00000918       0xc8 CMakeFiles/Optical-SW.dir/C_/VSARM/sdk/Pico/pico-sdk/src/rp2_common/pico_double/double_v1_rom_shim.S.obj
 .debug_aranges
                0x000009e0       0x20 CMakeFiles/Optical-SW.dir/C_/VSARM/sdk/Pico/pico-sdk/src/rp2_common/pico_int64_ops/pico_int64_ops_aeabi.S.obj
 .debug_aranges
                0x00000a00      0x130 CMakeFiles/Optical-SW.dir/C_/VSARM/sdk/Pico/pico-sdk/src/rp2_common/pico_float/float_aeabi.S.obj
 .debug_aranges
                0x00000b30       0x20 CMakeFiles/Optical-SW.dir/C_/VSARM/sdk/Pico/pico-sdk/src/rp2_common/pico_float/float_init_rom.c.obj
 .debug_aranges
                0x00000b50       0x50 CMakeFiles/Optical-SW.dir/C_/VSARM/sdk/Pico/pico-sdk/src/rp2_common/pico_float/float_v1_rom_shim.S.obj
 .debug_aranges
                0x00000ba0       0x38 CMakeFiles/Optical-SW.dir/C_/VSARM/sdk/Pico/pico-sdk/src/rp2_common/pico_mem_ops/mem_ops_aeabi.S.obj
 .debug_aranges
                0x00000bd8       0x28 CMakeFiles/Optical-SW.dir/C_/VSARM/sdk/Pico/pico-sdk/src/rp2_common/pico_standard_link/crt0.S.obj
 .debug_aranges
                0x00000c00       0x18 CMakeFiles/Optical-SW.dir/C_/VSARM/sdk/Pico/pico-sdk/src/rp2_common/pico_standard_link/binary_info.c.obj
 .debug_aranges
                0x00000c18       0xb8 CMakeFiles/Optical-SW.dir/C_/VSARM/sdk/Pico/pico-sdk/src/rp2_common/pico_stdio/stdio.c.obj
 .debug_aranges
                0x00000cd0       0x48 CMakeFiles/Optical-SW.dir/C_/VSARM/sdk/Pico/pico-sdk/src/rp2_common/pico_stdio_uart/stdio_uart.c.obj

.debug_ranges   0x00000000     0x29f8
 .debug_ranges  0x00000000       0xa8 CMakeFiles/Optical-SW.dir/optical-sw.c.obj
 .debug_ranges  0x000000a8       0xe0 CMakeFiles/Optical-SW.dir/C_/VSARM/sdk/Pico/pico-sdk/src/rp2_common/hardware_gpio/gpio.c.obj
 .debug_ranges  0x00000188       0xd8 CMakeFiles/Optical-SW.dir/C_/VSARM/sdk/Pico/pico-sdk/src/rp2_common/hardware_claim/claim.c.obj
 .debug_ranges  0x00000260       0x18 CMakeFiles/Optical-SW.dir/C_/VSARM/sdk/Pico/pico-sdk/src/rp2_common/pico_platform/platform.c.obj
 .debug_ranges  0x00000278       0xf0 CMakeFiles/Optical-SW.dir/C_/VSARM/sdk/Pico/pico-sdk/src/rp2_common/hardware_sync/sync.c.obj
 .debug_ranges  0x00000368       0xf8 CMakeFiles/Optical-SW.dir/C_/VSARM/sdk/Pico/pico-sdk/src/rp2_common/hardware_uart/uart.c.obj
 .debug_ranges  0x00000460      0xba0 CMakeFiles/Optical-SW.dir/C_/VSARM/sdk/Pico/pico-sdk/src/common/pico_time/time.c.obj
 .debug_ranges  0x00001000      0x320 CMakeFiles/Optical-SW.dir/C_/VSARM/sdk/Pico/pico-sdk/src/rp2_common/hardware_timer/timer.c.obj
 .debug_ranges  0x00001320       0x10 CMakeFiles/Optical-SW.dir/C_/VSARM/sdk/Pico/pico-sdk/src/common/pico_sync/lock_core.c.obj
 .debug_ranges  0x00001330      0x5c8 CMakeFiles/Optical-SW.dir/C_/VSARM/sdk/Pico/pico-sdk/src/common/pico_sync/mutex.c.obj
 .debug_ranges  0x000018f8      0x248 CMakeFiles/Optical-SW.dir/C_/VSARM/sdk/Pico/pico-sdk/src/common/pico_util/pheap.c.obj
 .debug_ranges  0x00001b40       0x68 CMakeFiles/Optical-SW.dir/C_/VSARM/sdk/Pico/pico-sdk/src/rp2_common/pico_runtime/runtime.c.obj
 .debug_ranges  0x00001ba8       0x60 CMakeFiles/Optical-SW.dir/C_/VSARM/sdk/Pico/pico-sdk/src/rp2_common/hardware_clocks/clocks.c.obj
 .debug_ranges  0x00001c08      0x3b0 CMakeFiles/Optical-SW.dir/C_/VSARM/sdk/Pico/pico-sdk/src/rp2_common/hardware_irq/irq.c.obj
 .debug_ranges  0x00001fb8       0x30 CMakeFiles/Optical-SW.dir/C_/VSARM/sdk/Pico/pico-sdk/src/rp2_common/hardware_pll/pll.c.obj
 .debug_ranges  0x00001fe8       0x40 CMakeFiles/Optical-SW.dir/C_/VSARM/sdk/Pico/pico-sdk/src/rp2_common/hardware_watchdog/watchdog.c.obj
 .debug_ranges  0x00002028       0x20 CMakeFiles/Optical-SW.dir/C_/VSARM/sdk/Pico/pico-sdk/src/rp2_common/hardware_xosc/xosc.c.obj
 .debug_ranges  0x00002048      0x108 CMakeFiles/Optical-SW.dir/C_/VSARM/sdk/Pico/pico-sdk/src/rp2_common/pico_printf/printf.c.obj
 .debug_ranges  0x00002150       0x60 CMakeFiles/Optical-SW.dir/C_/VSARM/sdk/Pico/pico-sdk/src/rp2_common/pico_bit_ops/bit_ops_aeabi.S.obj
 .debug_ranges  0x000021b0       0x38 CMakeFiles/Optical-SW.dir/C_/VSARM/sdk/Pico/pico-sdk/src/rp2_common/pico_bootrom/bootrom.c.obj
 .debug_ranges  0x000021e8       0x38 CMakeFiles/Optical-SW.dir/C_/VSARM/sdk/Pico/pico-sdk/src/rp2_common/pico_divider/divider.S.obj