Archive member included to satisfy reference by file (symbol)

c:/progra~2/gnuarm~1/102021~1.07/bin/../lib/gcc/arm-none-eabi/10.3.1/thumb/v6-m/nofp\libgcc.a(_dvmd_tls.o)
                              CMakeFiles/Optical-SW.dir/C_/VSARM/sdk/Pico/pico-sdk/src/rp2_common/pico_divider/divider.S.obj (__aeabi_idiv0)
c:/progra~2/gnuarm~1/102021~1.07/bin/../lib/gcc/arm-none-eabi/10.3.1/../../../../arm-none-eabi/lib/thumb/v6-m/nofp\libg.a(lib_a-calloc.o)
                              CMakeFiles/Optical-SW.dir/C_/VSARM/sdk/Pico/pico-sdk/src/rp2_common/pico_malloc/pico_malloc.c.obj (calloc)
c:/progra~2/gnuarm~1/102021~1.07/bin/../lib/gcc/arm-none-eabi/10.3.1/../../../../arm-none-eabi/lib/thumb/v6-m/nofp\libg.a(lib_a-callocr.o)
                              c:/progra~2/gnuarm~1/102021~1.07/bin/../lib/gcc/arm-none-eabi/10.3.1/../../../../arm-none-eabi/lib/thumb/v6-m/nofp\libg.a(lib_a-calloc.o) (_calloc_r)
c:/progra~2/gnuarm~1/102021~1.07/bin/../lib/gcc/arm-none-eabi/10.3.1/../../../../arm-none-eabi/lib/thumb/v6-m/nofp\libg.a(lib_a-errno.o)
                              c:/progra~2/gnuarm~1/102021~1.07/bin/../lib/gcc/arm-none-eabi/10.3.1/../../../../arm-none-eabi/lib/thumb/v6-m/nofp\libg.a(lib_a-callocr.o) (__errno)
c:/progra~2/gnuarm~1/102021~1.07/bin/../lib/gcc/arm-none-eabi/10.3.1/../../../../arm-none-eabi/lib/thumb/v6-m/nofp\libg.a(lib_a-impure.o)
                              c:/progra~2/gnuarm~1/102021~1.07/bin/../lib/gcc/arm-none-eabi/10.3.1/../../../../arm-none-eabi/lib/thumb/v6-m/nofp\libg.a(lib_a-calloc.o) (_impure_ptr)
c:/progra~2/gnuarm~1/102021~1.07/bin/../lib/gcc/arm-none-eabi/10.3.1/../../../../arm-none-eabi/lib/thumb/v6-m/nofp\libg.a(lib_a-init.o)
                              c:/progra~2/gnuarm~1/102021~1.07/bin/../lib/gcc/arm-none-eabi/10.3.1/../../../../arm-none-eabi/lib/thumb/v6-m/nofp/crt0.o (__libc_init_array)
c:/progra~2/gnuarm~1/102021~1.07/bin/../lib/gcc/arm-none-eabi/10.3.1/../../../../arm-none-eabi/lib/thumb/v6-m/nofp\libg.a(lib_a-malloc.o)
                              CMakeFiles/Optical-SW.dir/C_/VSARM/sdk/Pico/pico-sdk/src/rp2_common/pico_malloc/pico_malloc.c.obj (malloc)
c:/progra~2/gnuarm~1/102021~1.07/bin/../lib/gcc/arm-none-eabi/10.3.1/../../../../arm-none-eabi/lib/thumb/v6-m/nofp\libg.a(lib_a-mallocr.o)
                              c:/progra~2/gnuarm~1/102021~1.07/bin/../lib/gcc/arm-none-eabi/10.3.1/../../../../arm-none-eabi/lib/thumb/v6-m/nofp\libg.a(lib_a-callocr.o) (_malloc_r)
c:/progra~2/gnuarm~1/102021~1.07/bin/../lib/gcc/arm-none-eabi/10.3.1/../../../../arm-none-eabi/lib/thumb/v6-m/nofp\libg.a(lib_a-mlock.o)
                              c:/progra~2/gnuarm~1/102021~1.07/bin/../lib/gcc/arm-none-eabi/10.3.1/../../../../arm-none-eabi/lib/thumb/v6-m/nofp\libg.a(lib_a-mallocr.o) (__malloc_lock)
c:/progra~2/gnuarm~1/102021~1.07/bin/../lib/gcc/arm-none-eabi/10.3.1/../../../../arm-none-eabi/lib/thumb/v6-m/nofp\libg.a(lib_a-sbrkr.o)
                              c:/progra~2/gnuarm~1/102021~1.07/bin/../lib/gcc/arm-none-eabi/10.3.1/../../../../arm-none-eabi/lib/thumb/v6-m/nofp\libg.a(lib_a-mallocr.o) (_sbrk_r)
c:/progra~2/gnuarm~1/102021~1.07/bin/../lib/gcc/arm-none-eabi/10.3.1/../../../../arm-none-eabi/lib/thumb/v6-m/nofp\libg.a(lib_a-strlen-stub.o)
                              CMakeFiles/Optical-SW.dir/C_/VSARM/sdk/Pico/pico-sdk/src/rp2_common/pico_stdio/stdio.c.obj (strlen)
c:/progra~2/gnuarm~1/102021~1.07/bin/../lib/gcc/arm-none-eabi/10.3.1/../../../../arm-none-eabi/lib/thumb/v6-m/nofp\libg.a(lib_a-freer.o)
                              c:/progra~2/gnuarm~1/102021~1.07/bin/../lib/gcc/arm-none-eabi/10.3.1/../../../../arm-none-eabi/lib/thumb/v6-m/nofp\libg.a(lib_a-malloc.o) (_free_r)
c:/progra~2/gnuarm~1/102021~1.07/bin/../lib/gcc/arm-none-eabi/10.3.1/../../../../arm-none-eabi/lib/thumb/v6-m/nofp\libg.a(lib_a-lock.o)
                              c:/progra~2/gnuarm~1/102021~1.07/bin/../lib/gcc/arm-none-eabi/10.3.1/../../../../arm-none-eabi/lib/thumb/v6-m/nofp\libg.a(lib_a-mlock.o) (__retarget_lock_acquire_recursive)
c:/progra~2/gnuarm~1/102021~1.07/bin/../lib/gcc/arm-none-eabi/10.3.1/../../../../arm-none-eabi/lib/thumb/v6-m/nofp\libg.a(lib_a-reent.o)
                              c:/progra~2/gnuarm~1/102021~1.07/bin/../lib/gcc/arm-none-eabi/10.3.1/../../../../arm-none-eabi/lib/thumb/v6-m/nofp\libg.a(lib_a-sbrkr.o) (errno)

Discarded input sections

 .text          0x00000000        0x0 c:/progra~2/gnuarm~1/102021~1.07/bin/../lib/gcc/arm-none-eabi/10.3.1/thumb/v6-m/nofp/crti.o
 .data          0x00000000        0x0 c:/progra~2/gnuarm~1/102021~1.07/bin/../lib/gcc/arm-none-eabi/10.3.1/thumb/v6-m/nofp/crti.o
 .bss           0x00000000        0x0 c:/progra~2/gnuarm~1/102021~1.07/bin/../lib/gcc/arm-none-eabi/10.3.1/thumb/v6-m/nofp/crti.o
 .data          0x00000000        0x4 c:/progra~2/gnuarm~1/102021~1.07/bin/../lib/gcc/arm-none-eabi/10.3.1/thumb/v6-m/nofp/crtbegin.o
[...]
Memory Configuration

Name             Origin             Length             Attributes
FLASH            0x10000000         0x00200000         xr
RAM              0x20000000         0x00040000         xrw
SCRATCH_X        0x20040000         0x00001000         xrw
SCRATCH_Y        0x20041000         0x00001000         xrw
*default*        0x00000000         0xffffffff

Linker script and memory map

LOAD c:/progra~2/gnuarm~1/102021~1.07/bin/../lib/gcc/arm-none-eabi/10.3.1/thumb/v6-m/nofp/crti.o
LOAD c:/progra~2/gnuarm~1/102021~1.07/bin/../lib/gcc/arm-none-eabi/10.3.1/thumb/v6-m/nofp/crtbegin.o
LOAD c:/progra~2/gnuarm~1/102021~1.07/bin/../lib/gcc/arm-none-eabi/10.3.1/../../../../arm-none-eabi/lib/thumb/v6-m/nofp/crt0.o

.flash_begin    0x10000000        0x0
                0x10000000                __flash_binary_start = .

.boot2          0x10000000      0x100
                0x10000000                __boot2_start__ = .
 *(.boot2)
 .boot2         0x10000000      0x100 C:\Users\ENITT\AppData\Local\Temp\ccUu7MUD.o
                0x10000100                __boot2_end__ = .
                0x00000001                ASSERT (((__boot2_end__ - __boot2_start__) == 0x100), ERROR: Pico second stage bootloader must be 256 bytes in size)

.text           0x10000100     0x43f0
                0x10000100                __logical_binary_start = .
 *(.vectors)
 .vectors       0x10000100       0xd4 CMakeFiles/Optical-SW.dir/C_/VSARM/sdk/Pico/pico-sdk/src/rp2_common/pico_standard_link/crt0.S.obj
                0x10000100                __VECTOR_TABLE
                0x10000100                __vectors
                0x100001c0                isr_invalid
                0x100001c0                __default_isrs_start
                0x100001c2                isr_nmi
                0x100001c4                isr_hardfault
                0x100001c6                isr_svcall
                0x100001c8                isr_pendsv
                0x100001ca                isr_systick
                0x100001cc                isr_irq23
                0x100001cc                isr_irq18
                0x100001cc                isr_irq11
                0x100001cc                isr_irq28
                0x100001cc                isr_irq19
                0x100001cc                isr_irq0
                0x100001cc                isr_irq6
                0x100001cc                isr_irq5
                0x100001cc                isr_irq12
                0x100001cc                isr_irq22
                0x100001cc                isr_irq31
                0x100001cc                isr_irq17
                0x100001cc                isr_irq27
                0x100001cc                isr_irq30
                0x100001cc                isr_irq2
                0x100001cc                isr_irq10
                0x100001cc                isr_irq8
                0x100001cc                isr_irq24
                0x100001cc                isr_irq1
                0x100001cc                isr_irq7
                0x100001cc                isr_irq21
                0x100001cc                isr_irq20
                0x100001cc                isr_irq15
                0x100001cc                isr_irq25
                0x100001cc                isr_irq13
                0x100001cc                __unhandled_user_irq
                0x100001cc                isr_irq4
                0x100001cc                isr_irq16
                0x100001cc                isr_irq29
                0x100001cc                isr_irq26
                0x100001cc                __default_isrs_end
                0x100001cc                isr_irq3
                0x100001cc                isr_irq14
                0x100001cc                isr_irq9
                0x100001d2                unhandled_user_irq_num_in_r0
 *(.binary_info_header)
 .binary_info_header
                0x100001d4       0x14 CMakeFiles/Optical-SW.dir/C_/VSARM/sdk/Pico/pico-sdk/src/rp2_common/pico_standard_link/crt0.S.obj
                0x100001e8                __binary_info_header_end = .
 *(.reset)
 .reset         0x100001e8       0xa8 CMakeFiles/Optical-SW.dir/C_/VSARM/sdk/Pico/pico-sdk/src/rp2_common/pico_standard_link/crt0.S.obj
                0x100001e8                _entry_point
                0x10000266                __get_current_exception
 .reset         0x10000290       0x30 CMakeFiles/Optical-SW.dir/C_/VSARM/sdk/Pico/pico-sdk/src/rp2_common/pico_standard_link/binary_info.c.obj
 *(.init)
 .init          0x100002c0        0x4 c:/progra~2/gnuarm~1/102021~1.07/bin/../lib/gcc/arm-none-eabi/10.3.1/thumb/v6-m/nofp/crti.o
                0x100002c0                _init
 *(EXCLUDE_FILE(*libm.a: *libc.a:*lib_a-mem*.o *libgcc.a:) .text*)
 .text          0x100002c4       0x48 c:/progra~2/gnuarm~1/102021~1.07/bin/../lib/gcc/arm-none-eabi/10.3.1/thumb/v6-m/nofp/crtbegin.o
 .text.swnum    0x1000030c       0xb4 CMakeFiles/Optical-SW.dir/optical-sw.c.obj
                0x1000030c                swnum
 .text.main     0x100003c0       0xe8 CMakeFiles/Optical-SW.dir/optical-sw.c.obj
                0x100003c0                main
 .text.gpio_set_function
                0x100004a8       0x30 CMakeFiles/Optical-SW.dir/C_/VSARM/sdk/Pico/pico-sdk/src/rp2_common/hardware_gpio/gpio.c.obj
                0x100004a8                gpio_set_function
 .text.gpio_init
                0x100004d8       0x16 CMakeFiles/Optical-SW.dir/C_/VSARM/sdk/Pico/pico-sdk/src/rp2_common/hardware_gpio/gpio.c.obj
                0x100004d8                gpio_init
 *fill*         0x100004ee        0x2 
 .text.hw_claim_lock
                0x100004f0       0x18 CMakeFiles/Optical-SW.dir/C_/VSARM/sdk/Pico/pico-sdk/src/rp2_common/hardware_claim/claim.c.obj
                0x100004f0                hw_claim_lock
 .text.hw_claim_unlock
                0x10000508       0x14 CMakeFiles/Optical-SW.dir/C_/VSARM/sdk/Pico/pico-sdk/src/rp2_common/hardware_claim/claim.c.obj
                0x10000508                hw_claim_unlock
 .text.hw_claim_or_assert
                0x1000051c       0x32 CMakeFiles/Optical-SW.dir/C_/VSARM/sdk/Pico/pico-sdk/src/rp2_common/hardware_claim/claim.c.obj
                0x1000051c                hw_claim_or_assert
 *fill*         0x1000054e        0x2 
 .text.running_on_fpga
                0x10000550       0x14 CMakeFiles/Optical-SW.dir/C_/VSARM/sdk/Pico/pico-sdk/src/rp2_common/pico_platform/platform.c.obj
                0x10000550                running_on_fpga
 .text.spin_locks_reset
                0x10000564       0x20 CMakeFiles/Optical-SW.dir/C_/VSARM/sdk/Pico/pico-sdk/src/rp2_common/hardware_sync/sync.c.obj
                0x10000564                spin_locks_reset
 .text.next_striped_spin_lock_num
                0x10000584       0x1c CMakeFiles/Optical-SW.dir/C_/VSARM/sdk/Pico/pico-sdk/src/rp2_common/hardware_sync/sync.c.obj
                0x10000584                next_striped_spin_lock_num
 .text.uart_set_baudrate
                0x100005a0       0x5c CMakeFiles/Optical-SW.dir/C_/VSARM/sdk/Pico/pico-sdk/src/rp2_common/hardware_uart/uart.c.obj
                0x100005a0                uart_set_baudrate
 .text.uart_set_translate_crlf
                0x100005fc       0x28 CMakeFiles/Optical-SW.dir/C_/VSARM/sdk/Pico/pico-sdk/src/rp2_common/hardware_uart/uart.c.obj
                0x100005fc                uart_set_translate_crlf
 .text.uart_init
                0x10000624       0x80 CMakeFiles/Optical-SW.dir/C_/VSARM/sdk/Pico/pico-sdk/src/rp2_common/hardware_uart/uart.c.obj
                0x10000624                uart_init
 .text.alarm_pool_post_alloc_init
                0x100006a4       0x40 CMakeFiles/Optical-SW.dir/C_/VSARM/sdk/Pico/pico-sdk/src/common/pico_time/time.c.obj
 .text.sleep_until_callback
                0x100006e4       0x30 CMakeFiles/Optical-SW.dir/C_/VSARM/sdk/Pico/pico-sdk/src/common/pico_time/time.c.obj
 .text.timer_pool_entry_comparator
                0x10000714       0x7c CMakeFiles/Optical-SW.dir/C_/VSARM/sdk/Pico/pico-sdk/src/common/pico_time/time.c.obj
                0x10000714                timer_pool_entry_comparator
 .text.ph_add_child_node
                0x10000790       0xa4 CMakeFiles/Optical-SW.dir/C_/VSARM/sdk/Pico/pico-sdk/src/common/pico_time/time.c.obj
 .text.ph_merge_nodes
                0x10000834       0x3e CMakeFiles/Optical-SW.dir/C_/VSARM/sdk/Pico/pico-sdk/src/common/pico_time/time.c.obj
 *fill*         0x10000872        0x2 
 .text.add_alarm_under_lock
                0x10000874      0x174 CMakeFiles/Optical-SW.dir/C_/VSARM/sdk/Pico/pico-sdk/src/common/pico_time/time.c.obj
 .text.alarm_pool_alarm_callback
                0x100009e8      0x328 CMakeFiles/Optical-SW.dir/C_/VSARM/sdk/Pico/pico-sdk/src/common/pico_time/time.c.obj
 .text.alarm_pool_init_default
                0x10000d10       0x38 CMakeFiles/Optical-SW.dir/C_/VSARM/sdk/Pico/pico-sdk/src/common/pico_time/time.c.obj
                0x10000d10                alarm_pool_init_default
 .text.alarm_pool_get_default
                0x10000d48       0x2c CMakeFiles/Optical-SW.dir/C_/VSARM/sdk/Pico/pico-sdk/src/common/pico_time/time.c.obj
                0x10000d48                alarm_pool_get_default
 .text.alarm_pool_add_alarm_at
                0x10000d74      0x170 CMakeFiles/Optical-SW.dir/C_/VSARM/sdk/Pico/pico-sdk/src/common/pico_time/time.c.obj
                0x10000d74                alarm_pool_add_alarm_at
 .text.sleep_until
                0x10000ee4       0xfc CMakeFiles/Optical-SW.dir/C_/VSARM/sdk/Pico/pico-sdk/src/common/pico_time/time.c.obj
                0x10000ee4                sleep_until
 .text.sleep_us
                0x10000fe0       0x58 CMakeFiles/Optical-SW.dir/C_/VSARM/sdk/Pico/pico-sdk/src/common/pico_time/time.c.obj
                0x10000fe0                sleep_us
 .text.sleep_ms
                0x10001038       0x14 CMakeFiles/Optical-SW.dir/C_/VSARM/sdk/Pico/pico-sdk/src/common/pico_time/time.c.obj
                0x10001038                sleep_ms
 .text.hardware_alarm_irq_handler
                0x1000104c       0x8c CMakeFiles/Optical-SW.dir/C_/VSARM/sdk/Pico/pico-sdk/src/rp2_common/hardware_timer/timer.c.obj
 .text.hardware_alarm_claim
                0x100010d8       0x18 CMakeFiles/Optical-SW.dir/C_/VSARM/sdk/Pico/pico-sdk/src/rp2_common/hardware_timer/timer.c.obj
                0x100010d8                hardware_alarm_claim
 .text.time_us_64
                0x100010f0       0x18 CMakeFiles/Optical-SW.dir/C_/VSARM/sdk/Pico/pico-sdk/src/rp2_common/hardware_timer/timer.c.obj
                0x100010f0                time_us_64
 .text.busy_wait_until
                0x10001108       0x28 CMakeFiles/Optical-SW.dir/C_/VSARM/sdk/Pico/pico-sdk/src/rp2_common/hardware_timer/timer.c.obj
                0x10001108                busy_wait_until
 .text.hardware_alarm_set_callback
                0x10001130       0x90 CMakeFiles/Optical-SW.dir/C_/VSARM/sdk/Pico/pico-sdk/src/rp2_common/hardware_timer/timer.c.obj
                0x10001130                hardware_alarm_set_callback
 .text.hardware_alarm_set_target
                0x100011c0       0xe8 CMakeFiles/Optical-SW.dir/C_/VSARM/sdk/Pico/pico-sdk/src/rp2_common/hardware_timer/timer.c.obj
                0x100011c0                hardware_alarm_set_target
 .text.hardware_alarm_cancel
                0x100012a8       0x40 CMakeFiles/Optical-SW.dir/C_/VSARM/sdk/Pico/pico-sdk/src/rp2_common/hardware_timer/timer.c.obj
                0x100012a8                hardware_alarm_cancel
 .text.lock_init
                0x100012e8       0x10 CMakeFiles/Optical-SW.dir/C_/VSARM/sdk/Pico/pico-sdk/src/common/pico_sync/lock_core.c.obj
                0x100012e8                lock_init
 .text.mutex_init_internal
                0x100012f8       0x1e CMakeFiles/Optical-SW.dir/C_/VSARM/sdk/Pico/pico-sdk/src/common/pico_sync/mutex.c.obj
 .text.mutex_init
                0x10001316        0xa CMakeFiles/Optical-SW.dir/C_/VSARM/sdk/Pico/pico-sdk/src/common/pico_sync/mutex.c.obj
                0x10001316                mutex_init
 .text.recursive_mutex_init
                0x10001320        0xa CMakeFiles/Optical-SW.dir/C_/VSARM/sdk/Pico/pico-sdk/src/common/pico_sync/mutex.c.obj
                0x10001320                recursive_mutex_init
 *fill*         0x1000132a        0x2 
 .text.ph_add_child_node
                0x1000132c       0xa4 CMakeFiles/Optical-SW.dir/C_/VSARM/sdk/Pico/pico-sdk/src/common/pico_util/pheap.c.obj
 .text.ph_merge_nodes
                0x100013d0       0x3e CMakeFiles/Optical-SW.dir/C_/VSARM/sdk/Pico/pico-sdk/src/common/pico_util/pheap.c.obj
 *fill*         0x1000140e        0x2 
 .text.ph_clear
                0x10001410       0x70 CMakeFiles/Optical-SW.dir/C_/VSARM/sdk/Pico/pico-sdk/src/common/pico_util/pheap.c.obj
                0x10001410                ph_clear
 .text.ph_post_alloc_init
                0x10001480        0xe CMakeFiles/Optical-SW.dir/C_/VSARM/sdk/Pico/pico-sdk/src/common/pico_util/pheap.c.obj
                0x10001480                ph_post_alloc_init
 *fill*         0x1000148e        0x2 
 .text.ph_merge_two_pass
                0x10001490       0xa8 CMakeFiles/Optical-SW.dir/C_/VSARM/sdk/Pico/pico-sdk/src/common/pico_util/pheap.c.obj
                0x10001490                ph_merge_two_pass
 .text.ph_remove_any_head
                0x10001538      0x108 CMakeFiles/Optical-SW.dir/C_/VSARM/sdk/Pico/pico-sdk/src/common/pico_util/pheap.c.obj
 .text.ph_remove_head
                0x10001640       0x14 CMakeFiles/Optical-SW.dir/C_/VSARM/sdk/Pico/pico-sdk/src/common/pico_util/pheap.c.obj
                0x10001640                ph_remove_head
 .text.ph_remove_and_free_node
                0x10001654       0xf8 CMakeFiles/Optical-SW.dir/C_/VSARM/sdk/Pico/pico-sdk/src/common/pico_util/pheap.c.obj
                0x10001654                ph_remove_and_free_node
 .text.runtime_init
                0x1000174c       0xd8 CMakeFiles/Optical-SW.dir/C_/VSARM/sdk/Pico/pico-sdk/src/rp2_common/pico_runtime/runtime.c.obj
                0x1000174c                runtime_init
 .text._exit    0x10001824        0x4 CMakeFiles/Optical-SW.dir/C_/VSARM/sdk/Pico/pico-sdk/src/rp2_common/pico_runtime/runtime.c.obj
                0x10001824                _exit
 .text.exit     0x10001828        0x6 CMakeFiles/Optical-SW.dir/C_/VSARM/sdk/Pico/pico-sdk/src/rp2_common/pico_runtime/runtime.c.obj
                0x10001828                exit
 *fill*         0x1000182e        0x2 
 .text.__assert_func
                0x10001830       0x3c CMakeFiles/Optical-SW.dir/C_/VSARM/sdk/Pico/pico-sdk/src/rp2_common/pico_runtime/runtime.c.obj
                0x10001830                __assert_func
 .text.panic    0x1000186c       0x30 CMakeFiles/Optical-SW.dir/C_/VSARM/sdk/Pico/pico-sdk/src/rp2_common/pico_runtime/runtime.c.obj
                0x1000186c                panic
 .text.clock_configure
                0x1000189c      0x104 CMakeFiles/Optical-SW.dir/C_/VSARM/sdk/Pico/pico-sdk/src/rp2_common/hardware_clocks/clocks.c.obj
                0x1000189c                clock_configure
 .text.clocks_init
                0x100019a0      0x100 CMakeFiles/Optical-SW.dir/C_/VSARM/sdk/Pico/pico-sdk/src/rp2_common/hardware_clocks/clocks.c.obj
                0x100019a0                clocks_init
 .text.clock_get_hz
                0x10001aa0        0xc CMakeFiles/Optical-SW.dir/C_/VSARM/sdk/Pico/pico-sdk/src/rp2_common/hardware_clocks/clocks.c.obj
                0x10001aa0                clock_get_hz
 .text.set_raw_irq_handler_and_unlock
                0x10001aac       0x28 CMakeFiles/Optical-SW.dir/C_/VSARM/sdk/Pico/pico-sdk/src/rp2_common/hardware_irq/irq.c.obj
 .text.make_branch
                0x10001ad4       0x34 CMakeFiles/Optical-SW.dir/C_/VSARM/sdk/Pico/pico-sdk/src/rp2_common/hardware_irq/irq.c.obj
 .text.insert_branch_and_link
                0x10001b08       0x40 CMakeFiles/Optical-SW.dir/C_/VSARM/sdk/Pico/pico-sdk/src/rp2_common/hardware_irq/irq.c.obj
 .text.irq_is_enabled
                0x10001b48       0x18 CMakeFiles/Optical-SW.dir/C_/VSARM/sdk/Pico/pico-sdk/src/rp2_common/hardware_irq/irq.c.obj
                0x10001b48                irq_is_enabled
 .text.irq_set_mask_enabled
                0x10001b60       0x20 CMakeFiles/Optical-SW.dir/C_/VSARM/sdk/Pico/pico-sdk/src/rp2_common/hardware_irq/irq.c.obj
                0x10001b60                irq_set_mask_enabled
 .text.irq_set_enabled
                0x10001b80        0xe CMakeFiles/Optical-SW.dir/C_/VSARM/sdk/Pico/pico-sdk/src/rp2_common/hardware_irq/irq.c.obj
                0x10001b80                irq_set_enabled
 *fill*         0x10001b8e        0x2 
 .text.irq_get_vtable_handler
                0x10001b90       0x10 CMakeFiles/Optical-SW.dir/C_/VSARM/sdk/Pico/pico-sdk/src/rp2_common/hardware_irq/irq.c.obj
                0x10001b90                irq_get_vtable_handler
 .text.irq_set_exclusive_handler
                0x10001ba0       0x54 CMakeFiles/Optical-SW.dir/C_/VSARM/sdk/Pico/pico-sdk/src/rp2_common/hardware_irq/irq.c.obj
                0x10001ba0                irq_set_exclusive_handler
 .text.irq_remove_handler
                0x10001bf4      0x1ac CMakeFiles/Optical-SW.dir/C_/VSARM/sdk/Pico/pico-sdk/src/rp2_common/hardware_irq/irq.c.obj
                0x10001bf4                irq_remove_handler
 .text.irq_set_priority
                0x10001da0       0x28 CMakeFiles/Optical-SW.dir/C_/VSARM/sdk/Pico/pico-sdk/src/rp2_common/hardware_irq/irq.c.obj
                0x10001da0                irq_set_priority
 .text.irq_add_tail_to_free_list
                0x10001dc8       0xf0 CMakeFiles/Optical-SW.dir/C_/VSARM/sdk/Pico/pico-sdk/src/rp2_common/hardware_irq/irq.c.obj
                0x10001dc8                irq_add_tail_to_free_list
 .text.irq_init_priorities
                0x10001eb8       0x16 CMakeFiles/Optical-SW.dir/C_/VSARM/sdk/Pico/pico-sdk/src/rp2_common/hardware_irq/irq.c.obj
                0x10001eb8                irq_init_priorities
 *fill*         0x10001ece        0x2 
 .text.pll_init
                0x10001ed0      0x118 CMakeFiles/Optical-SW.dir/C_/VSARM/sdk/Pico/pico-sdk/src/rp2_common/hardware_pll/pll.c.obj
                0x10001ed0                pll_init
 .text.watchdog_start_tick
                0x10001fe8       0x10 CMakeFiles/Optical-SW.dir/C_/VSARM/sdk/Pico/pico-sdk/src/rp2_common/hardware_watchdog/watchdog.c.obj
                0x10001fe8                watchdog_start_tick
 .text.xosc_init
                0x10001ff8       0x28 CMakeFiles/Optical-SW.dir/C_/VSARM/sdk/Pico/pico-sdk/src/rp2_common/hardware_xosc/xosc.c.obj
                0x10001ff8                xosc_init
 .text._out_null
                0x10002020        0x2 CMakeFiles/Optical-SW.dir/C_/VSARM/sdk/Pico/pico-sdk/src/rp2_common/pico_printf/printf.c.obj
 .text._out_fct
                0x10002022        0xe CMakeFiles/Optical-SW.dir/C_/VSARM/sdk/Pico/pico-sdk/src/rp2_common/pico_printf/printf.c.obj
 .text._atoi    0x10002030       0x24 CMakeFiles/Optical-SW.dir/C_/VSARM/sdk/Pico/pico-sdk/src/rp2_common/pico_printf/printf.c.obj
 .text._out_rev
                0x10002054       0xae CMakeFiles/Optical-SW.dir/C_/VSARM/sdk/Pico/pico-sdk/src/rp2_common/pico_printf/printf.c.obj
 .text._ntoa_format
                0x10002102      0x112 CMakeFiles/Optical-SW.dir/C_/VSARM/sdk/Pico/pico-sdk/src/rp2_common/pico_printf/printf.c.obj
 .text._ntoa_long
                0x10002214       0xbc CMakeFiles/Optical-SW.dir/C_/VSARM/sdk/Pico/pico-sdk/src/rp2_common/pico_printf/printf.c.obj
 .text._ntoa_long_long
                0x100022d0       0xe2 CMakeFiles/Optical-SW.dir/C_/VSARM/sdk/Pico/pico-sdk/src/rp2_common/pico_printf/printf.c.obj
 *fill*         0x100023b2        0x2 
 .text._etoa    0x100023b4      0x414 CMakeFiles/Optical-SW.dir/C_/VSARM/sdk/Pico/pico-sdk/src/rp2_common/pico_printf/printf.c.obj
 .text._ftoa    0x100027c8      0x354 CMakeFiles/Optical-SW.dir/C_/VSARM/sdk/Pico/pico-sdk/src/rp2_common/pico_printf/printf.c.obj
 .text._vsnprintf
                0x10002b1c      0x624 CMakeFiles/Optical-SW.dir/C_/VSARM/sdk/Pico/pico-sdk/src/rp2_common/pico_printf/printf.c.obj
 .text.vfctprintf
                0x10003140       0x20 CMakeFiles/Optical-SW.dir/C_/VSARM/sdk/Pico/pico-sdk/src/rp2_common/pico_printf/printf.c.obj
                0x10003140                vfctprintf
 .text          0x10003160       0x10 CMakeFiles/Optical-SW.dir/C_/VSARM/sdk/Pico/pico-sdk/src/rp2_common/pico_bit_ops/bit_ops_aeabi.S.obj
 .text.rom_func_lookup
                0x10003170       0x10 CMakeFiles/Optical-SW.dir/C_/VSARM/sdk/Pico/pico-sdk/src/rp2_common/pico_bootrom/bootrom.c.obj
                0x10003170                rom_func_lookup
 .text.rom_data_lookup
                0x10003180       0x10 CMakeFiles/Optical-SW.dir/C_/VSARM/sdk/Pico/pico-sdk/src/rp2_common/pico_bootrom/bootrom.c.obj
                0x10003180                rom_data_lookup
 .text.rom_funcs_lookup
                0x10003190       0x36 CMakeFiles/Optical-SW.dir/C_/VSARM/sdk/Pico/pico-sdk/src/rp2_common/pico_bootrom/bootrom.c.obj
                0x10003190                rom_funcs_lookup
 *fill*         0x100031c6        0x2 
 .text.__wrap___aeabi_idiv
                0x100031c8       0x50 CMakeFiles/Optical-SW.dir/C_/VSARM/sdk/Pico/pico-sdk/src/rp2_common/pico_divider/divider.S.obj
                0x100031c8                __wrap___aeabi_idivmod
                0x100031c8                divmod_s32s32
                0x100031c8                div_s32s32
                0x100031c8                __wrap___aeabi_idiv
                0x100031d0                divmod_s32s32_unsafe
                0x100031fc                divmod_s32s32_savestate
 .text.__wrap___aeabi_uidiv
                0x10003218       0x4c CMakeFiles/Optical-SW.dir/C_/VSARM/sdk/Pico/pico-sdk/src/rp2_common/pico_divider/divider.S.obj
                0x10003218                __wrap___aeabi_uidiv
                0x10003218                __wrap___aeabi_uidivmod
                0x10003218                div_u32u32
                0x10003218                divmod_u32u32
                0x10003220                divmod_u32u32_unsafe
                0x10003248                divmod_u32u32_savestate
 .text.__wrap___aeabi_ldiv
                0x10003264      0x430 CMakeFiles/Optical-SW.dir/C_/VSARM/sdk/Pico/pico-sdk/src/rp2_common/pico_divider/divider.S.obj
                0x10003264                div_s64s64
                0x10003264                divmod_s64s64
                0x10003264                __wrap___aeabi_ldivmod
                0x1000329c                divmod_u64u64
                0x1000329c                div_u64u64
                0x1000329c                __wrap___aeabi_uldivmod
                0x100032ac                divmod_u64u64_savestate
                0x100032d4                divmod_s64s64_unsafe
                0x1000335c                divmod_u64u64_unsafe
 .text.__wrap___aeabi_darithmetic
                0x10003694       0x80 CMakeFiles/Optical-SW.dir/C_/VSARM/sdk/Pico/pico-sdk/src/rp2_common/pico_double/double_aeabi.S.obj
                0x10003694                __wrap___aeabi_drsub
                0x1000369a                __wrap___aeabi_dsub
                0x100036ac                __wrap___aeabi_dadd
                0x100036be                __wrap___aeabi_ddiv
                0x100036fa                __wrap___aeabi_dmul
 .text.__wrap___aeabi_cdcmple
                0x10003714       0x6c CMakeFiles/Optical-SW.dir/C_/VSARM/sdk/Pico/pico-sdk/src/rp2_common/pico_double/double_aeabi.S.obj
                0x10003714                __wrap___aeabi_cdrcmple
                0x10003724                __wrap___aeabi_cdcmpeq
                0x10003724                __wrap___aeabi_cdcmple
 .text.__wrap___aeabi_dcmplt
                0x10003780        0xc CMakeFiles/Optical-SW.dir/C_/VSARM/sdk/Pico/pico-sdk/src/rp2_common/pico_double/double_aeabi.S.obj
                0x10003780                __wrap___aeabi_dcmplt
 .text.__wrap___aeabi_dcmple
                0x1000378c       0x10 CMakeFiles/Optical-SW.dir/C_/VSARM/sdk/Pico/pico-sdk/src/rp2_common/pico_double/double_aeabi.S.obj
                0x1000378c                __wrap___aeabi_dcmple
 .text.__wrap___aeabi_dcmpge
                0x1000379c       0x10 CMakeFiles/Optical-SW.dir/C_/VSARM/sdk/Pico/pico-sdk/src/rp2_common/pico_double/double_aeabi.S.obj
                0x1000379c                __wrap___aeabi_dcmpge
 .text.__wrap___aeabi_dcmpgt
                0x100037ac        0xa CMakeFiles/Optical-SW.dir/C_/VSARM/sdk/Pico/pico-sdk/src/rp2_common/pico_double/double_aeabi.S.obj
                0x100037ac                __wrap___aeabi_dcmpgt
 .text.__wrap___aeabi_dcmpun
                0x100037b6       0x1c CMakeFiles/Optical-SW.dir/C_/VSARM/sdk/Pico/pico-sdk/src/rp2_common/pico_double/double_aeabi.S.obj
                0x100037b6                __wrap___aeabi_dcmpun
 *fill*         0x100037d2        0x2 
 .text.__wrap___aeabi_i2d
                0x100037d4       0x38 CMakeFiles/Optical-SW.dir/C_/VSARM/sdk/Pico/pico-sdk/src/rp2_common/pico_double/double_aeabi.S.obj
                0x100037d4                __wrap___aeabi_ui2d
                0x100037dc                __wrap___aeabi_i2d
 .text.__wrap___aeabi_d2iz
                0x1000380c       0x48 CMakeFiles/Optical-SW.dir/C_/VSARM/sdk/Pico/pico-sdk/src/rp2_common/pico_double/double_aeabi.S.obj
                0x1000380c                double2int_z
                0x1000380c                __wrap___aeabi_d2iz
 .text.__wrap___aeabi_d2uiz
                0x10003854       0x18 CMakeFiles/Optical-SW.dir/C_/VSARM/sdk/Pico/pico-sdk/src/rp2_common/pico_double/double_aeabi.S.obj
                0x10003854                __wrap___aeabi_d2uiz
                0x10003854                double2uint
 .text.__aeabi_double_init
                0x1000386c       0xb8 CMakeFiles/Optical-SW.dir/C_/VSARM/sdk/Pico/pico-sdk/src/rp2_common/pico_double/double_init_rom.c.obj
                0x1000386c                __aeabi_double_init
 .text.double_table_shim_on_use_helper
                0x10003924       0x34 CMakeFiles/Optical-SW.dir/C_/VSARM/sdk/Pico/pico-sdk/src/rp2_common/pico_double/double_v1_rom_shim.S.obj
                0x10003924                double_table_shim_on_use_helper
 .text.__wrap___aeabi_dsub
                0x10003958       0x10 CMakeFiles/Optical-SW.dir/C_/VSARM/sdk/Pico/pico-sdk/src/rp2_common/pico_double/double_v1_rom_shim.S.obj
                0x10003958                drsub_shim
                0x1000395e                dsub_shim
 .text.dadd_shim
                0x10003968      0x15c CMakeFiles/Optical-SW.dir/C_/VSARM/sdk/Pico/pico-sdk/src/rp2_common/pico_double/double_v1_rom_shim.S.obj
                0x10003968                dadd_shim
 .text.dmul_shim
                0x10003ac4      0x15c CMakeFiles/Optical-SW.dir/C_/VSARM/sdk/Pico/pico-sdk/src/rp2_common/pico_double/double_v1_rom_shim.S.obj
                0x10003ac4                dmul_shim
 .text.ddiv_shim
                0x10003c20      0x1b0 CMakeFiles/Optical-SW.dir/C_/VSARM/sdk/Pico/pico-sdk/src/rp2_common/pico_double/double_v1_rom_shim.S.obj
                0x10003c20                ddiv_shim
 .text.dcordic_rot_step
                0x10003dd0       0x7c CMakeFiles/Optical-SW.dir/C_/VSARM/sdk/Pico/pico-sdk/src/rp2_common/pico_double/double_v1_rom_shim.S.obj
                0x10003dd0                dcordic_rot_step
 .text.double2uint_shim
                0x10003e4c        0xe CMakeFiles/Optical-SW.dir/C_/VSARM/sdk/Pico/pico-sdk/src/rp2_common/pico_double/double_v1_rom_shim.S.obj
                0x10003e4c                double2uint_shim
                0x10003e4e                double2ufix_shim
 *fill*         0x10003e5a        0x2 
 .text.double2uint64_shim
                0x10003e5c       0x6c CMakeFiles/Optical-SW.dir/C_/VSARM/sdk/Pico/pico-sdk/src/rp2_common/pico_double/double_v1_rom_shim.S.obj
                0x10003e5c                double2uint64_shim
                0x10003e5e                double2ufix64_shim
                0x10003e78                d2fix_a
 .text.dunpacks
                0x10003ec8       0x3c CMakeFiles/Optical-SW.dir/C_/VSARM/sdk/Pico/pico-sdk/src/rp2_common/pico_double/double_v1_rom_shim.S.obj
                0x10003ec8                dunpacks
 .text.__aeabi_lmul
                0x10003f04       0x32 CMakeFiles/Optical-SW.dir/C_/VSARM/sdk/Pico/pico-sdk/src/rp2_common/pico_int64_ops/pico_int64_ops_aeabi.S.obj
                0x10003f04                __wrap___aeabi_lmul
 *fill*         0x10003f36        0x2 
 .text.__aeabi_float_init
                0x10003f38       0xfc CMakeFiles/Optical-SW.dir/C_/VSARM/sdk/Pico/pico-sdk/src/rp2_common/pico_float/float_init_rom.c.obj
                0x10003f38                __aeabi_float_init
 .text.float_table_shim_on_use_helper
                0x10004034       0x34 CMakeFiles/Optical-SW.dir/C_/VSARM/sdk/Pico/pico-sdk/src/rp2_common/pico_float/float_v1_rom_shim.S.obj
                0x10004034                float_table_shim_on_use_helper
 .text          0x10004068       0x10 CMakeFiles/Optical-SW.dir/C_/VSARM/sdk/Pico/pico-sdk/src/rp2_common/pico_mem_ops/mem_ops_aeabi.S.obj
                0x10004068                __aeabi_mem_init
 .text.memset   0x10004078        0xc CMakeFiles/Optical-SW.dir/C_/VSARM/sdk/Pico/pico-sdk/src/rp2_common/pico_mem_ops/mem_ops_aeabi.S.obj
                0x10004078                __wrap_memset
 .text.memcpy   0x10004084        0xc CMakeFiles/Optical-SW.dir/C_/VSARM/sdk/Pico/pico-sdk/src/rp2_common/pico_mem_ops/mem_ops_aeabi.S.obj
                0x10004084                __wrap_memcpy
                0x10004084                __wrap___aeabi_memcpy
 .text.stdio_out_chars_crlf
                0x10004090       0x80 CMakeFiles/Optical-SW.dir/C_/VSARM/sdk/Pico/pico-sdk/src/rp2_common/pico_stdio/stdio.c.obj
 .text.stdio_stack_buffer_flush
                0x10004110       0x44 CMakeFiles/Optical-SW.dir/C_/VSARM/sdk/Pico/pico-sdk/src/rp2_common/pico_stdio/stdio.c.obj
 .text.stdio_buffered_printer
                0x10004154       0x20 CMakeFiles/Optical-SW.dir/C_/VSARM/sdk/Pico/pico-sdk/src/rp2_common/pico_stdio/stdio.c.obj
 .text.stdout_serialize_begin
                0x10004174       0x30 CMakeFiles/Optical-SW.dir/C_/VSARM/sdk/Pico/pico-sdk/src/rp2_common/pico_stdio/stdio.c.obj
                0x10004174                stdout_serialize_begin
 .text.stdout_serialize_end
                0x100041a4       0x10 CMakeFiles/Optical-SW.dir/C_/VSARM/sdk/Pico/pico-sdk/src/rp2_common/pico_stdio/stdio.c.obj
                0x100041a4                stdout_serialize_end
 .text.stdio_put_string
                0x100041b4       0x84 CMakeFiles/Optical-SW.dir/C_/VSARM/sdk/Pico/pico-sdk/src/rp2_common/pico_stdio/stdio.c.obj
 .text.stdio_set_driver_enabled
                0x10004238       0x38 CMakeFiles/Optical-SW.dir/C_/VSARM/sdk/Pico/pico-sdk/src/rp2_common/pico_stdio/stdio.c.obj
                0x10004238                stdio_set_driver_enabled
 .text.stdio_flush
                0x10004270       0x20 CMakeFiles/Optical-SW.dir/C_/VSARM/sdk/Pico/pico-sdk/src/rp2_common/pico_stdio/stdio.c.obj
                0x10004270                stdio_flush
 .text.__wrap_puts
                0x10004290       0x1c CMakeFiles/Optical-SW.dir/C_/VSARM/sdk/Pico/pico-sdk/src/rp2_common/pico_stdio/stdio.c.obj
                0x10004290                __wrap_puts
 .text.__wrap_vprintf
                0x100042ac       0x44 CMakeFiles/Optical-SW.dir/C_/VSARM/sdk/Pico/pico-sdk/src/rp2_common/pico_stdio/stdio.c.obj
                0x100042ac                __wrap_vprintf
 .text.__wrap_printf
                0x100042f0       0x18 CMakeFiles/Optical-SW.dir/C_/VSARM/sdk/Pico/pico-sdk/src/rp2_common/pico_stdio/stdio.c.obj
                0x100042f0                __wrap_printf
 .text.stdio_init_all
                0x10004308        0x8 CMakeFiles/Optical-SW.dir/C_/VSARM/sdk/Pico/pico-sdk/src/rp2_common/pico_stdio/stdio.c.obj
                0x10004308                stdio_init_all
 .text.stdio_uart_out_chars
                0x10004310       0x74 CMakeFiles/Optical-SW.dir/C_/VSARM/sdk/Pico/pico-sdk/src/rp2_common/pico_stdio_uart/stdio_uart.c.obj
 .text.stdio_uart_in_chars
                0x10004384       0x58 CMakeFiles/Optical-SW.dir/C_/VSARM/sdk/Pico/pico-sdk/src/rp2_common/pico_stdio_uart/stdio_uart.c.obj
                0x10004384                stdio_uart_in_chars
 .text.stdio_uart_init_full
                0x100043dc       0x3c CMakeFiles/Optical-SW.dir/C_/VSARM/sdk/Pico/pico-sdk/src/rp2_common/pico_stdio_uart/stdio_uart.c.obj
                0x100043dc                stdio_uart_init_full
 .text.stdio_uart_init
                0x10004418       0x28 CMakeFiles/Optical-SW.dir/C_/VSARM/sdk/Pico/pico-sdk/src/rp2_common/pico_stdio_uart/stdio_uart.c.obj
                0x10004418                stdio_uart_init
 .text.strlen   0x10004440       0x5c c:/progra~2/gnuarm~1/102021~1.07/bin/../lib/gcc/arm-none-eabi/10.3.1/../../../../arm-none-eabi/lib/thumb/v6-m/nofp\libg.a(lib_a-strlen-stub.o)
                0x10004440                strlen
 *(.fini)
 .fini          0x1000449c        0x4 c:/progra~2/gnuarm~1/102021~1.07/bin/../lib/gcc/arm-none-eabi/10.3.1/thumb/v6-m/nofp/crti.o
                0x1000449c                _fini
 .fini.__stub   0x100044a0       0x50 linker stubs
 *crtbegin.o(.ctors)
 *crtbegin?.o(.ctors)
 *(EXCLUDE_FILE(*crtend.o *crtend?.o) .ctors)
 *(SORT_BY_NAME(.ctors.*))
 *(.ctors)
 *crtbegin.o(.dtors)
 *crtbegin?.o(.dtors)
 *(EXCLUDE_FILE(*crtend.o *crtend?.o) .dtors)
 *(SORT_BY_NAME(.dtors.*))
 *(.dtors)
 *(.eh_frame*)
 .eh_frame      0x100044f0        0x0 c:/progra~2/gnuarm~1/102021~1.07/bin/../lib/gcc/arm-none-eabi/10.3.1/thumb/v6-m/nofp/crtbegin.o
                0x100044f0                . = ALIGN (0x4)

.glue_7         0x100044f0        0x0
 .glue_7        0x100044f0        0x0 linker stubs

.glue_7t        0x100044f0        0x0
 .glue_7t       0x100044f0        0x0 linker stubs

.vfp11_veneer   0x100044f0        0x0
 .vfp11_veneer  0x100044f0        0x0 linker stubs

.v4_bx          0x100044f0        0x0
 .v4_bx         0x100044f0        0x0 linker stubs

.iplt           0x100044f0        0x0
 .iplt          0x100044f0        0x0 c:/progra~2/gnuarm~1/102021~1.07/bin/../lib/gcc/arm-none-eabi/10.3.1/thumb/v6-m/nofp/crtbegin.o

.rodata         0x100044f0      0xe34
 *(EXCLUDE_FILE(*libm.a: *libc.a:*lib_a-mem*.o *libgcc.a:) .rodata*)
 .rodata.swnum  0x100044f0       0x14 CMakeFiles/Optical-SW.dir/optical-sw.c.obj
 .rodata.main.str1.4
                0x10004504       0x17 CMakeFiles/Optical-SW.dir/optical-sw.c.obj
 *fill*         0x1000451b        0x1 
 .rodata.repeating_timer_callback.str1.4
                0x1000451c       0x4b CMakeFiles/Optical-SW.dir/C_/VSARM/sdk/Pico/pico-sdk/src/common/pico_time/time.c.obj
 *fill*         0x10004567        0x1 
 .rodata.alarm_pool_dump_key.str1.4
                0x10004568       0x33 CMakeFiles/Optical-SW.dir/C_/VSARM/sdk/Pico/pico-sdk/src/common/pico_time/time.c.obj
 *fill*         0x1000459b        0x1 
 .rodata.ph_add_child_node.str1.4
                0x1000459c       0x96 CMakeFiles/Optical-SW.dir/C_/VSARM/sdk/Pico/pico-sdk/src/common/pico_time/time.c.obj
 *fill*         0x10004632        0x2 
 .rodata.add_alarm_under_lock.str1.4
                0x10004634       0x28 CMakeFiles/Optical-SW.dir/C_/VSARM/sdk/Pico/pico-sdk/src/common/pico_time/time.c.obj
                                 0x2b (size before relaxing)
 .rodata.alarm_pool_alarm_callback.str1.4
                0x1000465c       0xe6 CMakeFiles/Optical-SW.dir/C_/VSARM/sdk/Pico/pico-sdk/src/common/pico_time/time.c.obj
 *fill*         0x10004742        0x2 
 .rodata.alarm_pool_get_default.str1.4
                0x10004744       0x21 CMakeFiles/Optical-SW.dir/C_/VSARM/sdk/Pico/pico-sdk/src/common/pico_time/time.c.obj
 *fill*         0x10004765        0x3 
 .rodata.sleep_until.str1.4
                0x10004768       0x4d CMakeFiles/Optical-SW.dir/C_/VSARM/sdk/Pico/pico-sdk/src/common/pico_time/time.c.obj
 *fill*         0x100047b5        0x3 
 .rodata.__func__.10
                0x100047b8       0x15 CMakeFiles/Optical-SW.dir/C_/VSARM/sdk/Pico/pico-sdk/src/common/pico_time/time.c.obj
 *fill*         0x100047cd        0x3 
 .rodata.__func__.11
                0x100047d0       0x1a CMakeFiles/Optical-SW.dir/C_/VSARM/sdk/Pico/pico-sdk/src/common/pico_time/time.c.obj
 *fill*         0x100047ea        0x2 
 .rodata.__func__.12
                0x100047ec        0xa CMakeFiles/Optical-SW.dir/C_/VSARM/sdk/Pico/pico-sdk/src/common/pico_time/time.c.obj
 *fill*         0x100047f6        0x2 
 .rodata.__func__.3
                0x100047f8       0x17 CMakeFiles/Optical-SW.dir/C_/VSARM/sdk/Pico/pico-sdk/src/common/pico_time/time.c.obj
 *fill*         0x1000480f        0x1 
 .rodata.__func__.4
                0x10004810       0x12 CMakeFiles/Optical-SW.dir/C_/VSARM/sdk/Pico/pico-sdk/src/common/pico_time/time.c.obj
 *fill*         0x10004822        0x2 
 .rodata.__func__.5
                0x10004824        0xd CMakeFiles/Optical-SW.dir/C_/VSARM/sdk/Pico/pico-sdk/src/common/pico_time/time.c.obj
 *fill*         0x10004831        0x3 
 .rodata.__func__.6
                0x10004834       0x12 CMakeFiles/Optical-SW.dir/C_/VSARM/sdk/Pico/pico-sdk/src/common/pico_time/time.c.obj
 *fill*         0x10004846        0x2 
 .rodata.__func__.7
                0x10004848        0xf CMakeFiles/Optical-SW.dir/C_/VSARM/sdk/Pico/pico-sdk/src/common/pico_time/time.c.obj
 *fill*         0x10004857        0x1 
 .rodata.__func__.8
                0x10004858        0xc CMakeFiles/Optical-SW.dir/C_/VSARM/sdk/Pico/pico-sdk/src/common/pico_time/time.c.obj
 .rodata.__func__.9
                0x10004864       0x15 CMakeFiles/Optical-SW.dir/C_/VSARM/sdk/Pico/pico-sdk/src/common/pico_time/time.c.obj
 *fill*         0x10004879        0x3 
 .rodata.hardware_alarm_claim.str1.4
                0x1000487c       0x22 CMakeFiles/Optical-SW.dir/C_/VSARM/sdk/Pico/pico-sdk/src/rp2_common/hardware_timer/timer.c.obj
 *fill*         0x1000489e        0x2 
 .rodata.hardware_alarm_set_target.str1.4
                0x100048a0       0x65 CMakeFiles/Optical-SW.dir/C_/VSARM/sdk/Pico/pico-sdk/src/rp2_common/hardware_timer/timer.c.obj
 *fill*         0x10004905        0x3 
 .rodata.__func__.0
                0x10004908       0x1a CMakeFiles/Optical-SW.dir/C_/VSARM/sdk/Pico/pico-sdk/src/rp2_common/hardware_timer/timer.c.obj
 *fill*         0x10004922        0x2 
 .rodata.str1.4
                0x10004924       0xb1 CMakeFiles/Optical-SW.dir/C_/VSARM/sdk/Pico/pico-sdk/src/common/pico_sync/mutex.c.obj
                                0x115 (size before relaxing)
 *fill*         0x100049d5        0x3 
 .rodata.__func__.0
                0x100049d8        0xb CMakeFiles/Optical-SW.dir/C_/VSARM/sdk/Pico/pico-sdk/src/common/pico_sync/mutex.c.obj
 *fill*         0x100049e3        0x1 
 .rodata.__func__.3
                0x100049e4       0x15 CMakeFiles/Optical-SW.dir/C_/VSARM/sdk/Pico/pico-sdk/src/common/pico_sync/mutex.c.obj
 .rodata.ph_add_child_node.str1.4
                0x100049f9       0x96 CMakeFiles/Optical-SW.dir/C_/VSARM/sdk/Pico/pico-sdk/src/common/pico_util/pheap.c.obj
 *fill*         0x100049f9        0x3 
 .rodata.ph_remove_any_head.str1.4
                0x100049fc       0x8c CMakeFiles/Optical-SW.dir/C_/VSARM/sdk/Pico/pico-sdk/src/common/pico_util/pheap.c.obj
 .rodata.ph_remove_and_free_node.str1.4
                0x10004a88       0x26 CMakeFiles/Optical-SW.dir/C_/VSARM/sdk/Pico/pico-sdk/src/common/pico_util/pheap.c.obj
 *fill*         0x10004aae        0x2 
 .rodata.__func__.0
                0x10004ab0       0x18 CMakeFiles/Optical-SW.dir/C_/VSARM/sdk/Pico/pico-sdk/src/common/pico_util/pheap.c.obj
 .rodata.__func__.1
                0x10004ac8       0x13 CMakeFiles/Optical-SW.dir/C_/VSARM/sdk/Pico/pico-sdk/src/common/pico_util/pheap.c.obj
 *fill*         0x10004adb        0x1 
 .rodata.__func__.2
                0x10004adc       0x12 CMakeFiles/Optical-SW.dir/C_/VSARM/sdk/Pico/pico-sdk/src/common/pico_util/pheap.c.obj
 *fill*         0x10004aee        0x2 
 .rodata.__func__.3
                0x10004af0        0xc CMakeFiles/Optical-SW.dir/C_/VSARM/sdk/Pico/pico-sdk/src/common/pico_util/pheap.c.obj
 .rodata.__assert_func.str1.4
                0x10004afc       0x3f CMakeFiles/Optical-SW.dir/C_/VSARM/sdk/Pico/pico-sdk/src/rp2_common/pico_runtime/runtime.c.obj
                                 0x43 (size before relaxing)
 *fill*         0x10004b3b        0x1 
 .rodata.panic.str1.4
                0x10004b3c       0x12 CMakeFiles/Optical-SW.dir/C_/VSARM/sdk/Pico/pico-sdk/src/rp2_common/pico_runtime/runtime.c.obj
 *fill*         0x10004b4e        0x2 
 .rodata.clock_configure.str1.4
                0x10004b50       0x57 CMakeFiles/Optical-SW.dir/C_/VSARM/sdk/Pico/pico-sdk/src/rp2_common/hardware_clocks/clocks.c.obj
 *fill*         0x10004ba7        0x1 
 .rodata.__func__.1
                0x10004ba8       0x10 CMakeFiles/Optical-SW.dir/C_/VSARM/sdk/Pico/pico-sdk/src/rp2_common/hardware_clocks/clocks.c.obj
 .rodata.make_branch.str1.4
                0x10004bb8       0x4d CMakeFiles/Optical-SW.dir/C_/VSARM/sdk/Pico/pico-sdk/src/rp2_common/hardware_irq/irq.c.obj
 *fill*         0x10004c05        0x3 
 .rodata.irq_set_exclusive_handler.str1.4
                0x10004c08       0x36 CMakeFiles/Optical-SW.dir/C_/VSARM/sdk/Pico/pico-sdk/src/rp2_common/hardware_irq/irq.c.obj
 *fill*         0x10004c3e        0x2 
 .rodata.irq_add_shared_handler.str1.4
                0x10004c40       0xd9 CMakeFiles/Optical-SW.dir/C_/VSARM/sdk/Pico/pico-sdk/src/rp2_common/hardware_irq/irq.c.obj
 *fill*         0x10004d19        0x3 
 .rodata.irq_remove_handler.str1.4
                0x10004d1c       0x2a CMakeFiles/Optical-SW.dir/C_/VSARM/sdk/Pico/pico-sdk/src/rp2_common/hardware_irq/irq.c.obj
 *fill*         0x10004d46        0x2 
 .rodata.irq_add_tail_to_free_list.str1.4
                0x10004d48       0x32 CMakeFiles/Optical-SW.dir/C_/VSARM/sdk/Pico/pico-sdk/src/rp2_common/hardware_irq/irq.c.obj
                                 0x3a (size before relaxing)
 *fill*         0x10004d7a        0x2 
 .rodata.__func__.0
                0x10004d7c       0x1a CMakeFiles/Optical-SW.dir/C_/VSARM/sdk/Pico/pico-sdk/src/rp2_common/hardware_irq/irq.c.obj
 *fill*         0x10004d96        0x2 
 .rodata.__func__.1
                0x10004d98       0x17 CMakeFiles/Optical-SW.dir/C_/VSARM/sdk/Pico/pico-sdk/src/rp2_common/hardware_irq/irq.c.obj
 *fill*         0x10004daf        0x1 
 .rodata.__func__.2
                0x10004db0       0x13 CMakeFiles/Optical-SW.dir/C_/VSARM/sdk/Pico/pico-sdk/src/rp2_common/hardware_irq/irq.c.obj
 *fill*         0x10004dc3        0x1 
 .rodata.__func__.3
                0x10004dc4        0xc CMakeFiles/Optical-SW.dir/C_/VSARM/sdk/Pico/pico-sdk/src/rp2_common/hardware_irq/irq.c.obj
 .rodata.__func__.4
                0x10004dd0        0xf CMakeFiles/Optical-SW.dir/C_/VSARM/sdk/Pico/pico-sdk/src/rp2_common/hardware_irq/irq.c.obj
 *fill*         0x10004ddf        0x1 
 .rodata.__func__.6
                0x10004de0       0x1a CMakeFiles/Optical-SW.dir/C_/VSARM/sdk/Pico/pico-sdk/src/rp2_common/hardware_irq/irq.c.obj
 *fill*         0x10004dfa        0x2 
 .rodata.pll_init.str1.4
                0x10004dfc       0xdb CMakeFiles/Optical-SW.dir/C_/VSARM/sdk/Pico/pico-sdk/src/rp2_common/hardware_pll/pll.c.obj
 *fill*         0x10004ed7        0x1 
 .rodata.__func__.0
                0x10004ed8        0x9 CMakeFiles/Optical-SW.dir/C_/VSARM/sdk/Pico/pico-sdk/src/rp2_common/hardware_pll/pll.c.obj
 *fill*         0x10004ee1        0x3 
 .rodata._ftoa.str1.4
                0x10004ee4       0x15 CMakeFiles/Optical-SW.dir/C_/VSARM/sdk/Pico/pico-sdk/src/rp2_common/pico_printf/printf.c.obj
 *fill*         0x10004ef9        0x3 
 .rodata._vsnprintf
                0x10004efc      0x1e0 CMakeFiles/Optical-SW.dir/C_/VSARM/sdk/Pico/pico-sdk/src/rp2_common/pico_printf/printf.c.obj
 *fill*         0x100050dc        0x4 
 .rodata.pow10.0
                0x100050e0       0x50 CMakeFiles/Optical-SW.dir/C_/VSARM/sdk/Pico/pico-sdk/src/rp2_common/pico_printf/printf.c.obj
 .rodata.__aeabi_double_init.str1.4
                0x10005130       0xa8 CMakeFiles/Optical-SW.dir/C_/VSARM/sdk/Pico/pico-sdk/src/rp2_common/pico_double/double_init_rom.c.obj
 .rodata.__func__.0
                0x100051d8       0x14 CMakeFiles/Optical-SW.dir/C_/VSARM/sdk/Pico/pico-sdk/src/rp2_common/pico_double/double_init_rom.c.obj
 .rodata.__aeabi_float_init.str1.4
                0x100051ec       0x7a CMakeFiles/Optical-SW.dir/C_/VSARM/sdk/Pico/pico-sdk/src/rp2_common/pico_float/float_init_rom.c.obj
                                 0x7e (size before relaxing)
 *fill*         0x10005266        0x2 
 .rodata.__func__.0
                0x10005268       0x13 CMakeFiles/Optical-SW.dir/C_/VSARM/sdk/Pico/pico-sdk/src/rp2_common/pico_float/float_init_rom.c.obj
 *fill*         0x1000527b        0x1 
 .rodata.str1.4
                0x1000527c       0x40 CMakeFiles/Optical-SW.dir/C_/VSARM/sdk/Pico/pico-sdk/src/rp2_common/pico_standard_link/binary_info.c.obj
 .rodata.__bi_44
                0x100052bc        0xc CMakeFiles/Optical-SW.dir/C_/VSARM/sdk/Pico/pico-sdk/src/rp2_common/pico_standard_link/binary_info.c.obj
 .rodata.__bi_75
                0x100052c8        0xc CMakeFiles/Optical-SW.dir/C_/VSARM/sdk/Pico/pico-sdk/src/rp2_common/pico_standard_link/binary_info.c.obj
 .rodata.__bi_81
                0x100052d4        0xc CMakeFiles/Optical-SW.dir/C_/VSARM/sdk/Pico/pico-sdk/src/rp2_common/pico_standard_link/binary_info.c.obj
 .rodata.crlf_str.3
                0x100052e0        0x2 CMakeFiles/Optical-SW.dir/C_/VSARM/sdk/Pico/pico-sdk/src/rp2_common/pico_stdio/stdio.c.obj
 *fill*         0x100052e2        0x2 
 .rodata.str1.4
                0x100052e4       0x2c CMakeFiles/Optical-SW.dir/C_/VSARM/sdk/Pico/pico-sdk/src/rp2_common/pico_stdio_uart/stdio_uart.c.obj
 .rodata.__bi_28.4
                0x10005310        0xc CMakeFiles/Optical-SW.dir/C_/VSARM/sdk/Pico/pico-sdk/src/rp2_common/pico_stdio_uart/stdio_uart.c.obj
 .rodata.__bi_29.5
                0x1000531c        0x8 CMakeFiles/Optical-SW.dir/C_/VSARM/sdk/Pico/pico-sdk/src/rp2_common/pico_stdio_uart/stdio_uart.c.obj
                0x10005324                . = ALIGN (0x4)
 *(SORT_BY_ALIGNMENT(SORT_BY_NAME(.flashdata*)))
                0x10005324                . = ALIGN (0x4)

.rel.dyn        0x10005324        0x0
 .rel.iplt      0x10005324        0x0 c:/progra~2/gnuarm~1/102021~1.07/bin/../lib/gcc/arm-none-eabi/10.3.1/thumb/v6-m/nofp/crtbegin.o

.ARM.extab
 *(.ARM.extab* .gnu.linkonce.armextab.*)
                0x10005324                __exidx_start = .

.ARM.exidx
 *(.ARM.exidx* .gnu.linkonce.armexidx.*)
                0x10005324                __exidx_end = .
                0x10005324                . = ALIGN (0x4)
                0x10005324                __binary_info_start = .

.binary_info    0x10005324       0x24
 *(.binary_info.keep.*)
 .binary_info.keep.__bi_ptr22
                0x10005324        0x4 CMakeFiles/Optical-SW.dir/C_/VSARM/sdk/Pico/pico-sdk/src/rp2_common/pico_standard_link/binary_info.c.obj
 .binary_info.keep.__bi_ptr30
                0x10005328        0x4 CMakeFiles/Optical-SW.dir/C_/VSARM/sdk/Pico/pico-sdk/src/rp2_common/pico_standard_link/binary_info.c.obj
 .binary_info.keep.__bi_ptr38
                0x1000532c        0x4 CMakeFiles/Optical-SW.dir/C_/VSARM/sdk/Pico/pico-sdk/src/rp2_common/pico_standard_link/binary_info.c.obj
 .binary_info.keep.__bi_ptr44
                0x10005330        0x4 CMakeFiles/Optical-SW.dir/C_/VSARM/sdk/Pico/pico-sdk/src/rp2_common/pico_standard_link/binary_info.c.obj
 .binary_info.keep.__bi_ptr50
                0x10005334        0x4 CMakeFiles/Optical-SW.dir/C_/VSARM/sdk/Pico/pico-sdk/src/rp2_common/pico_standard_link/binary_info.c.obj
 .binary_info.keep.__bi_ptr75
                0x10005338        0x4 CMakeFiles/Optical-SW.dir/C_/VSARM/sdk/Pico/pico-sdk/src/rp2_common/pico_standard_link/binary_info.c.obj
 .binary_info.keep.__bi_ptr81
                0x1000533c        0x4 CMakeFiles/Optical-SW.dir/C_/VSARM/sdk/Pico/pico-sdk/src/rp2_common/pico_standard_link/binary_info.c.obj
 *(.binary_info.*)
 .binary_info.__bi_ptr28
                0x10005340        0x4 CMakeFiles/Optical-SW.dir/C_/VSARM/sdk/Pico/pico-sdk/src/rp2_common/pico_stdio_uart/stdio_uart.c.obj
 .binary_info.__bi_ptr29
                0x10005344        0x4 CMakeFiles/Optical-SW.dir/C_/VSARM/sdk/Pico/pico-sdk/src/rp2_common/pico_stdio_uart/stdio_uart.c.obj
                0x10005348                __binary_info_end = .
                0x10005348                . = ALIGN (0x4)
                0x10005348                __etext = .

.ram_vector_table
                0x20000000       0xc0
 *(.ram_vector_table)
 .ram_vector_table
                0x20000000       0xc0 CMakeFiles/Optical-SW.dir/C_/VSARM/sdk/Pico/pico-sdk/src/rp2_common/pico_runtime/runtime.c.obj
                0x20000000                ram_vector_table

.data           0x200000c0      0x260 load address 0x10005348
                0x200000c0                __data_start__ = .
 *(vtable)
 *(.time_critical*)
 .time_critical.mutex_enter_blocking
                0x200000c0       0x94 CMakeFiles/Optical-SW.dir/C_/VSARM/sdk/Pico/pico-sdk/src/common/pico_sync/mutex.c.obj
                0x200000c0                mutex_enter_blocking
 .time_critical.mutex_try_enter
                0x20000154       0x5a CMakeFiles/Optical-SW.dir/C_/VSARM/sdk/Pico/pico-sdk/src/common/pico_sync/mutex.c.obj
                0x20000154                mutex_try_enter
 *fill*         0x200001ae        0x2 
 .time_critical.mutex_exit
                0x200001b0       0x94 CMakeFiles/Optical-SW.dir/C_/VSARM/sdk/Pico/pico-sdk/src/common/pico_sync/mutex.c.obj
                0x200001b0                mutex_exit
 *(.text*)
 .text          0x20000244        0x4 c:/progra~2/gnuarm~1/102021~1.07/bin/../lib/gcc/arm-none-eabi/10.3.1/thumb/v6-m/nofp\libgcc.a(_dvmd_tls.o)
                0x20000244                __aeabi_idiv0
                0x20000244                __aeabi_ldiv0
 .text.__stub   0x20000248       0x10 linker stubs
                0x20000258                . = ALIGN (0x4)
 *(.rodata*)
                0x20000258                . = ALIGN (0x4)
 *(.data*)
 .data.striped_spin_lock_num
                0x20000258        0x1 CMakeFiles/Optical-SW.dir/C_/VSARM/sdk/Pico/pico-sdk/src/rp2_common/hardware_sync/sync.c.obj
 *fill*         0x20000259        0x3 
 .data.default_alarm_pool
                0x2000025c       0x18 CMakeFiles/Optical-SW.dir/C_/VSARM/sdk/Pico/pico-sdk/src/common/pico_time/time.c.obj
 .data.default_alarm_pool_heap
                0x20000274       0x10 CMakeFiles/Optical-SW.dir/C_/VSARM/sdk/Pico/pico-sdk/src/common/pico_time/time.c.obj
 .data          0x20000284       0x48 CMakeFiles/Optical-SW.dir/C_/VSARM/sdk/Pico/pico-sdk/src/rp2_common/hardware_irq/irq_handler_chain.S.obj
                0x20000284                irq_handler_chain_slots
                0x200002b4                irq_handler_chain_first_slot
                0x200002be                irq_handler_chain_remove_tail
 *fill*         0x200002cc        0x4 
 .data.aeabi_bits_funcs
                0x200002d0       0x10 CMakeFiles/Optical-SW.dir/C_/VSARM/sdk/Pico/pico-sdk/src/rp2_common/pico_bit_ops/bit_ops_aeabi.S.obj
                0x200002d0                aeabi_bits_funcs
                0x200002e0                aeabi_bits_funcs_end
 .data.aeabi_mem_funcs
                0x200002e0       0x10 CMakeFiles/Optical-SW.dir/C_/VSARM/sdk/Pico/pico-sdk/src/rp2_common/pico_mem_ops/mem_ops_aeabi.S.obj
                0x200002e0                aeabi_mem_funcs
                0x200002f0                aeabi_mem_funcs_end
 .data.stdio_uart
                0x200002f0       0x14 CMakeFiles/Optical-SW.dir/C_/VSARM/sdk/Pico/pico-sdk/src/rp2_common/pico_stdio_uart/stdio_uart.c.obj
                0x200002f0                stdio_uart
                0x20000304                . = ALIGN (0x4)
 *(.after_data.*)
                0x20000304                . = ALIGN (0x4)
                0x20000304                PROVIDE (__mutex_array_start = .)
 *(SORT_BY_NAME(.mutex_array.*))
 *(.mutex_array)
 .mutex_array   0x20000304        0x8 CMakeFiles/Optical-SW.dir/C_/VSARM/sdk/Pico/pico-sdk/src/rp2_common/pico_stdio/stdio.c.obj
                0x2000030c                PROVIDE (__mutex_array_end = .)
                0x2000030c                . = ALIGN (0x4)
                0x2000030c                PROVIDE (__preinit_array_start = .)
 *(SORT_BY_NAME(.preinit_array.*))
 .preinit_array.00001
                0x2000030c        0x4 CMakeFiles/Optical-SW.dir/C_/VSARM/sdk/Pico/pico-sdk/src/rp2_common/pico_mem_ops/mem_ops_aeabi.S.obj
 .preinit_array.00010
                0x20000310        0x4 CMakeFiles/Optical-SW.dir/C_/VSARM/sdk/Pico/pico-sdk/src/rp2_common/pico_bit_ops/bit_ops_aeabi.S.obj
 .preinit_array.00020
                0x20000314        0x4 CMakeFiles/Optical-SW.dir/C_/VSARM/sdk/Pico/pico-sdk/src/rp2_common/pico_double/double_aeabi.S.obj
 .preinit_array.00020
                0x20000318        0x4 CMakeFiles/Optical-SW.dir/C_/VSARM/sdk/Pico/pico-sdk/src/rp2_common/pico_float/float_aeabi.S.obj
 *(.preinit_array)
                0x2000031c                PROVIDE (__preinit_array_end = .)
                0x2000031c                . = ALIGN (0x4)
                0x2000031c                PROVIDE (__init_array_start = .)
 *(SORT_BY_NAME(.init_array.*))
 *(.init_array)
 .init_array    0x2000031c        0x4 c:/progra~2/gnuarm~1/102021~1.07/bin/../lib/gcc/arm-none-eabi/10.3.1/thumb/v6-m/nofp/crtbegin.o
                0x20000320                PROVIDE (__init_array_end = .)
                0x20000320                . = ALIGN (0x4)
                [!provide]                PROVIDE (__fini_array_start = .)
 *(SORT_BY_NAME(.fini_array.*))
 *(.fini_array)
                [!provide]                PROVIDE (__fini_array_end = .)
 *(.jcr)
                0x20000320                . = ALIGN (0x4)
                0x20000320                __data_end__ = .

.igot.plt       0x20000320        0x0 load address 0x100055a8
 .igot.plt      0x20000320        0x0 c:/progra~2/gnuarm~1/102021~1.07/bin/../lib/gcc/arm-none-eabi/10.3.1/thumb/v6-m/nofp/crtbegin.o

.uninitialized_data
                0x20000320        0x0 load address 0x100055a8
                0x20000320                . = ALIGN (0x4)
 *(.uninitialized_data*)

.scratch_x      0x20040000        0x0 load address 0x100055a8
                0x20040000                __scratch_x_start__ = .
 *(.scratch_x.*)
                0x20040000                . = ALIGN (0x4)
                0x20040000                __scratch_x_end__ = .
                0x100055a8                __scratch_x_source__ = LOADADDR (.scratch_x)

.scratch_y      0x20041000        0x0 load address 0x100055a8
                0x20041000                __scratch_y_start__ = .
 *(.scratch_y.*)
                0x20041000                . = ALIGN (0x4)
                0x20041000                __scratch_y_end__ = .
                0x100055a8                __scratch_y_source__ = LOADADDR (.scratch_y)

.bss            0x20000320      0x3d0
                0x20000320                . = ALIGN (0x4)
                0x20000320                __bss_start__ = .
 *(SORT_BY_ALIGNMENT(SORT_BY_NAME(.bss*)))
 .bss.default_alarm_pool_entries
                0x20000320      0x100 CMakeFiles/Optical-SW.dir/C_/VSARM/sdk/Pico/pico-sdk/src/common/pico_time/time.c.obj
 .bss           0x20000420       0x1c c:/progra~2/gnuarm~1/102021~1.07/bin/../lib/gcc/arm-none-eabi/10.3.1/thumb/v6-m/nofp/crtbegin.o
 .bss.alarm_callbacks
                0x2000043c       0x10 CMakeFiles/Optical-SW.dir/C_/VSARM/sdk/Pico/pico-sdk/src/rp2_common/hardware_timer/timer.c.obj
 .bss.configured_freq
                0x2000044c       0x28 CMakeFiles/Optical-SW.dir/C_/VSARM/sdk/Pico/pico-sdk/src/rp2_common/hardware_clocks/clocks.c.obj
 .bss.default_alarm_pool_entry_ids_high
                0x20000474       0x10 CMakeFiles/Optical-SW.dir/C_/VSARM/sdk/Pico/pico-sdk/src/common/pico_time/time.c.obj
 .bss.default_alarm_pool_heap_nodes
                0x20000484       0x30 CMakeFiles/Optical-SW.dir/C_/VSARM/sdk/Pico/pico-sdk/src/common/pico_time/time.c.obj
 .bss.drivers   0x200004b4        0x4 CMakeFiles/Optical-SW.dir/C_/VSARM/sdk/Pico/pico-sdk/src/rp2_common/pico_stdio/stdio.c.obj
 .bss.filter    0x200004b8        0x4 CMakeFiles/Optical-SW.dir/C_/VSARM/sdk/Pico/pico-sdk/src/rp2_common/pico_stdio/stdio.c.obj
 .bss.pools     0x200004bc       0x10 CMakeFiles/Optical-SW.dir/C_/VSARM/sdk/Pico/pico-sdk/src/common/pico_time/time.c.obj
 .bss.sd_table  0x200004cc      0x100 CMakeFiles/Optical-SW.dir/C_/VSARM/sdk/Pico/pico-sdk/src/rp2_common/pico_double/double_init_rom.c.obj
                0x200004cc                sd_table
 .bss.sf_clz_func
                0x200005cc        0x4 CMakeFiles/Optical-SW.dir/C_/VSARM/sdk/Pico/pico-sdk/src/rp2_common/pico_float/float_init_rom.c.obj
                0x200005cc                sf_clz_func
 .bss.sf_table  0x200005d0      0x100 CMakeFiles/Optical-SW.dir/C_/VSARM/sdk/Pico/pico-sdk/src/rp2_common/pico_float/float_init_rom.c.obj
                0x200005d0                sf_table
 .bss.sleep_notifier
                0x200006d0        0x4 CMakeFiles/Optical-SW.dir/C_/VSARM/sdk/Pico/pico-sdk/src/common/pico_time/time.c.obj
 .bss.target_hi
                0x200006d4       0x10 CMakeFiles/Optical-SW.dir/C_/VSARM/sdk/Pico/pico-sdk/src/rp2_common/hardware_timer/timer.c.obj
 .bss.uart_char_to_line_feed
                0x200006e4        0x4 CMakeFiles/Optical-SW.dir/C_/VSARM/sdk/Pico/pico-sdk/src/rp2_common/hardware_uart/uart.c.obj
                0x200006e4                uart_char_to_line_feed
 .bss.uart_instance
                0x200006e8        0x4 CMakeFiles/Optical-SW.dir/C_/VSARM/sdk/Pico/pico-sdk/src/rp2_common/pico_stdio_uart/stdio_uart.c.obj
 .bss.claimed   0x200006ec        0x1 CMakeFiles/Optical-SW.dir/C_/VSARM/sdk/Pico/pico-sdk/src/rp2_common/hardware_timer/timer.c.obj
 .bss.irq_hander_chain_free_slot_head
                0x200006ed        0x1 CMakeFiles/Optical-SW.dir/C_/VSARM/sdk/Pico/pico-sdk/src/rp2_common/hardware_irq/irq.c.obj
 .bss.timer_callbacks_pending
                0x200006ee        0x1 CMakeFiles/Optical-SW.dir/C_/VSARM/sdk/Pico/pico-sdk/src/rp2_common/hardware_timer/timer.c.obj
 *(COMMON)
                0x200006f0                . = ALIGN (0x4)
 *fill*         0x200006ef        0x1 
                0x200006f0                __bss_end__ = .

.heap           0x200006f0      0x800
                0x200006f0                __end__ = .
                0x200006f0                end = __end__
 *(.heap*)
 .heap          0x200006f0      0x800 CMakeFiles/Optical-SW.dir/C_/VSARM/sdk/Pico/pico-sdk/src/rp2_common/pico_standard_link/crt0.S.obj
                0x20000ef0                __HeapLimit = .

.stack1_dummy   0x20040000        0x0
 *(.stack1*)

.stack_dummy    0x20041000      0x800
 *(.stack*)
 .stack         0x20041000      0x800 CMakeFiles/Optical-SW.dir/C_/VSARM/sdk/Pico/pico-sdk/src/rp2_common/pico_standard_link/crt0.S.obj

.flash_end      0x100055a8        0x0
                0x100055a8                __flash_binary_end = .
                0x20040000                __StackLimit = (ORIGIN (RAM) + LENGTH (RAM))
                0x20041000                __StackOneTop = (ORIGIN (SCRATCH_X) + LENGTH (SCRATCH_X))
                0x20042000                __StackTop = (ORIGIN (SCRATCH_Y) + LENGTH (SCRATCH_Y))
                0x20041000                __StackOneBottom = (__StackOneTop - SIZEOF (.stack1_dummy))
                0x20041800                __StackBottom = (__StackTop - SIZEOF (.stack_dummy))
                0x20042000                PROVIDE (__stack = __StackTop)
                0x00000001                ASSERT ((__StackLimit >= __HeapLimit), region RAM overflowed)
                0x00000001                ASSERT (((__binary_info_header_end - __logical_binary_start) <= 0x100), Binary info must be in first 256 bytes of the binary)
LOAD CMakeFiles/Optical-SW.dir/optical-sw.c.obj
LOAD CMakeFiles/Optical-SW.dir/C_/VSARM/sdk/Pico/pico-sdk/src/rp2_common/pico_stdlib/stdlib.c.obj
LOAD CMakeFiles/Optical-SW.dir/C_/VSARM/sdk/Pico/pico-sdk/src/rp2_common/hardware_gpio/gpio.c.obj
LOAD CMakeFiles/Optical-SW.dir/C_/VSARM/sdk/Pico/pico-sdk/src/rp2_common/hardware_claim/claim.c.obj
LOAD CMakeFiles/Optical-SW.dir/C_/VSARM/sdk/Pico/pico-sdk/src/rp2_common/pico_platform/platform.c.obj
LOAD CMakeFiles/Optical-SW.dir/C_/VSARM/sdk/Pico/pico-sdk/src/rp2_common/hardware_sync/sync.c.obj
LOAD CMakeFiles/Optical-SW.dir/C_/VSARM/sdk/Pico/pico-sdk/src/rp2_common/hardware_uart/uart.c.obj
LOAD CMakeFiles/Optical-SW.dir/C_/VSARM/sdk/Pico/pico-sdk/src/rp2_common/hardware_divider/divider.S.obj
LOAD CMakeFiles/Optical-SW.dir/C_/VSARM/sdk/Pico/pico-sdk/src/common/pico_time/time.c.obj
LOAD CMakeFiles/Optical-SW.dir/C_/VSARM/sdk/Pico/pico-sdk/src/common/pico_time/timeout_helper.c.obj
LOAD CMakeFiles/Optical-SW.dir/C_/VSARM/sdk/Pico/pico-sdk/src/rp2_common/hardware_timer/timer.c.obj
LOAD CMakeFiles/Optical-SW.dir/C_/VSARM/sdk/Pico/pico-sdk/src/common/pico_sync/sem.c.obj
LOAD CMakeFiles/Optical-SW.dir/C_/VSARM/sdk/Pico/pico-sdk/src/common/pico_sync/lock_core.c.obj
LOAD CMakeFiles/Optical-SW.dir/C_/VSARM/sdk/Pico/pico-sdk/src/common/pico_sync/mutex.c.obj
LOAD CMakeFiles/Optical-SW.dir/C_/VSARM/sdk/Pico/pico-sdk/src/common/pico_sync/critical_section.c.obj
LOAD CMakeFiles/Optical-SW.dir/C_/VSARM/sdk/Pico/pico-sdk/src/common/pico_util/datetime.c.obj
LOAD CMakeFiles/Optical-SW.dir/C_/VSARM/sdk/Pico/pico-sdk/src/common/pico_util/pheap.c.obj
LOAD CMakeFiles/Optical-SW.dir/C_/VSARM/sdk/Pico/pico-sdk/src/common/pico_util/queue.c.obj
LOAD CMakeFiles/Optical-SW.dir/C_/VSARM/sdk/Pico/pico-sdk/src/rp2_common/pico_runtime/runtime.c.obj
LOAD CMakeFiles/Optical-SW.dir/C_/VSARM/sdk/Pico/pico-sdk/src/rp2_common/hardware_clocks/clocks.c.obj
LOAD CMakeFiles/Optical-SW.dir/C_/VSARM/sdk/Pico/pico-sdk/src/rp2_common/hardware_irq/irq.c.obj
LOAD CMakeFiles/Optical-SW.dir/C_/VSARM/sdk/Pico/pico-sdk/src/rp2_common/hardware_irq/irq_handler_chain.S.obj
LOAD CMakeFiles/Optical-SW.dir/C_/VSARM/sdk/Pico/pico-sdk/src/rp2_common/hardware_pll/pll.c.obj
LOAD CMakeFiles/Optical-SW.dir/C_/VSARM/sdk/Pico/pico-sdk/src/rp2_common/hardware_vreg/vreg.c.obj
LOAD CMakeFiles/Optical-SW.dir/C_/VSARM/sdk/Pico/pico-sdk/src/rp2_common/hardware_watchdog/watchdog.c.obj
LOAD CMakeFiles/Optical-SW.dir/C_/VSARM/sdk/Pico/pico-sdk/src/rp2_common/hardware_xosc/xosc.c.obj
LOAD CMakeFiles/Optical-SW.dir/C_/VSARM/sdk/Pico/pico-sdk/src/rp2_common/pico_printf/printf.c.obj
LOAD CMakeFiles/Optical-SW.dir/C_/VSARM/sdk/Pico/pico-sdk/src/rp2_common/pico_bit_ops/bit_ops_aeabi.S.obj
LOAD CMakeFiles/Optical-SW.dir/C_/VSARM/sdk/Pico/pico-sdk/src/rp2_common/pico_bootrom/bootrom.c.obj
LOAD CMakeFiles/Optical-SW.dir/C_/VSARM/sdk/Pico/pico-sdk/src/rp2_common/pico_divider/divider.S.obj
LOAD CMakeFiles/Optical-SW.dir/C_/VSARM/sdk/Pico/pico-sdk/src/rp2_common/pico_double/double_aeabi.S.obj
LOAD CMakeFiles/Optical-SW.dir/C_/VSARM/sdk/Pico/pico-sdk/src/rp2_common/pico_double/double_init_rom.c.obj
LOAD CMakeFiles/Optical-SW.dir/C_/VSARM/sdk/Pico/pico-sdk/src/rp2_common/pico_double/double_math.c.obj
LOAD CMakeFiles/Optical-SW.dir/C_/VSARM/sdk/Pico/pico-sdk/src/rp2_common/pico_double/double_v1_rom_shim.S.obj
LOAD CMakeFiles/Optical-SW.dir/C_/VSARM/sdk/Pico/pico-sdk/src/rp2_common/pico_int64_ops/pico_int64_ops_aeabi.S.obj
LOAD CMakeFiles/Optical-SW.dir/C_/VSARM/sdk/Pico/pico-sdk/src/rp2_common/pico_float/float_aeabi.S.obj
LOAD CMakeFiles/Optical-SW.dir/C_/VSARM/sdk/Pico/pico-sdk/src/rp2_common/pico_float/float_init_rom.c.obj
LOAD CMakeFiles/Optical-SW.dir/C_/VSARM/sdk/Pico/pico-sdk/src/rp2_common/pico_float/float_math.c.obj
LOAD CMakeFiles/Optical-SW.dir/C_/VSARM/sdk/Pico/pico-sdk/src/rp2_common/pico_float/float_v1_rom_shim.S.obj
LOAD CMakeFiles/Optical-SW.dir/C_/VSARM/sdk/Pico/pico-sdk/src/rp2_common/pico_malloc/pico_malloc.c.obj
LOAD CMakeFiles/Optical-SW.dir/C_/VSARM/sdk/Pico/pico-sdk/src/rp2_common/pico_mem_ops/mem_ops_aeabi.S.obj
LOAD CMakeFiles/Optical-SW.dir/C_/VSARM/sdk/Pico/pico-sdk/src/rp2_common/pico_standard_link/crt0.S.obj
LOAD CMakeFiles/Optical-SW.dir/C_/VSARM/sdk/Pico/pico-sdk/src/rp2_common/pico_standard_link/new_delete.cpp.obj
LOAD CMakeFiles/Optical-SW.dir/C_/VSARM/sdk/Pico/pico-sdk/src/rp2_common/pico_standard_link/binary_info.c.obj
LOAD CMakeFiles/Optical-SW.dir/C_/VSARM/sdk/Pico/pico-sdk/src/rp2_common/pico_stdio/stdio.c.obj
LOAD CMakeFiles/Optical-SW.dir/C_/VSARM/sdk/Pico/pico-sdk/src/rp2_common/pico_stdio_uart/stdio_uart.c.obj
LOAD C:\Users\ENITT\AppData\Local\Temp\ccUu7MUD.o
LOAD c:/progra~2/gnuarm~1/102021~1.07/bin/../lib/gcc/arm-none-eabi/10.3.1/../../../../arm-none-eabi/lib/thumb/v6-m/nofp\libstdc++.a
LOAD c:/progra~2/gnuarm~1/102021~1.07/bin/../lib/gcc/arm-none-eabi/10.3.1/../../../../arm-none-eabi/lib/thumb/v6-m/nofp\libm.a
START GROUP
LOAD c:/progra~2/gnuarm~1/102021~1.07/bin/../lib/gcc/arm-none-eabi/10.3.1/thumb/v6-m/nofp\libgcc.a
LOAD c:/progra~2/gnuarm~1/102021~1.07/bin/../lib/gcc/arm-none-eabi/10.3.1/../../../../arm-none-eabi/lib/thumb/v6-m/nofp\libg.a
LOAD c:/progra~2/gnuarm~1/102021~1.07/bin/../lib/gcc/arm-none-eabi/10.3.1/../../../../arm-none-eabi/lib/thumb/v6-m/nofp\libc.a
END GROUP
START GROUP
LOAD c:/progra~2/gnuarm~1/102021~1.07/bin/../lib/gcc/arm-none-eabi/10.3.1/thumb/v6-m/nofp\libgcc.a
LOAD c:/progra~2/gnuarm~1/102021~1.07/bin/../lib/gcc/arm-none-eabi/10.3.1/../../../../arm-none-eabi/lib/thumb/v6-m/nofp\libc.a
LOAD c:/progra~2/gnuarm~1/102021~1.07/bin/../lib/gcc/arm-none-eabi/10.3.1/../../../../arm-none-eabi/lib/thumb/v6-m/nofp\libnosys.a
END GROUP
LOAD c:/progra~2/gnuarm~1/102021~1.07/bin/../lib/gcc/arm-none-eabi/10.3.1/thumb/v6-m/nofp/crtend.o
LOAD c:/progra~2/gnuarm~1/102021~1.07/bin/../lib/gcc/arm-none-eabi/10.3.1/thumb/v6-m/nofp/crtn.o
OUTPUT(Optical-SW.elf elf32-littlearm)
LOAD linker stubs

.ARM.attributes
                0x00000000       0x28
 .ARM.attributes
                0x00000000       0x1e c:/progra~2/gnuarm~1/102021~1.07/bin/../lib/gcc/arm-none-eabi/10.3.1/thumb/v6-m/nofp/crti.o
 .ARM.attributes
                0x0000001e       0x2c c:/progra~2/gnuarm~1/102021~1.07/bin/../lib/gcc/arm-none-eabi/10.3.1/thumb/v6-m/nofp/crtbegin.o
 .ARM.attributes
                0x0000004a       0x2c CMakeFiles/Optical-SW.dir/optical-sw.c.obj
 .ARM.attributes
                0x00000076       0x2c CMakeFiles/Optical-SW.dir/C_/VSARM/sdk/Pico/pico-sdk/src/rp2_common/hardware_gpio/gpio.c.obj
 .ARM.attributes
                0x000000a2       0x2c CMakeFiles/Optical-SW.dir/C_/VSARM/sdk/Pico/pico-sdk/src/rp2_common/hardware_claim/claim.c.obj
 .ARM.attributes
                0x000000ce       0x2c CMakeFiles/Optical-SW.dir/C_/VSARM/sdk/Pico/pico-sdk/src/rp2_common/pico_platform/platform.c.obj
 .ARM.attributes
                0x000000fa       0x2c CMakeFiles/Optical-SW.dir/C_/VSARM/sdk/Pico/pico-sdk/src/rp2_common/hardware_sync/sync.c.obj
 .ARM.attributes
                0x00000126       0x2c CMakeFiles/Optical-SW.dir/C_/VSARM/sdk/Pico/pico-sdk/src/rp2_common/hardware_uart/uart.c.obj
 .ARM.attributes
                0x00000152       0x2c CMakeFiles/Optical-SW.dir/C_/VSARM/sdk/Pico/pico-sdk/src/common/pico_time/time.c.obj
 .ARM.attributes
                0x0000017e       0x2c CMakeFiles/Optical-SW.dir/C_/VSARM/sdk/Pico/pico-sdk/src/rp2_common/hardware_timer/timer.c.obj
 .ARM.attributes
                0x000001aa       0x2c CMakeFiles/Optical-SW.dir/C_/VSARM/sdk/Pico/pico-sdk/src/common/pico_sync/lock_core.c.obj
 .ARM.attributes
                0x000001d6       0x2c CMakeFiles/Optical-SW.dir/C_/VSARM/sdk/Pico/pico-sdk/src/common/pico_sync/mutex.c.obj
 .ARM.attributes
                0x00000202       0x2c CMakeFiles/Optical-SW.dir/C_/VSARM/sdk/Pico/pico-sdk/src/common/pico_util/pheap.c.obj
 .ARM.attributes
                0x0000022e       0x2c CMakeFiles/Optical-SW.dir/C_/VSARM/sdk/Pico/pico-sdk/src/rp2_common/pico_runtime/runtime.c.obj
 .ARM.attributes
                0x0000025a       0x2c CMakeFiles/Optical-SW.dir/C_/VSARM/sdk/Pico/pico-sdk/src/rp2_common/hardware_clocks/clocks.c.obj
 .ARM.attributes
                0x00000286       0x2c CMakeFiles/Optical-SW.dir/C_/VSARM/sdk/Pico/pico-sdk/src/rp2_common/hardware_irq/irq.c.obj
 .ARM.attributes
                0x000002b2       0x22 CMakeFiles/Optical-SW.dir/C_/VSARM/sdk/Pico/pico-sdk/src/rp2_common/hardware_irq/irq_handler_chain.S.obj
 .ARM.attributes
                0x000002d4       0x2c CMakeFiles/Optical-SW.dir/C_/VSARM/sdk/Pico/pico-sdk/src/rp2_common/hardware_pll/pll.c.obj
 .ARM.attributes
                0x00000300       0x2c CMakeFiles/Optical-SW.dir/C_/VSARM/sdk/Pico/pico-sdk/src/rp2_common/hardware_watchdog/watchdog.c.obj
 .ARM.attributes
                0x0000032c       0x2c CMakeFiles/Optical-SW.dir/C_/VSARM/sdk/Pico/pico-sdk/src/rp2_common/hardware_xosc/xosc.c.obj
 .ARM.attributes
                0x00000358       0x2c CMakeFiles/Optical-SW.dir/C_/VSARM/sdk/Pico/pico-sdk/src/rp2_common/pico_printf/printf.c.obj
 .ARM.attributes
                0x00000384       0x22 CMakeFiles/Optical-SW.dir/C_/VSARM/sdk/Pico/pico-sdk/src/rp2_common/pico_bit_ops/bit_ops_aeabi.S.obj
 .ARM.attributes
                0x000003a6       0x2c CMakeFiles/Optical-SW.dir/C_/VSARM/sdk/Pico/pico-sdk/src/rp2_common/pico_bootrom/bootrom.c.obj
 .ARM.attributes
                0x000003d2       0x22 CMakeFiles/Optical-SW.dir/C_/VSARM/sdk/Pico/pico-sdk/src/rp2_common/pico_divider/divider.S.obj
 .ARM.attributes
                0x000003f4       0x22 CMakeFiles/Optical-SW.dir/C_/VSARM/sdk/Pico/pico-sdk/src/rp2_common/pico_double/double_aeabi.S.obj
 .ARM.attributes
                0x00000416       0x2c CMakeFiles/Optical-SW.dir/C_/VSARM/sdk/Pico/pico-sdk/src/rp2_common/pico_double/double_init_rom.c.obj
 .ARM.attributes
                0x00000442       0x22 CMakeFiles/Optical-SW.dir/C_/VSARM/sdk/Pico/pico-sdk/src/rp2_common/pico_double/double_v1_rom_shim.S.obj
 .ARM.attributes
                0x00000464       0x22 CMakeFiles/Optical-SW.dir/C_/VSARM/sdk/Pico/pico-sdk/src/rp2_common/pico_int64_ops/pico_int64_ops_aeabi.S.obj
 .ARM.attributes
                0x00000486       0x22 CMakeFiles/Optical-SW.dir/C_/VSARM/sdk/Pico/pico-sdk/src/rp2_common/pico_float/float_aeabi.S.obj
 .ARM.attributes
                0x000004a8       0x2c CMakeFiles/Optical-SW.dir/C_/VSARM/sdk/Pico/pico-sdk/src/rp2_common/pico_float/float_init_rom.c.obj
 .ARM.attributes
                0x000004d4       0x22 CMakeFiles/Optical-SW.dir/C_/VSARM/sdk/Pico/pico-sdk/src/rp2_common/pico_float/float_v1_rom_shim.S.obj
 .ARM.attributes
                0x000004f6       0x22 CMakeFiles/Optical-SW.dir/C_/VSARM/sdk/Pico/pico-sdk/src/rp2_common/pico_mem_ops/mem_ops_aeabi.S.obj
 .ARM.attributes
                0x00000518       0x22 CMakeFiles/Optical-SW.dir/C_/VSARM/sdk/Pico/pico-sdk/src/rp2_common/pico_standard_link/crt0.S.obj
 .ARM.attributes
                0x0000053a       0x32 CMakeFiles/Optical-SW.dir/C_/VSARM/sdk/Pico/pico-sdk/src/rp2_common/pico_standard_link/binary_info.c.obj
 .ARM.attributes
                0x0000056c       0x2c CMakeFiles/Optical-SW.dir/C_/VSARM/sdk/Pico/pico-sdk/src/rp2_common/pico_stdio/stdio.c.obj
 .ARM.attributes
                0x00000598       0x2c CMakeFiles/Optical-SW.dir/C_/VSARM/sdk/Pico/pico-sdk/src/rp2_common/pico_stdio_uart/stdio_uart.c.obj
 .ARM.attributes
                0x000005c4       0x22 C:\Users\ENITT\AppData\Local\Temp\ccUu7MUD.o
 .ARM.attributes
                0x000005e6       0x1e c:/progra~2/gnuarm~1/102021~1.07/bin/../lib/gcc/arm-none-eabi/10.3.1/thumb/v6-m/nofp\libgcc.a(_dvmd_tls.o)
 .ARM.attributes
                0x00000604       0x2c c:/progra~2/gnuarm~1/102021~1.07/bin/../lib/gcc/arm-none-eabi/10.3.1/../../../../arm-none-eabi/lib/thumb/v6-m/nofp\libg.a(lib_a-strlen-stub.o)

.comment        0x00000000       0x49
 .comment       0x00000000       0x49 CMakeFiles/Optical-SW.dir/optical-sw.c.obj
                                 0x4a (size before relaxing)
 .comment       0x00000049       0x4a CMakeFiles/Optical-SW.dir/C_/VSARM/sdk/Pico/pico-sdk/src/rp2_common/hardware_gpio/gpio.c.obj
 .comment       0x00000049       0x4a CMakeFiles/Optical-SW.dir/C_/VSARM/sdk/Pico/pico-sdk/src/rp2_common/hardware_claim/claim.c.obj
 .comment       0x00000049       0x4a CMakeFiles/Optical-SW.dir/C_/VSARM/sdk/Pico/pico-sdk/src/rp2_common/pico_platform/platform.c.obj
 .comment       0x00000049       0x4a CMakeFiles/Optical-SW.dir/C_/VSARM/sdk/Pico/pico-sdk/src/rp2_common/hardware_sync/sync.c.obj
 .comment       0x00000049       0x4a CMakeFiles/Optical-SW.dir/C_/VSARM/sdk/Pico/pico-sdk/src/rp2_common/hardware_uart/uart.c.obj
 .comment       0x00000049       0x4a CMakeFiles/Optical-SW.dir/C_/VSARM/sdk/Pico/pico-sdk/src/common/pico_time/time.c.obj
 .comment       0x00000049       0x4a CMakeFiles/Optical-SW.dir/C_/VSARM/sdk/Pico/pico-sdk/src/rp2_common/hardware_timer/timer.c.obj
 .comment       0x00000049       0x4a CMakeFiles/Optical-SW.dir/C_/VSARM/sdk/Pico/pico-sdk/src/common/pico_sync/lock_core.c.obj
 .comment       0x00000049       0x4a CMakeFiles/Optical-SW.dir/C_/VSARM/sdk/Pico/pico-sdk/src/common/pico_sync/mutex.c.obj
 .comment       0x00000049       0x4a CMakeFiles/Optical-SW.dir/C_/VSARM/sdk/Pico/pico-sdk/src/common/pico_util/pheap.c.obj
 .comment       0x00000049       0x4a CMakeFiles/Optical-SW.dir/C_/VSARM/sdk/Pico/pico-sdk/src/rp2_common/pico_runtime/runtime.c.obj
 .comment       0x00000049       0x4a CMakeFiles/Optical-SW.dir/C_/VSARM/sdk/Pico/pico-sdk/src/rp2_common/hardware_clocks/clocks.c.obj
 .comment       0x00000049       0x4a CMakeFiles/Optical-SW.dir/C_/VSARM/sdk/Pico/pico-sdk/src/rp2_common/hardware_irq/irq.c.obj
 .comment       0x00000049       0x4a CMakeFiles/Optical-SW.dir/C_/VSARM/sdk/Pico/pico-sdk/src/rp2_common/hardware_pll/pll.c.obj
 .comment       0x00000049       0x4a CMakeFiles/Optical-SW.dir/C_/VSARM/sdk/Pico/pico-sdk/src/rp2_common/hardware_watchdog/watchdog.c.obj
 .comment       0x00000049       0x4a CMakeFiles/Optical-SW.dir/C_/VSARM/sdk/Pico/pico-sdk/src/rp2_common/hardware_xosc/xosc.c.obj
 .comment       0x00000049       0x4a CMakeFiles/Optical-SW.dir/C_/VSARM/sdk/Pico/pico-sdk/src/rp2_common/pico_printf/printf.c.obj
 .comment       0x00000049       0x4a CMakeFiles/Optical-SW.dir/C_/VSARM/sdk/Pico/pico-sdk/src/rp2_common/pico_bootrom/bootrom.c.obj
 .comment       0x00000049       0x4a CMakeFiles/Optical-SW.dir/C_/VSARM/sdk/Pico/pico-sdk/src/rp2_common/pico_double/double_init_rom.c.obj
 .comment       0x00000049       0x4a CMakeFiles/Optical-SW.dir/C_/VSARM/sdk/Pico/pico-sdk/src/rp2_common/pico_float/float_init_rom.c.obj
 .comment       0x00000049       0x4a CMakeFiles/Optical-SW.dir/C_/VSARM/sdk/Pico/pico-sdk/src/rp2_common/pico_standard_link/binary_info.c.obj
 .comment       0x00000049       0x4a CMakeFiles/Optical-SW.dir/C_/VSARM/sdk/Pico/pico-sdk/src/rp2_common/pico_stdio/stdio.c.obj
 .comment       0x00000049       0x4a CMakeFiles/Optical-SW.dir/C_/VSARM/sdk/Pico/pico-sdk/src/rp2_common/pico_stdio_uart/stdio_uart.c.obj

.debug_info     0x00000000    0x135e2
 .debug_info    0x00000000     0x12a0 CMakeFiles/Optical-SW.dir/optical-sw.c.obj
 .debug_info    0x000012a0     0x1465 CMakeFiles/Optical-SW.dir/C_/VSARM/sdk/Pico/pico-sdk/src/rp2_common/hardware_gpio/gpio.c.obj
 .debug_info    0x00002705      0x6ba CMakeFiles/Optical-SW.dir/C_/VSARM/sdk/Pico/pico-sdk/src/rp2_common/hardware_claim/claim.c.obj
 .debug_info    0x00002dbf      0x1e3 CMakeFiles/Optical-SW.dir/C_/VSARM/sdk/Pico/pico-sdk/src/rp2_common/pico_platform/platform.c.obj
 .debug_info    0x00002fa2      0x58e CMakeFiles/Optical-SW.dir/C_/VSARM/sdk/Pico/pico-sdk/src/rp2_common/hardware_sync/sync.c.obj
 .debug_info    0x00003530      0xb64 CMakeFiles/Optical-SW.dir/C_/VSARM/sdk/Pico/pico-sdk/src/rp2_common/hardware_uart/uart.c.obj
 .debug_info    0x00004094     0x3b2f CMakeFiles/Optical-SW.dir/C_/VSARM/sdk/Pico/pico-sdk/src/common/pico_time/time.c.obj
 .debug_info    0x00007bc3     0x1130 CMakeFiles/Optical-SW.dir/C_/VSARM/sdk/Pico/pico-sdk/src/rp2_common/hardware_timer/timer.c.obj
 .debug_info    0x00008cf3      0x1a4 CMakeFiles/Optical-SW.dir/C_/VSARM/sdk/Pico/pico-sdk/src/common/pico_sync/lock_core.c.obj
 .debug_info    0x00008e97     0x13b2 CMakeFiles/Optical-SW.dir/C_/VSARM/sdk/Pico/pico-sdk/src/common/pico_sync/mutex.c.obj
 .debug_info    0x0000a249     0x120c CMakeFiles/Optical-SW.dir/C_/VSARM/sdk/Pico/pico-sdk/src/common/pico_util/pheap.c.obj
 .debug_info    0x0000b455      0x9bc CMakeFiles/Optical-SW.dir/C_/VSARM/sdk/Pico/pico-sdk/src/rp2_common/pico_runtime/runtime.c.obj
 .debug_info    0x0000be11      0xf56 CMakeFiles/Optical-SW.dir/C_/VSARM/sdk/Pico/pico-sdk/src/rp2_common/hardware_clocks/clocks.c.obj
 .debug_info    0x0000cd67     0x191a CMakeFiles/Optical-SW.dir/C_/VSARM/sdk/Pico/pico-sdk/src/rp2_common/hardware_irq/irq.c.obj
 .debug_info    0x0000e681      0x509 CMakeFiles/Optical-SW.dir/C_/VSARM/sdk/Pico/pico-sdk/src/rp2_common/hardware_pll/pll.c.obj
 .debug_info    0x0000eb8a      0x49c CMakeFiles/Optical-SW.dir/C_/VSARM/sdk/Pico/pico-sdk/src/rp2_common/hardware_watchdog/watchdog.c.obj
 .debug_info    0x0000f026      0x1dd CMakeFiles/Optical-SW.dir/C_/VSARM/sdk/Pico/pico-sdk/src/rp2_common/hardware_xosc/xosc.c.obj
 .debug_info    0x0000f203     0x1a5f CMakeFiles/Optical-SW.dir/C_/VSARM/sdk/Pico/pico-sdk/src/rp2_common/pico_printf/printf.c.obj
 .debug_info    0x00010c62       0x22 CMakeFiles/Optical-SW.dir/C_/VSARM/sdk/Pico/pico-sdk/src/rp2_common/pico_bit_ops/bit_ops_aeabi.S.obj
 .debug_info    0x00010c84      0x231 CMakeFiles/Optical-SW.dir/C_/VSARM/sdk/Pico/pico-sdk/src/rp2_common/pico_bootrom/bootrom.c.obj
 .debug_info    0x00010eb5       0x22 CMakeFiles/Optical-SW.dir/C_/VSARM/sdk/Pico/pico-sdk/src/rp2_common/pico_divider/divider.S.obj
 .debug_info    0x00010ed7       0x22 CMakeFiles/Optical-SW.dir/C_/VSARM/sdk/Pico/pico-sdk/src/rp2_common/pico_double/double_aeabi.S.obj
 .debug_info    0x00010ef9      0x2a0 CMakeFiles/Optical-SW.dir/C_/VSARM/sdk/Pico/pico-sdk/src/rp2_common/pico_double/double_init_rom.c.obj
 .debug_info    0x00011199       0x22 CMakeFiles/Optical-SW.dir/C_/VSARM/sdk/Pico/pico-sdk/src/rp2_common/pico_double/double_v1_rom_shim.S.obj
 .debug_info    0x000111bb       0x26 CMakeFiles/Optical-SW.dir/C_/VSARM/sdk/Pico/pico-sdk/src/rp2_common/pico_int64_ops/pico_int64_ops_aeabi.S.obj
 .debug_info    0x000111e1       0x22 CMakeFiles/Optical-SW.dir/C_/VSARM/sdk/Pico/pico-sdk/src/rp2_common/pico_float/float_aeabi.S.obj
 .debug_info    0x00011203      0x2e9 CMakeFiles/Optical-SW.dir/C_/VSARM/sdk/Pico/pico-sdk/src/rp2_common/pico_float/float_init_rom.c.obj
 .debug_info    0x000114ec       0x22 CMakeFiles/Optical-SW.dir/C_/VSARM/sdk/Pico/pico-sdk/src/rp2_common/pico_float/float_v1_rom_shim.S.obj
 .debug_info    0x0001150e       0x22 CMakeFiles/Optical-SW.dir/C_/VSARM/sdk/Pico/pico-sdk/src/rp2_common/pico_mem_ops/mem_ops_aeabi.S.obj
 .debug_info    0x00011530       0x22 CMakeFiles/Optical-SW.dir/C_/VSARM/sdk/Pico/pico-sdk/src/rp2_common/pico_standard_link/crt0.S.obj
 .debug_info    0x00011552      0x2f6 CMakeFiles/Optical-SW.dir/C_/VSARM/sdk/Pico/pico-sdk/src/rp2_common/pico_standard_link/binary_info.c.obj
 .debug_info    0x00011848     0x116b CMakeFiles/Optical-SW.dir/C_/VSARM/sdk/Pico/pico-sdk/src/rp2_common/pico_stdio/stdio.c.obj
 .debug_info    0x000129b3      0xc2f CMakeFiles/Optical-SW.dir/C_/VSARM/sdk/Pico/pico-sdk/src/rp2_common/pico_stdio_uart/stdio_uart.c.obj

.debug_abbrev   0x00000000     0x3f5c
 .debug_abbrev  0x00000000      0x318 CMakeFiles/Optical-SW.dir/optical-sw.c.obj
 .debug_abbrev  0x00000318      0x2c4 CMakeFiles/Optical-SW.dir/C_/VSARM/sdk/Pico/pico-sdk/src/rp2_common/hardware_gpio/gpio.c.obj
 .debug_abbrev  0x000005dc      0x2d6 CMakeFiles/Optical-SW.dir/C_/VSARM/sdk/Pico/pico-sdk/src/rp2_common/hardware_claim/claim.c.obj
 .debug_abbrev  0x000008b2       0xeb CMakeFiles/Optical-SW.dir/C_/VSARM/sdk/Pico/pico-sdk/src/rp2_common/pico_platform/platform.c.obj
 .debug_abbrev  0x0000099d      0x21b CMakeFiles/Optical-SW.dir/C_/VSARM/sdk/Pico/pico-sdk/src/rp2_common/hardware_sync/sync.c.obj
 .debug_abbrev  0x00000bb8      0x2d2 CMakeFiles/Optical-SW.dir/C_/VSARM/sdk/Pico/pico-sdk/src/rp2_common/hardware_uart/uart.c.obj
 .debug_abbrev  0x00000e8a      0x53c CMakeFiles/Optical-SW.dir/C_/VSARM/sdk/Pico/pico-sdk/src/common/pico_time/time.c.obj
 .debug_abbrev  0x000013c6      0x37e CMakeFiles/Optical-SW.dir/C_/VSARM/sdk/Pico/pico-sdk/src/rp2_common/hardware_timer/timer.c.obj
 .debug_abbrev  0x00001744      0x116 CMakeFiles/Optical-SW.dir/C_/VSARM/sdk/Pico/pico-sdk/src/common/pico_sync/lock_core.c.obj
 .debug_abbrev  0x0000185a      0x37d CMakeFiles/Optical-SW.dir/C_/VSARM/sdk/Pico/pico-sdk/src/common/pico_sync/mutex.c.obj
 .debug_abbrev  0x00001bd7      0x297 CMakeFiles/Optical-SW.dir/C_/VSARM/sdk/Pico/pico-sdk/src/common/pico_util/pheap.c.obj
 .debug_abbrev  0x00001e6e      0x35a CMakeFiles/Optical-SW.dir/C_/VSARM/sdk/Pico/pico-sdk/src/rp2_common/pico_runtime/runtime.c.obj
 .debug_abbrev  0x000021c8      0x372 CMakeFiles/Optical-SW.dir/C_/VSARM/sdk/Pico/pico-sdk/src/rp2_common/hardware_clocks/clocks.c.obj
 .debug_abbrev  0x0000253a      0x4a5 CMakeFiles/Optical-SW.dir/C_/VSARM/sdk/Pico/pico-sdk/src/rp2_common/hardware_irq/irq.c.obj
 .debug_abbrev  0x000029df      0x1ea CMakeFiles/Optical-SW.dir/C_/VSARM/sdk/Pico/pico-sdk/src/rp2_common/hardware_pll/pll.c.obj
 .debug_abbrev  0x00002bc9      0x1b1 CMakeFiles/Optical-SW.dir/C_/VSARM/sdk/Pico/pico-sdk/src/rp2_common/hardware_watchdog/watchdog.c.obj
 .debug_abbrev  0x00002d7a      0x109 CMakeFiles/Optical-SW.dir/C_/VSARM/sdk/Pico/pico-sdk/src/rp2_common/hardware_xosc/xosc.c.obj
 .debug_abbrev  0x00002e83      0x384 CMakeFiles/Optical-SW.dir/C_/VSARM/sdk/Pico/pico-sdk/src/rp2_common/pico_printf/printf.c.obj
 .debug_abbrev  0x00003207       0x12 CMakeFiles/Optical-SW.dir/C_/VSARM/sdk/Pico/pico-sdk/src/rp2_common/pico_bit_ops/bit_ops_aeabi.S.obj
 .debug_abbrev  0x00003219       0xf8 CMakeFiles/Optical-SW.dir/C_/VSARM/sdk/Pico/pico-sdk/src/rp2_common/pico_bootrom/bootrom.c.obj
 .debug_abbrev  0x00003311       0x12 CMakeFiles/Optical-SW.dir/C_/VSARM/sdk/Pico/pico-sdk/src/rp2_common/pico_divider/divider.S.obj
 .debug_abbrev  0x00003323       0x12 CMakeFiles/Optical-SW.dir/C_/VSARM/sdk/Pico/pico-sdk/src/rp2_common/pico_double/double_aeabi.S.obj
 .debug_abbrev  0x00003335      0x166 CMakeFiles/Optical-SW.dir/C_/VSARM/sdk/Pico/pico-sdk/src/rp2_common/pico_double/double_init_rom.c.obj
 .debug_abbrev  0x0000349b       0x12 CMakeFiles/Optical-SW.dir/C_/VSARM/sdk/Pico/pico-sdk/src/rp2_common/pico_double/double_v1_rom_shim.S.obj
 .debug_abbrev  0x000034ad       0x14 CMakeFiles/Optical-SW.dir/C_/VSARM/sdk/Pico/pico-sdk/src/rp2_common/pico_int64_ops/pico_int64_ops_aeabi.S.obj
 .debug_abbrev  0x000034c1       0x12 CMakeFiles/Optical-SW.dir/C_/VSARM/sdk/Pico/pico-sdk/src/rp2_common/pico_float/float_aeabi.S.obj
 .debug_abbrev  0x000034d3      0x179 CMakeFiles/Optical-SW.dir/C_/VSARM/sdk/Pico/pico-sdk/src/rp2_common/pico_float/float_init_rom.c.obj
 .debug_abbrev  0x0000364c       0x12 CMakeFiles/Optical-SW.dir/C_/VSARM/sdk/Pico/pico-sdk/src/rp2_common/pico_float/float_v1_rom_shim.S.obj
 .debug_abbrev  0x0000365e       0x12 CMakeFiles/Optical-SW.dir/C_/VSARM/sdk/Pico/pico-sdk/src/rp2_common/pico_mem_ops/mem_ops_aeabi.S.obj
 .debug_abbrev  0x00003670       0x12 CMakeFiles/Optical-SW.dir/C_/VSARM/sdk/Pico/pico-sdk/src/rp2_common/pico_standard_link/crt0.S.obj
 .debug_abbrev  0x00003682       0xad CMakeFiles/Optical-SW.dir/C_/VSARM/sdk/Pico/pico-sdk/src/rp2_common/pico_standard_link/binary_info.c.obj
 .debug_abbrev  0x0000372f      0x4a7 CMakeFiles/Optical-SW.dir/C_/VSARM/sdk/Pico/pico-sdk/src/rp2_common/pico_stdio/stdio.c.obj
 .debug_abbrev  0x00003bd6      0x386 CMakeFiles/Optical-SW.dir/C_/VSARM/sdk/Pico/pico-sdk/src/rp2_common/pico_stdio_uart/stdio_uart.c.obj

.debug_loc      0x00000000     0xd11e
 .debug_loc     0x00000000      0x84f CMakeFiles/Optical-SW.dir/optical-sw.c.obj
 .debug_loc     0x0000084f      0xede CMakeFiles/Optical-SW.dir/C_/VSARM/sdk/Pico/pico-sdk/src/rp2_common/hardware_gpio/gpio.c.obj
 .debug_loc     0x0000172d      0x45f CMakeFiles/Optical-SW.dir/C_/VSARM/sdk/Pico/pico-sdk/src/rp2_common/hardware_claim/claim.c.obj
 .debug_loc     0x00001b8c       0xe9 CMakeFiles/Optical-SW.dir/C_/VSARM/sdk/Pico/pico-sdk/src/rp2_common/pico_platform/platform.c.obj
 .debug_loc     0x00001c75      0x233 CMakeFiles/Optical-SW.dir/C_/VSARM/sdk/Pico/pico-sdk/src/rp2_common/hardware_sync/sync.c.obj
 .debug_loc     0x00001ea8      0x533 CMakeFiles/Optical-SW.dir/C_/VSARM/sdk/Pico/pico-sdk/src/rp2_common/hardware_uart/uart.c.obj
 .debug_loc     0x000023db     0x2e37 CMakeFiles/Optical-SW.dir/C_/VSARM/sdk/Pico/pico-sdk/src/common/pico_time/time.c.obj
 .debug_loc     0x00005212      0x952 CMakeFiles/Optical-SW.dir/C_/VSARM/sdk/Pico/pico-sdk/src/rp2_common/hardware_timer/timer.c.obj
 .debug_loc     0x00005b64       0x60 CMakeFiles/Optical-SW.dir/C_/VSARM/sdk/Pico/pico-sdk/src/common/pico_sync/lock_core.c.obj
 .debug_loc     0x00005bc4      0xbc3 CMakeFiles/Optical-SW.dir/C_/VSARM/sdk/Pico/pico-sdk/src/common/pico_sync/mutex.c.obj
 .debug_loc     0x00006787     0x1439 CMakeFiles/Optical-SW.dir/C_/VSARM/sdk/Pico/pico-sdk/src/common/pico_util/pheap.c.obj
 .debug_loc     0x00007bc0      0x3c6 CMakeFiles/Optical-SW.dir/C_/VSARM/sdk/Pico/pico-sdk/src/rp2_common/pico_runtime/runtime.c.obj
 .debug_loc     0x00007f86      0x7eb CMakeFiles/Optical-SW.dir/C_/VSARM/sdk/Pico/pico-sdk/src/rp2_common/hardware_clocks/clocks.c.obj
 .debug_loc     0x00008771     0x1186 CMakeFiles/Optical-SW.dir/C_/VSARM/sdk/Pico/pico-sdk/src/rp2_common/hardware_irq/irq.c.obj
 .debug_loc     0x000098f7      0x300 CMakeFiles/Optical-SW.dir/C_/VSARM/sdk/Pico/pico-sdk/src/rp2_common/hardware_pll/pll.c.obj
 .debug_loc     0x00009bf7      0x267 CMakeFiles/Optical-SW.dir/C_/VSARM/sdk/Pico/pico-sdk/src/rp2_common/hardware_watchdog/watchdog.c.obj
 .debug_loc     0x00009e5e       0x71 CMakeFiles/Optical-SW.dir/C_/VSARM/sdk/Pico/pico-sdk/src/rp2_common/hardware_xosc/xosc.c.obj
 .debug_loc     0x00009ecf     0x2095 CMakeFiles/Optical-SW.dir/C_/VSARM/sdk/Pico/pico-sdk/src/rp2_common/pico_printf/printf.c.obj
 .debug_loc     0x0000bf64      0x16f CMakeFiles/Optical-SW.dir/C_/VSARM/sdk/Pico/pico-sdk/src/rp2_common/pico_bootrom/bootrom.c.obj
 .debug_loc     0x0000c0d3       0x59 CMakeFiles/Optical-SW.dir/C_/VSARM/sdk/Pico/pico-sdk/src/rp2_common/pico_double/double_init_rom.c.obj
 .debug_loc     0x0000c12c       0x73 CMakeFiles/Optical-SW.dir/C_/VSARM/sdk/Pico/pico-sdk/src/rp2_common/pico_float/float_init_rom.c.obj
 .debug_loc     0x0000c19f      0xa33 CMakeFiles/Optical-SW.dir/C_/VSARM/sdk/Pico/pico-sdk/src/rp2_common/pico_stdio/stdio.c.obj
 .debug_loc     0x0000cbd2      0x54c CMakeFiles/Optical-SW.dir/C_/VSARM/sdk/Pico/pico-sdk/src/rp2_common/pico_stdio_uart/stdio_uart.c.obj

.debug_aranges  0x00000000      0xd18
 .debug_aranges
                0x00000000       0x28 CMakeFiles/Optical-SW.dir/optical-sw.c.obj
 .debug_aranges
                0x00000028       0xd8 CMakeFiles/Optical-SW.dir/C_/VSARM/sdk/Pico/pico-sdk/src/rp2_common/hardware_gpio/gpio.c.obj
 .debug_aranges
                0x00000100       0x48 CMakeFiles/Optical-SW.dir/C_/VSARM/sdk/Pico/pico-sdk/src/rp2_common/hardware_claim/claim.c.obj
 .debug_aranges
                0x00000148       0x28 CMakeFiles/Optical-SW.dir/C_/VSARM/sdk/Pico/pico-sdk/src/rp2_common/pico_platform/platform.c.obj
 .debug_aranges
                0x00000170       0x58 CMakeFiles/Optical-SW.dir/C_/VSARM/sdk/Pico/pico-sdk/src/rp2_common/hardware_sync/sync.c.obj
 .debug_aranges
                0x000001c8       0x40 CMakeFiles/Optical-SW.dir/C_/VSARM/sdk/Pico/pico-sdk/src/rp2_common/hardware_uart/uart.c.obj
 .debug_aranges
                0x00000208       0xd0 CMakeFiles/Optical-SW.dir/C_/VSARM/sdk/Pico/pico-sdk/src/common/pico_time/time.c.obj
 .debug_aranges
                0x000002d8       0x78 CMakeFiles/Optical-SW.dir/C_/VSARM/sdk/Pico/pico-sdk/src/rp2_common/hardware_timer/timer.c.obj
 .debug_aranges
                0x00000350       0x20 CMakeFiles/Optical-SW.dir/C_/VSARM/sdk/Pico/pico-sdk/src/common/pico_sync/lock_core.c.obj
 .debug_aranges
                0x00000370       0x60 CMakeFiles/Optical-SW.dir/C_/VSARM/sdk/Pico/pico-sdk/src/common/pico_sync/mutex.c.obj
 .debug_aranges
                0x000003d0       0x78 CMakeFiles/Optical-SW.dir/C_/VSARM/sdk/Pico/pico-sdk/src/common/pico_util/pheap.c.obj
 .debug_aranges
                0x00000448       0x60 CMakeFiles/Optical-SW.dir/C_/VSARM/sdk/Pico/pico-sdk/src/rp2_common/pico_runtime/runtime.c.obj
 .debug_aranges
                0x000004a8       0x70 CMakeFiles/Optical-SW.dir/C_/VSARM/sdk/Pico/pico-sdk/src/rp2_common/hardware_clocks/clocks.c.obj
 .debug_aranges
                0x00000518       0x90 CMakeFiles/Optical-SW.dir/C_/VSARM/sdk/Pico/pico-sdk/src/rp2_common/hardware_irq/irq.c.obj
 .debug_aranges
                0x000005a8       0x28 CMakeFiles/Optical-SW.dir/C_/VSARM/sdk/Pico/pico-sdk/src/rp2_common/hardware_pll/pll.c.obj
 .debug_aranges
                0x000005d0       0x50 CMakeFiles/Optical-SW.dir/C_/VSARM/sdk/Pico/pico-sdk/src/rp2_common/hardware_watchdog/watchdog.c.obj
 .debug_aranges
                0x00000620       0x30 CMakeFiles/Optical-SW.dir/C_/VSARM/sdk/Pico/pico-sdk/src/rp2_common/hardware_xosc/xosc.c.obj
 .debug_aranges
                0x00000650       0x90 CMakeFiles/Optical-SW.dir/C_/VSARM/sdk/Pico/pico-sdk/src/rp2_common/pico_printf/printf.c.obj
 .debug_aranges
                0x000006e0       0x68 CMakeFiles/Optical-SW.dir/C_/VSARM/sdk/Pico/pico-sdk/src/rp2_common/pico_bit_ops/bit_ops_aeabi.S.obj
 .debug_aranges
                0x00000748       0x30 CMakeFiles/Optical-SW.dir/C_/VSARM/sdk/Pico/pico-sdk/src/rp2_common/pico_bootrom/bootrom.c.obj
 .debug_aranges
                0x00000778       0x40 CMakeFiles/Optical-SW.dir/C_/VSARM/sdk/Pico/pico-sdk/src/rp2_common/pico_divider/divider.S.obj
 .debug_aranges
                0x000007b8      0x140 CMakeFiles/Optical-SW.dir/C_/VSARM/sdk/Pico/pico-sdk/src/rp2_common/pico_double/double_aeabi.S.obj
 .debug_aranges
                0x000008f8       0x20 CMakeFiles/Optical-SW.dir/C_/VSARM/sdk/Pico/pico-sdk/src/rp2_common/pico_double/double_init_rom.c.obj
 .debug_aranges
                0x00000918       0xc8 CMakeFiles/Optical-SW.dir/C_/VSARM/sdk/Pico/pico-sdk/src/rp2_common/pico_double/double_v1_rom_shim.S.obj
 .debug_aranges
                0x000009e0       0x20 CMakeFiles/Optical-SW.dir/C_/VSARM/sdk/Pico/pico-sdk/src/rp2_common/pico_int64_ops/pico_int64_ops_aeabi.S.obj
 .debug_aranges
                0x00000a00      0x130 CMakeFiles/Optical-SW.dir/C_/VSARM/sdk/Pico/pico-sdk/src/rp2_common/pico_float/float_aeabi.S.obj
 .debug_aranges
                0x00000b30       0x20 CMakeFiles/Optical-SW.dir/C_/VSARM/sdk/Pico/pico-sdk/src/rp2_common/pico_float/float_init_rom.c.obj
 .debug_aranges
                0x00000b50       0x50 CMakeFiles/Optical-SW.dir/C_/VSARM/sdk/Pico/pico-sdk/src/rp2_common/pico_float/float_v1_rom_shim.S.obj
 .debug_aranges
                0x00000ba0       0x38 CMakeFiles/Optical-SW.dir/C_/VSARM/sdk/Pico/pico-sdk/src/rp2_common/pico_mem_ops/mem_ops_aeabi.S.obj
 .debug_aranges
                0x00000bd8       0x28 CMakeFiles/Optical-SW.dir/C_/VSARM/sdk/Pico/pico-sdk/src/rp2_common/pico_standard_link/crt0.S.obj
 .debug_aranges
                0x00000c00       0x18 CMakeFiles/Optical-SW.dir/C_/VSARM/sdk/Pico/pico-sdk/src/rp2_common/pico_standard_link/binary_info.c.obj
 .debug_aranges
                0x00000c18       0xb8 CMakeFiles/Optical-SW.dir/C_/VSARM/sdk/Pico/pico-sdk/src/rp2_common/pico_stdio/stdio.c.obj
 .debug_aranges
                0x00000cd0       0x48 CMakeFiles/Optical-SW.dir/C_/VSARM/sdk/Pico/pico-sdk/src/rp2_common/pico_stdio_uart/stdio_uart.c.obj

.debug_ranges   0x00000000     0x29f8
 .debug_ranges  0x00000000       0xa8 CMakeFiles/Optical-SW.dir/optical-sw.c.obj
 .debug_ranges  0x000000a8       0xe0 CMakeFiles/Optical-SW.dir/C_/VSARM/sdk/Pico/pico-sdk/src/rp2_common/hardware_gpio/gpio.c.obj
 .debug_ranges  0x00000188       0xd8 CMakeFiles/Optical-SW.dir/C_/VSARM/sdk/Pico/pico-sdk/src/rp2_common/hardware_claim/claim.c.obj
 .debug_ranges  0x00000260       0x18 CMakeFiles/Optical-SW.dir/C_/VSARM/sdk/Pico/pico-sdk/src/rp2_common/pico_platform/platform.c.obj
 .debug_ranges  0x00000278       0xf0 CMakeFiles/Optical-SW.dir/C_/VSARM/sdk/Pico/pico-sdk/src/rp2_common/hardware_sync/sync.c.obj
 .debug_ranges  0x00000368       0xf8 CMakeFiles/Optical-SW.dir/C_/VSARM/sdk/Pico/pico-sdk/src/rp2_common/hardware_uart/uart.c.obj
 .debug_ranges  0x00000460      0xba0 CMakeFiles/Optical-SW.dir/C_/VSARM/sdk/Pico/pico-sdk/src/common/pico_time/time.c.obj
 .debug_ranges  0x00001000      0x320 CMakeFiles/Optical-SW.dir/C_/VSARM/sdk/Pico/pico-sdk/src/rp2_common/hardware_timer/timer.c.obj
 .debug_ranges  0x00001320       0x10 CMakeFiles/Optical-SW.dir/C_/VSARM/sdk/Pico/pico-sdk/src/common/pico_sync/lock_core.c.obj
 .debug_ranges  0x00001330      0x5c8 CMakeFiles/Optical-SW.dir/C_/VSARM/sdk/Pico/pico-sdk/src/common/pico_sync/mutex.c.obj
 .debug_ranges  0x000018f8      0x248 CMakeFiles/Optical-SW.dir/C_/VSARM/sdk/Pico/pico-sdk/src/common/pico_util/pheap.c.obj
 .debug_ranges  0x00001b40       0x68 CMakeFiles/Optical-SW.dir/C_/VSARM/sdk/Pico/pico-sdk/src/rp2_common/pico_runtime/runtime.c.obj
 .debug_ranges  0x00001ba8       0x60 CMakeFiles/Optical-SW.dir/C_/VSARM/sdk/Pico/pico-sdk/src/rp2_common/hardware_clocks/clocks.c.obj
 .debug_ranges  0x00001c08      0x3b0 CMakeFiles/Optical-SW.dir/C_/VSARM/sdk/Pico/pico-sdk/src/rp2_common/hardware_irq/irq.c.obj
 .debug_ranges  0x00001fb8       0x30 CMakeFiles/Optical-SW.dir/C_/VSARM/sdk/Pico/pico-sdk/src/rp2_common/hardware_pll/pll.c.obj
 .debug_ranges  0x00001fe8       0x40 CMakeFiles/Optical-SW.dir/C_/VSARM/sdk/Pico/pico-sdk/src/rp2_common/hardware_watchdog/watchdog.c.obj
 .debug_ranges  0x00002028       0x20 CMakeFiles/Optical-SW.dir/C_/VSARM/sdk/Pico/pico-sdk/src/rp2_common/hardware_xosc/xosc.c.obj
 .debug_ranges  0x00002048      0x108 CMakeFiles/Optical-SW.dir/C_/VSARM/sdk/Pico/pico-sdk/src/rp2_common/pico_printf/printf.c.obj
 .debug_ranges  0x00002150       0x60 CMakeFiles/Optical-SW.dir/C_/VSARM/sdk/Pico/pico-sdk/src/rp2_common/pico_bit_ops/bit_ops_aeabi.S.obj
 .debug_ranges  0x000021b0       0x38 CMakeFiles/Optical-SW.dir/C_/VSARM/sdk/Pico/pico-sdk/src/rp2_common/pico_bootrom/bootrom.c.obj
 .debug_ranges  0x000021e8       0x38 CMakeFiles/Optical-SW.dir/C_/VSARM/sdk/Pico/pico-sdk/src/rp2_common/pico_divider/divider.S.obj
 .debug_ranges  0x00002220      0x138 CMakeFiles/Optical-SW.dir/C_/VSARM/sdk/Pico/pico-sdk/src/rp2_common/pico_double/double_aeabi.S.obj
 .debug_ranges  0x00002358       0x30 CMakeFiles/Optical-SW.dir/C_/VSARM/sdk/Pico/pico-sdk/src/rp2_common/pico_double/double_init_rom.c.obj