Archive member included to satisfy reference by file (symbol)

c:/progra~2/gnuarm~1/102021~1.07/bin/../lib/gcc/arm-none-eabi/10.3.1/thumb/v6-m/nofp\libgcc.a(_dvmd_tls.o)
                              CMakeFiles/Optical-SW.dir/C_/VSARM/sdk/Pico/pico-sdk/src/rp2_common/pico_divider/divider.S.obj (__aeabi_idiv0)
c:/progra~2/gnuarm~1/102021~1.07/bin/../lib/gcc/arm-none-eabi/10.3.1/../../../../arm-none-eabi/lib/thumb/v6-m/nofp\libg.a(lib_a-calloc.o)
                              CMakeFiles/Optical-SW.dir/C_/VSARM/sdk/Pico/pico-sdk/src/rp2_common/pico_malloc/pico_malloc.c.obj (calloc)
c:/progra~2/gnuarm~1/102021~1.07/bin/../lib/gcc/arm-none-eabi/10.3.1/../../../../arm-none-eabi/lib/thumb/v6-m/nofp\libg.a(lib_a-callocr.o)
                              c:/progra~2/gnuarm~1/102021~1.07/bin/../lib/gcc/arm-none-eabi/10.3.1/../../../../arm-none-eabi/lib/thumb/v6-m/nofp\libg.a(lib_a-calloc.o) (_calloc_r)
c:/progra~2/gnuarm~1/102021~1.07/bin/../lib/gcc/arm-none-eabi/10.3.1/../../../../arm-none-eabi/lib/thumb/v6-m/nofp\libg.a(lib_a-ctype_.o)
                              CMakeFiles/Optical-SW.dir/C_/VSARM/sdk/Pico/pico-sdk/lib/tinyusb/src/tusb.c.obj (_ctype_)
c:/progra~2/gnuarm~1/102021~1.07/bin/../lib/gcc/arm-none-eabi/10.3.1/../../../../arm-none-eabi/lib/thumb/v6-m/nofp\libg.a(lib_a-errno.o)
                              c:/progra~2/gnuarm~1/102021~1.07/bin/../lib/gcc/arm-none-eabi/10.3.1/../../../../arm-none-eabi/lib/thumb/v6-m/nofp\libg.a(lib_a-callocr.o) (__errno)
c:/progra~2/gnuarm~1/102021~1.07/bin/../lib/gcc/arm-none-eabi/10.3.1/../../../../arm-none-eabi/lib/thumb/v6-m/nofp\libg.a(lib_a-impure.o)
                              c:/progra~2/gnuarm~1/102021~1.07/bin/../lib/gcc/arm-none-eabi/10.3.1/../../../../arm-none-eabi/lib/thumb/v6-m/nofp\libg.a(lib_a-calloc.o) (_impure_ptr)
c:/progra~2/gnuarm~1/102021~1.07/bin/../lib/gcc/arm-none-eabi/10.3.1/../../../../arm-none-eabi/lib/thumb/v6-m/nofp\libg.a(lib_a-init.o)
                              c:/progra~2/gnuarm~1/102021~1.07/bin/../lib/gcc/arm-none-eabi/10.3.1/../../../../arm-none-eabi/lib/thumb/v6-m/nofp/crt0.o (__libc_init_array)
c:/progra~2/gnuarm~1/102021~1.07/bin/../lib/gcc/arm-none-eabi/10.3.1/../../../../arm-none-eabi/lib/thumb/v6-m/nofp\libg.a(lib_a-malloc.o)
                              CMakeFiles/Optical-SW.dir/C_/VSARM/sdk/Pico/pico-sdk/src/rp2_common/pico_malloc/pico_malloc.c.obj (malloc)
c:/progra~2/gnuarm~1/102021~1.07/bin/../lib/gcc/arm-none-eabi/10.3.1/../../../../arm-none-eabi/lib/thumb/v6-m/nofp\libg.a(lib_a-mallocr.o)
                              c:/progra~2/gnuarm~1/102021~1.07/bin/../lib/gcc/arm-none-eabi/10.3.1/../../../../arm-none-eabi/lib/thumb/v6-m/nofp\libg.a(lib_a-callocr.o) (_malloc_r)
c:/progra~2/gnuarm~1/102021~1.07/bin/../lib/gcc/arm-none-eabi/10.3.1/../../../../arm-none-eabi/lib/thumb/v6-m/nofp\libg.a(lib_a-mlock.o)
                              c:/progra~2/gnuarm~1/102021~1.07/bin/../lib/gcc/arm-none-eabi/10.3.1/../../../../arm-none-eabi/lib/thumb/v6-m/nofp\libg.a(lib_a-mallocr.o) (__malloc_lock)
c:/progra~2/gnuarm~1/102021~1.07/bin/../lib/gcc/arm-none-eabi/10.3.1/../../../../arm-none-eabi/lib/thumb/v6-m/nofp\libg.a(lib_a-sbrkr.o)
                              c:/progra~2/gnuarm~1/102021~1.07/bin/../lib/gcc/arm-none-eabi/10.3.1/../../../../arm-none-eabi/lib/thumb/v6-m/nofp\libg.a(lib_a-mallocr.o) (_sbrk_r)
c:/progra~2/gnuarm~1/102021~1.07/bin/../lib/gcc/arm-none-eabi/10.3.1/../../../../arm-none-eabi/lib/thumb/v6-m/nofp\libg.a(lib_a-strlen-stub.o)
                              CMakeFiles/Optical-SW.dir/C_/VSARM/sdk/Pico/pico-sdk/src/rp2_common/pico_stdio/stdio.c.obj (strlen)
c:/progra~2/gnuarm~1/102021~1.07/bin/../lib/gcc/arm-none-eabi/10.3.1/../../../../arm-none-eabi/lib/thumb/v6-m/nofp\libg.a(lib_a-freer.o)
                              c:/progra~2/gnuarm~1/102021~1.07/bin/../lib/gcc/arm-none-eabi/10.3.1/../../../../arm-none-eabi/lib/thumb/v6-m/nofp\libg.a(lib_a-malloc.o) (_free_r)
c:/progra~2/gnuarm~1/102021~1.07/bin/../lib/gcc/arm-none-eabi/10.3.1/../../../../arm-none-eabi/lib/thumb/v6-m/nofp\libg.a(lib_a-lock.o)
                              c:/progra~2/gnuarm~1/102021~1.07/bin/../lib/gcc/arm-none-eabi/10.3.1/../../../../arm-none-eabi/lib/thumb/v6-m/nofp\libg.a(lib_a-mlock.o) (__retarget_lock_acquire_recursive)
c:/progra~2/gnuarm~1/102021~1.07/bin/../lib/gcc/arm-none-eabi/10.3.1/../../../../arm-none-eabi/lib/thumb/v6-m/nofp\libg.a(lib_a-reent.o)
                              c:/progra~2/gnuarm~1/102021~1.07/bin/../lib/gcc/arm-none-eabi/10.3.1/../../../../arm-none-eabi/lib/thumb/v6-m/nofp\libg.a(lib_a-sbrkr.o) (errno)

Discarded input sections

 .text          0x00000000        0x0 c:/progra~2/gnuarm~1/102021~1.07/bin/../lib/gcc/arm-none-eabi/10.3.1/thumb/v6-m/nofp/crti.o
 .data          0x00000000        0x0 c:/progra~2/gnuarm~1/102021~1.07/bin/../lib/gcc/arm-none-eabi/10.3.1/thumb/v6-m/nofp/crti.o
 .bss           0x00000000        0x0 c:/progra~2/gnuarm~1/102021~1.07/bin/../lib/gcc/arm-none-eabi/10.3.1/thumb/v6-m/nofp/crti.o
[...]
Memory Configuration

Name             Origin             Length             Attributes
FLASH            0x10000000         0x00200000         xr
RAM              0x20000000         0x00040000         xrw
SCRATCH_X        0x20040000         0x00001000         xrw
SCRATCH_Y        0x20041000         0x00001000         xrw
*default*        0x00000000         0xffffffff

Linker script and memory map

LOAD c:/progra~2/gnuarm~1/102021~1.07/bin/../lib/gcc/arm-none-eabi/10.3.1/thumb/v6-m/nofp/crti.o
LOAD c:/progra~2/gnuarm~1/102021~1.07/bin/../lib/gcc/arm-none-eabi/10.3.1/thumb/v6-m/nofp/crtbegin.o
LOAD c:/progra~2/gnuarm~1/102021~1.07/bin/../lib/gcc/arm-none-eabi/10.3.1/../../../../arm-none-eabi/lib/thumb/v6-m/nofp/crt0.o

.flash_begin    0x10000000        0x0
                0x10000000                __flash_binary_start = .

.boot2          0x10000000      0x100
                0x10000000                __boot2_start__ = .
 *(.boot2)
 .boot2         0x10000000      0x100 C:\Users\ENITT\AppData\Local\Temp\ccKg49dh.o
                0x10000100                __boot2_end__ = .
                0x00000001                ASSERT (((__boot2_end__ - __boot2_start__) == 0x100), ERROR: Pico second stage bootloader must be 256 bytes in size)

.text           0x10000100     0x7458
                0x10000100                __logical_binary_start = .
 *(.vectors)
 .vectors       0x10000100       0xd4 CMakeFiles/Optical-SW.dir/C_/VSARM/sdk/Pico/pico-sdk/src/rp2_common/pico_standard_link/crt0.S.obj
                0x10000100                __VECTOR_TABLE
                0x10000100                __vectors
                0x100001c0                isr_invalid
                0x100001c0                __default_isrs_start
                0x100001c2                isr_nmi
                0x100001c4                isr_hardfault
                0x100001c6                isr_svcall
                0x100001c8                isr_pendsv
                0x100001ca                isr_systick
                0x100001cc                isr_irq23
                0x100001cc                isr_irq18
                0x100001cc                isr_irq11
                0x100001cc                isr_irq28
                0x100001cc                isr_irq19
                0x100001cc                isr_irq0
                0x100001cc                isr_irq6
                0x100001cc                isr_irq5
                0x100001cc                isr_irq12
                0x100001cc                isr_irq22
                0x100001cc                isr_irq31
                0x100001cc                isr_irq17
                0x100001cc                isr_irq27
                0x100001cc                isr_irq30
                0x100001cc                isr_irq2
                0x100001cc                isr_irq10
                0x100001cc                isr_irq8
                0x100001cc                isr_irq24
                0x100001cc                isr_irq1
                0x100001cc                isr_irq7
                0x100001cc                isr_irq21
                0x100001cc                isr_irq20
                0x100001cc                isr_irq15
                0x100001cc                isr_irq25
                0x100001cc                isr_irq13
                0x100001cc                __unhandled_user_irq
                0x100001cc                isr_irq4
                0x100001cc                isr_irq16
                0x100001cc                isr_irq29
                0x100001cc                isr_irq26
                0x100001cc                __default_isrs_end
                0x100001cc                isr_irq3
                0x100001cc                isr_irq14
                0x100001cc                isr_irq9
                0x100001d2                unhandled_user_irq_num_in_r0
 *(.binary_info_header)
 .binary_info_header
                0x100001d4       0x14 CMakeFiles/Optical-SW.dir/C_/VSARM/sdk/Pico/pico-sdk/src/rp2_common/pico_standard_link/crt0.S.obj
                0x100001e8                __binary_info_header_end = .
 *(.reset)
 .reset         0x100001e8       0xa8 CMakeFiles/Optical-SW.dir/C_/VSARM/sdk/Pico/pico-sdk/src/rp2_common/pico_standard_link/crt0.S.obj
                0x100001e8                _entry_point
                0x10000266                __get_current_exception
 .reset         0x10000290       0x30 CMakeFiles/Optical-SW.dir/C_/VSARM/sdk/Pico/pico-sdk/src/rp2_common/pico_standard_link/binary_info.c.obj
 *(.init)
 .init          0x100002c0        0x4 c:/progra~2/gnuarm~1/102021~1.07/bin/../lib/gcc/arm-none-eabi/10.3.1/thumb/v6-m/nofp/crti.o
                0x100002c0                _init
 *(EXCLUDE_FILE(*libm.a: *libc.a:*lib_a-mem*.o *libgcc.a:) .text*)
 .text          0x100002c4       0x48 c:/progra~2/gnuarm~1/102021~1.07/bin/../lib/gcc/arm-none-eabi/10.3.1/thumb/v6-m/nofp/crtbegin.o
 .text.swnum    0x1000030c      0x24c CMakeFiles/Optical-SW.dir/optical-sw.c.obj
                0x1000030c                swnum
 .text.main     0x10000558       0xf8 CMakeFiles/Optical-SW.dir/optical-sw.c.obj
                0x10000558                main
 .text.gpio_set_function
                0x10000650       0x30 CMakeFiles/Optical-SW.dir/C_/VSARM/sdk/Pico/pico-sdk/src/rp2_common/hardware_gpio/gpio.c.obj
                0x10000650                gpio_set_function
 .text.gpio_init
                0x10000680       0x16 CMakeFiles/Optical-SW.dir/C_/VSARM/sdk/Pico/pico-sdk/src/rp2_common/hardware_gpio/gpio.c.obj
                0x10000680                gpio_init
 *fill*         0x10000696        0x2 
 .text.hw_claim_lock
                0x10000698       0x18 CMakeFiles/Optical-SW.dir/C_/VSARM/sdk/Pico/pico-sdk/src/rp2_common/hardware_claim/claim.c.obj
                0x10000698                hw_claim_lock
 .text.hw_claim_unlock
                0x100006b0       0x14 CMakeFiles/Optical-SW.dir/C_/VSARM/sdk/Pico/pico-sdk/src/rp2_common/hardware_claim/claim.c.obj
                0x100006b0                hw_claim_unlock
 .text.hw_claim_or_assert
                0x100006c4       0x32 CMakeFiles/Optical-SW.dir/C_/VSARM/sdk/Pico/pico-sdk/src/rp2_common/hardware_claim/claim.c.obj
                0x100006c4                hw_claim_or_assert
 .text.hw_claim_unused_from_range
                0x100006f6       0x50 CMakeFiles/Optical-SW.dir/C_/VSARM/sdk/Pico/pico-sdk/src/rp2_common/hardware_claim/claim.c.obj
                0x100006f6                hw_claim_unused_from_range
 *fill*         0x10000746        0x2 
 .text.running_on_fpga
                0x10000748       0x14 CMakeFiles/Optical-SW.dir/C_/VSARM/sdk/Pico/pico-sdk/src/rp2_common/pico_platform/platform.c.obj
                0x10000748                running_on_fpga
 .text.spin_locks_reset
                0x1000075c       0x20 CMakeFiles/Optical-SW.dir/C_/VSARM/sdk/Pico/pico-sdk/src/rp2_common/hardware_sync/sync.c.obj
                0x1000075c                spin_locks_reset
 .text.next_striped_spin_lock_num
                0x1000077c       0x1c CMakeFiles/Optical-SW.dir/C_/VSARM/sdk/Pico/pico-sdk/src/rp2_common/hardware_sync/sync.c.obj
                0x1000077c                next_striped_spin_lock_num
 .text.spin_lock_claim_unused
                0x10000798       0x20 CMakeFiles/Optical-SW.dir/C_/VSARM/sdk/Pico/pico-sdk/src/rp2_common/hardware_sync/sync.c.obj
                0x10000798                spin_lock_claim_unused
 .text.uart_set_baudrate
                0x100007b8       0x5c CMakeFiles/Optical-SW.dir/C_/VSARM/sdk/Pico/pico-sdk/src/rp2_common/hardware_uart/uart.c.obj
                0x100007b8                uart_set_baudrate
 .text.uart_set_translate_crlf
                0x10000814       0x28 CMakeFiles/Optical-SW.dir/C_/VSARM/sdk/Pico/pico-sdk/src/rp2_common/hardware_uart/uart.c.obj
                0x10000814                uart_set_translate_crlf
 .text.uart_init
                0x1000083c       0x80 CMakeFiles/Optical-SW.dir/C_/VSARM/sdk/Pico/pico-sdk/src/rp2_common/hardware_uart/uart.c.obj
                0x1000083c                uart_init
 .text.alarm_pool_post_alloc_init
                0x100008bc       0x40 CMakeFiles/Optical-SW.dir/C_/VSARM/sdk/Pico/pico-sdk/src/common/pico_time/time.c.obj
 .text.sleep_until_callback
                0x100008fc       0x30 CMakeFiles/Optical-SW.dir/C_/VSARM/sdk/Pico/pico-sdk/src/common/pico_time/time.c.obj
 .text.timer_pool_entry_comparator
                0x1000092c       0x7c CMakeFiles/Optical-SW.dir/C_/VSARM/sdk/Pico/pico-sdk/src/common/pico_time/time.c.obj
                0x1000092c                timer_pool_entry_comparator
 .text.ph_add_child_node
                0x100009a8       0xa4 CMakeFiles/Optical-SW.dir/C_/VSARM/sdk/Pico/pico-sdk/src/common/pico_time/time.c.obj
 .text.ph_merge_nodes
                0x10000a4c       0x3e CMakeFiles/Optical-SW.dir/C_/VSARM/sdk/Pico/pico-sdk/src/common/pico_time/time.c.obj
 *fill*         0x10000a8a        0x2 
 .text.add_alarm_under_lock
                0x10000a8c      0x174 CMakeFiles/Optical-SW.dir/C_/VSARM/sdk/Pico/pico-sdk/src/common/pico_time/time.c.obj
 .text.alarm_pool_alarm_callback
                0x10000c00      0x328 CMakeFiles/Optical-SW.dir/C_/VSARM/sdk/Pico/pico-sdk/src/common/pico_time/time.c.obj
 .text.alarm_pool_init_default
                0x10000f28       0x38 CMakeFiles/Optical-SW.dir/C_/VSARM/sdk/Pico/pico-sdk/src/common/pico_time/time.c.obj
                0x10000f28                alarm_pool_init_default
 .text.alarm_pool_get_default
                0x10000f60       0x2c CMakeFiles/Optical-SW.dir/C_/VSARM/sdk/Pico/pico-sdk/src/common/pico_time/time.c.obj
                0x10000f60                alarm_pool_get_default
 .text.alarm_pool_add_alarm_at
                0x10000f8c      0x170 CMakeFiles/Optical-SW.dir/C_/VSARM/sdk/Pico/pico-sdk/src/common/pico_time/time.c.obj
                0x10000f8c                alarm_pool_add_alarm_at
 .text.alarm_pool_cancel_alarm
                0x100010fc       0xec CMakeFiles/Optical-SW.dir/C_/VSARM/sdk/Pico/pico-sdk/src/common/pico_time/time.c.obj
                0x100010fc                alarm_pool_cancel_alarm
 .text.sleep_until
                0x100011e8       0xfc CMakeFiles/Optical-SW.dir/C_/VSARM/sdk/Pico/pico-sdk/src/common/pico_time/time.c.obj
                0x100011e8                sleep_until
 .text.sleep_us
                0x100012e4       0x58 CMakeFiles/Optical-SW.dir/C_/VSARM/sdk/Pico/pico-sdk/src/common/pico_time/time.c.obj
                0x100012e4                sleep_us
 .text.sleep_ms
                0x1000133c       0x14 CMakeFiles/Optical-SW.dir/C_/VSARM/sdk/Pico/pico-sdk/src/common/pico_time/time.c.obj
                0x1000133c                sleep_ms
 .text.best_effort_wfe_or_timeout
                0x10001350       0x80 CMakeFiles/Optical-SW.dir/C_/VSARM/sdk/Pico/pico-sdk/src/common/pico_time/time.c.obj
                0x10001350                best_effort_wfe_or_timeout
 .text.hardware_alarm_irq_handler
                0x100013d0       0x8c CMakeFiles/Optical-SW.dir/C_/VSARM/sdk/Pico/pico-sdk/src/rp2_common/hardware_timer/timer.c.obj
 .text.hardware_alarm_claim
                0x1000145c       0x18 CMakeFiles/Optical-SW.dir/C_/VSARM/sdk/Pico/pico-sdk/src/rp2_common/hardware_timer/timer.c.obj
                0x1000145c                hardware_alarm_claim
 .text.time_us_64
                0x10001474       0x18 CMakeFiles/Optical-SW.dir/C_/VSARM/sdk/Pico/pico-sdk/src/rp2_common/hardware_timer/timer.c.obj
                0x10001474                time_us_64
 .text.busy_wait_until
                0x1000148c       0x28 CMakeFiles/Optical-SW.dir/C_/VSARM/sdk/Pico/pico-sdk/src/rp2_common/hardware_timer/timer.c.obj
                0x1000148c                busy_wait_until
 .text.hardware_alarm_set_callback
                0x100014b4       0x90 CMakeFiles/Optical-SW.dir/C_/VSARM/sdk/Pico/pico-sdk/src/rp2_common/hardware_timer/timer.c.obj
                0x100014b4                hardware_alarm_set_callback
 .text.hardware_alarm_set_target
                0x10001544       0xe8 CMakeFiles/Optical-SW.dir/C_/VSARM/sdk/Pico/pico-sdk/src/rp2_common/hardware_timer/timer.c.obj
                0x10001544                hardware_alarm_set_target
 .text.hardware_alarm_cancel
                0x1000162c       0x40 CMakeFiles/Optical-SW.dir/C_/VSARM/sdk/Pico/pico-sdk/src/rp2_common/hardware_timer/timer.c.obj
                0x1000162c                hardware_alarm_cancel
 .text.lock_init
                0x1000166c       0x10 CMakeFiles/Optical-SW.dir/C_/VSARM/sdk/Pico/pico-sdk/src/common/pico_sync/lock_core.c.obj
                0x1000166c                lock_init
 .text.mutex_init_internal
                0x1000167c       0x1e CMakeFiles/Optical-SW.dir/C_/VSARM/sdk/Pico/pico-sdk/src/common/pico_sync/mutex.c.obj
 .text.mutex_init
                0x1000169a        0xa CMakeFiles/Optical-SW.dir/C_/VSARM/sdk/Pico/pico-sdk/src/common/pico_sync/mutex.c.obj
                0x1000169a                mutex_init
 .text.recursive_mutex_init
                0x100016a4        0xa CMakeFiles/Optical-SW.dir/C_/VSARM/sdk/Pico/pico-sdk/src/common/pico_sync/mutex.c.obj
                0x100016a4                recursive_mutex_init
 *fill*         0x100016ae        0x2 
 .text.critical_section_init_with_lock_num
                0x100016b0       0x14 CMakeFiles/Optical-SW.dir/C_/VSARM/sdk/Pico/pico-sdk/src/common/pico_sync/critical_section.c.obj
                0x100016b0                critical_section_init_with_lock_num
 .text.critical_section_init
                0x100016c4       0x14 CMakeFiles/Optical-SW.dir/C_/VSARM/sdk/Pico/pico-sdk/src/common/pico_sync/critical_section.c.obj
                0x100016c4                critical_section_init
 .text.ph_add_child_node
                0x100016d8       0xa4 CMakeFiles/Optical-SW.dir/C_/VSARM/sdk/Pico/pico-sdk/src/common/pico_util/pheap.c.obj
 .text.ph_merge_nodes
                0x1000177c       0x3e CMakeFiles/Optical-SW.dir/C_/VSARM/sdk/Pico/pico-sdk/src/common/pico_util/pheap.c.obj
 *fill*         0x100017ba        0x2 
 .text.ph_clear
                0x100017bc       0x70 CMakeFiles/Optical-SW.dir/C_/VSARM/sdk/Pico/pico-sdk/src/common/pico_util/pheap.c.obj
                0x100017bc                ph_clear
 .text.ph_post_alloc_init
                0x1000182c        0xe CMakeFiles/Optical-SW.dir/C_/VSARM/sdk/Pico/pico-sdk/src/common/pico_util/pheap.c.obj
                0x1000182c                ph_post_alloc_init
 *fill*         0x1000183a        0x2 
 .text.ph_merge_two_pass
                0x1000183c       0xa8 CMakeFiles/Optical-SW.dir/C_/VSARM/sdk/Pico/pico-sdk/src/common/pico_util/pheap.c.obj
                0x1000183c                ph_merge_two_pass
 .text.ph_remove_any_head
                0x100018e4      0x108 CMakeFiles/Optical-SW.dir/C_/VSARM/sdk/Pico/pico-sdk/src/common/pico_util/pheap.c.obj
 .text.ph_remove_head
                0x100019ec       0x14 CMakeFiles/Optical-SW.dir/C_/VSARM/sdk/Pico/pico-sdk/src/common/pico_util/pheap.c.obj
                0x100019ec                ph_remove_head
 .text.ph_remove_and_free_node
                0x10001a00       0xf8 CMakeFiles/Optical-SW.dir/C_/VSARM/sdk/Pico/pico-sdk/src/common/pico_util/pheap.c.obj
                0x10001a00                ph_remove_and_free_node
 .text.runtime_init
                0x10001af8       0xd8 CMakeFiles/Optical-SW.dir/C_/VSARM/sdk/Pico/pico-sdk/src/rp2_common/pico_runtime/runtime.c.obj
                0x10001af8                runtime_init
 .text._exit    0x10001bd0        0x4 CMakeFiles/Optical-SW.dir/C_/VSARM/sdk/Pico/pico-sdk/src/rp2_common/pico_runtime/runtime.c.obj
                0x10001bd0                _exit
 .text.exit     0x10001bd4        0x6 CMakeFiles/Optical-SW.dir/C_/VSARM/sdk/Pico/pico-sdk/src/rp2_common/pico_runtime/runtime.c.obj
                0x10001bd4                exit
 *fill*         0x10001bda        0x2 
 .text.__assert_func
                0x10001bdc       0x3c CMakeFiles/Optical-SW.dir/C_/VSARM/sdk/Pico/pico-sdk/src/rp2_common/pico_runtime/runtime.c.obj
                0x10001bdc                __assert_func
 .text.panic    0x10001c18       0x30 CMakeFiles/Optical-SW.dir/C_/VSARM/sdk/Pico/pico-sdk/src/rp2_common/pico_runtime/runtime.c.obj
                0x10001c18                panic
 .text.clock_configure
                0x10001c48      0x104 CMakeFiles/Optical-SW.dir/C_/VSARM/sdk/Pico/pico-sdk/src/rp2_common/hardware_clocks/clocks.c.obj
                0x10001c48                clock_configure
 .text.clocks_init
                0x10001d4c      0x100 CMakeFiles/Optical-SW.dir/C_/VSARM/sdk/Pico/pico-sdk/src/rp2_common/hardware_clocks/clocks.c.obj
                0x10001d4c                clocks_init
 .text.clock_get_hz
                0x10001e4c        0xc CMakeFiles/Optical-SW.dir/C_/VSARM/sdk/Pico/pico-sdk/src/rp2_common/hardware_clocks/clocks.c.obj
                0x10001e4c                clock_get_hz
 .text.set_raw_irq_handler_and_unlock
                0x10001e58       0x28 CMakeFiles/Optical-SW.dir/C_/VSARM/sdk/Pico/pico-sdk/src/rp2_common/hardware_irq/irq.c.obj
 .text.make_branch
                0x10001e80       0x34 CMakeFiles/Optical-SW.dir/C_/VSARM/sdk/Pico/pico-sdk/src/rp2_common/hardware_irq/irq.c.obj
 .text.insert_branch_and_link
                0x10001eb4       0x40 CMakeFiles/Optical-SW.dir/C_/VSARM/sdk/Pico/pico-sdk/src/rp2_common/hardware_irq/irq.c.obj
 .text.irq_is_enabled
                0x10001ef4       0x18 CMakeFiles/Optical-SW.dir/C_/VSARM/sdk/Pico/pico-sdk/src/rp2_common/hardware_irq/irq.c.obj
                0x10001ef4                irq_is_enabled
 .text.irq_set_mask_enabled
                0x10001f0c       0x20 CMakeFiles/Optical-SW.dir/C_/VSARM/sdk/Pico/pico-sdk/src/rp2_common/hardware_irq/irq.c.obj
                0x10001f0c                irq_set_mask_enabled
 .text.irq_set_enabled
                0x10001f2c        0xe CMakeFiles/Optical-SW.dir/C_/VSARM/sdk/Pico/pico-sdk/src/rp2_common/hardware_irq/irq.c.obj
                0x10001f2c                irq_set_enabled
 *fill*         0x10001f3a        0x2 
 .text.irq_set_pending
                0x10001f3c       0x10 CMakeFiles/Optical-SW.dir/C_/VSARM/sdk/Pico/pico-sdk/src/rp2_common/hardware_irq/irq.c.obj
                0x10001f3c                irq_set_pending
 .text.irq_get_vtable_handler
                0x10001f4c       0x10 CMakeFiles/Optical-SW.dir/C_/VSARM/sdk/Pico/pico-sdk/src/rp2_common/hardware_irq/irq.c.obj
                0x10001f4c                irq_get_vtable_handler
 .text.irq_set_exclusive_handler
                0x10001f5c       0x54 CMakeFiles/Optical-SW.dir/C_/VSARM/sdk/Pico/pico-sdk/src/rp2_common/hardware_irq/irq.c.obj
                0x10001f5c                irq_set_exclusive_handler
 .text.irq_remove_handler
                0x10001fb0      0x1ac CMakeFiles/Optical-SW.dir/C_/VSARM/sdk/Pico/pico-sdk/src/rp2_common/hardware_irq/irq.c.obj
                0x10001fb0                irq_remove_handler
 .text.irq_set_priority
                0x1000215c       0x28 CMakeFiles/Optical-SW.dir/C_/VSARM/sdk/Pico/pico-sdk/src/rp2_common/hardware_irq/irq.c.obj
                0x1000215c                irq_set_priority
 .text.irq_add_tail_to_free_list
                0x10002184       0xf0 CMakeFiles/Optical-SW.dir/C_/VSARM/sdk/Pico/pico-sdk/src/rp2_common/hardware_irq/irq.c.obj
                0x10002184                irq_add_tail_to_free_list
 .text.irq_init_priorities
                0x10002274       0x16 CMakeFiles/Optical-SW.dir/C_/VSARM/sdk/Pico/pico-sdk/src/rp2_common/hardware_irq/irq.c.obj
                0x10002274                irq_init_priorities
 *fill*         0x1000228a        0x2 
 .text.pll_init
                0x1000228c      0x118 CMakeFiles/Optical-SW.dir/C_/VSARM/sdk/Pico/pico-sdk/src/rp2_common/hardware_pll/pll.c.obj
                0x1000228c                pll_init
 .text.watchdog_start_tick
                0x100023a4       0x10 CMakeFiles/Optical-SW.dir/C_/VSARM/sdk/Pico/pico-sdk/src/rp2_common/hardware_watchdog/watchdog.c.obj
                0x100023a4                watchdog_start_tick
 .text.watchdog_update
                0x100023b4       0x14 CMakeFiles/Optical-SW.dir/C_/VSARM/sdk/Pico/pico-sdk/src/rp2_common/hardware_watchdog/watchdog.c.obj
                0x100023b4                watchdog_update
 .text._watchdog_enable
                0x100023c8       0x70 CMakeFiles/Optical-SW.dir/C_/VSARM/sdk/Pico/pico-sdk/src/rp2_common/hardware_watchdog/watchdog.c.obj
                0x100023c8                _watchdog_enable
 .text.watchdog_reboot
                0x10002438       0x48 CMakeFiles/Optical-SW.dir/C_/VSARM/sdk/Pico/pico-sdk/src/rp2_common/hardware_watchdog/watchdog.c.obj
                0x10002438                watchdog_reboot
 .text.xosc_init
                0x10002480       0x28 CMakeFiles/Optical-SW.dir/C_/VSARM/sdk/Pico/pico-sdk/src/rp2_common/hardware_xosc/xosc.c.obj
                0x10002480                xosc_init
 .text._out_null
                0x100024a8        0x2 CMakeFiles/Optical-SW.dir/C_/VSARM/sdk/Pico/pico-sdk/src/rp2_common/pico_printf/printf.c.obj
 .text._out_fct
                0x100024aa        0xe CMakeFiles/Optical-SW.dir/C_/VSARM/sdk/Pico/pico-sdk/src/rp2_common/pico_printf/printf.c.obj
 .text._atoi    0x100024b8       0x24 CMakeFiles/Optical-SW.dir/C_/VSARM/sdk/Pico/pico-sdk/src/rp2_common/pico_printf/printf.c.obj
 .text._out_rev
                0x100024dc       0xae CMakeFiles/Optical-SW.dir/C_/VSARM/sdk/Pico/pico-sdk/src/rp2_common/pico_printf/printf.c.obj
 .text._ntoa_format
                0x1000258a      0x112 CMakeFiles/Optical-SW.dir/C_/VSARM/sdk/Pico/pico-sdk/src/rp2_common/pico_printf/printf.c.obj
 .text._ntoa_long
                0x1000269c       0xbc CMakeFiles/Optical-SW.dir/C_/VSARM/sdk/Pico/pico-sdk/src/rp2_common/pico_printf/printf.c.obj
 .text._ntoa_long_long
                0x10002758       0xe2 CMakeFiles/Optical-SW.dir/C_/VSARM/sdk/Pico/pico-sdk/src/rp2_common/pico_printf/printf.c.obj
 *fill*         0x1000283a        0x2 
 .text._etoa    0x1000283c      0x414 CMakeFiles/Optical-SW.dir/C_/VSARM/sdk/Pico/pico-sdk/src/rp2_common/pico_printf/printf.c.obj
 .text._ftoa    0x10002c50      0x354 CMakeFiles/Optical-SW.dir/C_/VSARM/sdk/Pico/pico-sdk/src/rp2_common/pico_printf/printf.c.obj
 .text._vsnprintf
                0x10002fa4      0x624 CMakeFiles/Optical-SW.dir/C_/VSARM/sdk/Pico/pico-sdk/src/rp2_common/pico_printf/printf.c.obj
 .text.vfctprintf
                0x100035c8       0x20 CMakeFiles/Optical-SW.dir/C_/VSARM/sdk/Pico/pico-sdk/src/rp2_common/pico_printf/printf.c.obj
                0x100035c8                vfctprintf
 .text          0x100035e8       0x10 CMakeFiles/Optical-SW.dir/C_/VSARM/sdk/Pico/pico-sdk/src/rp2_common/pico_bit_ops/bit_ops_aeabi.S.obj
 .text.rom_func_lookup
                0x100035f8       0x10 CMakeFiles/Optical-SW.dir/C_/VSARM/sdk/Pico/pico-sdk/src/rp2_common/pico_bootrom/bootrom.c.obj
                0x100035f8                rom_func_lookup
 .text.rom_data_lookup
                0x10003608       0x10 CMakeFiles/Optical-SW.dir/C_/VSARM/sdk/Pico/pico-sdk/src/rp2_common/pico_bootrom/bootrom.c.obj
                0x10003608                rom_data_lookup
 .text.rom_funcs_lookup
                0x10003618       0x36 CMakeFiles/Optical-SW.dir/C_/VSARM/sdk/Pico/pico-sdk/src/rp2_common/pico_bootrom/bootrom.c.obj
                0x10003618                rom_funcs_lookup
 *fill*         0x1000364e        0x2 
 .text.__wrap___aeabi_idiv
                0x10003650       0x50 CMakeFiles/Optical-SW.dir/C_/VSARM/sdk/Pico/pico-sdk/src/rp2_common/pico_divider/divider.S.obj
                0x10003650                __wrap___aeabi_idivmod
                0x10003650                divmod_s32s32
                0x10003650                div_s32s32
                0x10003650                __wrap___aeabi_idiv
                0x10003658                divmod_s32s32_unsafe
                0x10003684                divmod_s32s32_savestate
 .text.__wrap___aeabi_uidiv
                0x100036a0       0x4c CMakeFiles/Optical-SW.dir/C_/VSARM/sdk/Pico/pico-sdk/src/rp2_common/pico_divider/divider.S.obj
                0x100036a0                __wrap___aeabi_uidiv
                0x100036a0                __wrap___aeabi_uidivmod
                0x100036a0                div_u32u32
                0x100036a0                divmod_u32u32
                0x100036a8                divmod_u32u32_unsafe
                0x100036d0                divmod_u32u32_savestate
 .text.__wrap___aeabi_ldiv
                0x100036ec      0x430 CMakeFiles/Optical-SW.dir/C_/VSARM/sdk/Pico/pico-sdk/src/rp2_common/pico_divider/divider.S.obj
                0x100036ec                div_s64s64
                0x100036ec                divmod_s64s64
                0x100036ec                __wrap___aeabi_ldivmod
                0x10003724                divmod_u64u64
                0x10003724                div_u64u64
                0x10003724                __wrap___aeabi_uldivmod
                0x10003734                divmod_u64u64_savestate
                0x1000375c                divmod_s64s64_unsafe
                0x100037e4                divmod_u64u64_unsafe
 .text.__wrap___aeabi_darithmetic
                0x10003b1c       0x80 CMakeFiles/Optical-SW.dir/C_/VSARM/sdk/Pico/pico-sdk/src/rp2_common/pico_double/double_aeabi.S.obj
                0x10003b1c                __wrap___aeabi_drsub
                0x10003b22                __wrap___aeabi_dsub
                0x10003b34                __wrap___aeabi_dadd
                0x10003b46                __wrap___aeabi_ddiv
                0x10003b82                __wrap___aeabi_dmul
 .text.__wrap___aeabi_cdcmple
                0x10003b9c       0x6c CMakeFiles/Optical-SW.dir/C_/VSARM/sdk/Pico/pico-sdk/src/rp2_common/pico_double/double_aeabi.S.obj
                0x10003b9c                __wrap___aeabi_cdrcmple
                0x10003bac                __wrap___aeabi_cdcmpeq
                0x10003bac                __wrap___aeabi_cdcmple
 .text.__wrap___aeabi_dcmplt
                0x10003c08        0xc CMakeFiles/Optical-SW.dir/C_/VSARM/sdk/Pico/pico-sdk/src/rp2_common/pico_double/double_aeabi.S.obj
                0x10003c08                __wrap___aeabi_dcmplt
 .text.__wrap___aeabi_dcmple
                0x10003c14       0x10 CMakeFiles/Optical-SW.dir/C_/VSARM/sdk/Pico/pico-sdk/src/rp2_common/pico_double/double_aeabi.S.obj
                0x10003c14                __wrap___aeabi_dcmple
 .text.__wrap___aeabi_dcmpge
                0x10003c24       0x10 CMakeFiles/Optical-SW.dir/C_/VSARM/sdk/Pico/pico-sdk/src/rp2_common/pico_double/double_aeabi.S.obj
                0x10003c24                __wrap___aeabi_dcmpge
 .text.__wrap___aeabi_dcmpgt
                0x10003c34        0xa CMakeFiles/Optical-SW.dir/C_/VSARM/sdk/Pico/pico-sdk/src/rp2_common/pico_double/double_aeabi.S.obj
                0x10003c34                __wrap___aeabi_dcmpgt
 .text.__wrap___aeabi_dcmpun
                0x10003c3e       0x1c CMakeFiles/Optical-SW.dir/C_/VSARM/sdk/Pico/pico-sdk/src/rp2_common/pico_double/double_aeabi.S.obj
                0x10003c3e                __wrap___aeabi_dcmpun
 *fill*         0x10003c5a        0x2 
 .text.__wrap___aeabi_i2d
                0x10003c5c       0x38 CMakeFiles/Optical-SW.dir/C_/VSARM/sdk/Pico/pico-sdk/src/rp2_common/pico_double/double_aeabi.S.obj
                0x10003c5c                __wrap___aeabi_ui2d
                0x10003c64                __wrap___aeabi_i2d
 .text.__wrap___aeabi_d2iz
                0x10003c94       0x48 CMakeFiles/Optical-SW.dir/C_/VSARM/sdk/Pico/pico-sdk/src/rp2_common/pico_double/double_aeabi.S.obj
                0x10003c94                double2int_z
                0x10003c94                __wrap___aeabi_d2iz
 .text.__wrap___aeabi_d2uiz
                0x10003cdc       0x18 CMakeFiles/Optical-SW.dir/C_/VSARM/sdk/Pico/pico-sdk/src/rp2_common/pico_double/double_aeabi.S.obj
                0x10003cdc                __wrap___aeabi_d2uiz
                0x10003cdc                double2uint
 .text.__aeabi_double_init
                0x10003cf4       0xb8 CMakeFiles/Optical-SW.dir/C_/VSARM/sdk/Pico/pico-sdk/src/rp2_common/pico_double/double_init_rom.c.obj
                0x10003cf4                __aeabi_double_init
 .text.double_table_shim_on_use_helper
                0x10003dac       0x34 CMakeFiles/Optical-SW.dir/C_/VSARM/sdk/Pico/pico-sdk/src/rp2_common/pico_double/double_v1_rom_shim.S.obj
                0x10003dac                double_table_shim_on_use_helper
 .text.__wrap___aeabi_dsub
                0x10003de0       0x10 CMakeFiles/Optical-SW.dir/C_/VSARM/sdk/Pico/pico-sdk/src/rp2_common/pico_double/double_v1_rom_shim.S.obj
                0x10003de0                drsub_shim
                0x10003de6                dsub_shim
 .text.dadd_shim
                0x10003df0      0x15c CMakeFiles/Optical-SW.dir/C_/VSARM/sdk/Pico/pico-sdk/src/rp2_common/pico_double/double_v1_rom_shim.S.obj
                0x10003df0                dadd_shim
 .text.dmul_shim
                0x10003f4c      0x15c CMakeFiles/Optical-SW.dir/C_/VSARM/sdk/Pico/pico-sdk/src/rp2_common/pico_double/double_v1_rom_shim.S.obj
                0x10003f4c                dmul_shim
 .text.ddiv_shim
                0x100040a8      0x1b0 CMakeFiles/Optical-SW.dir/C_/VSARM/sdk/Pico/pico-sdk/src/rp2_common/pico_double/double_v1_rom_shim.S.obj
                0x100040a8                ddiv_shim
 .text.dcordic_rot_step
                0x10004258       0x7c CMakeFiles/Optical-SW.dir/C_/VSARM/sdk/Pico/pico-sdk/src/rp2_common/pico_double/double_v1_rom_shim.S.obj
                0x10004258                dcordic_rot_step
 .text.double2uint_shim
                0x100042d4        0xe CMakeFiles/Optical-SW.dir/C_/VSARM/sdk/Pico/pico-sdk/src/rp2_common/pico_double/double_v1_rom_shim.S.obj
                0x100042d4                double2uint_shim
                0x100042d6                double2ufix_shim
 *fill*         0x100042e2        0x2 
 .text.double2uint64_shim
                0x100042e4       0x6c CMakeFiles/Optical-SW.dir/C_/VSARM/sdk/Pico/pico-sdk/src/rp2_common/pico_double/double_v1_rom_shim.S.obj
                0x100042e4                double2uint64_shim
                0x100042e6                double2ufix64_shim
                0x10004300                d2fix_a
 .text.dunpacks
                0x10004350       0x3c CMakeFiles/Optical-SW.dir/C_/VSARM/sdk/Pico/pico-sdk/src/rp2_common/pico_double/double_v1_rom_shim.S.obj
                0x10004350                dunpacks
 .text.__aeabi_lmul
                0x1000438c       0x32 CMakeFiles/Optical-SW.dir/C_/VSARM/sdk/Pico/pico-sdk/src/rp2_common/pico_int64_ops/pico_int64_ops_aeabi.S.obj
                0x1000438c                __wrap___aeabi_lmul
 *fill*         0x100043be        0x2 
 .text.__aeabi_float_init
                0x100043c0       0xfc CMakeFiles/Optical-SW.dir/C_/VSARM/sdk/Pico/pico-sdk/src/rp2_common/pico_float/float_init_rom.c.obj
                0x100043c0                __aeabi_float_init
 .text.float_table_shim_on_use_helper
                0x100044bc       0x34 CMakeFiles/Optical-SW.dir/C_/VSARM/sdk/Pico/pico-sdk/src/rp2_common/pico_float/float_v1_rom_shim.S.obj
                0x100044bc                float_table_shim_on_use_helper
 .text          0x100044f0       0x10 CMakeFiles/Optical-SW.dir/C_/VSARM/sdk/Pico/pico-sdk/src/rp2_common/pico_mem_ops/mem_ops_aeabi.S.obj
                0x100044f0                __aeabi_mem_init
 .text.memset   0x10004500        0xc CMakeFiles/Optical-SW.dir/C_/VSARM/sdk/Pico/pico-sdk/src/rp2_common/pico_mem_ops/mem_ops_aeabi.S.obj
                0x10004500                __wrap_memset
 .text.memcpy   0x1000450c        0xc CMakeFiles/Optical-SW.dir/C_/VSARM/sdk/Pico/pico-sdk/src/rp2_common/pico_mem_ops/mem_ops_aeabi.S.obj
                0x1000450c                __wrap_memcpy
                0x1000450c                __wrap___aeabi_memcpy
 .text.stdio_out_chars_crlf
                0x10004518       0x80 CMakeFiles/Optical-SW.dir/C_/VSARM/sdk/Pico/pico-sdk/src/rp2_common/pico_stdio/stdio.c.obj
 .text.stdio_stack_buffer_flush
                0x10004598       0x44 CMakeFiles/Optical-SW.dir/C_/VSARM/sdk/Pico/pico-sdk/src/rp2_common/pico_stdio/stdio.c.obj
 .text.stdio_buffered_printer
                0x100045dc       0x20 CMakeFiles/Optical-SW.dir/C_/VSARM/sdk/Pico/pico-sdk/src/rp2_common/pico_stdio/stdio.c.obj
 .text.stdout_serialize_begin
                0x100045fc       0x30 CMakeFiles/Optical-SW.dir/C_/VSARM/sdk/Pico/pico-sdk/src/rp2_common/pico_stdio/stdio.c.obj
                0x100045fc                stdout_serialize_begin
 .text.stdout_serialize_end
                0x1000462c       0x10 CMakeFiles/Optical-SW.dir/C_/VSARM/sdk/Pico/pico-sdk/src/rp2_common/pico_stdio/stdio.c.obj
                0x1000462c                stdout_serialize_end
 .text.stdio_put_string
                0x1000463c       0x84 CMakeFiles/Optical-SW.dir/C_/VSARM/sdk/Pico/pico-sdk/src/rp2_common/pico_stdio/stdio.c.obj
 .text.stdio_set_driver_enabled
                0x100046c0       0x38 CMakeFiles/Optical-SW.dir/C_/VSARM/sdk/Pico/pico-sdk/src/rp2_common/pico_stdio/stdio.c.obj
                0x100046c0                stdio_set_driver_enabled
 .text.stdio_flush
                0x100046f8       0x20 CMakeFiles/Optical-SW.dir/C_/VSARM/sdk/Pico/pico-sdk/src/rp2_common/pico_stdio/stdio.c.obj
                0x100046f8                stdio_flush
 .text.__wrap_puts
                0x10004718       0x1c CMakeFiles/Optical-SW.dir/C_/VSARM/sdk/Pico/pico-sdk/src/rp2_common/pico_stdio/stdio.c.obj
                0x10004718                __wrap_puts
 .text.__wrap_vprintf
                0x10004734       0x44 CMakeFiles/Optical-SW.dir/C_/VSARM/sdk/Pico/pico-sdk/src/rp2_common/pico_stdio/stdio.c.obj
                0x10004734                __wrap_vprintf
 .text.__wrap_printf
                0x10004778       0x18 CMakeFiles/Optical-SW.dir/C_/VSARM/sdk/Pico/pico-sdk/src/rp2_common/pico_stdio/stdio.c.obj
                0x10004778                __wrap_printf
 .text.stdio_init_all
                0x10004790        0xc CMakeFiles/Optical-SW.dir/C_/VSARM/sdk/Pico/pico-sdk/src/rp2_common/pico_stdio/stdio.c.obj
                0x10004790                stdio_init_all
 .text.stdio_uart_out_chars
                0x1000479c       0x74 CMakeFiles/Optical-SW.dir/C_/VSARM/sdk/Pico/pico-sdk/src/rp2_common/pico_stdio_uart/stdio_uart.c.obj
 .text.stdio_uart_in_chars
                0x10004810       0x58 CMakeFiles/Optical-SW.dir/C_/VSARM/sdk/Pico/pico-sdk/src/rp2_common/pico_stdio_uart/stdio_uart.c.obj
                0x10004810                stdio_uart_in_chars
 .text.stdio_uart_init_full
                0x10004868       0x3c CMakeFiles/Optical-SW.dir/C_/VSARM/sdk/Pico/pico-sdk/src/rp2_common/pico_stdio_uart/stdio_uart.c.obj
                0x10004868                stdio_uart_init_full
 .text.stdio_uart_init
                0x100048a4       0x28 CMakeFiles/Optical-SW.dir/C_/VSARM/sdk/Pico/pico-sdk/src/rp2_common/pico_stdio_uart/stdio_uart.c.obj
                0x100048a4                stdio_uart_init
 .text.resetd_init
                0x100048cc        0x2 CMakeFiles/Optical-SW.dir/C_/VSARM/sdk/Pico/pico-sdk/src/rp2_common/pico_stdio_usb/reset_interface.c.obj
 *fill*         0x100048ce        0x2 
 .text.resetd_reset
                0x100048d0        0xc CMakeFiles/Optical-SW.dir/C_/VSARM/sdk/Pico/pico-sdk/src/rp2_common/pico_stdio_usb/reset_interface.c.obj
 .text.resetd_open
                0x100048dc       0x34 CMakeFiles/Optical-SW.dir/C_/VSARM/sdk/Pico/pico-sdk/src/rp2_common/pico_stdio_usb/reset_interface.c.obj
 .text.resetd_xfer_cb
                0x10004910        0x4 CMakeFiles/Optical-SW.dir/C_/VSARM/sdk/Pico/pico-sdk/src/rp2_common/pico_stdio_usb/reset_interface.c.obj
 .text.reset_usb_boot
                0x10004914       0x18 CMakeFiles/Optical-SW.dir/C_/VSARM/sdk/Pico/pico-sdk/src/rp2_common/pico_stdio_usb/reset_interface.c.obj
 .text.resetd_control_xfer_cb
                0x1000492c       0x5c CMakeFiles/Optical-SW.dir/C_/VSARM/sdk/Pico/pico-sdk/src/rp2_common/pico_stdio_usb/reset_interface.c.obj
 .text.usbd_app_driver_get_cb
                0x10004988        0xc CMakeFiles/Optical-SW.dir/C_/VSARM/sdk/Pico/pico-sdk/src/rp2_common/pico_stdio_usb/reset_interface.c.obj
                0x10004988                usbd_app_driver_get_cb
 .text.tud_cdc_line_coding_cb
                0x10004994       0x28 CMakeFiles/Optical-SW.dir/C_/VSARM/sdk/Pico/pico-sdk/src/rp2_common/pico_stdio_usb/reset_interface.c.obj
                0x10004994                tud_cdc_line_coding_cb
 .text.stdio_usb_in_chars
                0x100049bc       0x70 CMakeFiles/Optical-SW.dir/C_/VSARM/sdk/Pico/pico-sdk/src/rp2_common/pico_stdio_usb/stdio_usb.c.obj
                0x100049bc                stdio_usb_in_chars
 .text.low_priority_worker_irq
                0x10004a2c       0x20 CMakeFiles/Optical-SW.dir/C_/VSARM/sdk/Pico/pico-sdk/src/rp2_common/pico_stdio_usb/stdio_usb.c.obj
 .text.stdio_usb_out_chars
                0x10004a4c       0xd4 CMakeFiles/Optical-SW.dir/C_/VSARM/sdk/Pico/pico-sdk/src/rp2_common/pico_stdio_usb/stdio_usb.c.obj
 .text.timer_task
                0x10004b20       0x10 CMakeFiles/Optical-SW.dir/C_/VSARM/sdk/Pico/pico-sdk/src/rp2_common/pico_stdio_usb/stdio_usb.c.obj
 .text.stdio_usb_init
                0x10004b30       0xb8 CMakeFiles/Optical-SW.dir/C_/VSARM/sdk/Pico/pico-sdk/src/rp2_common/pico_stdio_usb/stdio_usb.c.obj
                0x10004b30                stdio_usb_init
 .text.tud_descriptor_device_cb
                0x10004be8        0x8 CMakeFiles/Optical-SW.dir/C_/VSARM/sdk/Pico/pico-sdk/src/rp2_common/pico_stdio_usb/stdio_usb_descriptors.c.obj
                0x10004be8                tud_descriptor_device_cb
 .text.tud_descriptor_configuration_cb
                0x10004bf0        0x8 CMakeFiles/Optical-SW.dir/C_/VSARM/sdk/Pico/pico-sdk/src/rp2_common/pico_stdio_usb/stdio_usb_descriptors.c.obj
                0x10004bf0                tud_descriptor_configuration_cb
 .text.tud_descriptor_string_cb
                0x10004bf8       0x68 CMakeFiles/Optical-SW.dir/C_/VSARM/sdk/Pico/pico-sdk/src/rp2_common/pico_stdio_usb/stdio_usb_descriptors.c.obj
                0x10004bf8                tud_descriptor_string_cb
 .text.hw_endpoint_get_by_addr
                0x10004c60       0x18 CMakeFiles/Optical-SW.dir/C_/VSARM/sdk/Pico/pico-sdk/lib/tinyusb/src/portable/raspberrypi/rp2040/dcd_rp2040.c.obj
 .text.reset_ep0
                0x10004c78       0x2c CMakeFiles/Optical-SW.dir/C_/VSARM/sdk/Pico/pico-sdk/lib/tinyusb/src/portable/raspberrypi/rp2040/dcd_rp2040.c.obj
 .text._hw_endpoint_alloc
                0x10004ca4       0x80 CMakeFiles/Optical-SW.dir/C_/VSARM/sdk/Pico/pico-sdk/lib/tinyusb/src/portable/raspberrypi/rp2040/dcd_rp2040.c.obj
 .text._hw_endpoint_init
                0x10004d24       0xbc CMakeFiles/Optical-SW.dir/C_/VSARM/sdk/Pico/pico-sdk/lib/tinyusb/src/portable/raspberrypi/rp2040/dcd_rp2040.c.obj
 .text.hw_endpoint_init
                0x10004de0       0x18 CMakeFiles/Optical-SW.dir/C_/VSARM/sdk/Pico/pico-sdk/lib/tinyusb/src/portable/raspberrypi/rp2040/dcd_rp2040.c.obj
 .text.hw_handle_buff_status
                0x10004df8       0xb4 CMakeFiles/Optical-SW.dir/C_/VSARM/sdk/Pico/pico-sdk/lib/tinyusb/src/portable/raspberrypi/rp2040/dcd_rp2040.c.obj
 .text.dcd_rp2040_irq
                0x10004eac       0xa8 CMakeFiles/Optical-SW.dir/C_/VSARM/sdk/Pico/pico-sdk/lib/tinyusb/src/portable/raspberrypi/rp2040/dcd_rp2040.c.obj
 .text.hw_endpoint_xfer
                0x10004f54       0x18 CMakeFiles/Optical-SW.dir/C_/VSARM/sdk/Pico/pico-sdk/lib/tinyusb/src/portable/raspberrypi/rp2040/dcd_rp2040.c.obj
 .text.ep0_0len_status
                0x10004f6c       0x14 CMakeFiles/Optical-SW.dir/C_/VSARM/sdk/Pico/pico-sdk/lib/tinyusb/src/portable/raspberrypi/rp2040/dcd_rp2040.c.obj
 .text._hw_endpoint_stall
                0x10004f80       0x54 CMakeFiles/Optical-SW.dir/C_/VSARM/sdk/Pico/pico-sdk/lib/tinyusb/src/portable/raspberrypi/rp2040/dcd_rp2040.c.obj
 .text.hw_endpoint_stall
                0x10004fd4        0xc CMakeFiles/Optical-SW.dir/C_/VSARM/sdk/Pico/pico-sdk/lib/tinyusb/src/portable/raspberrypi/rp2040/dcd_rp2040.c.obj
 .text._hw_endpoint_clear_stall
                0x10004fe0       0x34 CMakeFiles/Optical-SW.dir/C_/VSARM/sdk/Pico/pico-sdk/lib/tinyusb/src/portable/raspberrypi/rp2040/dcd_rp2040.c.obj
 .text.hw_endpoint_clear_stall
                0x10005014        0xc CMakeFiles/Optical-SW.dir/C_/VSARM/sdk/Pico/pico-sdk/lib/tinyusb/src/portable/raspberrypi/rp2040/dcd_rp2040.c.obj
 .text.dcd_int_enable
                0x10005020       0x2c CMakeFiles/Optical-SW.dir/C_/VSARM/sdk/Pico/pico-sdk/lib/tinyusb/src/portable/raspberrypi/rp2040/dcd_rp2040.c.obj
                0x10005020                dcd_int_enable
 .text.dcd_set_address
                0x1000504c       0x28 CMakeFiles/Optical-SW.dir/C_/VSARM/sdk/Pico/pico-sdk/lib/tinyusb/src/portable/raspberrypi/rp2040/dcd_rp2040.c.obj
                0x1000504c                dcd_set_address
 .text.dcd_connect
                0x10005074       0x30 CMakeFiles/Optical-SW.dir/C_/VSARM/sdk/Pico/pico-sdk/lib/tinyusb/src/portable/raspberrypi/rp2040/dcd_rp2040.c.obj
                0x10005074                dcd_connect
 .text.dcd_init
                0x100050a4       0x84 CMakeFiles/Optical-SW.dir/C_/VSARM/sdk/Pico/pico-sdk/lib/tinyusb/src/portable/raspberrypi/rp2040/dcd_rp2040.c.obj
                0x100050a4                dcd_init
 .text.dcd_edpt0_status_complete
                0x10005128       0x40 CMakeFiles/Optical-SW.dir/C_/VSARM/sdk/Pico/pico-sdk/lib/tinyusb/src/portable/raspberrypi/rp2040/dcd_rp2040.c.obj
                0x10005128                dcd_edpt0_status_complete
 .text.dcd_edpt_open
                0x10005168       0x40 CMakeFiles/Optical-SW.dir/C_/VSARM/sdk/Pico/pico-sdk/lib/tinyusb/src/portable/raspberrypi/rp2040/dcd_rp2040.c.obj
                0x10005168                dcd_edpt_open
 .text.dcd_edpt_xfer
                0x100051a8       0x34 CMakeFiles/Optical-SW.dir/C_/VSARM/sdk/Pico/pico-sdk/lib/tinyusb/src/portable/raspberrypi/rp2040/dcd_rp2040.c.obj
                0x100051a8                dcd_edpt_xfer
 .text.dcd_edpt_stall
                0x100051dc       0x28 CMakeFiles/Optical-SW.dir/C_/VSARM/sdk/Pico/pico-sdk/lib/tinyusb/src/portable/raspberrypi/rp2040/dcd_rp2040.c.obj
                0x100051dc                dcd_edpt_stall
 .text.dcd_edpt_clear_stall
                0x10005204       0x2c CMakeFiles/Optical-SW.dir/C_/VSARM/sdk/Pico/pico-sdk/lib/tinyusb/src/portable/raspberrypi/rp2040/dcd_rp2040.c.obj
                0x10005204                dcd_edpt_clear_stall
 .text.rp2040_usb_init
                0x10005230       0x50 CMakeFiles/Optical-SW.dir/C_/VSARM/sdk/Pico/pico-sdk/lib/tinyusb/src/portable/raspberrypi/rp2040/rp2040_usb.c.obj
                0x10005230                rp2040_usb_init
 .text.hw_endpoint_reset_transfer
                0x10005280       0x10 CMakeFiles/Optical-SW.dir/C_/VSARM/sdk/Pico/pico-sdk/lib/tinyusb/src/portable/raspberrypi/rp2040/rp2040_usb.c.obj
                0x10005280                hw_endpoint_reset_transfer
 .text._hw_endpoint_buffer_control_update32
                0x10005290       0x58 CMakeFiles/Optical-SW.dir/C_/VSARM/sdk/Pico/pico-sdk/lib/tinyusb/src/portable/raspberrypi/rp2040/rp2040_usb.c.obj
                0x10005290                _hw_endpoint_buffer_control_update32
 .text._hw_endpoint_start_next_buffer
                0x100052e8       0x50 CMakeFiles/Optical-SW.dir/C_/VSARM/sdk/Pico/pico-sdk/lib/tinyusb/src/portable/raspberrypi/rp2040/rp2040_usb.c.obj
                0x100052e8                _hw_endpoint_start_next_buffer
 .text._hw_endpoint_xfer_start
                0x10005338       0x3e CMakeFiles/Optical-SW.dir/C_/VSARM/sdk/Pico/pico-sdk/lib/tinyusb/src/portable/raspberrypi/rp2040/rp2040_usb.c.obj
                0x10005338                _hw_endpoint_xfer_start
 *fill*         0x10005376        0x2 
 .text._hw_endpoint_xfer_sync
                0x10005378       0x74 CMakeFiles/Optical-SW.dir/C_/VSARM/sdk/Pico/pico-sdk/lib/tinyusb/src/portable/raspberrypi/rp2040/rp2040_usb.c.obj
                0x10005378                _hw_endpoint_xfer_sync
 .text._hw_endpoint_xfer_continue
                0x100053ec       0x60 CMakeFiles/Optical-SW.dir/C_/VSARM/sdk/Pico/pico-sdk/lib/tinyusb/src/portable/raspberrypi/rp2040/rp2040_usb.c.obj
                0x100053ec                _hw_endpoint_xfer_continue
 .text._hw_endpoint_xfer
                0x1000544c       0x34 CMakeFiles/Optical-SW.dir/C_/VSARM/sdk/Pico/pico-sdk/lib/tinyusb/src/portable/raspberrypi/rp2040/rp2040_usb.c.obj
                0x1000544c                _hw_endpoint_xfer
 .text.mark_interface_endpoint
                0x10005480       0x2a CMakeFiles/Optical-SW.dir/C_/VSARM/sdk/Pico/pico-sdk/lib/tinyusb/src/device/usbd.c.obj
 *fill*         0x100054aa        0x2 
 .text.usbd_reset
                0x100054ac       0x88 CMakeFiles/Optical-SW.dir/C_/VSARM/sdk/Pico/pico-sdk/lib/tinyusb/src/device/usbd.c.obj
 .text.invoke_class_control
                0x10005534       0x1a CMakeFiles/Optical-SW.dir/C_/VSARM/sdk/Pico/pico-sdk/lib/tinyusb/src/device/usbd.c.obj
 *fill*         0x1000554e        0x2 
 .text.process_set_config
                0x10005550      0x1d4 CMakeFiles/Optical-SW.dir/C_/VSARM/sdk/Pico/pico-sdk/lib/tinyusb/src/device/usbd.c.obj
 .text.process_get_descriptor
                0x10005724       0xf8 CMakeFiles/Optical-SW.dir/C_/VSARM/sdk/Pico/pico-sdk/lib/tinyusb/src/device/usbd.c.obj
 .text.tud_mounted
                0x1000581c       0x10 CMakeFiles/Optical-SW.dir/C_/VSARM/sdk/Pico/pico-sdk/lib/tinyusb/src/device/usbd.c.obj
                0x1000581c                tud_mounted
 .text.tud_suspended
                0x1000582c       0x10 CMakeFiles/Optical-SW.dir/C_/VSARM/sdk/Pico/pico-sdk/lib/tinyusb/src/device/usbd.c.obj
                0x1000582c                tud_suspended
 .text.tud_inited
                0x1000583c        0xc CMakeFiles/Optical-SW.dir/C_/VSARM/sdk/Pico/pico-sdk/lib/tinyusb/src/device/usbd.c.obj
                0x1000583c                tud_inited
 .text.tud_init
                0x10005848       0xcc CMakeFiles/Optical-SW.dir/C_/VSARM/sdk/Pico/pico-sdk/lib/tinyusb/src/device/usbd.c.obj
                0x10005848                tud_init
 .text.dcd_event_handler
                0x10005914      0x174 CMakeFiles/Optical-SW.dir/C_/VSARM/sdk/Pico/pico-sdk/lib/tinyusb/src/device/usbd.c.obj
                0x10005914                dcd_event_handler
 .text.dcd_event_bus_signal
                0x10005a88       0x26 CMakeFiles/Optical-SW.dir/C_/VSARM/sdk/Pico/pico-sdk/lib/tinyusb/src/device/usbd.c.obj
                0x10005a88                dcd_event_bus_signal
 .text.dcd_event_bus_reset
                0x10005aae       0x2a CMakeFiles/Optical-SW.dir/C_/VSARM/sdk/Pico/pico-sdk/lib/tinyusb/src/device/usbd.c.obj
                0x10005aae                dcd_event_bus_reset
 .text.dcd_event_setup_received
                0x10005ad8       0x34 CMakeFiles/Optical-SW.dir/C_/VSARM/sdk/Pico/pico-sdk/lib/tinyusb/src/device/usbd.c.obj
                0x10005ad8                dcd_event_setup_received
 .text.dcd_event_xfer_complete
                0x10005b0c       0x44 CMakeFiles/Optical-SW.dir/C_/VSARM/sdk/Pico/pico-sdk/lib/tinyusb/src/device/usbd.c.obj
                0x10005b0c                dcd_event_xfer_complete
 .text.usbd_edpt_open
                0x10005b50       0xe0 CMakeFiles/Optical-SW.dir/C_/VSARM/sdk/Pico/pico-sdk/lib/tinyusb/src/device/usbd.c.obj
                0x10005b50                usbd_edpt_open
 .text.usbd_open_edpt_pair
                0x10005c30       0x8c CMakeFiles/Optical-SW.dir/C_/VSARM/sdk/Pico/pico-sdk/lib/tinyusb/src/device/usbd.c.obj
                0x10005c30                usbd_open_edpt_pair
 .text.usbd_edpt_claim
                0x10005cbc       0x8c CMakeFiles/Optical-SW.dir/C_/VSARM/sdk/Pico/pico-sdk/lib/tinyusb/src/device/usbd.c.obj
                0x10005cbc                usbd_edpt_claim
 .text.usbd_edpt_release
                0x10005d48       0x68 CMakeFiles/Optical-SW.dir/C_/VSARM/sdk/Pico/pico-sdk/lib/tinyusb/src/device/usbd.c.obj
                0x10005d48                usbd_edpt_release
 .text.usbd_edpt_xfer
                0x10005db0       0x80 CMakeFiles/Optical-SW.dir/C_/VSARM/sdk/Pico/pico-sdk/lib/tinyusb/src/device/usbd.c.obj
                0x10005db0                usbd_edpt_xfer
 .text.usbd_edpt_stall
                0x10005e30       0x2c CMakeFiles/Optical-SW.dir/C_/VSARM/sdk/Pico/pico-sdk/lib/tinyusb/src/device/usbd.c.obj
                0x10005e30                usbd_edpt_stall
 .text.usbd_edpt_clear_stall
                0x10005e5c       0x2c CMakeFiles/Optical-SW.dir/C_/VSARM/sdk/Pico/pico-sdk/lib/tinyusb/src/device/usbd.c.obj
                0x10005e5c                usbd_edpt_clear_stall
 .text.usbd_edpt_stalled
                0x10005e88       0x1c CMakeFiles/Optical-SW.dir/C_/VSARM/sdk/Pico/pico-sdk/lib/tinyusb/src/device/usbd.c.obj
                0x10005e88                usbd_edpt_stalled
 .text.process_control_request
                0x10005ea4      0x380 CMakeFiles/Optical-SW.dir/C_/VSARM/sdk/Pico/pico-sdk/lib/tinyusb/src/device/usbd.c.obj
 .text.tud_task
                0x10006224      0x204 CMakeFiles/Optical-SW.dir/C_/VSARM/sdk/Pico/pico-sdk/lib/tinyusb/src/device/usbd.c.obj
                0x10006224                tud_task
 .text._data_stage_xact
                0x10006428       0x58 CMakeFiles/Optical-SW.dir/C_/VSARM/sdk/Pico/pico-sdk/lib/tinyusb/src/device/usbd_control.c.obj
 .text.tud_control_status
                0x10006480       0x38 CMakeFiles/Optical-SW.dir/C_/VSARM/sdk/Pico/pico-sdk/lib/tinyusb/src/device/usbd_control.c.obj
                0x10006480                tud_control_status
 .text.tud_control_xfer
                0x100064b8       0xa8 CMakeFiles/Optical-SW.dir/C_/VSARM/sdk/Pico/pico-sdk/lib/tinyusb/src/device/usbd_control.c.obj
                0x100064b8                tud_control_xfer
 .text.usbd_control_reset
                0x10006560       0x14 CMakeFiles/Optical-SW.dir/C_/VSARM/sdk/Pico/pico-sdk/lib/tinyusb/src/device/usbd_control.c.obj
                0x10006560                usbd_control_reset
 .text.usbd_control_set_complete_callback
                0x10006574        0xc CMakeFiles/Optical-SW.dir/C_/VSARM/sdk/Pico/pico-sdk/lib/tinyusb/src/device/usbd_control.c.obj
                0x10006574                usbd_control_set_complete_callback
 .text.usbd_control_set_request
                0x10006580       0x1c CMakeFiles/Optical-SW.dir/C_/VSARM/sdk/Pico/pico-sdk/lib/tinyusb/src/device/usbd_control.c.obj
                0x10006580                usbd_control_set_request
 .text.usbd_control_xfer_cb
                0x1000659c       0xfc CMakeFiles/Optical-SW.dir/C_/VSARM/sdk/Pico/pico-sdk/lib/tinyusb/src/device/usbd_control.c.obj
                0x1000659c                usbd_control_xfer_cb
 .text._prep_out_transaction
                0x10006698       0x46 CMakeFiles/Optical-SW.dir/C_/VSARM/sdk/Pico/pico-sdk/lib/tinyusb/src/class/cdc/cdc_device.c.obj
 *fill*         0x100066de        0x2 
 .text.tud_cdc_n_connected
                0x100066e0       0x44 CMakeFiles/Optical-SW.dir/C_/VSARM/sdk/Pico/pico-sdk/lib/tinyusb/src/class/cdc/cdc_device.c.obj
                0x100066e0                tud_cdc_n_connected
 .text.tud_cdc_n_available
                0x10006724       0x18 CMakeFiles/Optical-SW.dir/C_/VSARM/sdk/Pico/pico-sdk/lib/tinyusb/src/class/cdc/cdc_device.c.obj
                0x10006724                tud_cdc_n_available
 .text.tud_cdc_n_read
                0x1000673c       0x28 CMakeFiles/Optical-SW.dir/C_/VSARM/sdk/Pico/pico-sdk/lib/tinyusb/src/class/cdc/cdc_device.c.obj
                0x1000673c                tud_cdc_n_read
 .text.tud_cdc_n_write_flush
                0x10006764       0xcc CMakeFiles/Optical-SW.dir/C_/VSARM/sdk/Pico/pico-sdk/lib/tinyusb/src/class/cdc/cdc_device.c.obj
                0x10006764                tud_cdc_n_write_flush
 .text.tud_cdc_n_write
                0x10006830       0x38 CMakeFiles/Optical-SW.dir/C_/VSARM/sdk/Pico/pico-sdk/lib/tinyusb/src/class/cdc/cdc_device.c.obj
                0x10006830                tud_cdc_n_write
 .text.tud_cdc_n_write_available
                0x10006868       0x1c CMakeFiles/Optical-SW.dir/C_/VSARM/sdk/Pico/pico-sdk/lib/tinyusb/src/class/cdc/cdc_device.c.obj
                0x10006868                tud_cdc_n_write_available
 .text.cdcd_init
                0x10006884       0xbc CMakeFiles/Optical-SW.dir/C_/VSARM/sdk/Pico/pico-sdk/lib/tinyusb/src/class/cdc/cdc_device.c.obj
                0x10006884                cdcd_init
 .text.cdcd_reset
                0x10006940       0x44 CMakeFiles/Optical-SW.dir/C_/VSARM/sdk/Pico/pico-sdk/lib/tinyusb/src/class/cdc/cdc_device.c.obj
                0x10006940                cdcd_reset
 .text.cdcd_open
                0x10006984      0x10c CMakeFiles/Optical-SW.dir/C_/VSARM/sdk/Pico/pico-sdk/lib/tinyusb/src/class/cdc/cdc_device.c.obj
                0x10006984                cdcd_open
 .text.cdcd_control_xfer_cb
                0x10006a90      0x134 CMakeFiles/Optical-SW.dir/C_/VSARM/sdk/Pico/pico-sdk/lib/tinyusb/src/class/cdc/cdc_device.c.obj
                0x10006a90                cdcd_control_xfer_cb
 .text.cdcd_xfer_cb
                0x10006bc4      0x144 CMakeFiles/Optical-SW.dir/C_/VSARM/sdk/Pico/pico-sdk/lib/tinyusb/src/class/cdc/cdc_device.c.obj
                0x10006bc4                cdcd_xfer_cb
 .text.tusb_init
                0x10006d08       0x24 CMakeFiles/Optical-SW.dir/C_/VSARM/sdk/Pico/pico-sdk/lib/tinyusb/src/tusb.c.obj
                0x10006d08                tusb_init
 .text.tusb_inited
                0x10006d2c        0xe CMakeFiles/Optical-SW.dir/C_/VSARM/sdk/Pico/pico-sdk/lib/tinyusb/src/tusb.c.obj
                0x10006d2c                tusb_inited
 .text.advance_pointer
                0x10006d3a       0x1e CMakeFiles/Optical-SW.dir/C_/VSARM/sdk/Pico/pico-sdk/lib/tinyusb/src/common/tusb_fifo.c.obj
 .text.backward_pointer
                0x10006d58       0x1a CMakeFiles/Optical-SW.dir/C_/VSARM/sdk/Pico/pico-sdk/lib/tinyusb/src/common/tusb_fifo.c.obj
 .text.get_relative_pointer
                0x10006d72       0x10 CMakeFiles/Optical-SW.dir/C_/VSARM/sdk/Pico/pico-sdk/lib/tinyusb/src/common/tusb_fifo.c.obj
 .text._tu_fifo_peek
                0x10006d82       0x50 CMakeFiles/Optical-SW.dir/C_/VSARM/sdk/Pico/pico-sdk/lib/tinyusb/src/common/tusb_fifo.c.obj
 .text._ff_pull_const_addr
                0x10006dd2       0x4c CMakeFiles/Optical-SW.dir/C_/VSARM/sdk/Pico/pico-sdk/lib/tinyusb/src/common/tusb_fifo.c.obj
 .text._ff_pull_n
                0x10006e1e      0x10c CMakeFiles/Optical-SW.dir/C_/VSARM/sdk/Pico/pico-sdk/lib/tinyusb/src/common/tusb_fifo.c.obj
 .text._tu_fifo_peek_n
                0x10006f2a       0x5e CMakeFiles/Optical-SW.dir/C_/VSARM/sdk/Pico/pico-sdk/lib/tinyusb/src/common/tusb_fifo.c.obj
 .text._tu_fifo_read_n
                0x10006f88       0x4e CMakeFiles/Optical-SW.dir/C_/VSARM/sdk/Pico/pico-sdk/lib/tinyusb/src/common/tusb_fifo.c.obj
 .text._ff_push_const_addr
                0x10006fd6       0x40 CMakeFiles/Optical-SW.dir/C_/VSARM/sdk/Pico/pico-sdk/lib/tinyusb/src/common/tusb_fifo.c.obj
 .text._ff_push_n
                0x10007016      0x108 CMakeFiles/Optical-SW.dir/C_/VSARM/sdk/Pico/pico-sdk/lib/tinyusb/src/common/tusb_fifo.c.obj
 .text._tu_fifo_write_n
                0x1000711e       0x9e CMakeFiles/Optical-SW.dir/C_/VSARM/sdk/Pico/pico-sdk/lib/tinyusb/src/common/tusb_fifo.c.obj
 .text.tu_fifo_config
                0x100071bc       0x72 CMakeFiles/Optical-SW.dir/C_/VSARM/sdk/Pico/pico-sdk/lib/tinyusb/src/common/tusb_fifo.c.obj
                0x100071bc                tu_fifo_config
 .text.tu_fifo_count
                0x1000722e       0x26 CMakeFiles/Optical-SW.dir/C_/VSARM/sdk/Pico/pico-sdk/lib/tinyusb/src/common/tusb_fifo.c.obj
                0x1000722e                tu_fifo_count
 .text.tu_fifo_empty
                0x10007254       0x10 CMakeFiles/Optical-SW.dir/C_/VSARM/sdk/Pico/pico-sdk/lib/tinyusb/src/common/tusb_fifo.c.obj
                0x10007254                tu_fifo_empty
 .text.tu_fifo_remaining
                0x10007264       0x20 CMakeFiles/Optical-SW.dir/C_/VSARM/sdk/Pico/pico-sdk/lib/tinyusb/src/common/tusb_fifo.c.obj
                0x10007264                tu_fifo_remaining
 .text.tu_fifo_read
                0x10007284       0x42 CMakeFiles/Optical-SW.dir/C_/VSARM/sdk/Pico/pico-sdk/lib/tinyusb/src/common/tusb_fifo.c.obj
                0x10007284                tu_fifo_read
 .text.tu_fifo_read_n
                0x100072c6        0xa CMakeFiles/Optical-SW.dir/C_/VSARM/sdk/Pico/pico-sdk/lib/tinyusb/src/common/tusb_fifo.c.obj
                0x100072c6                tu_fifo_read_n
 .text.tu_fifo_write
                0x100072d0       0x6c CMakeFiles/Optical-SW.dir/C_/VSARM/sdk/Pico/pico-sdk/lib/tinyusb/src/common/tusb_fifo.c.obj
                0x100072d0                tu_fifo_write
 .text.tu_fifo_write_n
                0x1000733c        0xa CMakeFiles/Optical-SW.dir/C_/VSARM/sdk/Pico/pico-sdk/lib/tinyusb/src/common/tusb_fifo.c.obj
                0x1000733c                tu_fifo_write_n
 .text.tu_fifo_clear
                0x10007346       0x4c CMakeFiles/Optical-SW.dir/C_/VSARM/sdk/Pico/pico-sdk/lib/tinyusb/src/common/tusb_fifo.c.obj
                0x10007346                tu_fifo_clear
 .text.tu_fifo_set_overwritable
                0x10007392       0x3c CMakeFiles/Optical-SW.dir/C_/VSARM/sdk/Pico/pico-sdk/lib/tinyusb/src/common/tusb_fifo.c.obj
                0x10007392                tu_fifo_set_overwritable
 *fill*         0x100073ce        0x2 
 .text._retrieve_unique_id_on_boot
                0x100073d0       0x10 CMakeFiles/Optical-SW.dir/C_/VSARM/sdk/Pico/pico-sdk/src/rp2_common/pico_unique_id/unique_id.c.obj
 .text.pico_get_unique_board_id_string
                0x100073e0       0x60 CMakeFiles/Optical-SW.dir/C_/VSARM/sdk/Pico/pico-sdk/src/rp2_common/pico_unique_id/unique_id.c.obj
                0x100073e0                pico_get_unique_board_id_string
 .text.flash_get_unique_id
                0x10007440       0x46 CMakeFiles/Optical-SW.dir/C_/VSARM/sdk/Pico/pico-sdk/src/rp2_common/hardware_flash/flash.c.obj
                0x10007440                flash_get_unique_id
 *fill*         0x10007486        0x2 
 .text.strlen   0x10007488       0x5c c:/progra~2/gnuarm~1/102021~1.07/bin/../lib/gcc/arm-none-eabi/10.3.1/../../../../arm-none-eabi/lib/thumb/v6-m/nofp\libg.a(lib_a-strlen-stub.o)
                0x10007488                strlen
 *(.fini)
 .fini          0x100074e4        0x4 c:/progra~2/gnuarm~1/102021~1.07/bin/../lib/gcc/arm-none-eabi/10.3.1/thumb/v6-m/nofp/crti.o
                0x100074e4                _fini
 .fini.__stub   0x100074e8       0x70 linker stubs
 *crtbegin.o(.ctors)
 *crtbegin?.o(.ctors)
 *(EXCLUDE_FILE(*crtend.o *crtend?.o) .ctors)
 *(SORT_BY_NAME(.ctors.*))
 *(.ctors)
 *crtbegin.o(.dtors)
 *crtbegin?.o(.dtors)
 *(EXCLUDE_FILE(*crtend.o *crtend?.o) .dtors)
 *(SORT_BY_NAME(.dtors.*))
 *(.dtors)
 *(.eh_frame*)
 .eh_frame      0x10007558        0x0 c:/progra~2/gnuarm~1/102021~1.07/bin/../lib/gcc/arm-none-eabi/10.3.1/thumb/v6-m/nofp/crtbegin.o
                0x10007558                . = ALIGN (0x4)

.glue_7         0x10007558        0x0
 .glue_7        0x10007558        0x0 linker stubs

.glue_7t        0x10007558        0x0
 .glue_7t       0x10007558        0x0 linker stubs

.vfp11_veneer   0x10007558        0x0
 .vfp11_veneer  0x10007558        0x0 linker stubs

.v4_bx          0x10007558        0x0
 .v4_bx         0x10007558        0x0 linker stubs

.iplt           0x10007558        0x0
 .iplt          0x10007558        0x0 c:/progra~2/gnuarm~1/102021~1.07/bin/../lib/gcc/arm-none-eabi/10.3.1/thumb/v6-m/nofp/crtbegin.o

.rodata         0x10007558     0x1688
 *(EXCLUDE_FILE(*libm.a: *libc.a:*lib_a-mem*.o *libgcc.a:) .rodata*)
 .rodata.swnum  0x10007558       0x18 CMakeFiles/Optical-SW.dir/optical-sw.c.obj
 .rodata.main.str1.4
                0x10007570        0xf CMakeFiles/Optical-SW.dir/optical-sw.c.obj
 *fill*         0x1000757f        0x1 
 .rodata.spin_lock_claim_unused.str1.4
                0x10007580       0x1b CMakeFiles/Optical-SW.dir/C_/VSARM/sdk/Pico/pico-sdk/src/rp2_common/hardware_sync/sync.c.obj
 *fill*         0x1000759b        0x1 
 .rodata.repeating_timer_callback.str1.4
                0x1000759c       0x4b CMakeFiles/Optical-SW.dir/C_/VSARM/sdk/Pico/pico-sdk/src/common/pico_time/time.c.obj
 *fill*         0x100075e7        0x1 
 .rodata.alarm_pool_dump_key.str1.4
                0x100075e8       0x33 CMakeFiles/Optical-SW.dir/C_/VSARM/sdk/Pico/pico-sdk/src/common/pico_time/time.c.obj
 *fill*         0x1000761b        0x1 
 .rodata.ph_add_child_node.str1.4
                0x1000761c       0x96 CMakeFiles/Optical-SW.dir/C_/VSARM/sdk/Pico/pico-sdk/src/common/pico_time/time.c.obj
 *fill*         0x100076b2        0x2 
 .rodata.add_alarm_under_lock.str1.4
                0x100076b4       0x28 CMakeFiles/Optical-SW.dir/C_/VSARM/sdk/Pico/pico-sdk/src/common/pico_time/time.c.obj
                                 0x2b (size before relaxing)
 .rodata.alarm_pool_alarm_callback.str1.4
                0x100076dc       0xe6 CMakeFiles/Optical-SW.dir/C_/VSARM/sdk/Pico/pico-sdk/src/common/pico_time/time.c.obj
 *fill*         0x100077c2        0x2 
 .rodata.alarm_pool_get_default.str1.4
                0x100077c4       0x21 CMakeFiles/Optical-SW.dir/C_/VSARM/sdk/Pico/pico-sdk/src/common/pico_time/time.c.obj
 *fill*         0x100077e5        0x3 
 .rodata.alarm_pool_cancel_alarm.str1.4
                0x100077e8       0x27 CMakeFiles/Optical-SW.dir/C_/VSARM/sdk/Pico/pico-sdk/src/common/pico_time/time.c.obj
 *fill*         0x1000780f        0x1 
 .rodata.sleep_until.str1.4
                0x10007810       0x4d CMakeFiles/Optical-SW.dir/C_/VSARM/sdk/Pico/pico-sdk/src/common/pico_time/time.c.obj
 *fill*         0x1000785d        0x3 
 .rodata.__func__.1
                0x10007860       0x18 CMakeFiles/Optical-SW.dir/C_/VSARM/sdk/Pico/pico-sdk/src/common/pico_time/time.c.obj
 .rodata.__func__.10
                0x10007878       0x15 CMakeFiles/Optical-SW.dir/C_/VSARM/sdk/Pico/pico-sdk/src/common/pico_time/time.c.obj
 *fill*         0x1000788d        0x3 
 .rodata.__func__.11
                0x10007890       0x1a CMakeFiles/Optical-SW.dir/C_/VSARM/sdk/Pico/pico-sdk/src/common/pico_time/time.c.obj
 *fill*         0x100078aa        0x2 
 .rodata.__func__.12
                0x100078ac        0xa CMakeFiles/Optical-SW.dir/C_/VSARM/sdk/Pico/pico-sdk/src/common/pico_time/time.c.obj
 *fill*         0x100078b6        0x2 
 .rodata.__func__.3
                0x100078b8       0x17 CMakeFiles/Optical-SW.dir/C_/VSARM/sdk/Pico/pico-sdk/src/common/pico_time/time.c.obj
 *fill*         0x100078cf        0x1 
 .rodata.__func__.4
                0x100078d0       0x12 CMakeFiles/Optical-SW.dir/C_/VSARM/sdk/Pico/pico-sdk/src/common/pico_time/time.c.obj
 *fill*         0x100078e2        0x2 
 .rodata.__func__.5
                0x100078e4        0xd CMakeFiles/Optical-SW.dir/C_/VSARM/sdk/Pico/pico-sdk/src/common/pico_time/time.c.obj
 *fill*         0x100078f1        0x3 
 .rodata.__func__.6
                0x100078f4       0x12 CMakeFiles/Optical-SW.dir/C_/VSARM/sdk/Pico/pico-sdk/src/common/pico_time/time.c.obj
 *fill*         0x10007906        0x2 
 .rodata.__func__.7
                0x10007908        0xf CMakeFiles/Optical-SW.dir/C_/VSARM/sdk/Pico/pico-sdk/src/common/pico_time/time.c.obj
 *fill*         0x10007917        0x1 
 .rodata.__func__.8
                0x10007918        0xc CMakeFiles/Optical-SW.dir/C_/VSARM/sdk/Pico/pico-sdk/src/common/pico_time/time.c.obj
 .rodata.__func__.9
                0x10007924       0x15 CMakeFiles/Optical-SW.dir/C_/VSARM/sdk/Pico/pico-sdk/src/common/pico_time/time.c.obj
 *fill*         0x10007939        0x3 
 .rodata.hardware_alarm_claim.str1.4
                0x1000793c       0x22 CMakeFiles/Optical-SW.dir/C_/VSARM/sdk/Pico/pico-sdk/src/rp2_common/hardware_timer/timer.c.obj
 *fill*         0x1000795e        0x2 
 .rodata.hardware_alarm_set_target.str1.4
                0x10007960       0x65 CMakeFiles/Optical-SW.dir/C_/VSARM/sdk/Pico/pico-sdk/src/rp2_common/hardware_timer/timer.c.obj
 *fill*         0x100079c5        0x3 
 .rodata.__func__.0
                0x100079c8       0x1a CMakeFiles/Optical-SW.dir/C_/VSARM/sdk/Pico/pico-sdk/src/rp2_common/hardware_timer/timer.c.obj
 *fill*         0x100079e2        0x2 
 .rodata.str1.4
                0x100079e4       0xb1 CMakeFiles/Optical-SW.dir/C_/VSARM/sdk/Pico/pico-sdk/src/common/pico_sync/mutex.c.obj
                                0x115 (size before relaxing)
 *fill*         0x10007a95        0x3 
 .rodata.__func__.0
                0x10007a98        0xb CMakeFiles/Optical-SW.dir/C_/VSARM/sdk/Pico/pico-sdk/src/common/pico_sync/mutex.c.obj
 *fill*         0x10007aa3        0x1 
 .rodata.__func__.1
                0x10007aa4       0x18 CMakeFiles/Optical-SW.dir/C_/VSARM/sdk/Pico/pico-sdk/src/common/pico_sync/mutex.c.obj
 .rodata.__func__.2
                0x10007abc       0x15 CMakeFiles/Optical-SW.dir/C_/VSARM/sdk/Pico/pico-sdk/src/common/pico_sync/mutex.c.obj
 *fill*         0x10007ad1        0x3 
 .rodata.__func__.3
                0x10007ad4       0x15 CMakeFiles/Optical-SW.dir/C_/VSARM/sdk/Pico/pico-sdk/src/common/pico_sync/mutex.c.obj
 .rodata.ph_add_child_node.str1.4
                0x10007ae9       0x96 CMakeFiles/Optical-SW.dir/C_/VSARM/sdk/Pico/pico-sdk/src/common/pico_util/pheap.c.obj
 *fill*         0x10007ae9        0x3 
 .rodata.ph_remove_any_head.str1.4
                0x10007aec       0x8c CMakeFiles/Optical-SW.dir/C_/VSARM/sdk/Pico/pico-sdk/src/common/pico_util/pheap.c.obj
 .rodata.ph_remove_and_free_node.str1.4
                0x10007b78       0x26 CMakeFiles/Optical-SW.dir/C_/VSARM/sdk/Pico/pico-sdk/src/common/pico_util/pheap.c.obj
 *fill*         0x10007b9e        0x2 
 .rodata.__func__.0
                0x10007ba0       0x18 CMakeFiles/Optical-SW.dir/C_/VSARM/sdk/Pico/pico-sdk/src/common/pico_util/pheap.c.obj
 .rodata.__func__.1
                0x10007bb8       0x13 CMakeFiles/Optical-SW.dir/C_/VSARM/sdk/Pico/pico-sdk/src/common/pico_util/pheap.c.obj
 *fill*         0x10007bcb        0x1 
 .rodata.__func__.2
                0x10007bcc       0x12 CMakeFiles/Optical-SW.dir/C_/VSARM/sdk/Pico/pico-sdk/src/common/pico_util/pheap.c.obj
 *fill*         0x10007bde        0x2 
 .rodata.__func__.3
                0x10007be0        0xc CMakeFiles/Optical-SW.dir/C_/VSARM/sdk/Pico/pico-sdk/src/common/pico_util/pheap.c.obj
 .rodata.__assert_func.str1.4
                0x10007bec       0x3f CMakeFiles/Optical-SW.dir/C_/VSARM/sdk/Pico/pico-sdk/src/rp2_common/pico_runtime/runtime.c.obj
                                 0x43 (size before relaxing)
 *fill*         0x10007c2b        0x1 
 .rodata.panic.str1.4
                0x10007c2c       0x12 CMakeFiles/Optical-SW.dir/C_/VSARM/sdk/Pico/pico-sdk/src/rp2_common/pico_runtime/runtime.c.obj
 *fill*         0x10007c3e        0x2 
 .rodata.clock_configure.str1.4
                0x10007c40       0x57 CMakeFiles/Optical-SW.dir/C_/VSARM/sdk/Pico/pico-sdk/src/rp2_common/hardware_clocks/clocks.c.obj
 *fill*         0x10007c97        0x1 
 .rodata.__func__.1
                0x10007c98       0x10 CMakeFiles/Optical-SW.dir/C_/VSARM/sdk/Pico/pico-sdk/src/rp2_common/hardware_clocks/clocks.c.obj
 .rodata.make_branch.str1.4
                0x10007ca8       0x4d CMakeFiles/Optical-SW.dir/C_/VSARM/sdk/Pico/pico-sdk/src/rp2_common/hardware_irq/irq.c.obj
 *fill*         0x10007cf5        0x3 
 .rodata.irq_set_exclusive_handler.str1.4
                0x10007cf8       0x36 CMakeFiles/Optical-SW.dir/C_/VSARM/sdk/Pico/pico-sdk/src/rp2_common/hardware_irq/irq.c.obj
 *fill*         0x10007d2e        0x2 
 .rodata.irq_add_shared_handler.str1.4
                0x10007d30       0xd9 CMakeFiles/Optical-SW.dir/C_/VSARM/sdk/Pico/pico-sdk/src/rp2_common/hardware_irq/irq.c.obj
 *fill*         0x10007e09        0x3 
 .rodata.irq_remove_handler.str1.4
                0x10007e0c       0x2a CMakeFiles/Optical-SW.dir/C_/VSARM/sdk/Pico/pico-sdk/src/rp2_common/hardware_irq/irq.c.obj
 *fill*         0x10007e36        0x2 
 .rodata.irq_add_tail_to_free_list.str1.4
                0x10007e38       0x32 CMakeFiles/Optical-SW.dir/C_/VSARM/sdk/Pico/pico-sdk/src/rp2_common/hardware_irq/irq.c.obj
                                 0x3a (size before relaxing)
 *fill*         0x10007e6a        0x2 
 .rodata.__func__.0
                0x10007e6c       0x1a CMakeFiles/Optical-SW.dir/C_/VSARM/sdk/Pico/pico-sdk/src/rp2_common/hardware_irq/irq.c.obj
 *fill*         0x10007e86        0x2 
 .rodata.__func__.1
                0x10007e88       0x17 CMakeFiles/Optical-SW.dir/C_/VSARM/sdk/Pico/pico-sdk/src/rp2_common/hardware_irq/irq.c.obj
 *fill*         0x10007e9f        0x1 
 .rodata.__func__.2
                0x10007ea0       0x13 CMakeFiles/Optical-SW.dir/C_/VSARM/sdk/Pico/pico-sdk/src/rp2_common/hardware_irq/irq.c.obj
 *fill*         0x10007eb3        0x1 
 .rodata.__func__.3
                0x10007eb4        0xc CMakeFiles/Optical-SW.dir/C_/VSARM/sdk/Pico/pico-sdk/src/rp2_common/hardware_irq/irq.c.obj
 .rodata.__func__.4
                0x10007ec0        0xf CMakeFiles/Optical-SW.dir/C_/VSARM/sdk/Pico/pico-sdk/src/rp2_common/hardware_irq/irq.c.obj
 *fill*         0x10007ecf        0x1 
 .rodata.__func__.6
                0x10007ed0       0x1a CMakeFiles/Optical-SW.dir/C_/VSARM/sdk/Pico/pico-sdk/src/rp2_common/hardware_irq/irq.c.obj
 *fill*         0x10007eea        0x2 
 .rodata.pll_init.str1.4
                0x10007eec       0xdb CMakeFiles/Optical-SW.dir/C_/VSARM/sdk/Pico/pico-sdk/src/rp2_common/hardware_pll/pll.c.obj
 *fill*         0x10007fc7        0x1 
 .rodata.__func__.0
                0x10007fc8        0x9 CMakeFiles/Optical-SW.dir/C_/VSARM/sdk/Pico/pico-sdk/src/rp2_common/hardware_pll/pll.c.obj
 *fill*         0x10007fd1        0x3 
 .rodata._ftoa.str1.4
                0x10007fd4       0x15 CMakeFiles/Optical-SW.dir/C_/VSARM/sdk/Pico/pico-sdk/src/rp2_common/pico_printf/printf.c.obj
 *fill*         0x10007fe9        0x3 
 .rodata._vsnprintf
                0x10007fec      0x1e0 CMakeFiles/Optical-SW.dir/C_/VSARM/sdk/Pico/pico-sdk/src/rp2_common/pico_printf/printf.c.obj
 *fill*         0x100081cc        0x4 
 .rodata.pow10.0
                0x100081d0       0x50 CMakeFiles/Optical-SW.dir/C_/VSARM/sdk/Pico/pico-sdk/src/rp2_common/pico_printf/printf.c.obj
 .rodata.__aeabi_double_init.str1.4
                0x10008220       0xa8 CMakeFiles/Optical-SW.dir/C_/VSARM/sdk/Pico/pico-sdk/src/rp2_common/pico_double/double_init_rom.c.obj
 .rodata.__func__.0
                0x100082c8       0x14 CMakeFiles/Optical-SW.dir/C_/VSARM/sdk/Pico/pico-sdk/src/rp2_common/pico_double/double_init_rom.c.obj
 .rodata.__aeabi_float_init.str1.4
                0x100082dc       0x7a CMakeFiles/Optical-SW.dir/C_/VSARM/sdk/Pico/pico-sdk/src/rp2_common/pico_float/float_init_rom.c.obj
                                 0x7e (size before relaxing)
 *fill*         0x10008356        0x2 
 .rodata.__func__.0
                0x10008358       0x13 CMakeFiles/Optical-SW.dir/C_/VSARM/sdk/Pico/pico-sdk/src/rp2_common/pico_float/float_init_rom.c.obj
 *fill*         0x1000836b        0x1 
 .rodata.str1.4
                0x1000836c       0x40 CMakeFiles/Optical-SW.dir/C_/VSARM/sdk/Pico/pico-sdk/src/rp2_common/pico_standard_link/binary_info.c.obj
 .rodata.__bi_44
                0x100083ac        0xc CMakeFiles/Optical-SW.dir/C_/VSARM/sdk/Pico/pico-sdk/src/rp2_common/pico_standard_link/binary_info.c.obj
 .rodata.__bi_75
                0x100083b8        0xc CMakeFiles/Optical-SW.dir/C_/VSARM/sdk/Pico/pico-sdk/src/rp2_common/pico_standard_link/binary_info.c.obj
 .rodata.__bi_81
                0x100083c4        0xc CMakeFiles/Optical-SW.dir/C_/VSARM/sdk/Pico/pico-sdk/src/rp2_common/pico_standard_link/binary_info.c.obj
 .rodata.crlf_str.3
                0x100083d0        0x2 CMakeFiles/Optical-SW.dir/C_/VSARM/sdk/Pico/pico-sdk/src/rp2_common/pico_stdio/stdio.c.obj
 *fill*         0x100083d2        0x2 
 .rodata.str1.4
                0x100083d4       0x2c CMakeFiles/Optical-SW.dir/C_/VSARM/sdk/Pico/pico-sdk/src/rp2_common/pico_stdio_uart/stdio_uart.c.obj
 .rodata.__bi_28.4
                0x10008400        0xc CMakeFiles/Optical-SW.dir/C_/VSARM/sdk/Pico/pico-sdk/src/rp2_common/pico_stdio_uart/stdio_uart.c.obj
 .rodata.__bi_29.5
                0x1000840c        0x8 CMakeFiles/Optical-SW.dir/C_/VSARM/sdk/Pico/pico-sdk/src/rp2_common/pico_stdio_uart/stdio_uart.c.obj
 .rodata._resetd_driver
                0x10008414       0x18 CMakeFiles/Optical-SW.dir/C_/VSARM/sdk/Pico/pico-sdk/src/rp2_common/pico_stdio_usb/reset_interface.c.obj
 .rodata.stdio_usb_init.str1.4
                0x1000842c       0x61 CMakeFiles/Optical-SW.dir/C_/VSARM/sdk/Pico/pico-sdk/src/rp2_common/pico_stdio_usb/stdio_usb.c.obj
 .rodata.str1.4
                0x1000842c       0x13 CMakeFiles/Optical-SW.dir/C_/VSARM/sdk/Pico/pico-sdk/src/rp2_common/pico_stdio_usb/stdio_usb.c.obj
 *fill*         0x1000843f        0x1 
 .rodata.__bi_93.1
                0x10008440        0xc CMakeFiles/Optical-SW.dir/C_/VSARM/sdk/Pico/pico-sdk/src/rp2_common/pico_stdio_usb/stdio_usb.c.obj
 .rodata.__func__.0
                0x1000844c       0x15 CMakeFiles/Optical-SW.dir/C_/VSARM/sdk/Pico/pico-sdk/src/rp2_common/pico_stdio_usb/stdio_usb.c.obj
 *fill*         0x10008461        0x3 
 .rodata.str1.4
                0x10008464       0x2a CMakeFiles/Optical-SW.dir/C_/VSARM/sdk/Pico/pico-sdk/src/rp2_common/pico_stdio_usb/stdio_usb_descriptors.c.obj
 *fill*         0x1000848e        0x2 
 .rodata.usbd_desc_cfg
                0x10008490       0x54 CMakeFiles/Optical-SW.dir/C_/VSARM/sdk/Pico/pico-sdk/src/rp2_common/pico_stdio_usb/stdio_usb_descriptors.c.obj
 .rodata.usbd_desc_device
                0x100084e4       0x12 CMakeFiles/Optical-SW.dir/C_/VSARM/sdk/Pico/pico-sdk/src/rp2_common/pico_stdio_usb/stdio_usb_descriptors.c.obj
 *fill*         0x100084f6        0x2 
 .rodata.usbd_desc_str
                0x100084f8       0x18 CMakeFiles/Optical-SW.dir/C_/VSARM/sdk/Pico/pico-sdk/src/rp2_common/pico_stdio_usb/stdio_usb_descriptors.c.obj
 .rodata._hw_endpoint_alloc.str1.4
                0x10008510       0xb5 CMakeFiles/Optical-SW.dir/C_/VSARM/sdk/Pico/pico-sdk/lib/tinyusb/src/portable/raspberrypi/rp2040/dcd_rp2040.c.obj
 *fill*         0x100085c5        0x3 
 .rodata._hw_endpoint_init.str1.4
                0x100085c8       0x28 CMakeFiles/Optical-SW.dir/C_/VSARM/sdk/Pico/pico-sdk/lib/tinyusb/src/portable/raspberrypi/rp2040/dcd_rp2040.c.obj
 .rodata.hw_handle_buff_status.str1.4
                0x100085f0        0xb CMakeFiles/Optical-SW.dir/C_/VSARM/sdk/Pico/pico-sdk/lib/tinyusb/src/portable/raspberrypi/rp2040/dcd_rp2040.c.obj
 *fill*         0x100085fb        0x1 
 .rodata.dcd_rp2040_irq.str1.4
                0x100085fc       0x14 CMakeFiles/Optical-SW.dir/C_/VSARM/sdk/Pico/pico-sdk/lib/tinyusb/src/portable/raspberrypi/rp2040/dcd_rp2040.c.obj
 .rodata._hw_endpoint_stall.str1.4
                0x10008610        0xd CMakeFiles/Optical-SW.dir/C_/VSARM/sdk/Pico/pico-sdk/lib/tinyusb/src/portable/raspberrypi/rp2040/dcd_rp2040.c.obj
 *fill*         0x1000861d        0x3 
 .rodata.dcd_int_enable.str1.4
                0x10008620        0xc CMakeFiles/Optical-SW.dir/C_/VSARM/sdk/Pico/pico-sdk/lib/tinyusb/src/portable/raspberrypi/rp2040/dcd_rp2040.c.obj
 .rodata.__func__.0
                0x1000862c       0x15 CMakeFiles/Optical-SW.dir/C_/VSARM/sdk/Pico/pico-sdk/lib/tinyusb/src/portable/raspberrypi/rp2040/dcd_rp2040.c.obj
 *fill*         0x10008641        0x3 
 .rodata.__func__.1
                0x10008644       0x13 CMakeFiles/Optical-SW.dir/C_/VSARM/sdk/Pico/pico-sdk/lib/tinyusb/src/portable/raspberrypi/rp2040/dcd_rp2040.c.obj
 *fill*         0x10008657        0x1 
 .rodata.__func__.11
                0x10008658        0xf CMakeFiles/Optical-SW.dir/C_/VSARM/sdk/Pico/pico-sdk/lib/tinyusb/src/portable/raspberrypi/rp2040/dcd_rp2040.c.obj
 *fill*         0x10008667        0x1 
 .rodata.__func__.12
                0x10008668       0x13 CMakeFiles/Optical-SW.dir/C_/VSARM/sdk/Pico/pico-sdk/lib/tinyusb/src/portable/raspberrypi/rp2040/dcd_rp2040.c.obj
 *fill*         0x1000867b        0x1 
 .rodata.__func__.13
                0x1000867c       0x16 CMakeFiles/Optical-SW.dir/C_/VSARM/sdk/Pico/pico-sdk/lib/tinyusb/src/portable/raspberrypi/rp2040/dcd_rp2040.c.obj
 *fill*         0x10008692        0x2 
 .rodata.__func__.14
                0x10008694        0x9 CMakeFiles/Optical-SW.dir/C_/VSARM/sdk/Pico/pico-sdk/lib/tinyusb/src/portable/raspberrypi/rp2040/dcd_rp2040.c.obj
 *fill*         0x1000869d        0x3 
 .rodata.__func__.2
                0x100086a0        0xf CMakeFiles/Optical-SW.dir/C_/VSARM/sdk/Pico/pico-sdk/lib/tinyusb/src/portable/raspberrypi/rp2040/dcd_rp2040.c.obj
 *fill*         0x100086af        0x1 
 .rodata.__func__.3
                0x100086b0        0xe CMakeFiles/Optical-SW.dir/C_/VSARM/sdk/Pico/pico-sdk/lib/tinyusb/src/portable/raspberrypi/rp2040/dcd_rp2040.c.obj
 *fill*         0x100086be        0x2 
 .rodata.__func__.4
                0x100086c0        0xe CMakeFiles/Optical-SW.dir/C_/VSARM/sdk/Pico/pico-sdk/lib/tinyusb/src/portable/raspberrypi/rp2040/dcd_rp2040.c.obj
 *fill*         0x100086ce        0x2 
 .rodata.__func__.5
                0x100086d0       0x1a CMakeFiles/Optical-SW.dir/C_/VSARM/sdk/Pico/pico-sdk/lib/tinyusb/src/portable/raspberrypi/rp2040/dcd_rp2040.c.obj
 *fill*         0x100086ea        0x2 
 .rodata.__func__.6
                0x100086ec        0xc CMakeFiles/Optical-SW.dir/C_/VSARM/sdk/Pico/pico-sdk/lib/tinyusb/src/portable/raspberrypi/rp2040/dcd_rp2040.c.obj
 .rodata.__func__.9
                0x100086f8       0x10 CMakeFiles/Optical-SW.dir/C_/VSARM/sdk/Pico/pico-sdk/lib/tinyusb/src/portable/raspberrypi/rp2040/dcd_rp2040.c.obj
 .rodata._hw_endpoint_buffer_control_update32.str1.4
                0x10008708       0x1f CMakeFiles/Optical-SW.dir/C_/VSARM/sdk/Pico/pico-sdk/lib/tinyusb/src/portable/raspberrypi/rp2040/rp2040_usb.c.obj
 *fill*         0x10008727        0x1 
 .rodata._hw_endpoint_xfer_sync.str1.4
                0x10008728       0x91 CMakeFiles/Optical-SW.dir/C_/VSARM/sdk/Pico/pico-sdk/lib/tinyusb/src/portable/raspberrypi/rp2040/rp2040_usb.c.obj
 *fill*         0x100087b9        0x3 
 .rodata._hw_endpoint_xfer_continue.str1.4
                0x100087bc       0x50 CMakeFiles/Optical-SW.dir/C_/VSARM/sdk/Pico/pico-sdk/lib/tinyusb/src/portable/raspberrypi/rp2040/rp2040_usb.c.obj
 .rodata._hw_endpoint_xfer.str1.4
                0x1000880c        0xf CMakeFiles/Optical-SW.dir/C_/VSARM/sdk/Pico/pico-sdk/lib/tinyusb/src/portable/raspberrypi/rp2040/rp2040_usb.c.obj
 .rodata.str1.4
                0x1000881b        0xf CMakeFiles/Optical-SW.dir/C_/VSARM/sdk/Pico/pico-sdk/lib/tinyusb/src/portable/raspberrypi/rp2040/rp2040_usb.c.obj
                                  0x7 (size before relaxing)
 *fill*         0x1000881b        0x1 
 .rodata.__func__.0
                0x1000881c       0x12 CMakeFiles/Optical-SW.dir/C_/VSARM/sdk/Pico/pico-sdk/lib/tinyusb/src/portable/raspberrypi/rp2040/rp2040_usb.c.obj
 *fill*         0x1000882e        0x2 
 .rodata.__func__.1
                0x10008830       0x17 CMakeFiles/Optical-SW.dir/C_/VSARM/sdk/Pico/pico-sdk/lib/tinyusb/src/portable/raspberrypi/rp2040/rp2040_usb.c.obj
 *fill*         0x10008847        0x1 
 .rodata.process_set_config.str1.4
                0x10008848       0x17 CMakeFiles/Optical-SW.dir/C_/VSARM/sdk/Pico/pico-sdk/lib/tinyusb/src/device/usbd.c.obj
 *fill*         0x1000885f        0x1 
 .rodata.process_get_descriptor
                0x10008860       0x40 CMakeFiles/Optical-SW.dir/C_/VSARM/sdk/Pico/pico-sdk/lib/tinyusb/src/device/usbd.c.obj
 .rodata.process_control_request
                0x100088a0       0x28 CMakeFiles/Optical-SW.dir/C_/VSARM/sdk/Pico/pico-sdk/lib/tinyusb/src/device/usbd.c.obj
 .rodata.tud_task
                0x100088c8       0x24 CMakeFiles/Optical-SW.dir/C_/VSARM/sdk/Pico/pico-sdk/lib/tinyusb/src/device/usbd.c.obj
 .rodata.__func__.2
                0x100088ec        0xf CMakeFiles/Optical-SW.dir/C_/VSARM/sdk/Pico/pico-sdk/lib/tinyusb/src/device/usbd.c.obj
 *fill*         0x100088fb        0x1 
 .rodata.__func__.3
                0x100088fc        0xf CMakeFiles/Optical-SW.dir/C_/VSARM/sdk/Pico/pico-sdk/lib/tinyusb/src/device/usbd.c.obj
 *fill*         0x1000890b        0x1 
 .rodata.__func__.4
                0x1000890c       0x14 CMakeFiles/Optical-SW.dir/C_/VSARM/sdk/Pico/pico-sdk/lib/tinyusb/src/device/usbd.c.obj
 .rodata.__func__.5
                0x10008920       0x10 CMakeFiles/Optical-SW.dir/C_/VSARM/sdk/Pico/pico-sdk/lib/tinyusb/src/device/usbd.c.obj
 .rodata.__func__.6
                0x10008930       0x17 CMakeFiles/Optical-SW.dir/C_/VSARM/sdk/Pico/pico-sdk/lib/tinyusb/src/device/usbd.c.obj
 *fill*         0x10008947        0x1 
 .rodata.__func__.7
                0x10008948       0x13 CMakeFiles/Optical-SW.dir/C_/VSARM/sdk/Pico/pico-sdk/lib/tinyusb/src/device/usbd.c.obj
 *fill*         0x1000895b        0x1 
 .rodata.__func__.8
                0x1000895c       0x18 CMakeFiles/Optical-SW.dir/C_/VSARM/sdk/Pico/pico-sdk/lib/tinyusb/src/device/usbd.c.obj
 .rodata.__func__.9
                0x10008974        0x9 CMakeFiles/Optical-SW.dir/C_/VSARM/sdk/Pico/pico-sdk/lib/tinyusb/src/device/usbd.c.obj
 *fill*         0x1000897d        0x3 
 .rodata._usbd_driver
                0x10008980       0x18 CMakeFiles/Optical-SW.dir/C_/VSARM/sdk/Pico/pico-sdk/lib/tinyusb/src/device/usbd.c.obj
 .rodata.tud_control_xfer.str1.4
                0x10008998       0x17 CMakeFiles/Optical-SW.dir/C_/VSARM/sdk/Pico/pico-sdk/lib/tinyusb/src/device/usbd_control.c.obj
 .rodata.__func__.0
                0x10008998       0x15 CMakeFiles/Optical-SW.dir/C_/VSARM/sdk/Pico/pico-sdk/lib/tinyusb/src/device/usbd_control.c.obj
 *fill*         0x100089ad        0x3 
 .rodata.__func__.1
                0x100089b0       0x11 CMakeFiles/Optical-SW.dir/C_/VSARM/sdk/Pico/pico-sdk/lib/tinyusb/src/device/usbd_control.c.obj
 .rodata.tud_cdc_n_write_flush.str1.4
                0x100089c1       0x17 CMakeFiles/Optical-SW.dir/C_/VSARM/sdk/Pico/pico-sdk/lib/tinyusb/src/class/cdc/cdc_device.c.obj
 *fill*         0x100089c1        0x3 
 .rodata.__func__.0
                0x100089c4        0xd CMakeFiles/Optical-SW.dir/C_/VSARM/sdk/Pico/pico-sdk/lib/tinyusb/src/class/cdc/cdc_device.c.obj
 *fill*         0x100089d1        0x3 
 .rodata.__func__.1
                0x100089d4        0xa CMakeFiles/Optical-SW.dir/C_/VSARM/sdk/Pico/pico-sdk/lib/tinyusb/src/class/cdc/cdc_device.c.obj
 *fill*         0x100089de        0x2 
 .rodata.__func__.2
                0x100089e0       0x16 CMakeFiles/Optical-SW.dir/C_/VSARM/sdk/Pico/pico-sdk/lib/tinyusb/src/class/cdc/cdc_device.c.obj
 .rodata.tusb_init.str1.4
                0x100089f6       0x17 CMakeFiles/Optical-SW.dir/C_/VSARM/sdk/Pico/pico-sdk/lib/tinyusb/src/tusb.c.obj
 *fill*         0x100089f6        0x2 
 .rodata.__func__.0
                0x100089f8        0xa CMakeFiles/Optical-SW.dir/C_/VSARM/sdk/Pico/pico-sdk/lib/tinyusb/src/tusb.c.obj
 *fill*         0x10008a02        0x2 
 .rodata.pico_get_unique_board_id_string.str1.4
                0x10008a04       0x4d CMakeFiles/Optical-SW.dir/C_/VSARM/sdk/Pico/pico-sdk/src/rp2_common/pico_unique_id/unique_id.c.obj
 *fill*         0x10008a51        0x3 
 .rodata.__func__.0
                0x10008a54       0x20 CMakeFiles/Optical-SW.dir/C_/VSARM/sdk/Pico/pico-sdk/src/rp2_common/pico_unique_id/unique_id.c.obj
 .rodata.str1.4
                0x10008a74      0x15a CMakeFiles/Optical-SW.dir/C_/VSARM/sdk/Pico/pico-sdk/src/rp2_common/hardware_flash/flash.c.obj
 *fill*         0x10008bce        0x2 
 .rodata.__func__.0
                0x10008bd0        0xd CMakeFiles/Optical-SW.dir/C_/VSARM/sdk/Pico/pico-sdk/src/rp2_common/hardware_flash/flash.c.obj
                0x10008be0                . = ALIGN (0x4)
 *fill*         0x10008bdd        0x3 
 *(SORT_BY_ALIGNMENT(SORT_BY_NAME(.flashdata*)))
                0x10008be0                . = ALIGN (0x4)

.rel.dyn        0x10008be0        0x0
 .rel.iplt      0x10008be0        0x0 c:/progra~2/gnuarm~1/102021~1.07/bin/../lib/gcc/arm-none-eabi/10.3.1/thumb/v6-m/nofp/crtbegin.o

.ARM.extab
 *(.ARM.extab* .gnu.linkonce.armextab.*)
                0x10008be0                __exidx_start = .

.ARM.exidx
 *(.ARM.exidx* .gnu.linkonce.armexidx.*)
                0x10008be0                __exidx_end = .
                0x10008be0                . = ALIGN (0x4)
                0x10008be0                __binary_info_start = .

.binary_info    0x10008be0       0x28
 *(.binary_info.keep.*)
 .binary_info.keep.__bi_ptr22
                0x10008be0        0x4 CMakeFiles/Optical-SW.dir/C_/VSARM/sdk/Pico/pico-sdk/src/rp2_common/pico_standard_link/binary_info.c.obj
 .binary_info.keep.__bi_ptr30
                0x10008be4        0x4 CMakeFiles/Optical-SW.dir/C_/VSARM/sdk/Pico/pico-sdk/src/rp2_common/pico_standard_link/binary_info.c.obj
 .binary_info.keep.__bi_ptr38
                0x10008be8        0x4 CMakeFiles/Optical-SW.dir/C_/VSARM/sdk/Pico/pico-sdk/src/rp2_common/pico_standard_link/binary_info.c.obj
 .binary_info.keep.__bi_ptr44
                0x10008bec        0x4 CMakeFiles/Optical-SW.dir/C_/VSARM/sdk/Pico/pico-sdk/src/rp2_common/pico_standard_link/binary_info.c.obj
 .binary_info.keep.__bi_ptr50
                0x10008bf0        0x4 CMakeFiles/Optical-SW.dir/C_/VSARM/sdk/Pico/pico-sdk/src/rp2_common/pico_standard_link/binary_info.c.obj
 .binary_info.keep.__bi_ptr75
                0x10008bf4        0x4 CMakeFiles/Optical-SW.dir/C_/VSARM/sdk/Pico/pico-sdk/src/rp2_common/pico_standard_link/binary_info.c.obj
 .binary_info.keep.__bi_ptr81
                0x10008bf8        0x4 CMakeFiles/Optical-SW.dir/C_/VSARM/sdk/Pico/pico-sdk/src/rp2_common/pico_standard_link/binary_info.c.obj
 *(.binary_info.*)
 .binary_info.__bi_ptr28
                0x10008bfc        0x4 CMakeFiles/Optical-SW.dir/C_/VSARM/sdk/Pico/pico-sdk/src/rp2_common/pico_stdio_uart/stdio_uart.c.obj
 .binary_info.__bi_ptr29
                0x10008c00        0x4 CMakeFiles/Optical-SW.dir/C_/VSARM/sdk/Pico/pico-sdk/src/rp2_common/pico_stdio_uart/stdio_uart.c.obj
 .binary_info.__bi_ptr93
                0x10008c04        0x4 CMakeFiles/Optical-SW.dir/C_/VSARM/sdk/Pico/pico-sdk/src/rp2_common/pico_stdio_usb/stdio_usb.c.obj
                0x10008c08                __binary_info_end = .
                0x10008c08                . = ALIGN (0x4)
                0x10008c08                __etext = .

.ram_vector_table
                0x20000000       0xc0
 *(.ram_vector_table)
 .ram_vector_table
                0x20000000       0xc0 CMakeFiles/Optical-SW.dir/C_/VSARM/sdk/Pico/pico-sdk/src/rp2_common/pico_runtime/runtime.c.obj
                0x20000000                ram_vector_table

.data           0x200000c0      0x534 load address 0x10008c08
                0x200000c0                __data_start__ = .
 *(vtable)
 *(.time_critical*)
 .time_critical.mutex_enter_blocking
                0x200000c0       0x94 CMakeFiles/Optical-SW.dir/C_/VSARM/sdk/Pico/pico-sdk/src/common/pico_sync/mutex.c.obj
                0x200000c0                mutex_enter_blocking
 .time_critical.mutex_try_enter
                0x20000154       0x5a CMakeFiles/Optical-SW.dir/C_/VSARM/sdk/Pico/pico-sdk/src/common/pico_sync/mutex.c.obj
                0x20000154                mutex_try_enter
 *fill*         0x200001ae        0x2 
 .time_critical.mutex_enter_block_until
                0x200001b0       0x8c CMakeFiles/Optical-SW.dir/C_/VSARM/sdk/Pico/pico-sdk/src/common/pico_sync/mutex.c.obj
                0x200001b0                mutex_enter_block_until
 .time_critical.mutex_enter_timeout_ms
                0x2000023c       0x74 CMakeFiles/Optical-SW.dir/C_/VSARM/sdk/Pico/pico-sdk/src/common/pico_sync/mutex.c.obj
                0x2000023c                mutex_enter_timeout_ms
 .time_critical.mutex_exit
                0x200002b0       0x94 CMakeFiles/Optical-SW.dir/C_/VSARM/sdk/Pico/pico-sdk/src/common/pico_sync/mutex.c.obj
                0x200002b0                mutex_exit
 .time_critical.flash_init_boot2_copyout
                0x20000344       0x30 CMakeFiles/Optical-SW.dir/C_/VSARM/sdk/Pico/pico-sdk/src/rp2_common/hardware_flash/flash.c.obj
 .time_critical.flash_enable_xip_via_boot2
                0x20000374       0x10 CMakeFiles/Optical-SW.dir/C_/VSARM/sdk/Pico/pico-sdk/src/rp2_common/hardware_flash/flash.c.obj
 .time_critical.flash_cs_force
                0x20000384       0x28 CMakeFiles/Optical-SW.dir/C_/VSARM/sdk/Pico/pico-sdk/src/rp2_common/hardware_flash/flash.c.obj
 .time_critical.flash_do_cmd
                0x200003ac       0xc0 CMakeFiles/Optical-SW.dir/C_/VSARM/sdk/Pico/pico-sdk/src/rp2_common/hardware_flash/flash.c.obj
                0x200003ac                flash_do_cmd
 *(.text*)
 .text          0x2000046c        0x4 c:/progra~2/gnuarm~1/102021~1.07/bin/../lib/gcc/arm-none-eabi/10.3.1/thumb/v6-m/nofp\libgcc.a(_dvmd_tls.o)
                0x2000046c                __aeabi_idiv0
                0x2000046c                __aeabi_ldiv0
 .text.__stub   0x20000470       0x50 linker stubs
                0x200004c0                . = ALIGN (0x4)
 *(.rodata*)
                0x200004c0                . = ALIGN (0x4)
 *(.data*)
 .data.segPin   0x200004c0       0x20 CMakeFiles/Optical-SW.dir/optical-sw.c.obj
                0x200004c0                segPin
 .data.striped_spin_lock_num
                0x200004e0        0x1 CMakeFiles/Optical-SW.dir/C_/VSARM/sdk/Pico/pico-sdk/src/rp2_common/hardware_sync/sync.c.obj
 *fill*         0x200004e1        0x3 
 .data.default_alarm_pool
                0x200004e4       0x18 CMakeFiles/Optical-SW.dir/C_/VSARM/sdk/Pico/pico-sdk/src/common/pico_time/time.c.obj
 .data.default_alarm_pool_heap
                0x200004fc       0x10 CMakeFiles/Optical-SW.dir/C_/VSARM/sdk/Pico/pico-sdk/src/common/pico_time/time.c.obj
 .data          0x2000050c       0x48 CMakeFiles/Optical-SW.dir/C_/VSARM/sdk/Pico/pico-sdk/src/rp2_common/hardware_irq/irq_handler_chain.S.obj
                0x2000050c                irq_handler_chain_slots
                0x2000053c                irq_handler_chain_first_slot
                0x20000546                irq_handler_chain_remove_tail
 *fill*         0x20000554        0xc 
 .data.aeabi_bits_funcs
                0x20000560       0x10 CMakeFiles/Optical-SW.dir/C_/VSARM/sdk/Pico/pico-sdk/src/rp2_common/pico_bit_ops/bit_ops_aeabi.S.obj
                0x20000560                aeabi_bits_funcs
                0x20000570                aeabi_bits_funcs_end
 .data.aeabi_mem_funcs
                0x20000570       0x10 CMakeFiles/Optical-SW.dir/C_/VSARM/sdk/Pico/pico-sdk/src/rp2_common/pico_mem_ops/mem_ops_aeabi.S.obj
                0x20000570                aeabi_mem_funcs
                0x20000580                aeabi_mem_funcs_end
 .data.stdio_uart
                0x20000580       0x14 CMakeFiles/Optical-SW.dir/C_/VSARM/sdk/Pico/pico-sdk/src/rp2_common/pico_stdio_uart/stdio_uart.c.obj
                0x20000580                stdio_uart
 .data.stdio_usb
                0x20000594       0x14 CMakeFiles/Optical-SW.dir/C_/VSARM/sdk/Pico/pico-sdk/src/rp2_common/pico_stdio_usb/stdio_usb.c.obj
                0x20000594                stdio_usb
 .data.ep_dir_string
                0x200005a8        0x8 CMakeFiles/Optical-SW.dir/C_/VSARM/sdk/Pico/pico-sdk/lib/tinyusb/src/portable/raspberrypi/rp2040/rp2040_usb.c.obj
                0x200005a8                ep_dir_string
 .data._usbd_qdef
                0x200005b0       0x24 CMakeFiles/Optical-SW.dir/C_/VSARM/sdk/Pico/pico-sdk/lib/tinyusb/src/device/usbd.c.obj
                0x200005b0                _usbd_qdef
                0x200005d4                . = ALIGN (0x4)
 *(.after_data.*)
                0x200005d4                . = ALIGN (0x4)
                0x200005d4                PROVIDE (__mutex_array_start = .)
 *(SORT_BY_NAME(.mutex_array.*))
 *(.mutex_array)
 .mutex_array   0x200005d4        0x8 CMakeFiles/Optical-SW.dir/C_/VSARM/sdk/Pico/pico-sdk/src/rp2_common/pico_stdio/stdio.c.obj
                0x200005dc                PROVIDE (__mutex_array_end = .)
                0x200005dc                . = ALIGN (0x4)
                0x200005dc                PROVIDE (__preinit_array_start = .)
 *(SORT_BY_NAME(.preinit_array.*))
 .preinit_array.00001
                0x200005dc        0x4 CMakeFiles/Optical-SW.dir/C_/VSARM/sdk/Pico/pico-sdk/src/rp2_common/pico_mem_ops/mem_ops_aeabi.S.obj
 .preinit_array.00010
                0x200005e0        0x4 CMakeFiles/Optical-SW.dir/C_/VSARM/sdk/Pico/pico-sdk/src/rp2_common/pico_bit_ops/bit_ops_aeabi.S.obj
 .preinit_array.00020
                0x200005e4        0x4 CMakeFiles/Optical-SW.dir/C_/VSARM/sdk/Pico/pico-sdk/src/rp2_common/pico_double/double_aeabi.S.obj
 .preinit_array.00020
                0x200005e8        0x4 CMakeFiles/Optical-SW.dir/C_/VSARM/sdk/Pico/pico-sdk/src/rp2_common/pico_float/float_aeabi.S.obj
 *(.preinit_array)
                0x200005ec                PROVIDE (__preinit_array_end = .)
                0x200005ec                . = ALIGN (0x4)
                0x200005ec                PROVIDE (__init_array_start = .)
 *(SORT_BY_NAME(.init_array.*))
 *(.init_array)
 .init_array    0x200005ec        0x4 c:/progra~2/gnuarm~1/102021~1.07/bin/../lib/gcc/arm-none-eabi/10.3.1/thumb/v6-m/nofp/crtbegin.o
 .init_array    0x200005f0        0x4 CMakeFiles/Optical-SW.dir/C_/VSARM/sdk/Pico/pico-sdk/src/rp2_common/pico_unique_id/unique_id.c.obj
                0x200005f4                PROVIDE (__init_array_end = .)
                0x200005f4                . = ALIGN (0x4)
                [!provide]                PROVIDE (__fini_array_start = .)
 *(SORT_BY_NAME(.fini_array.*))
 *(.fini_array)
                [!provide]                PROVIDE (__fini_array_end = .)
 *(.jcr)
                0x200005f4                . = ALIGN (0x4)
                0x200005f4                __data_end__ = .

.igot.plt       0x200005f4        0x0 load address 0x1000913c
 .igot.plt      0x200005f4        0x0 c:/progra~2/gnuarm~1/102021~1.07/bin/../lib/gcc/arm-none-eabi/10.3.1/thumb/v6-m/nofp/crtbegin.o

.uninitialized_data
                0x200005f4        0x0 load address 0x1000913c
                0x200005f4                . = ALIGN (0x4)
 *(.uninitialized_data*)

.scratch_x      0x20040000        0x0 load address 0x1000913c
                0x20040000                __scratch_x_start__ = .
 *(.scratch_x.*)
                0x20040000                . = ALIGN (0x4)
                0x20040000                __scratch_x_end__ = .