Archive member included to satisfy reference by file (symbol)

c:/progra~2/gnuarm~1/102021~1.07/bin/../lib/gcc/arm-none-eabi/10.3.1/thumb/v6-m/nofp\libgcc.a(_dvmd_tls.o)
                              CMakeFiles/Optical-SW.dir/C_/VSARM/sdk/Pico/pico-sdk/src/rp2_common/pico_divider/divider.S.obj (__aeabi_idiv0)
c:/progra~2/gnuarm~1/102021~1.07/bin/../lib/gcc/arm-none-eabi/10.3.1/../../../../arm-none-eabi/lib/thumb/v6-m/nofp\libg.a(lib_a-calloc.o)
                              CMakeFiles/Optical-SW.dir/C_/VSARM/sdk/Pico/pico-sdk/src/rp2_common/pico_malloc/pico_malloc.c.obj (calloc)
c:/progra~2/gnuarm~1/102021~1.07/bin/../lib/gcc/arm-none-eabi/10.3.1/../../../../arm-none-eabi/lib/thumb/v6-m/nofp\libg.a(lib_a-callocr.o)
                              c:/progra~2/gnuarm~1/102021~1.07/bin/../lib/gcc/arm-none-eabi/10.3.1/../../../../arm-none-eabi/lib/thumb/v6-m/nofp\libg.a(lib_a-calloc.o) (_calloc_r)
c:/progra~2/gnuarm~1/102021~1.07/bin/../lib/gcc/arm-none-eabi/10.3.1/../../../../arm-none-eabi/lib/thumb/v6-m/nofp\libg.a(lib_a-ctype_.o)
                              CMakeFiles/Optical-SW.dir/C_/VSARM/sdk/Pico/pico-sdk/lib/tinyusb/src/tusb.c.obj (_ctype_)
c:/progra~2/gnuarm~1/102021~1.07/bin/../lib/gcc/arm-none-eabi/10.3.1/../../../../arm-none-eabi/lib/thumb/v6-m/nofp\libg.a(lib_a-errno.o)
                              c:/progra~2/gnuarm~1/102021~1.07/bin/../lib/gcc/arm-none-eabi/10.3.1/../../../../arm-none-eabi/lib/thumb/v6-m/nofp\libg.a(lib_a-callocr.o) (__errno)
c:/progra~2/gnuarm~1/102021~1.07/bin/../lib/gcc/arm-none-eabi/10.3.1/../../../../arm-none-eabi/lib/thumb/v6-m/nofp\libg.a(lib_a-impure.o)
                              c:/progra~2/gnuarm~1/102021~1.07/bin/../lib/gcc/arm-none-eabi/10.3.1/../../../../arm-none-eabi/lib/thumb/v6-m/nofp\libg.a(lib_a-calloc.o) (_impure_ptr)
c:/progra~2/gnuarm~1/102021~1.07/bin/../lib/gcc/arm-none-eabi/10.3.1/../../../../arm-none-eabi/lib/thumb/v6-m/nofp\libg.a(lib_a-init.o)
                              c:/progra~2/gnuarm~1/102021~1.07/bin/../lib/gcc/arm-none-eabi/10.3.1/../../../../arm-none-eabi/lib/thumb/v6-m/nofp/crt0.o (__libc_init_array)
c:/progra~2/gnuarm~1/102021~1.07/bin/../lib/gcc/arm-none-eabi/10.3.1/../../../../arm-none-eabi/lib/thumb/v6-m/nofp\libg.a(lib_a-malloc.o)
                              CMakeFiles/Optical-SW.dir/C_/VSARM/sdk/Pico/pico-sdk/src/rp2_common/pico_malloc/pico_malloc.c.obj (malloc)
c:/progra~2/gnuarm~1/102021~1.07/bin/../lib/gcc/arm-none-eabi/10.3.1/../../../../arm-none-eabi/lib/thumb/v6-m/nofp\libg.a(lib_a-mallocr.o)
                              c:/progra~2/gnuarm~1/102021~1.07/bin/../lib/gcc/arm-none-eabi/10.3.1/../../../../arm-none-eabi/lib/thumb/v6-m/nofp\libg.a(lib_a-callocr.o) (_malloc_r)
c:/progra~2/gnuarm~1/102021~1.07/bin/../lib/gcc/arm-none-eabi/10.3.1/../../../../arm-none-eabi/lib/thumb/v6-m/nofp\libg.a(lib_a-mlock.o)
                              c:/progra~2/gnuarm~1/102021~1.07/bin/../lib/gcc/arm-none-eabi/10.3.1/../../../../arm-none-eabi/lib/thumb/v6-m/nofp\libg.a(lib_a-mallocr.o) (__malloc_lock)
c:/progra~2/gnuarm~1/102021~1.07/bin/../lib/gcc/arm-none-eabi/10.3.1/../../../../arm-none-eabi/lib/thumb/v6-m/nofp\libg.a(lib_a-sbrkr.o)
                              c:/progra~2/gnuarm~1/102021~1.07/bin/../lib/gcc/arm-none-eabi/10.3.1/../../../../arm-none-eabi/lib/thumb/v6-m/nofp\libg.a(lib_a-mallocr.o) (_sbrk_r)
c:/progra~2/gnuarm~1/102021~1.07/bin/../lib/gcc/arm-none-eabi/10.3.1/../../../../arm-none-eabi/lib/thumb/v6-m/nofp\libg.a(lib_a-strlen-stub.o)
                              CMakeFiles/Optical-SW.dir/C_/VSARM/sdk/Pico/pico-sdk/src/rp2_common/pico_stdio/stdio.c.obj (strlen)
c:/progra~2/gnuarm~1/102021~1.07/bin/../lib/gcc/arm-none-eabi/10.3.1/../../../../arm-none-eabi/lib/thumb/v6-m/nofp\libg.a(lib_a-freer.o)
                              c:/progra~2/gnuarm~1/102021~1.07/bin/../lib/gcc/arm-none-eabi/10.3.1/../../../../arm-none-eabi/lib/thumb/v6-m/nofp\libg.a(lib_a-malloc.o) (_free_r)
c:/progra~2/gnuarm~1/102021~1.07/bin/../lib/gcc/arm-none-eabi/10.3.1/../../../../arm-none-eabi/lib/thumb/v6-m/nofp\libg.a(lib_a-lock.o)
                              c:/progra~2/gnuarm~1/102021~1.07/bin/../lib/gcc/arm-none-eabi/10.3.1/../../../../arm-none-eabi/lib/thumb/v6-m/nofp\libg.a(lib_a-mlock.o) (__retarget_lock_acquire_recursive)
c:/progra~2/gnuarm~1/102021~1.07/bin/../lib/gcc/arm-none-eabi/10.3.1/../../../../arm-none-eabi/lib/thumb/v6-m/nofp\libg.a(lib_a-reent.o)
                              c:/progra~2/gnuarm~1/102021~1.07/bin/../lib/gcc/arm-none-eabi/10.3.1/../../../../arm-none-eabi/lib/thumb/v6-m/nofp\libg.a(lib_a-sbrkr.o) (errno)

Discarded input sections

 .text          0x00000000        0x0 c:/progra~2/gnuarm~1/102021~1.07/bin/../lib/gcc/arm-none-eabi/10.3.1/thumb/v6-m/nofp/crti.o
 .data          0x00000000        0x0 c:/progra~2/gnuarm~1/102021~1.07/bin/../lib/gcc/arm-none-eabi/10.3.1/thumb/v6-m/nofp/crti.o
 .bss           0x00000000        0x0 c:/progra~2/gnuarm~1/102021~1.07/bin/../lib/gcc/arm-none-eabi/10.3.1/thumb/v6-m/nofp/crti.o
[...]
Memory Configuration

Name             Origin             Length             Attributes
FLASH            0x10000000         0x00200000         xr
RAM              0x20000000         0x00040000         xrw
SCRATCH_X        0x20040000         0x00001000         xrw
SCRATCH_Y        0x20041000         0x00001000         xrw
*default*        0x00000000         0xffffffff

Linker script and memory map

LOAD c:/progra~2/gnuarm~1/102021~1.07/bin/../lib/gcc/arm-none-eabi/10.3.1/thumb/v6-m/nofp/crti.o
LOAD c:/progra~2/gnuarm~1/102021~1.07/bin/../lib/gcc/arm-none-eabi/10.3.1/thumb/v6-m/nofp/crtbegin.o
LOAD c:/progra~2/gnuarm~1/102021~1.07/bin/../lib/gcc/arm-none-eabi/10.3.1/../../../../arm-none-eabi/lib/thumb/v6-m/nofp/crt0.o

.flash_begin    0x10000000        0x0
                0x10000000                __flash_binary_start = .

.boot2          0x10000000      0x100
                0x10000000                __boot2_start__ = .
 *(.boot2)
 .boot2         0x10000000      0x100 C:\Users\ENITT\AppData\Local\Temp\ccg8BH9o.o
                0x10000100                __boot2_end__ = .
                0x00000001                ASSERT (((__boot2_end__ - __boot2_start__) == 0x100), ERROR: Pico second stage bootloader must be 256 bytes in size)

.text           0x10000100     0x7438
                0x10000100                __logical_binary_start = .
 *(.vectors)
 .vectors       0x10000100       0xd4 CMakeFiles/Optical-SW.dir/C_/VSARM/sdk/Pico/pico-sdk/src/rp2_common/pico_standard_link/crt0.S.obj
                0x10000100                __VECTOR_TABLE
                0x10000100                __vectors
                0x100001c0                isr_invalid
                0x100001c0                __default_isrs_start
                0x100001c2                isr_nmi
                0x100001c4                isr_hardfault
                0x100001c6                isr_svcall
                0x100001c8                isr_pendsv
                0x100001ca                isr_systick
                0x100001cc                isr_irq23
                0x100001cc                isr_irq18
                0x100001cc                isr_irq11
                0x100001cc                isr_irq28
                0x100001cc                isr_irq19
                0x100001cc                isr_irq0
                0x100001cc                isr_irq6
                0x100001cc                isr_irq5
                0x100001cc                isr_irq12
                0x100001cc                isr_irq22
                0x100001cc                isr_irq31
                0x100001cc                isr_irq17
                0x100001cc                isr_irq27
                0x100001cc                isr_irq30
                0x100001cc                isr_irq2
                0x100001cc                isr_irq10
                0x100001cc                isr_irq8
                0x100001cc                isr_irq24
                0x100001cc                isr_irq1
                0x100001cc                isr_irq7
                0x100001cc                isr_irq21
                0x100001cc                isr_irq20
                0x100001cc                isr_irq15
                0x100001cc                isr_irq25
                0x100001cc                isr_irq13
                0x100001cc                __unhandled_user_irq
                0x100001cc                isr_irq4
                0x100001cc                isr_irq16
                0x100001cc                isr_irq29
                0x100001cc                isr_irq26
                0x100001cc                __default_isrs_end
                0x100001cc                isr_irq3
                0x100001cc                isr_irq14
                0x100001cc                isr_irq9
                0x100001d2                unhandled_user_irq_num_in_r0
 *(.binary_info_header)
 .binary_info_header
                0x100001d4       0x14 CMakeFiles/Optical-SW.dir/C_/VSARM/sdk/Pico/pico-sdk/src/rp2_common/pico_standard_link/crt0.S.obj
                0x100001e8                __binary_info_header_end = .
 *(.reset)
 .reset         0x100001e8       0xa8 CMakeFiles/Optical-SW.dir/C_/VSARM/sdk/Pico/pico-sdk/src/rp2_common/pico_standard_link/crt0.S.obj
                0x100001e8                _entry_point
                0x10000266                __get_current_exception
 .reset         0x10000290       0x30 CMakeFiles/Optical-SW.dir/C_/VSARM/sdk/Pico/pico-sdk/src/rp2_common/pico_standard_link/binary_info.c.obj
 *(.init)
 .init          0x100002c0        0x4 c:/progra~2/gnuarm~1/102021~1.07/bin/../lib/gcc/arm-none-eabi/10.3.1/thumb/v6-m/nofp/crti.o
                0x100002c0                _init
 *(EXCLUDE_FILE(*libm.a: *libc.a:*lib_a-mem*.o *libgcc.a:) .text*)
 .text          0x100002c4       0x48 c:/progra~2/gnuarm~1/102021~1.07/bin/../lib/gcc/arm-none-eabi/10.3.1/thumb/v6-m/nofp/crtbegin.o
 .text.swnum    0x1000030c      0x1d8 CMakeFiles/Optical-SW.dir/optical-sw.c.obj
                0x1000030c                swnum
 .text.sw_init  0x100004e4       0x2c CMakeFiles/Optical-SW.dir/optical-sw.c.obj
                0x100004e4                sw_init
 .text.segment_init
                0x10000510       0x40 CMakeFiles/Optical-SW.dir/optical-sw.c.obj
                0x10000510                segment_init
 .text.main     0x10000550       0xdc CMakeFiles/Optical-SW.dir/optical-sw.c.obj
                0x10000550                main
 .text.gpio_set_function
                0x1000062c       0x30 CMakeFiles/Optical-SW.dir/C_/VSARM/sdk/Pico/pico-sdk/src/rp2_common/hardware_gpio/gpio.c.obj
                0x1000062c                gpio_set_function
 .text.gpio_init
                0x1000065c       0x16 CMakeFiles/Optical-SW.dir/C_/VSARM/sdk/Pico/pico-sdk/src/rp2_common/hardware_gpio/gpio.c.obj
                0x1000065c                gpio_init
 *fill*         0x10000672        0x2 
 .text.hw_claim_lock
                0x10000674       0x18 CMakeFiles/Optical-SW.dir/C_/VSARM/sdk/Pico/pico-sdk/src/rp2_common/hardware_claim/claim.c.obj
                0x10000674                hw_claim_lock
 .text.hw_claim_unlock
                0x1000068c       0x14 CMakeFiles/Optical-SW.dir/C_/VSARM/sdk/Pico/pico-sdk/src/rp2_common/hardware_claim/claim.c.obj
                0x1000068c                hw_claim_unlock
 .text.hw_claim_or_assert
                0x100006a0       0x32 CMakeFiles/Optical-SW.dir/C_/VSARM/sdk/Pico/pico-sdk/src/rp2_common/hardware_claim/claim.c.obj
                0x100006a0                hw_claim_or_assert
 .text.hw_claim_unused_from_range
                0x100006d2       0x50 CMakeFiles/Optical-SW.dir/C_/VSARM/sdk/Pico/pico-sdk/src/rp2_common/hardware_claim/claim.c.obj
                0x100006d2                hw_claim_unused_from_range
 *fill*         0x10000722        0x2 
 .text.running_on_fpga
                0x10000724       0x14 CMakeFiles/Optical-SW.dir/C_/VSARM/sdk/Pico/pico-sdk/src/rp2_common/pico_platform/platform.c.obj
                0x10000724                running_on_fpga
 .text.spin_locks_reset
                0x10000738       0x20 CMakeFiles/Optical-SW.dir/C_/VSARM/sdk/Pico/pico-sdk/src/rp2_common/hardware_sync/sync.c.obj
                0x10000738                spin_locks_reset
 .text.next_striped_spin_lock_num
                0x10000758       0x1c CMakeFiles/Optical-SW.dir/C_/VSARM/sdk/Pico/pico-sdk/src/rp2_common/hardware_sync/sync.c.obj
                0x10000758                next_striped_spin_lock_num
 .text.spin_lock_claim_unused
                0x10000774       0x20 CMakeFiles/Optical-SW.dir/C_/VSARM/sdk/Pico/pico-sdk/src/rp2_common/hardware_sync/sync.c.obj
                0x10000774                spin_lock_claim_unused
 .text.uart_set_baudrate
                0x10000794       0x5c CMakeFiles/Optical-SW.dir/C_/VSARM/sdk/Pico/pico-sdk/src/rp2_common/hardware_uart/uart.c.obj
                0x10000794                uart_set_baudrate
 .text.uart_set_translate_crlf
                0x100007f0       0x28 CMakeFiles/Optical-SW.dir/C_/VSARM/sdk/Pico/pico-sdk/src/rp2_common/hardware_uart/uart.c.obj
                0x100007f0                uart_set_translate_crlf
 .text.uart_init
                0x10000818       0x80 CMakeFiles/Optical-SW.dir/C_/VSARM/sdk/Pico/pico-sdk/src/rp2_common/hardware_uart/uart.c.obj
                0x10000818                uart_init
 .text.alarm_pool_post_alloc_init
                0x10000898       0x40 CMakeFiles/Optical-SW.dir/C_/VSARM/sdk/Pico/pico-sdk/src/common/pico_time/time.c.obj
 .text.sleep_until_callback
                0x100008d8       0x30 CMakeFiles/Optical-SW.dir/C_/VSARM/sdk/Pico/pico-sdk/src/common/pico_time/time.c.obj
 .text.timer_pool_entry_comparator
                0x10000908       0x7c CMakeFiles/Optical-SW.dir/C_/VSARM/sdk/Pico/pico-sdk/src/common/pico_time/time.c.obj
                0x10000908                timer_pool_entry_comparator
 .text.ph_add_child_node
                0x10000984       0xa4 CMakeFiles/Optical-SW.dir/C_/VSARM/sdk/Pico/pico-sdk/src/common/pico_time/time.c.obj
 .text.ph_merge_nodes
                0x10000a28       0x3e CMakeFiles/Optical-SW.dir/C_/VSARM/sdk/Pico/pico-sdk/src/common/pico_time/time.c.obj
 *fill*         0x10000a66        0x2 
 .text.add_alarm_under_lock
                0x10000a68      0x174 CMakeFiles/Optical-SW.dir/C_/VSARM/sdk/Pico/pico-sdk/src/common/pico_time/time.c.obj
 .text.alarm_pool_alarm_callback
                0x10000bdc      0x328 CMakeFiles/Optical-SW.dir/C_/VSARM/sdk/Pico/pico-sdk/src/common/pico_time/time.c.obj
 .text.alarm_pool_init_default
                0x10000f04       0x38 CMakeFiles/Optical-SW.dir/C_/VSARM/sdk/Pico/pico-sdk/src/common/pico_time/time.c.obj
                0x10000f04                alarm_pool_init_default
 .text.alarm_pool_get_default
                0x10000f3c       0x2c CMakeFiles/Optical-SW.dir/C_/VSARM/sdk/Pico/pico-sdk/src/common/pico_time/time.c.obj
                0x10000f3c                alarm_pool_get_default
 .text.alarm_pool_add_alarm_at
                0x10000f68      0x170 CMakeFiles/Optical-SW.dir/C_/VSARM/sdk/Pico/pico-sdk/src/common/pico_time/time.c.obj
                0x10000f68                alarm_pool_add_alarm_at
 .text.alarm_pool_cancel_alarm
                0x100010d8       0xec CMakeFiles/Optical-SW.dir/C_/VSARM/sdk/Pico/pico-sdk/src/common/pico_time/time.c.obj
                0x100010d8                alarm_pool_cancel_alarm
 .text.sleep_until
                0x100011c4       0xfc CMakeFiles/Optical-SW.dir/C_/VSARM/sdk/Pico/pico-sdk/src/common/pico_time/time.c.obj
                0x100011c4                sleep_until
 .text.sleep_us
                0x100012c0       0x58 CMakeFiles/Optical-SW.dir/C_/VSARM/sdk/Pico/pico-sdk/src/common/pico_time/time.c.obj
                0x100012c0                sleep_us
 .text.sleep_ms
                0x10001318       0x14 CMakeFiles/Optical-SW.dir/C_/VSARM/sdk/Pico/pico-sdk/src/common/pico_time/time.c.obj
                0x10001318                sleep_ms
 .text.best_effort_wfe_or_timeout
                0x1000132c       0x80 CMakeFiles/Optical-SW.dir/C_/VSARM/sdk/Pico/pico-sdk/src/common/pico_time/time.c.obj
                0x1000132c                best_effort_wfe_or_timeout
 .text.hardware_alarm_irq_handler
                0x100013ac       0x8c CMakeFiles/Optical-SW.dir/C_/VSARM/sdk/Pico/pico-sdk/src/rp2_common/hardware_timer/timer.c.obj
 .text.hardware_alarm_claim
                0x10001438       0x18 CMakeFiles/Optical-SW.dir/C_/VSARM/sdk/Pico/pico-sdk/src/rp2_common/hardware_timer/timer.c.obj
                0x10001438                hardware_alarm_claim
 .text.time_us_64
                0x10001450       0x18 CMakeFiles/Optical-SW.dir/C_/VSARM/sdk/Pico/pico-sdk/src/rp2_common/hardware_timer/timer.c.obj
                0x10001450                time_us_64
 .text.busy_wait_until
                0x10001468       0x28 CMakeFiles/Optical-SW.dir/C_/VSARM/sdk/Pico/pico-sdk/src/rp2_common/hardware_timer/timer.c.obj
                0x10001468                busy_wait_until
 .text.hardware_alarm_set_callback
                0x10001490       0x90 CMakeFiles/Optical-SW.dir/C_/VSARM/sdk/Pico/pico-sdk/src/rp2_common/hardware_timer/timer.c.obj
                0x10001490                hardware_alarm_set_callback
 .text.hardware_alarm_set_target
                0x10001520       0xe8 CMakeFiles/Optical-SW.dir/C_/VSARM/sdk/Pico/pico-sdk/src/rp2_common/hardware_timer/timer.c.obj
                0x10001520                hardware_alarm_set_target
 .text.hardware_alarm_cancel
                0x10001608       0x40 CMakeFiles/Optical-SW.dir/C_/VSARM/sdk/Pico/pico-sdk/src/rp2_common/hardware_timer/timer.c.obj
                0x10001608                hardware_alarm_cancel
 .text.lock_init
                0x10001648       0x10 CMakeFiles/Optical-SW.dir/C_/VSARM/sdk/Pico/pico-sdk/src/common/pico_sync/lock_core.c.obj
                0x10001648                lock_init
 .text.mutex_init_internal
                0x10001658       0x1e CMakeFiles/Optical-SW.dir/C_/VSARM/sdk/Pico/pico-sdk/src/common/pico_sync/mutex.c.obj
 .text.mutex_init
                0x10001676        0xa CMakeFiles/Optical-SW.dir/C_/VSARM/sdk/Pico/pico-sdk/src/common/pico_sync/mutex.c.obj
                0x10001676                mutex_init
 .text.recursive_mutex_init
                0x10001680        0xa CMakeFiles/Optical-SW.dir/C_/VSARM/sdk/Pico/pico-sdk/src/common/pico_sync/mutex.c.obj
                0x10001680                recursive_mutex_init
 *fill*         0x1000168a        0x2 
 .text.critical_section_init_with_lock_num
                0x1000168c       0x14 CMakeFiles/Optical-SW.dir/C_/VSARM/sdk/Pico/pico-sdk/src/common/pico_sync/critical_section.c.obj
                0x1000168c                critical_section_init_with_lock_num
 .text.critical_section_init
                0x100016a0       0x14 CMakeFiles/Optical-SW.dir/C_/VSARM/sdk/Pico/pico-sdk/src/common/pico_sync/critical_section.c.obj
                0x100016a0                critical_section_init
 .text.ph_add_child_node
                0x100016b4       0xa4 CMakeFiles/Optical-SW.dir/C_/VSARM/sdk/Pico/pico-sdk/src/common/pico_util/pheap.c.obj
 .text.ph_merge_nodes
                0x10001758       0x3e CMakeFiles/Optical-SW.dir/C_/VSARM/sdk/Pico/pico-sdk/src/common/pico_util/pheap.c.obj
 *fill*         0x10001796        0x2 
 .text.ph_clear
                0x10001798       0x70 CMakeFiles/Optical-SW.dir/C_/VSARM/sdk/Pico/pico-sdk/src/common/pico_util/pheap.c.obj
                0x10001798                ph_clear
 .text.ph_post_alloc_init
                0x10001808        0xe CMakeFiles/Optical-SW.dir/C_/VSARM/sdk/Pico/pico-sdk/src/common/pico_util/pheap.c.obj
                0x10001808                ph_post_alloc_init
 *fill*         0x10001816        0x2 
 .text.ph_merge_two_pass
                0x10001818       0xa8 CMakeFiles/Optical-SW.dir/C_/VSARM/sdk/Pico/pico-sdk/src/common/pico_util/pheap.c.obj
                0x10001818                ph_merge_two_pass
 .text.ph_remove_any_head
                0x100018c0      0x108 CMakeFiles/Optical-SW.dir/C_/VSARM/sdk/Pico/pico-sdk/src/common/pico_util/pheap.c.obj
 .text.ph_remove_head
                0x100019c8       0x14 CMakeFiles/Optical-SW.dir/C_/VSARM/sdk/Pico/pico-sdk/src/common/pico_util/pheap.c.obj
                0x100019c8                ph_remove_head
 .text.ph_remove_and_free_node
                0x100019dc       0xf8 CMakeFiles/Optical-SW.dir/C_/VSARM/sdk/Pico/pico-sdk/src/common/pico_util/pheap.c.obj
                0x100019dc                ph_remove_and_free_node
 .text.runtime_init
                0x10001ad4       0xd8 CMakeFiles/Optical-SW.dir/C_/VSARM/sdk/Pico/pico-sdk/src/rp2_common/pico_runtime/runtime.c.obj
                0x10001ad4                runtime_init
 .text._exit    0x10001bac        0x4 CMakeFiles/Optical-SW.dir/C_/VSARM/sdk/Pico/pico-sdk/src/rp2_common/pico_runtime/runtime.c.obj
                0x10001bac                _exit
 .text.exit     0x10001bb0        0x6 CMakeFiles/Optical-SW.dir/C_/VSARM/sdk/Pico/pico-sdk/src/rp2_common/pico_runtime/runtime.c.obj
                0x10001bb0                exit
 *fill*         0x10001bb6        0x2 
 .text.__assert_func
                0x10001bb8       0x3c CMakeFiles/Optical-SW.dir/C_/VSARM/sdk/Pico/pico-sdk/src/rp2_common/pico_runtime/runtime.c.obj
                0x10001bb8                __assert_func
 .text.panic    0x10001bf4       0x30 CMakeFiles/Optical-SW.dir/C_/VSARM/sdk/Pico/pico-sdk/src/rp2_common/pico_runtime/runtime.c.obj
                0x10001bf4                panic
 .text.clock_configure
                0x10001c24      0x104 CMakeFiles/Optical-SW.dir/C_/VSARM/sdk/Pico/pico-sdk/src/rp2_common/hardware_clocks/clocks.c.obj
                0x10001c24                clock_configure
 .text.clocks_init
                0x10001d28      0x100 CMakeFiles/Optical-SW.dir/C_/VSARM/sdk/Pico/pico-sdk/src/rp2_common/hardware_clocks/clocks.c.obj
                0x10001d28                clocks_init
 .text.clock_get_hz
                0x10001e28        0xc CMakeFiles/Optical-SW.dir/C_/VSARM/sdk/Pico/pico-sdk/src/rp2_common/hardware_clocks/clocks.c.obj
                0x10001e28                clock_get_hz
 .text.set_raw_irq_handler_and_unlock
                0x10001e34       0x28 CMakeFiles/Optical-SW.dir/C_/VSARM/sdk/Pico/pico-sdk/src/rp2_common/hardware_irq/irq.c.obj
 .text.make_branch
                0x10001e5c       0x34 CMakeFiles/Optical-SW.dir/C_/VSARM/sdk/Pico/pico-sdk/src/rp2_common/hardware_irq/irq.c.obj
 .text.insert_branch_and_link
                0x10001e90       0x40 CMakeFiles/Optical-SW.dir/C_/VSARM/sdk/Pico/pico-sdk/src/rp2_common/hardware_irq/irq.c.obj
 .text.irq_is_enabled
                0x10001ed0       0x18 CMakeFiles/Optical-SW.dir/C_/VSARM/sdk/Pico/pico-sdk/src/rp2_common/hardware_irq/irq.c.obj
                0x10001ed0                irq_is_enabled
 .text.irq_set_mask_enabled
                0x10001ee8       0x20 CMakeFiles/Optical-SW.dir/C_/VSARM/sdk/Pico/pico-sdk/src/rp2_common/hardware_irq/irq.c.obj
                0x10001ee8                irq_set_mask_enabled
 .text.irq_set_enabled
                0x10001f08        0xe CMakeFiles/Optical-SW.dir/C_/VSARM/sdk/Pico/pico-sdk/src/rp2_common/hardware_irq/irq.c.obj
                0x10001f08                irq_set_enabled
 *fill*         0x10001f16        0x2 
 .text.irq_set_pending
                0x10001f18       0x10 CMakeFiles/Optical-SW.dir/C_/VSARM/sdk/Pico/pico-sdk/src/rp2_common/hardware_irq/irq.c.obj
                0x10001f18                irq_set_pending
 .text.irq_get_vtable_handler
                0x10001f28       0x10 CMakeFiles/Optical-SW.dir/C_/VSARM/sdk/Pico/pico-sdk/src/rp2_common/hardware_irq/irq.c.obj
                0x10001f28                irq_get_vtable_handler
 .text.irq_set_exclusive_handler
                0x10001f38       0x54 CMakeFiles/Optical-SW.dir/C_/VSARM/sdk/Pico/pico-sdk/src/rp2_common/hardware_irq/irq.c.obj
                0x10001f38                irq_set_exclusive_handler
 .text.irq_remove_handler
                0x10001f8c      0x1ac CMakeFiles/Optical-SW.dir/C_/VSARM/sdk/Pico/pico-sdk/src/rp2_common/hardware_irq/irq.c.obj
                0x10001f8c                irq_remove_handler
 .text.irq_set_priority
                0x10002138       0x28 CMakeFiles/Optical-SW.dir/C_/VSARM/sdk/Pico/pico-sdk/src/rp2_common/hardware_irq/irq.c.obj
                0x10002138                irq_set_priority
 .text.irq_add_tail_to_free_list
                0x10002160       0xf0 CMakeFiles/Optical-SW.dir/C_/VSARM/sdk/Pico/pico-sdk/src/rp2_common/hardware_irq/irq.c.obj
                0x10002160                irq_add_tail_to_free_list
 .text.irq_init_priorities
                0x10002250       0x16 CMakeFiles/Optical-SW.dir/C_/VSARM/sdk/Pico/pico-sdk/src/rp2_common/hardware_irq/irq.c.obj
                0x10002250                irq_init_priorities
 *fill*         0x10002266        0x2 
 .text.pll_init
                0x10002268      0x118 CMakeFiles/Optical-SW.dir/C_/VSARM/sdk/Pico/pico-sdk/src/rp2_common/hardware_pll/pll.c.obj
                0x10002268                pll_init
 .text.watchdog_start_tick
                0x10002380       0x10 CMakeFiles/Optical-SW.dir/C_/VSARM/sdk/Pico/pico-sdk/src/rp2_common/hardware_watchdog/watchdog.c.obj
                0x10002380                watchdog_start_tick
 .text.watchdog_update
                0x10002390       0x14 CMakeFiles/Optical-SW.dir/C_/VSARM/sdk/Pico/pico-sdk/src/rp2_common/hardware_watchdog/watchdog.c.obj
                0x10002390                watchdog_update
 .text._watchdog_enable
                0x100023a4       0x70 CMakeFiles/Optical-SW.dir/C_/VSARM/sdk/Pico/pico-sdk/src/rp2_common/hardware_watchdog/watchdog.c.obj
                0x100023a4                _watchdog_enable
 .text.watchdog_reboot
                0x10002414       0x48 CMakeFiles/Optical-SW.dir/C_/VSARM/sdk/Pico/pico-sdk/src/rp2_common/hardware_watchdog/watchdog.c.obj
                0x10002414                watchdog_reboot
 .text.xosc_init
                0x1000245c       0x28 CMakeFiles/Optical-SW.dir/C_/VSARM/sdk/Pico/pico-sdk/src/rp2_common/hardware_xosc/xosc.c.obj
                0x1000245c                xosc_init
 .text._out_null
                0x10002484        0x2 CMakeFiles/Optical-SW.dir/C_/VSARM/sdk/Pico/pico-sdk/src/rp2_common/pico_printf/printf.c.obj
 .text._out_fct
                0x10002486        0xe CMakeFiles/Optical-SW.dir/C_/VSARM/sdk/Pico/pico-sdk/src/rp2_common/pico_printf/printf.c.obj
 .text._atoi    0x10002494       0x24 CMakeFiles/Optical-SW.dir/C_/VSARM/sdk/Pico/pico-sdk/src/rp2_common/pico_printf/printf.c.obj
 .text._out_rev
                0x100024b8       0xae CMakeFiles/Optical-SW.dir/C_/VSARM/sdk/Pico/pico-sdk/src/rp2_common/pico_printf/printf.c.obj
 .text._ntoa_format
                0x10002566      0x112 CMakeFiles/Optical-SW.dir/C_/VSARM/sdk/Pico/pico-sdk/src/rp2_common/pico_printf/printf.c.obj
 .text._ntoa_long
                0x10002678       0xbc CMakeFiles/Optical-SW.dir/C_/VSARM/sdk/Pico/pico-sdk/src/rp2_common/pico_printf/printf.c.obj
 .text._ntoa_long_long
                0x10002734       0xe2 CMakeFiles/Optical-SW.dir/C_/VSARM/sdk/Pico/pico-sdk/src/rp2_common/pico_printf/printf.c.obj
 *fill*         0x10002816        0x2 
 .text._etoa    0x10002818      0x414 CMakeFiles/Optical-SW.dir/C_/VSARM/sdk/Pico/pico-sdk/src/rp2_common/pico_printf/printf.c.obj
 .text._ftoa    0x10002c2c      0x354 CMakeFiles/Optical-SW.dir/C_/VSARM/sdk/Pico/pico-sdk/src/rp2_common/pico_printf/printf.c.obj
 .text._vsnprintf
                0x10002f80      0x624 CMakeFiles/Optical-SW.dir/C_/VSARM/sdk/Pico/pico-sdk/src/rp2_common/pico_printf/printf.c.obj
 .text.vfctprintf
                0x100035a4       0x20 CMakeFiles/Optical-SW.dir/C_/VSARM/sdk/Pico/pico-sdk/src/rp2_common/pico_printf/printf.c.obj
                0x100035a4                vfctprintf
 .text          0x100035c4       0x10 CMakeFiles/Optical-SW.dir/C_/VSARM/sdk/Pico/pico-sdk/src/rp2_common/pico_bit_ops/bit_ops_aeabi.S.obj
 .text.rom_func_lookup
                0x100035d4       0x10 CMakeFiles/Optical-SW.dir/C_/VSARM/sdk/Pico/pico-sdk/src/rp2_common/pico_bootrom/bootrom.c.obj
                0x100035d4                rom_func_lookup
 .text.rom_data_lookup
                0x100035e4       0x10 CMakeFiles/Optical-SW.dir/C_/VSARM/sdk/Pico/pico-sdk/src/rp2_common/pico_bootrom/bootrom.c.obj
                0x100035e4                rom_data_lookup
 .text.rom_funcs_lookup
                0x100035f4       0x36 CMakeFiles/Optical-SW.dir/C_/VSARM/sdk/Pico/pico-sdk/src/rp2_common/pico_bootrom/bootrom.c.obj
                0x100035f4                rom_funcs_lookup
 *fill*         0x1000362a        0x2 
 .text.__wrap___aeabi_idiv
                0x1000362c       0x50 CMakeFiles/Optical-SW.dir/C_/VSARM/sdk/Pico/pico-sdk/src/rp2_common/pico_divider/divider.S.obj
                0x1000362c                __wrap___aeabi_idivmod
                0x1000362c                divmod_s32s32
                0x1000362c                div_s32s32
                0x1000362c                __wrap___aeabi_idiv
                0x10003634                divmod_s32s32_unsafe
                0x10003660                divmod_s32s32_savestate
 .text.__wrap___aeabi_uidiv
                0x1000367c       0x4c CMakeFiles/Optical-SW.dir/C_/VSARM/sdk/Pico/pico-sdk/src/rp2_common/pico_divider/divider.S.obj
                0x1000367c                __wrap___aeabi_uidiv
                0x1000367c                __wrap___aeabi_uidivmod
                0x1000367c                div_u32u32
                0x1000367c                divmod_u32u32
                0x10003684                divmod_u32u32_unsafe
                0x100036ac                divmod_u32u32_savestate
 .text.__wrap___aeabi_ldiv
                0x100036c8      0x430 CMakeFiles/Optical-SW.dir/C_/VSARM/sdk/Pico/pico-sdk/src/rp2_common/pico_divider/divider.S.obj
                0x100036c8                div_s64s64
                0x100036c8                divmod_s64s64
                0x100036c8                __wrap___aeabi_ldivmod
                0x10003700                divmod_u64u64
                0x10003700                div_u64u64
                0x10003700                __wrap___aeabi_uldivmod
                0x10003710                divmod_u64u64_savestate
                0x10003738                divmod_s64s64_unsafe
                0x100037c0                divmod_u64u64_unsafe
 .text.__wrap___aeabi_darithmetic
                0x10003af8       0x80 CMakeFiles/Optical-SW.dir/C_/VSARM/sdk/Pico/pico-sdk/src/rp2_common/pico_double/double_aeabi.S.obj
                0x10003af8                __wrap___aeabi_drsub
                0x10003afe                __wrap___aeabi_dsub
                0x10003b10                __wrap___aeabi_dadd
                0x10003b22                __wrap___aeabi_ddiv
                0x10003b5e                __wrap___aeabi_dmul
 .text.__wrap___aeabi_cdcmple
                0x10003b78       0x6c CMakeFiles/Optical-SW.dir/C_/VSARM/sdk/Pico/pico-sdk/src/rp2_common/pico_double/double_aeabi.S.obj
                0x10003b78                __wrap___aeabi_cdrcmple
                0x10003b88                __wrap___aeabi_cdcmpeq
                0x10003b88                __wrap___aeabi_cdcmple
 .text.__wrap___aeabi_dcmplt
                0x10003be4        0xc CMakeFiles/Optical-SW.dir/C_/VSARM/sdk/Pico/pico-sdk/src/rp2_common/pico_double/double_aeabi.S.obj
                0x10003be4                __wrap___aeabi_dcmplt
 .text.__wrap___aeabi_dcmple
                0x10003bf0       0x10 CMakeFiles/Optical-SW.dir/C_/VSARM/sdk/Pico/pico-sdk/src/rp2_common/pico_double/double_aeabi.S.obj
                0x10003bf0                __wrap___aeabi_dcmple
 .text.__wrap___aeabi_dcmpge
                0x10003c00       0x10 CMakeFiles/Optical-SW.dir/C_/VSARM/sdk/Pico/pico-sdk/src/rp2_common/pico_double/double_aeabi.S.obj
                0x10003c00                __wrap___aeabi_dcmpge
 .text.__wrap___aeabi_dcmpgt
                0x10003c10        0xa CMakeFiles/Optical-SW.dir/C_/VSARM/sdk/Pico/pico-sdk/src/rp2_common/pico_double/double_aeabi.S.obj
                0x10003c10                __wrap___aeabi_dcmpgt
 .text.__wrap___aeabi_dcmpun
                0x10003c1a       0x1c CMakeFiles/Optical-SW.dir/C_/VSARM/sdk/Pico/pico-sdk/src/rp2_common/pico_double/double_aeabi.S.obj
                0x10003c1a                __wrap___aeabi_dcmpun
 *fill*         0x10003c36        0x2 
 .text.__wrap___aeabi_i2d
                0x10003c38       0x38 CMakeFiles/Optical-SW.dir/C_/VSARM/sdk/Pico/pico-sdk/src/rp2_common/pico_double/double_aeabi.S.obj
                0x10003c38                __wrap___aeabi_ui2d
                0x10003c40                __wrap___aeabi_i2d
 .text.__wrap___aeabi_d2iz
                0x10003c70       0x48 CMakeFiles/Optical-SW.dir/C_/VSARM/sdk/Pico/pico-sdk/src/rp2_common/pico_double/double_aeabi.S.obj
                0x10003c70                double2int_z
                0x10003c70                __wrap___aeabi_d2iz
 .text.__wrap___aeabi_d2uiz
                0x10003cb8       0x18 CMakeFiles/Optical-SW.dir/C_/VSARM/sdk/Pico/pico-sdk/src/rp2_common/pico_double/double_aeabi.S.obj
                0x10003cb8                __wrap___aeabi_d2uiz
                0x10003cb8                double2uint
 .text.__aeabi_double_init
                0x10003cd0       0xb8 CMakeFiles/Optical-SW.dir/C_/VSARM/sdk/Pico/pico-sdk/src/rp2_common/pico_double/double_init_rom.c.obj
                0x10003cd0                __aeabi_double_init
 .text.double_table_shim_on_use_helper
                0x10003d88       0x34 CMakeFiles/Optical-SW.dir/C_/VSARM/sdk/Pico/pico-sdk/src/rp2_common/pico_double/double_v1_rom_shim.S.obj
                0x10003d88                double_table_shim_on_use_helper
 .text.__wrap___aeabi_dsub
                0x10003dbc       0x10 CMakeFiles/Optical-SW.dir/C_/VSARM/sdk/Pico/pico-sdk/src/rp2_common/pico_double/double_v1_rom_shim.S.obj
                0x10003dbc                drsub_shim
                0x10003dc2                dsub_shim
 .text.dadd_shim
                0x10003dcc      0x15c CMakeFiles/Optical-SW.dir/C_/VSARM/sdk/Pico/pico-sdk/src/rp2_common/pico_double/double_v1_rom_shim.S.obj
                0x10003dcc                dadd_shim
 .text.dmul_shim
                0x10003f28      0x15c CMakeFiles/Optical-SW.dir/C_/VSARM/sdk/Pico/pico-sdk/src/rp2_common/pico_double/double_v1_rom_shim.S.obj
                0x10003f28                dmul_shim
 .text.ddiv_shim
                0x10004084      0x1b0 CMakeFiles/Optical-SW.dir/C_/VSARM/sdk/Pico/pico-sdk/src/rp2_common/pico_double/double_v1_rom_shim.S.obj
                0x10004084                ddiv_shim
 .text.dcordic_rot_step
                0x10004234       0x7c CMakeFiles/Optical-SW.dir/C_/VSARM/sdk/Pico/pico-sdk/src/rp2_common/pico_double/double_v1_rom_shim.S.obj
                0x10004234                dcordic_rot_step
 .text.double2uint_shim
                0x100042b0        0xe CMakeFiles/Optical-SW.dir/C_/VSARM/sdk/Pico/pico-sdk/src/rp2_common/pico_double/double_v1_rom_shim.S.obj
                0x100042b0                double2uint_shim
                0x100042b2                double2ufix_shim
 *fill*         0x100042be        0x2 
 .text.double2uint64_shim
                0x100042c0       0x6c CMakeFiles/Optical-SW.dir/C_/VSARM/sdk/Pico/pico-sdk/src/rp2_common/pico_double/double_v1_rom_shim.S.obj
                0x100042c0                double2uint64_shim
                0x100042c2                double2ufix64_shim
                0x100042dc                d2fix_a
 .text.dunpacks
                0x1000432c       0x3c CMakeFiles/Optical-SW.dir/C_/VSARM/sdk/Pico/pico-sdk/src/rp2_common/pico_double/double_v1_rom_shim.S.obj
                0x1000432c                dunpacks
 .text.__aeabi_lmul
                0x10004368       0x32 CMakeFiles/Optical-SW.dir/C_/VSARM/sdk/Pico/pico-sdk/src/rp2_common/pico_int64_ops/pico_int64_ops_aeabi.S.obj
                0x10004368                __wrap___aeabi_lmul
 *fill*         0x1000439a        0x2 
 .text.__aeabi_float_init
                0x1000439c       0xfc CMakeFiles/Optical-SW.dir/C_/VSARM/sdk/Pico/pico-sdk/src/rp2_common/pico_float/float_init_rom.c.obj
                0x1000439c                __aeabi_float_init
 .text.float_table_shim_on_use_helper
                0x10004498       0x34 CMakeFiles/Optical-SW.dir/C_/VSARM/sdk/Pico/pico-sdk/src/rp2_common/pico_float/float_v1_rom_shim.S.obj
                0x10004498                float_table_shim_on_use_helper
 .text          0x100044cc       0x10 CMakeFiles/Optical-SW.dir/C_/VSARM/sdk/Pico/pico-sdk/src/rp2_common/pico_mem_ops/mem_ops_aeabi.S.obj
                0x100044cc                __aeabi_mem_init
 .text.memset   0x100044dc        0xc CMakeFiles/Optical-SW.dir/C_/VSARM/sdk/Pico/pico-sdk/src/rp2_common/pico_mem_ops/mem_ops_aeabi.S.obj
                0x100044dc                __wrap_memset
 .text.memcpy   0x100044e8        0xc CMakeFiles/Optical-SW.dir/C_/VSARM/sdk/Pico/pico-sdk/src/rp2_common/pico_mem_ops/mem_ops_aeabi.S.obj
                0x100044e8                __wrap_memcpy
                0x100044e8                __wrap___aeabi_memcpy
 .text.stdio_out_chars_crlf
                0x100044f4       0x80 CMakeFiles/Optical-SW.dir/C_/VSARM/sdk/Pico/pico-sdk/src/rp2_common/pico_stdio/stdio.c.obj
 .text.stdio_stack_buffer_flush
                0x10004574       0x44 CMakeFiles/Optical-SW.dir/C_/VSARM/sdk/Pico/pico-sdk/src/rp2_common/pico_stdio/stdio.c.obj
 .text.stdio_buffered_printer
                0x100045b8       0x20 CMakeFiles/Optical-SW.dir/C_/VSARM/sdk/Pico/pico-sdk/src/rp2_common/pico_stdio/stdio.c.obj
 .text.stdout_serialize_begin
                0x100045d8       0x30 CMakeFiles/Optical-SW.dir/C_/VSARM/sdk/Pico/pico-sdk/src/rp2_common/pico_stdio/stdio.c.obj
                0x100045d8                stdout_serialize_begin
 .text.stdout_serialize_end
                0x10004608       0x10 CMakeFiles/Optical-SW.dir/C_/VSARM/sdk/Pico/pico-sdk/src/rp2_common/pico_stdio/stdio.c.obj
                0x10004608                stdout_serialize_end
 .text.stdio_put_string
                0x10004618       0x84 CMakeFiles/Optical-SW.dir/C_/VSARM/sdk/Pico/pico-sdk/src/rp2_common/pico_stdio/stdio.c.obj
 .text.stdio_set_driver_enabled
                0x1000469c       0x38 CMakeFiles/Optical-SW.dir/C_/VSARM/sdk/Pico/pico-sdk/src/rp2_common/pico_stdio/stdio.c.obj
                0x1000469c                stdio_set_driver_enabled
 .text.stdio_flush
                0x100046d4       0x20 CMakeFiles/Optical-SW.dir/C_/VSARM/sdk/Pico/pico-sdk/src/rp2_common/pico_stdio/stdio.c.obj
                0x100046d4                stdio_flush
 .text.__wrap_puts
                0x100046f4       0x1c CMakeFiles/Optical-SW.dir/C_/VSARM/sdk/Pico/pico-sdk/src/rp2_common/pico_stdio/stdio.c.obj
                0x100046f4                __wrap_puts
 .text.__wrap_vprintf
                0x10004710       0x44 CMakeFiles/Optical-SW.dir/C_/VSARM/sdk/Pico/pico-sdk/src/rp2_common/pico_stdio/stdio.c.obj
                0x10004710                __wrap_vprintf
 .text.__wrap_printf
                0x10004754       0x18 CMakeFiles/Optical-SW.dir/C_/VSARM/sdk/Pico/pico-sdk/src/rp2_common/pico_stdio/stdio.c.obj
                0x10004754                __wrap_printf
 .text.stdio_init_all
                0x1000476c        0xc CMakeFiles/Optical-SW.dir/C_/VSARM/sdk/Pico/pico-sdk/src/rp2_common/pico_stdio/stdio.c.obj
                0x1000476c                stdio_init_all
 .text.stdio_uart_out_chars
                0x10004778       0x74 CMakeFiles/Optical-SW.dir/C_/VSARM/sdk/Pico/pico-sdk/src/rp2_common/pico_stdio_uart/stdio_uart.c.obj
 .text.stdio_uart_in_chars
                0x100047ec       0x58 CMakeFiles/Optical-SW.dir/C_/VSARM/sdk/Pico/pico-sdk/src/rp2_common/pico_stdio_uart/stdio_uart.c.obj
                0x100047ec                stdio_uart_in_chars
 .text.stdio_uart_init_full
                0x10004844       0x3c CMakeFiles/Optical-SW.dir/C_/VSARM/sdk/Pico/pico-sdk/src/rp2_common/pico_stdio_uart/stdio_uart.c.obj
                0x10004844                stdio_uart_init_full
 .text.stdio_uart_init
                0x10004880       0x28 CMakeFiles/Optical-SW.dir/C_/VSARM/sdk/Pico/pico-sdk/src/rp2_common/pico_stdio_uart/stdio_uart.c.obj
                0x10004880                stdio_uart_init
 .text.resetd_init
                0x100048a8        0x2 CMakeFiles/Optical-SW.dir/C_/VSARM/sdk/Pico/pico-sdk/src/rp2_common/pico_stdio_usb/reset_interface.c.obj
 *fill*         0x100048aa        0x2 
 .text.resetd_reset
                0x100048ac        0xc CMakeFiles/Optical-SW.dir/C_/VSARM/sdk/Pico/pico-sdk/src/rp2_common/pico_stdio_usb/reset_interface.c.obj
 .text.resetd_open
                0x100048b8       0x34 CMakeFiles/Optical-SW.dir/C_/VSARM/sdk/Pico/pico-sdk/src/rp2_common/pico_stdio_usb/reset_interface.c.obj
 .text.resetd_xfer_cb
                0x100048ec        0x4 CMakeFiles/Optical-SW.dir/C_/VSARM/sdk/Pico/pico-sdk/src/rp2_common/pico_stdio_usb/reset_interface.c.obj
 .text.reset_usb_boot
                0x100048f0       0x18 CMakeFiles/Optical-SW.dir/C_/VSARM/sdk/Pico/pico-sdk/src/rp2_common/pico_stdio_usb/reset_interface.c.obj
 .text.resetd_control_xfer_cb
                0x10004908       0x5c CMakeFiles/Optical-SW.dir/C_/VSARM/sdk/Pico/pico-sdk/src/rp2_common/pico_stdio_usb/reset_interface.c.obj
 .text.usbd_app_driver_get_cb
                0x10004964        0xc CMakeFiles/Optical-SW.dir/C_/VSARM/sdk/Pico/pico-sdk/src/rp2_common/pico_stdio_usb/reset_interface.c.obj
                0x10004964                usbd_app_driver_get_cb
 .text.tud_cdc_line_coding_cb
                0x10004970       0x28 CMakeFiles/Optical-SW.dir/C_/VSARM/sdk/Pico/pico-sdk/src/rp2_common/pico_stdio_usb/reset_interface.c.obj
                0x10004970                tud_cdc_line_coding_cb
 .text.stdio_usb_in_chars
                0x10004998       0x70 CMakeFiles/Optical-SW.dir/C_/VSARM/sdk/Pico/pico-sdk/src/rp2_common/pico_stdio_usb/stdio_usb.c.obj
                0x10004998                stdio_usb_in_chars
 .text.low_priority_worker_irq
                0x10004a08       0x20 CMakeFiles/Optical-SW.dir/C_/VSARM/sdk/Pico/pico-sdk/src/rp2_common/pico_stdio_usb/stdio_usb.c.obj
 .text.stdio_usb_out_chars
                0x10004a28       0xd4 CMakeFiles/Optical-SW.dir/C_/VSARM/sdk/Pico/pico-sdk/src/rp2_common/pico_stdio_usb/stdio_usb.c.obj
 .text.timer_task
                0x10004afc       0x10 CMakeFiles/Optical-SW.dir/C_/VSARM/sdk/Pico/pico-sdk/src/rp2_common/pico_stdio_usb/stdio_usb.c.obj
 .text.stdio_usb_init
                0x10004b0c       0xb8 CMakeFiles/Optical-SW.dir/C_/VSARM/sdk/Pico/pico-sdk/src/rp2_common/pico_stdio_usb/stdio_usb.c.obj
                0x10004b0c                stdio_usb_init
 .text.tud_descriptor_device_cb
                0x10004bc4        0x8 CMakeFiles/Optical-SW.dir/C_/VSARM/sdk/Pico/pico-sdk/src/rp2_common/pico_stdio_usb/stdio_usb_descriptors.c.obj
                0x10004bc4                tud_descriptor_device_cb
 .text.tud_descriptor_configuration_cb
                0x10004bcc        0x8 CMakeFiles/Optical-SW.dir/C_/VSARM/sdk/Pico/pico-sdk/src/rp2_common/pico_stdio_usb/stdio_usb_descriptors.c.obj
                0x10004bcc                tud_descriptor_configuration_cb
 .text.tud_descriptor_string_cb
                0x10004bd4       0x68 CMakeFiles/Optical-SW.dir/C_/VSARM/sdk/Pico/pico-sdk/src/rp2_common/pico_stdio_usb/stdio_usb_descriptors.c.obj
                0x10004bd4                tud_descriptor_string_cb
 .text.hw_endpoint_get_by_addr
                0x10004c3c       0x18 CMakeFiles/Optical-SW.dir/C_/VSARM/sdk/Pico/pico-sdk/lib/tinyusb/src/portable/raspberrypi/rp2040/dcd_rp2040.c.obj
 .text.reset_ep0
                0x10004c54       0x2c CMakeFiles/Optical-SW.dir/C_/VSARM/sdk/Pico/pico-sdk/lib/tinyusb/src/portable/raspberrypi/rp2040/dcd_rp2040.c.obj
 .text._hw_endpoint_alloc
                0x10004c80       0x80 CMakeFiles/Optical-SW.dir/C_/VSARM/sdk/Pico/pico-sdk/lib/tinyusb/src/portable/raspberrypi/rp2040/dcd_rp2040.c.obj
 .text._hw_endpoint_init
                0x10004d00       0xbc CMakeFiles/Optical-SW.dir/C_/VSARM/sdk/Pico/pico-sdk/lib/tinyusb/src/portable/raspberrypi/rp2040/dcd_rp2040.c.obj
 .text.hw_endpoint_init
                0x10004dbc       0x18 CMakeFiles/Optical-SW.dir/C_/VSARM/sdk/Pico/pico-sdk/lib/tinyusb/src/portable/raspberrypi/rp2040/dcd_rp2040.c.obj
 .text.hw_handle_buff_status
                0x10004dd4       0xb4 CMakeFiles/Optical-SW.dir/C_/VSARM/sdk/Pico/pico-sdk/lib/tinyusb/src/portable/raspberrypi/rp2040/dcd_rp2040.c.obj
 .text.dcd_rp2040_irq
                0x10004e88       0xa8 CMakeFiles/Optical-SW.dir/C_/VSARM/sdk/Pico/pico-sdk/lib/tinyusb/src/portable/raspberrypi/rp2040/dcd_rp2040.c.obj
 .text.hw_endpoint_xfer
                0x10004f30       0x18 CMakeFiles/Optical-SW.dir/C_/VSARM/sdk/Pico/pico-sdk/lib/tinyusb/src/portable/raspberrypi/rp2040/dcd_rp2040.c.obj
 .text.ep0_0len_status
                0x10004f48       0x14 CMakeFiles/Optical-SW.dir/C_/VSARM/sdk/Pico/pico-sdk/lib/tinyusb/src/portable/raspberrypi/rp2040/dcd_rp2040.c.obj
 .text._hw_endpoint_stall
                0x10004f5c       0x54 CMakeFiles/Optical-SW.dir/C_/VSARM/sdk/Pico/pico-sdk/lib/tinyusb/src/portable/raspberrypi/rp2040/dcd_rp2040.c.obj
 .text.hw_endpoint_stall
                0x10004fb0        0xc CMakeFiles/Optical-SW.dir/C_/VSARM/sdk/Pico/pico-sdk/lib/tinyusb/src/portable/raspberrypi/rp2040/dcd_rp2040.c.obj
 .text._hw_endpoint_clear_stall
                0x10004fbc       0x34 CMakeFiles/Optical-SW.dir/C_/VSARM/sdk/Pico/pico-sdk/lib/tinyusb/src/portable/raspberrypi/rp2040/dcd_rp2040.c.obj
 .text.hw_endpoint_clear_stall
                0x10004ff0        0xc CMakeFiles/Optical-SW.dir/C_/VSARM/sdk/Pico/pico-sdk/lib/tinyusb/src/portable/raspberrypi/rp2040/dcd_rp2040.c.obj
 .text.dcd_int_enable
                0x10004ffc       0x2c CMakeFiles/Optical-SW.dir/C_/VSARM/sdk/Pico/pico-sdk/lib/tinyusb/src/portable/raspberrypi/rp2040/dcd_rp2040.c.obj
                0x10004ffc                dcd_int_enable
 .text.dcd_set_address
                0x10005028       0x28 CMakeFiles/Optical-SW.dir/C_/VSARM/sdk/Pico/pico-sdk/lib/tinyusb/src/portable/raspberrypi/rp2040/dcd_rp2040.c.obj
                0x10005028                dcd_set_address
 .text.dcd_connect
                0x10005050       0x30 CMakeFiles/Optical-SW.dir/C_/VSARM/sdk/Pico/pico-sdk/lib/tinyusb/src/portable/raspberrypi/rp2040/dcd_rp2040.c.obj
                0x10005050                dcd_connect
 .text.dcd_init
                0x10005080       0x84 CMakeFiles/Optical-SW.dir/C_/VSARM/sdk/Pico/pico-sdk/lib/tinyusb/src/portable/raspberrypi/rp2040/dcd_rp2040.c.obj
                0x10005080                dcd_init
 .text.dcd_edpt0_status_complete
                0x10005104       0x40 CMakeFiles/Optical-SW.dir/C_/VSARM/sdk/Pico/pico-sdk/lib/tinyusb/src/portable/raspberrypi/rp2040/dcd_rp2040.c.obj
                0x10005104                dcd_edpt0_status_complete
 .text.dcd_edpt_open
                0x10005144       0x40 CMakeFiles/Optical-SW.dir/C_/VSARM/sdk/Pico/pico-sdk/lib/tinyusb/src/portable/raspberrypi/rp2040/dcd_rp2040.c.obj
                0x10005144                dcd_edpt_open
 .text.dcd_edpt_xfer
                0x10005184       0x34 CMakeFiles/Optical-SW.dir/C_/VSARM/sdk/Pico/pico-sdk/lib/tinyusb/src/portable/raspberrypi/rp2040/dcd_rp2040.c.obj
                0x10005184                dcd_edpt_xfer
 .text.dcd_edpt_stall
                0x100051b8       0x28 CMakeFiles/Optical-SW.dir/C_/VSARM/sdk/Pico/pico-sdk/lib/tinyusb/src/portable/raspberrypi/rp2040/dcd_rp2040.c.obj
                0x100051b8                dcd_edpt_stall
 .text.dcd_edpt_clear_stall
                0x100051e0       0x2c CMakeFiles/Optical-SW.dir/C_/VSARM/sdk/Pico/pico-sdk/lib/tinyusb/src/portable/raspberrypi/rp2040/dcd_rp2040.c.obj
                0x100051e0                dcd_edpt_clear_stall
 .text.rp2040_usb_init
                0x1000520c       0x50 CMakeFiles/Optical-SW.dir/C_/VSARM/sdk/Pico/pico-sdk/lib/tinyusb/src/portable/raspberrypi/rp2040/rp2040_usb.c.obj
                0x1000520c                rp2040_usb_init
 .text.hw_endpoint_reset_transfer
                0x1000525c       0x10 CMakeFiles/Optical-SW.dir/C_/VSARM/sdk/Pico/pico-sdk/lib/tinyusb/src/portable/raspberrypi/rp2040/rp2040_usb.c.obj
                0x1000525c                hw_endpoint_reset_transfer
 .text._hw_endpoint_buffer_control_update32
                0x1000526c       0x58 CMakeFiles/Optical-SW.dir/C_/VSARM/sdk/Pico/pico-sdk/lib/tinyusb/src/portable/raspberrypi/rp2040/rp2040_usb.c.obj
                0x1000526c                _hw_endpoint_buffer_control_update32
 .text._hw_endpoint_start_next_buffer
                0x100052c4       0x50 CMakeFiles/Optical-SW.dir/C_/VSARM/sdk/Pico/pico-sdk/lib/tinyusb/src/portable/raspberrypi/rp2040/rp2040_usb.c.obj
                0x100052c4                _hw_endpoint_start_next_buffer
 .text._hw_endpoint_xfer_start
                0x10005314       0x3e CMakeFiles/Optical-SW.dir/C_/VSARM/sdk/Pico/pico-sdk/lib/tinyusb/src/portable/raspberrypi/rp2040/rp2040_usb.c.obj
                0x10005314                _hw_endpoint_xfer_start
 *fill*         0x10005352        0x2 
 .text._hw_endpoint_xfer_sync
                0x10005354       0x74 CMakeFiles/Optical-SW.dir/C_/VSARM/sdk/Pico/pico-sdk/lib/tinyusb/src/portable/raspberrypi/rp2040/rp2040_usb.c.obj
                0x10005354                _hw_endpoint_xfer_sync
 .text._hw_endpoint_xfer_continue
                0x100053c8       0x60 CMakeFiles/Optical-SW.dir/C_/VSARM/sdk/Pico/pico-sdk/lib/tinyusb/src/portable/raspberrypi/rp2040/rp2040_usb.c.obj
                0x100053c8                _hw_endpoint_xfer_continue
 .text._hw_endpoint_xfer
                0x10005428       0x34 CMakeFiles/Optical-SW.dir/C_/VSARM/sdk/Pico/pico-sdk/lib/tinyusb/src/portable/raspberrypi/rp2040/rp2040_usb.c.obj
                0x10005428                _hw_endpoint_xfer
 .text.mark_interface_endpoint
                0x1000545c       0x2a CMakeFiles/Optical-SW.dir/C_/VSARM/sdk/Pico/pico-sdk/lib/tinyusb/src/device/usbd.c.obj
 *fill*         0x10005486        0x2 
 .text.usbd_reset
                0x10005488       0x88 CMakeFiles/Optical-SW.dir/C_/VSARM/sdk/Pico/pico-sdk/lib/tinyusb/src/device/usbd.c.obj
 .text.invoke_class_control
                0x10005510       0x1a CMakeFiles/Optical-SW.dir/C_/VSARM/sdk/Pico/pico-sdk/lib/tinyusb/src/device/usbd.c.obj
 *fill*         0x1000552a        0x2 
 .text.process_set_config
                0x1000552c      0x1d4 CMakeFiles/Optical-SW.dir/C_/VSARM/sdk/Pico/pico-sdk/lib/tinyusb/src/device/usbd.c.obj
 .text.process_get_descriptor
                0x10005700       0xf8 CMakeFiles/Optical-SW.dir/C_/VSARM/sdk/Pico/pico-sdk/lib/tinyusb/src/device/usbd.c.obj
 .text.tud_mounted
                0x100057f8       0x10 CMakeFiles/Optical-SW.dir/C_/VSARM/sdk/Pico/pico-sdk/lib/tinyusb/src/device/usbd.c.obj
                0x100057f8                tud_mounted
 .text.tud_suspended
                0x10005808       0x10 CMakeFiles/Optical-SW.dir/C_/VSARM/sdk/Pico/pico-sdk/lib/tinyusb/src/device/usbd.c.obj
                0x10005808                tud_suspended
 .text.tud_inited
                0x10005818        0xc CMakeFiles/Optical-SW.dir/C_/VSARM/sdk/Pico/pico-sdk/lib/tinyusb/src/device/usbd.c.obj
                0x10005818                tud_inited
 .text.tud_init
                0x10005824       0xcc CMakeFiles/Optical-SW.dir/C_/VSARM/sdk/Pico/pico-sdk/lib/tinyusb/src/device/usbd.c.obj
                0x10005824                tud_init
 .text.dcd_event_handler
                0x100058f0      0x174 CMakeFiles/Optical-SW.dir/C_/VSARM/sdk/Pico/pico-sdk/lib/tinyusb/src/device/usbd.c.obj
                0x100058f0                dcd_event_handler
 .text.dcd_event_bus_signal
                0x10005a64       0x26 CMakeFiles/Optical-SW.dir/C_/VSARM/sdk/Pico/pico-sdk/lib/tinyusb/src/device/usbd.c.obj
                0x10005a64                dcd_event_bus_signal
 .text.dcd_event_bus_reset
                0x10005a8a       0x2a CMakeFiles/Optical-SW.dir/C_/VSARM/sdk/Pico/pico-sdk/lib/tinyusb/src/device/usbd.c.obj
                0x10005a8a                dcd_event_bus_reset
 .text.dcd_event_setup_received
                0x10005ab4       0x34 CMakeFiles/Optical-SW.dir/C_/VSARM/sdk/Pico/pico-sdk/lib/tinyusb/src/device/usbd.c.obj
                0x10005ab4                dcd_event_setup_received
 .text.dcd_event_xfer_complete
                0x10005ae8       0x44 CMakeFiles/Optical-SW.dir/C_/VSARM/sdk/Pico/pico-sdk/lib/tinyusb/src/device/usbd.c.obj
                0x10005ae8                dcd_event_xfer_complete
 .text.usbd_edpt_open
                0x10005b2c       0xe0 CMakeFiles/Optical-SW.dir/C_/VSARM/sdk/Pico/pico-sdk/lib/tinyusb/src/device/usbd.c.obj
                0x10005b2c                usbd_edpt_open
 .text.usbd_open_edpt_pair
                0x10005c0c       0x8c CMakeFiles/Optical-SW.dir/C_/VSARM/sdk/Pico/pico-sdk/lib/tinyusb/src/device/usbd.c.obj
                0x10005c0c                usbd_open_edpt_pair
 .text.usbd_edpt_claim
                0x10005c98       0x8c CMakeFiles/Optical-SW.dir/C_/VSARM/sdk/Pico/pico-sdk/lib/tinyusb/src/device/usbd.c.obj
                0x10005c98                usbd_edpt_claim
 .text.usbd_edpt_release
                0x10005d24       0x68 CMakeFiles/Optical-SW.dir/C_/VSARM/sdk/Pico/pico-sdk/lib/tinyusb/src/device/usbd.c.obj
                0x10005d24                usbd_edpt_release
 .text.usbd_edpt_xfer
                0x10005d8c       0x80 CMakeFiles/Optical-SW.dir/C_/VSARM/sdk/Pico/pico-sdk/lib/tinyusb/src/device/usbd.c.obj
                0x10005d8c                usbd_edpt_xfer
 .text.usbd_edpt_stall
                0x10005e0c       0x2c CMakeFiles/Optical-SW.dir/C_/VSARM/sdk/Pico/pico-sdk/lib/tinyusb/src/device/usbd.c.obj
                0x10005e0c                usbd_edpt_stall
 .text.usbd_edpt_clear_stall
                0x10005e38       0x2c CMakeFiles/Optical-SW.dir/C_/VSARM/sdk/Pico/pico-sdk/lib/tinyusb/src/device/usbd.c.obj
                0x10005e38                usbd_edpt_clear_stall
 .text.usbd_edpt_stalled
                0x10005e64       0x1c CMakeFiles/Optical-SW.dir/C_/VSARM/sdk/Pico/pico-sdk/lib/tinyusb/src/device/usbd.c.obj
                0x10005e64                usbd_edpt_stalled
 .text.process_control_request
                0x10005e80      0x380 CMakeFiles/Optical-SW.dir/C_/VSARM/sdk/Pico/pico-sdk/lib/tinyusb/src/device/usbd.c.obj
 .text.tud_task
                0x10006200      0x204 CMakeFiles/Optical-SW.dir/C_/VSARM/sdk/Pico/pico-sdk/lib/tinyusb/src/device/usbd.c.obj
                0x10006200                tud_task
 .text._data_stage_xact
                0x10006404       0x58 CMakeFiles/Optical-SW.dir/C_/VSARM/sdk/Pico/pico-sdk/lib/tinyusb/src/device/usbd_control.c.obj
 .text.tud_control_status
                0x1000645c       0x38 CMakeFiles/Optical-SW.dir/C_/VSARM/sdk/Pico/pico-sdk/lib/tinyusb/src/device/usbd_control.c.obj
                0x1000645c                tud_control_status
 .text.tud_control_xfer
                0x10006494       0xa8 CMakeFiles/Optical-SW.dir/C_/VSARM/sdk/Pico/pico-sdk/lib/tinyusb/src/device/usbd_control.c.obj
                0x10006494                tud_control_xfer
 .text.usbd_control_reset
                0x1000653c       0x14 CMakeFiles/Optical-SW.dir/C_/VSARM/sdk/Pico/pico-sdk/lib/tinyusb/src/device/usbd_control.c.obj
                0x1000653c                usbd_control_reset
 .text.usbd_control_set_complete_callback
                0x10006550        0xc CMakeFiles/Optical-SW.dir/C_/VSARM/sdk/Pico/pico-sdk/lib/tinyusb/src/device/usbd_control.c.obj
                0x10006550                usbd_control_set_complete_callback
 .text.usbd_control_set_request
                0x1000655c       0x1c CMakeFiles/Optical-SW.dir/C_/VSARM/sdk/Pico/pico-sdk/lib/tinyusb/src/device/usbd_control.c.obj
                0x1000655c                usbd_control_set_request
 .text.usbd_control_xfer_cb
                0x10006578       0xfc CMakeFiles/Optical-SW.dir/C_/VSARM/sdk/Pico/pico-sdk/lib/tinyusb/src/device/usbd_control.c.obj
                0x10006578                usbd_control_xfer_cb
 .text._prep_out_transaction
                0x10006674       0x46 CMakeFiles/Optical-SW.dir/C_/VSARM/sdk/Pico/pico-sdk/lib/tinyusb/src/class/cdc/cdc_device.c.obj
 *fill*         0x100066ba        0x2 
 .text.tud_cdc_n_connected
                0x100066bc       0x44 CMakeFiles/Optical-SW.dir/C_/VSARM/sdk/Pico/pico-sdk/lib/tinyusb/src/class/cdc/cdc_device.c.obj
                0x100066bc                tud_cdc_n_connected
 .text.tud_cdc_n_available
                0x10006700       0x18 CMakeFiles/Optical-SW.dir/C_/VSARM/sdk/Pico/pico-sdk/lib/tinyusb/src/class/cdc/cdc_device.c.obj
                0x10006700                tud_cdc_n_available
 .text.tud_cdc_n_read
                0x10006718       0x28 CMakeFiles/Optical-SW.dir/C_/VSARM/sdk/Pico/pico-sdk/lib/tinyusb/src/class/cdc/cdc_device.c.obj
                0x10006718                tud_cdc_n_read
 .text.tud_cdc_n_write_flush
                0x10006740       0xcc CMakeFiles/Optical-SW.dir/C_/VSARM/sdk/Pico/pico-sdk/lib/tinyusb/src/class/cdc/cdc_device.c.obj
                0x10006740                tud_cdc_n_write_flush
 .text.tud_cdc_n_write
                0x1000680c       0x38 CMakeFiles/Optical-SW.dir/C_/VSARM/sdk/Pico/pico-sdk/lib/tinyusb/src/class/cdc/cdc_device.c.obj
                0x1000680c                tud_cdc_n_write
 .text.tud_cdc_n_write_available
                0x10006844       0x1c CMakeFiles/Optical-SW.dir/C_/VSARM/sdk/Pico/pico-sdk/lib/tinyusb/src/class/cdc/cdc_device.c.obj
                0x10006844                tud_cdc_n_write_available
 .text.cdcd_init
                0x10006860       0xbc CMakeFiles/Optical-SW.dir/C_/VSARM/sdk/Pico/pico-sdk/lib/tinyusb/src/class/cdc/cdc_device.c.obj
                0x10006860                cdcd_init
 .text.cdcd_reset
                0x1000691c       0x44 CMakeFiles/Optical-SW.dir/C_/VSARM/sdk/Pico/pico-sdk/lib/tinyusb/src/class/cdc/cdc_device.c.obj
                0x1000691c                cdcd_reset
 .text.cdcd_open
                0x10006960      0x10c CMakeFiles/Optical-SW.dir/C_/VSARM/sdk/Pico/pico-sdk/lib/tinyusb/src/class/cdc/cdc_device.c.obj
                0x10006960                cdcd_open
 .text.cdcd_control_xfer_cb
                0x10006a6c      0x134 CMakeFiles/Optical-SW.dir/C_/VSARM/sdk/Pico/pico-sdk/lib/tinyusb/src/class/cdc/cdc_device.c.obj
                0x10006a6c                cdcd_control_xfer_cb
 .text.cdcd_xfer_cb
                0x10006ba0      0x144 CMakeFiles/Optical-SW.dir/C_/VSARM/sdk/Pico/pico-sdk/lib/tinyusb/src/class/cdc/cdc_device.c.obj
                0x10006ba0                cdcd_xfer_cb
 .text.tusb_init
                0x10006ce4       0x24 CMakeFiles/Optical-SW.dir/C_/VSARM/sdk/Pico/pico-sdk/lib/tinyusb/src/tusb.c.obj
                0x10006ce4                tusb_init
 .text.tusb_inited
                0x10006d08        0xe CMakeFiles/Optical-SW.dir/C_/VSARM/sdk/Pico/pico-sdk/lib/tinyusb/src/tusb.c.obj
                0x10006d08                tusb_inited
 .text.advance_pointer
                0x10006d16       0x1e CMakeFiles/Optical-SW.dir/C_/VSARM/sdk/Pico/pico-sdk/lib/tinyusb/src/common/tusb_fifo.c.obj
 .text.backward_pointer
                0x10006d34       0x1a CMakeFiles/Optical-SW.dir/C_/VSARM/sdk/Pico/pico-sdk/lib/tinyusb/src/common/tusb_fifo.c.obj
 .text.get_relative_pointer
                0x10006d4e       0x10 CMakeFiles/Optical-SW.dir/C_/VSARM/sdk/Pico/pico-sdk/lib/tinyusb/src/common/tusb_fifo.c.obj
 .text._tu_fifo_peek
                0x10006d5e       0x50 CMakeFiles/Optical-SW.dir/C_/VSARM/sdk/Pico/pico-sdk/lib/tinyusb/src/common/tusb_fifo.c.obj
 .text._ff_pull_const_addr
                0x10006dae       0x4c CMakeFiles/Optical-SW.dir/C_/VSARM/sdk/Pico/pico-sdk/lib/tinyusb/src/common/tusb_fifo.c.obj
 .text._ff_pull_n
                0x10006dfa      0x10c CMakeFiles/Optical-SW.dir/C_/VSARM/sdk/Pico/pico-sdk/lib/tinyusb/src/common/tusb_fifo.c.obj
 .text._tu_fifo_peek_n
                0x10006f06       0x5e CMakeFiles/Optical-SW.dir/C_/VSARM/sdk/Pico/pico-sdk/lib/tinyusb/src/common/tusb_fifo.c.obj
 .text._tu_fifo_read_n
                0x10006f64       0x4e CMakeFiles/Optical-SW.dir/C_/VSARM/sdk/Pico/pico-sdk/lib/tinyusb/src/common/tusb_fifo.c.obj
 .text._ff_push_const_addr
                0x10006fb2       0x40 CMakeFiles/Optical-SW.dir/C_/VSARM/sdk/Pico/pico-sdk/lib/tinyusb/src/common/tusb_fifo.c.obj
 .text._ff_push_n
                0x10006ff2      0x108 CMakeFiles/Optical-SW.dir/C_/VSARM/sdk/Pico/pico-sdk/lib/tinyusb/src/common/tusb_fifo.c.obj
 .text._tu_fifo_write_n
                0x100070fa       0x9e CMakeFiles/Optical-SW.dir/C_/VSARM/sdk/Pico/pico-sdk/lib/tinyusb/src/common/tusb_fifo.c.obj
 .text.tu_fifo_config
                0x10007198       0x72 CMakeFiles/Optical-SW.dir/C_/VSARM/sdk/Pico/pico-sdk/lib/tinyusb/src/common/tusb_fifo.c.obj
                0x10007198                tu_fifo_config
 .text.tu_fifo_count
                0x1000720a       0x26 CMakeFiles/Optical-SW.dir/C_/VSARM/sdk/Pico/pico-sdk/lib/tinyusb/src/common/tusb_fifo.c.obj
                0x1000720a                tu_fifo_count
 .text.tu_fifo_empty
                0x10007230       0x10 CMakeFiles/Optical-SW.dir/C_/VSARM/sdk/Pico/pico-sdk/lib/tinyusb/src/common/tusb_fifo.c.obj
                0x10007230                tu_fifo_empty
 .text.tu_fifo_remaining
                0x10007240       0x20 CMakeFiles/Optical-SW.dir/C_/VSARM/sdk/Pico/pico-sdk/lib/tinyusb/src/common/tusb_fifo.c.obj
                0x10007240                tu_fifo_remaining
 .text.tu_fifo_read
                0x10007260       0x42 CMakeFiles/Optical-SW.dir/C_/VSARM/sdk/Pico/pico-sdk/lib/tinyusb/src/common/tusb_fifo.c.obj
                0x10007260                tu_fifo_read
 .text.tu_fifo_read_n
                0x100072a2        0xa CMakeFiles/Optical-SW.dir/C_/VSARM/sdk/Pico/pico-sdk/lib/tinyusb/src/common/tusb_fifo.c.obj
                0x100072a2                tu_fifo_read_n
 .text.tu_fifo_write
                0x100072ac       0x6c CMakeFiles/Optical-SW.dir/C_/VSARM/sdk/Pico/pico-sdk/lib/tinyusb/src/common/tusb_fifo.c.obj
                0x100072ac                tu_fifo_write
 .text.tu_fifo_write_n
                0x10007318        0xa CMakeFiles/Optical-SW.dir/C_/VSARM/sdk/Pico/pico-sdk/lib/tinyusb/src/common/tusb_fifo.c.obj
                0x10007318                tu_fifo_write_n
 .text.tu_fifo_clear
                0x10007322       0x4c CMakeFiles/Optical-SW.dir/C_/VSARM/sdk/Pico/pico-sdk/lib/tinyusb/src/common/tusb_fifo.c.obj
                0x10007322                tu_fifo_clear
 .text.tu_fifo_set_overwritable
                0x1000736e       0x3c CMakeFiles/Optical-SW.dir/C_/VSARM/sdk/Pico/pico-sdk/lib/tinyusb/src/common/tusb_fifo.c.obj
                0x1000736e                tu_fifo_set_overwritable
 *fill*         0x100073aa        0x2 
 .text._retrieve_unique_id_on_boot
                0x100073ac       0x10 CMakeFiles/Optical-SW.dir/C_/VSARM/sdk/Pico/pico-sdk/src/rp2_common/pico_unique_id/unique_id.c.obj
 .text.pico_get_unique_board_id_string
                0x100073bc       0x60 CMakeFiles/Optical-SW.dir/C_/VSARM/sdk/Pico/pico-sdk/src/rp2_common/pico_unique_id/unique_id.c.obj
                0x100073bc                pico_get_unique_board_id_string
 .text.flash_get_unique_id
                0x1000741c       0x46 CMakeFiles/Optical-SW.dir/C_/VSARM/sdk/Pico/pico-sdk/src/rp2_common/hardware_flash/flash.c.obj
                0x1000741c                flash_get_unique_id
 *fill*         0x10007462        0x2 
 .text.strlen   0x10007464       0x5c c:/progra~2/gnuarm~1/102021~1.07/bin/../lib/gcc/arm-none-eabi/10.3.1/../../../../arm-none-eabi/lib/thumb/v6-m/nofp\libg.a(lib_a-strlen-stub.o)
                0x10007464                strlen
 *(.fini)
 .fini          0x100074c0        0x4 c:/progra~2/gnuarm~1/102021~1.07/bin/../lib/gcc/arm-none-eabi/10.3.1/thumb/v6-m/nofp/crti.o
                0x100074c0                _fini
 *fill*         0x100074c4        0x4 
 .fini.__stub   0x100074c8       0x70 linker stubs
 *crtbegin.o(.ctors)
 *crtbegin?.o(.ctors)
 *(EXCLUDE_FILE(*crtend.o *crtend?.o) .ctors)
 *(SORT_BY_NAME(.ctors.*))
 *(.ctors)
 *crtbegin.o(.dtors)
 *crtbegin?.o(.dtors)
 *(EXCLUDE_FILE(*crtend.o *crtend?.o) .dtors)
 *(SORT_BY_NAME(.dtors.*))
 *(.dtors)
 *(.eh_frame*)
 .eh_frame      0x10007538        0x0 c:/progra~2/gnuarm~1/102021~1.07/bin/../lib/gcc/arm-none-eabi/10.3.1/thumb/v6-m/nofp/crtbegin.o
                0x10007538                . = ALIGN (0x4)

.glue_7         0x10007538        0x0
 .glue_7        0x10007538        0x0 linker stubs

.glue_7t        0x10007538        0x0
 .glue_7t       0x10007538        0x0 linker stubs

.vfp11_veneer   0x10007538        0x0
 .vfp11_veneer  0x10007538        0x0 linker stubs

.v4_bx          0x10007538        0x0
 .v4_bx         0x10007538        0x0 linker stubs

.iplt           0x10007538        0x0
 .iplt          0x10007538        0x0 c:/progra~2/gnuarm~1/102021~1.07/bin/../lib/gcc/arm-none-eabi/10.3.1/thumb/v6-m/nofp/crtbegin.o

.rodata         0x10007538     0x1688
 *(EXCLUDE_FILE(*libm.a: *libc.a:*lib_a-mem*.o *libgcc.a:) .rodata*)
 .rodata.swnum  0x10007538       0x14 CMakeFiles/Optical-SW.dir/optical-sw.c.obj
 .rodata.main.str1.4
                0x1000754c       0x13 CMakeFiles/Optical-SW.dir/optical-sw.c.obj
 *fill*         0x1000755f        0x1 
 .rodata.spin_lock_claim_unused.str1.4
                0x10007560       0x1b CMakeFiles/Optical-SW.dir/C_/VSARM/sdk/Pico/pico-sdk/src/rp2_common/hardware_sync/sync.c.obj
 *fill*         0x1000757b        0x1 
 .rodata.repeating_timer_callback.str1.4
                0x1000757c       0x4b CMakeFiles/Optical-SW.dir/C_/VSARM/sdk/Pico/pico-sdk/src/common/pico_time/time.c.obj
 *fill*         0x100075c7        0x1 
 .rodata.alarm_pool_dump_key.str1.4
                0x100075c8       0x33 CMakeFiles/Optical-SW.dir/C_/VSARM/sdk/Pico/pico-sdk/src/common/pico_time/time.c.obj
 *fill*         0x100075fb        0x1 
 .rodata.ph_add_child_node.str1.4
                0x100075fc       0x96 CMakeFiles/Optical-SW.dir/C_/VSARM/sdk/Pico/pico-sdk/src/common/pico_time/time.c.obj
 *fill*         0x10007692        0x2 
 .rodata.add_alarm_under_lock.str1.4
                0x10007694       0x28 CMakeFiles/Optical-SW.dir/C_/VSARM/sdk/Pico/pico-sdk/src/common/pico_time/time.c.obj
                                 0x2b (size before relaxing)
 .rodata.alarm_pool_alarm_callback.str1.4
                0x100076bc       0xe6 CMakeFiles/Optical-SW.dir/C_/VSARM/sdk/Pico/pico-sdk/src/common/pico_time/time.c.obj
 *fill*         0x100077a2        0x2 
 .rodata.alarm_pool_get_default.str1.4
                0x100077a4       0x21 CMakeFiles/Optical-SW.dir/C_/VSARM/sdk/Pico/pico-sdk/src/common/pico_time/time.c.obj
 *fill*         0x100077c5        0x3 
 .rodata.alarm_pool_cancel_alarm.str1.4
                0x100077c8       0x27 CMakeFiles/Optical-SW.dir/C_/VSARM/sdk/Pico/pico-sdk/src/common/pico_time/time.c.obj
 *fill*         0x100077ef        0x1 
 .rodata.sleep_until.str1.4
                0x100077f0       0x4d CMakeFiles/Optical-SW.dir/C_/VSARM/sdk/Pico/pico-sdk/src/common/pico_time/time.c.obj
 *fill*         0x1000783d        0x3 
 .rodata.__func__.1
                0x10007840       0x18 CMakeFiles/Optical-SW.dir/C_/VSARM/sdk/Pico/pico-sdk/src/common/pico_time/time.c.obj
 .rodata.__func__.10
                0x10007858       0x15 CMakeFiles/Optical-SW.dir/C_/VSARM/sdk/Pico/pico-sdk/src/common/pico_time/time.c.obj
 *fill*         0x1000786d        0x3 
 .rodata.__func__.11
                0x10007870       0x1a CMakeFiles/Optical-SW.dir/C_/VSARM/sdk/Pico/pico-sdk/src/common/pico_time/time.c.obj
 *fill*         0x1000788a        0x2 
 .rodata.__func__.12
                0x1000788c        0xa CMakeFiles/Optical-SW.dir/C_/VSARM/sdk/Pico/pico-sdk/src/common/pico_time/time.c.obj
 *fill*         0x10007896        0x2 
 .rodata.__func__.3
                0x10007898       0x17 CMakeFiles/Optical-SW.dir/C_/VSARM/sdk/Pico/pico-sdk/src/common/pico_time/time.c.obj
 *fill*         0x100078af        0x1 
 .rodata.__func__.4
                0x100078b0       0x12 CMakeFiles/Optical-SW.dir/C_/VSARM/sdk/Pico/pico-sdk/src/common/pico_time/time.c.obj
 *fill*         0x100078c2        0x2 
 .rodata.__func__.5
                0x100078c4        0xd CMakeFiles/Optical-SW.dir/C_/VSARM/sdk/Pico/pico-sdk/src/common/pico_time/time.c.obj
 *fill*         0x100078d1        0x3 
 .rodata.__func__.6
                0x100078d4       0x12 CMakeFiles/Optical-SW.dir/C_/VSARM/sdk/Pico/pico-sdk/src/common/pico_time/time.c.obj
 *fill*         0x100078e6        0x2 
 .rodata.__func__.7
                0x100078e8        0xf CMakeFiles/Optical-SW.dir/C_/VSARM/sdk/Pico/pico-sdk/src/common/pico_time/time.c.obj
 *fill*         0x100078f7        0x1 
 .rodata.__func__.8
                0x100078f8        0xc CMakeFiles/Optical-SW.dir/C_/VSARM/sdk/Pico/pico-sdk/src/common/pico_time/time.c.obj
 .rodata.__func__.9
                0x10007904       0x15 CMakeFiles/Optical-SW.dir/C_/VSARM/sdk/Pico/pico-sdk/src/common/pico_time/time.c.obj
 *fill*         0x10007919        0x3 
 .rodata.hardware_alarm_claim.str1.4
                0x1000791c       0x22 CMakeFiles/Optical-SW.dir/C_/VSARM/sdk/Pico/pico-sdk/src/rp2_common/hardware_timer/timer.c.obj
 *fill*         0x1000793e        0x2 
 .rodata.hardware_alarm_set_target.str1.4
                0x10007940       0x65 CMakeFiles/Optical-SW.dir/C_/VSARM/sdk/Pico/pico-sdk/src/rp2_common/hardware_timer/timer.c.obj
 *fill*         0x100079a5        0x3 
 .rodata.__func__.0
                0x100079a8       0x1a CMakeFiles/Optical-SW.dir/C_/VSARM/sdk/Pico/pico-sdk/src/rp2_common/hardware_timer/timer.c.obj
 *fill*         0x100079c2        0x2 
 .rodata.str1.4
                0x100079c4       0xb1 CMakeFiles/Optical-SW.dir/C_/VSARM/sdk/Pico/pico-sdk/src/common/pico_sync/mutex.c.obj
                                0x115 (size before relaxing)
 *fill*         0x10007a75        0x3 
 .rodata.__func__.0
                0x10007a78        0xb CMakeFiles/Optical-SW.dir/C_/VSARM/sdk/Pico/pico-sdk/src/common/pico_sync/mutex.c.obj
 *fill*         0x10007a83        0x1 
 .rodata.__func__.1
                0x10007a84       0x18 CMakeFiles/Optical-SW.dir/C_/VSARM/sdk/Pico/pico-sdk/src/common/pico_sync/mutex.c.obj
 .rodata.__func__.2
                0x10007a9c       0x15 CMakeFiles/Optical-SW.dir/C_/VSARM/sdk/Pico/pico-sdk/src/common/pico_sync/mutex.c.obj
 *fill*         0x10007ab1        0x3 
 .rodata.__func__.3
                0x10007ab4       0x15 CMakeFiles/Optical-SW.dir/C_/VSARM/sdk/Pico/pico-sdk/src/common/pico_sync/mutex.c.obj
 .rodata.ph_add_child_node.str1.4
                0x10007ac9       0x96 CMakeFiles/Optical-SW.dir/C_/VSARM/sdk/Pico/pico-sdk/src/common/pico_util/pheap.c.obj
 *fill*         0x10007ac9        0x3 
 .rodata.ph_remove_any_head.str1.4
                0x10007acc       0x8c CMakeFiles/Optical-SW.dir/C_/VSARM/sdk/Pico/pico-sdk/src/common/pico_util/pheap.c.obj
 .rodata.ph_remove_and_free_node.str1.4
                0x10007b58       0x26 CMakeFiles/Optical-SW.dir/C_/VSARM/sdk/Pico/pico-sdk/src/common/pico_util/pheap.c.obj
 *fill*         0x10007b7e        0x2 
 .rodata.__func__.0
                0x10007b80       0x18 CMakeFiles/Optical-SW.dir/C_/VSARM/sdk/Pico/pico-sdk/src/common/pico_util/pheap.c.obj
 .rodata.__func__.1
                0x10007b98       0x13 CMakeFiles/Optical-SW.dir/C_/VSARM/sdk/Pico/pico-sdk/src/common/pico_util/pheap.c.obj
 *fill*         0x10007bab        0x1 
 .rodata.__func__.2
                0x10007bac       0x12 CMakeFiles/Optical-SW.dir/C_/VSARM/sdk/Pico/pico-sdk/src/common/pico_util/pheap.c.obj
 *fill*         0x10007bbe        0x2 
 .rodata.__func__.3
                0x10007bc0        0xc CMakeFiles/Optical-SW.dir/C_/VSARM/sdk/Pico/pico-sdk/src/common/pico_util/pheap.c.obj
 .rodata.__assert_func.str1.4
                0x10007bcc       0x3f CMakeFiles/Optical-SW.dir/C_/VSARM/sdk/Pico/pico-sdk/src/rp2_common/pico_runtime/runtime.c.obj
                                 0x43 (size before relaxing)
 *fill*         0x10007c0b        0x1 
 .rodata.panic.str1.4
                0x10007c0c       0x12 CMakeFiles/Optical-SW.dir/C_/VSARM/sdk/Pico/pico-sdk/src/rp2_common/pico_runtime/runtime.c.obj
 *fill*         0x10007c1e        0x2 
 .rodata.clock_configure.str1.4
                0x10007c20       0x57 CMakeFiles/Optical-SW.dir/C_/VSARM/sdk/Pico/pico-sdk/src/rp2_common/hardware_clocks/clocks.c.obj
 *fill*         0x10007c77        0x1 
 .rodata.__func__.1
                0x10007c78       0x10 CMakeFiles/Optical-SW.dir/C_/VSARM/sdk/Pico/pico-sdk/src/rp2_common/hardware_clocks/clocks.c.obj
 .rodata.make_branch.str1.4
                0x10007c88       0x4d CMakeFiles/Optical-SW.dir/C_/VSARM/sdk/Pico/pico-sdk/src/rp2_common/hardware_irq/irq.c.obj
 *fill*         0x10007cd5        0x3 
 .rodata.irq_set_exclusive_handler.str1.4
                0x10007cd8       0x36 CMakeFiles/Optical-SW.dir/C_/VSARM/sdk/Pico/pico-sdk/src/rp2_common/hardware_irq/irq.c.obj
 *fill*         0x10007d0e        0x2 
 .rodata.irq_add_shared_handler.str1.4
                0x10007d10       0xd9 CMakeFiles/Optical-SW.dir/C_/VSARM/sdk/Pico/pico-sdk/src/rp2_common/hardware_irq/irq.c.obj
 *fill*         0x10007de9        0x3 
 .rodata.irq_remove_handler.str1.4
                0x10007dec       0x2a CMakeFiles/Optical-SW.dir/C_/VSARM/sdk/Pico/pico-sdk/src/rp2_common/hardware_irq/irq.c.obj
 *fill*         0x10007e16        0x2 
 .rodata.irq_add_tail_to_free_list.str1.4
                0x10007e18       0x32 CMakeFiles/Optical-SW.dir/C_/VSARM/sdk/Pico/pico-sdk/src/rp2_common/hardware_irq/irq.c.obj
                                 0x3a (size before relaxing)
 *fill*         0x10007e4a        0x2 
 .rodata.__func__.0
                0x10007e4c       0x1a CMakeFiles/Optical-SW.dir/C_/VSARM/sdk/Pico/pico-sdk/src/rp2_common/hardware_irq/irq.c.obj
 *fill*         0x10007e66        0x2 
 .rodata.__func__.1
                0x10007e68       0x17 CMakeFiles/Optical-SW.dir/C_/VSARM/sdk/Pico/pico-sdk/src/rp2_common/hardware_irq/irq.c.obj
 *fill*         0x10007e7f        0x1 
 .rodata.__func__.2
                0x10007e80       0x13 CMakeFiles/Optical-SW.dir/C_/VSARM/sdk/Pico/pico-sdk/src/rp2_common/hardware_irq/irq.c.obj
 *fill*         0x10007e93        0x1 
 .rodata.__func__.3
                0x10007e94        0xc CMakeFiles/Optical-SW.dir/C_/VSARM/sdk/Pico/pico-sdk/src/rp2_common/hardware_irq/irq.c.obj
 .rodata.__func__.4
                0x10007ea0        0xf CMakeFiles/Optical-SW.dir/C_/VSARM/sdk/Pico/pico-sdk/src/rp2_common/hardware_irq/irq.c.obj
 *fill*         0x10007eaf        0x1 
 .rodata.__func__.6
                0x10007eb0       0x1a CMakeFiles/Optical-SW.dir/C_/VSARM/sdk/Pico/pico-sdk/src/rp2_common/hardware_irq/irq.c.obj
 *fill*         0x10007eca        0x2 
 .rodata.pll_init.str1.4
                0x10007ecc       0xdb CMakeFiles/Optical-SW.dir/C_/VSARM/sdk/Pico/pico-sdk/src/rp2_common/hardware_pll/pll.c.obj
 *fill*         0x10007fa7        0x1 
 .rodata.__func__.0
                0x10007fa8        0x9 CMakeFiles/Optical-SW.dir/C_/VSARM/sdk/Pico/pico-sdk/src/rp2_common/hardware_pll/pll.c.obj
 *fill*         0x10007fb1        0x3 
 .rodata._ftoa.str1.4
                0x10007fb4       0x15 CMakeFiles/Optical-SW.dir/C_/VSARM/sdk/Pico/pico-sdk/src/rp2_common/pico_printf/printf.c.obj
 *fill*         0x10007fc9        0x3 
 .rodata._vsnprintf
                0x10007fcc      0x1e0 CMakeFiles/Optical-SW.dir/C_/VSARM/sdk/Pico/pico-sdk/src/rp2_common/pico_printf/printf.c.obj
 *fill*         0x100081ac        0x4 
 .rodata.pow10.0
                0x100081b0       0x50 CMakeFiles/Optical-SW.dir/C_/VSARM/sdk/Pico/pico-sdk/src/rp2_common/pico_printf/printf.c.obj
 .rodata.__aeabi_double_init.str1.4
                0x10008200       0xa8 CMakeFiles/Optical-SW.dir/C_/VSARM/sdk/Pico/pico-sdk/src/rp2_common/pico_double/double_init_rom.c.obj
 .rodata.__func__.0
                0x100082a8       0x14 CMakeFiles/Optical-SW.dir/C_/VSARM/sdk/Pico/pico-sdk/src/rp2_common/pico_double/double_init_rom.c.obj
 .rodata.__aeabi_float_init.str1.4
                0x100082bc       0x7a CMakeFiles/Optical-SW.dir/C_/VSARM/sdk/Pico/pico-sdk/src/rp2_common/pico_float/float_init_rom.c.obj
                                 0x7e (size before relaxing)
 *fill*         0x10008336        0x2 
 .rodata.__func__.0
                0x10008338       0x13 CMakeFiles/Optical-SW.dir/C_/VSARM/sdk/Pico/pico-sdk/src/rp2_common/pico_float/float_init_rom.c.obj
 *fill*         0x1000834b        0x1 
 .rodata.str1.4
                0x1000834c       0x40 CMakeFiles/Optical-SW.dir/C_/VSARM/sdk/Pico/pico-sdk/src/rp2_common/pico_standard_link/binary_info.c.obj
 .rodata.__bi_44
                0x1000838c        0xc CMakeFiles/Optical-SW.dir/C_/VSARM/sdk/Pico/pico-sdk/src/rp2_common/pico_standard_link/binary_info.c.obj
 .rodata.__bi_75
                0x10008398        0xc CMakeFiles/Optical-SW.dir/C_/VSARM/sdk/Pico/pico-sdk/src/rp2_common/pico_standard_link/binary_info.c.obj
 .rodata.__bi_81
                0x100083a4        0xc CMakeFiles/Optical-SW.dir/C_/VSARM/sdk/Pico/pico-sdk/src/rp2_common/pico_standard_link/binary_info.c.obj
 .rodata.crlf_str.3
                0x100083b0        0x2 CMakeFiles/Optical-SW.dir/C_/VSARM/sdk/Pico/pico-sdk/src/rp2_common/pico_stdio/stdio.c.obj
 *fill*         0x100083b2        0x2 
 .rodata.str1.4
                0x100083b4       0x2c CMakeFiles/Optical-SW.dir/C_/VSARM/sdk/Pico/pico-sdk/src/rp2_common/pico_stdio_uart/stdio_uart.c.obj
 .rodata.__bi_28.4
                0x100083e0        0xc CMakeFiles/Optical-SW.dir/C_/VSARM/sdk/Pico/pico-sdk/src/rp2_common/pico_stdio_uart/stdio_uart.c.obj
 .rodata.__bi_29.5
                0x100083ec        0x8 CMakeFiles/Optical-SW.dir/C_/VSARM/sdk/Pico/pico-sdk/src/rp2_common/pico_stdio_uart/stdio_uart.c.obj
 .rodata._resetd_driver
                0x100083f4       0x18 CMakeFiles/Optical-SW.dir/C_/VSARM/sdk/Pico/pico-sdk/src/rp2_common/pico_stdio_usb/reset_interface.c.obj
 .rodata.stdio_usb_init.str1.4
                0x1000840c       0x61 CMakeFiles/Optical-SW.dir/C_/VSARM/sdk/Pico/pico-sdk/src/rp2_common/pico_stdio_usb/stdio_usb.c.obj
 .rodata.str1.4
                0x1000840c       0x13 CMakeFiles/Optical-SW.dir/C_/VSARM/sdk/Pico/pico-sdk/src/rp2_common/pico_stdio_usb/stdio_usb.c.obj
 *fill*         0x1000841f        0x1 
 .rodata.__bi_93.1
                0x10008420        0xc CMakeFiles/Optical-SW.dir/C_/VSARM/sdk/Pico/pico-sdk/src/rp2_common/pico_stdio_usb/stdio_usb.c.obj
 .rodata.__func__.0
                0x1000842c       0x15 CMakeFiles/Optical-SW.dir/C_/VSARM/sdk/Pico/pico-sdk/src/rp2_common/pico_stdio_usb/stdio_usb.c.obj
 *fill*         0x10008441        0x3 
 .rodata.str1.4
                0x10008444       0x2a CMakeFiles/Optical-SW.dir/C_/VSARM/sdk/Pico/pico-sdk/src/rp2_common/pico_stdio_usb/stdio_usb_descriptors.c.obj
 *fill*         0x1000846e        0x2 
 .rodata.usbd_desc_cfg
                0x10008470       0x54 CMakeFiles/Optical-SW.dir/C_/VSARM/sdk/Pico/pico-sdk/src/rp2_common/pico_stdio_usb/stdio_usb_descriptors.c.obj
 .rodata.usbd_desc_device
                0x100084c4       0x12 CMakeFiles/Optical-SW.dir/C_/VSARM/sdk/Pico/pico-sdk/src/rp2_common/pico_stdio_usb/stdio_usb_descriptors.c.obj
 *fill*         0x100084d6        0x2 
 .rodata.usbd_desc_str
                0x100084d8       0x18 CMakeFiles/Optical-SW.dir/C_/VSARM/sdk/Pico/pico-sdk/src/rp2_common/pico_stdio_usb/stdio_usb_descriptors.c.obj
 .rodata._hw_endpoint_alloc.str1.4
                0x100084f0       0xb5 CMakeFiles/Optical-SW.dir/C_/VSARM/sdk/Pico/pico-sdk/lib/tinyusb/src/portable/raspberrypi/rp2040/dcd_rp2040.c.obj
 *fill*         0x100085a5        0x3 
 .rodata._hw_endpoint_init.str1.4
                0x100085a8       0x28 CMakeFiles/Optical-SW.dir/C_/VSARM/sdk/Pico/pico-sdk/lib/tinyusb/src/portable/raspberrypi/rp2040/dcd_rp2040.c.obj
 .rodata.hw_handle_buff_status.str1.4
                0x100085d0        0xb CMakeFiles/Optical-SW.dir/C_/VSARM/sdk/Pico/pico-sdk/lib/tinyusb/src/portable/raspberrypi/rp2040/dcd_rp2040.c.obj
 *fill*         0x100085db        0x1 
 .rodata.dcd_rp2040_irq.str1.4
                0x100085dc       0x14 CMakeFiles/Optical-SW.dir/C_/VSARM/sdk/Pico/pico-sdk/lib/tinyusb/src/portable/raspberrypi/rp2040/dcd_rp2040.c.obj
 .rodata._hw_endpoint_stall.str1.4
                0x100085f0        0xd CMakeFiles/Optical-SW.dir/C_/VSARM/sdk/Pico/pico-sdk/lib/tinyusb/src/portable/raspberrypi/rp2040/dcd_rp2040.c.obj
 *fill*         0x100085fd        0x3 
 .rodata.dcd_int_enable.str1.4
                0x10008600        0xc CMakeFiles/Optical-SW.dir/C_/VSARM/sdk/Pico/pico-sdk/lib/tinyusb/src/portable/raspberrypi/rp2040/dcd_rp2040.c.obj
 .rodata.__func__.0
                0x1000860c       0x15 CMakeFiles/Optical-SW.dir/C_/VSARM/sdk/Pico/pico-sdk/lib/tinyusb/src/portable/raspberrypi/rp2040/dcd_rp2040.c.obj
 *fill*         0x10008621        0x3 
 .rodata.__func__.1
                0x10008624       0x13 CMakeFiles/Optical-SW.dir/C_/VSARM/sdk/Pico/pico-sdk/lib/tinyusb/src/portable/raspberrypi/rp2040/dcd_rp2040.c.obj
 *fill*         0x10008637        0x1 
 .rodata.__func__.11
                0x10008638        0xf CMakeFiles/Optical-SW.dir/C_/VSARM/sdk/Pico/pico-sdk/lib/tinyusb/src/portable/raspberrypi/rp2040/dcd_rp2040.c.obj
 *fill*         0x10008647        0x1 
 .rodata.__func__.12
                0x10008648       0x13 CMakeFiles/Optical-SW.dir/C_/VSARM/sdk/Pico/pico-sdk/lib/tinyusb/src/portable/raspberrypi/rp2040/dcd_rp2040.c.obj
 *fill*         0x1000865b        0x1 
 .rodata.__func__.13
                0x1000865c       0x16 CMakeFiles/Optical-SW.dir/C_/VSARM/sdk/Pico/pico-sdk/lib/tinyusb/src/portable/raspberrypi/rp2040/dcd_rp2040.c.obj
 *fill*         0x10008672        0x2 
 .rodata.__func__.14
                0x10008674        0x9 CMakeFiles/Optical-SW.dir/C_/VSARM/sdk/Pico/pico-sdk/lib/tinyusb/src/portable/raspberrypi/rp2040/dcd_rp2040.c.obj
 *fill*         0x1000867d        0x3 
 .rodata.__func__.2
                0x10008680        0xf CMakeFiles/Optical-SW.dir/C_/VSARM/sdk/Pico/pico-sdk/lib/tinyusb/src/portable/raspberrypi/rp2040/dcd_rp2040.c.obj
 *fill*         0x1000868f        0x1 
 .rodata.__func__.3
                0x10008690        0xe CMakeFiles/Optical-SW.dir/C_/VSARM/sdk/Pico/pico-sdk/lib/tinyusb/src/portable/raspberrypi/rp2040/dcd_rp2040.c.obj
 *fill*         0x1000869e        0x2 
 .rodata.__func__.4
                0x100086a0        0xe CMakeFiles/Optical-SW.dir/C_/VSARM/sdk/Pico/pico-sdk/lib/tinyusb/src/portable/raspberrypi/rp2040/dcd_rp2040.c.obj
 *fill*         0x100086ae        0x2 
 .rodata.__func__.5
                0x100086b0       0x1a CMakeFiles/Optical-SW.dir/C_/VSARM/sdk/Pico/pico-sdk/lib/tinyusb/src/portable/raspberrypi/rp2040/dcd_rp2040.c.obj
 *fill*         0x100086ca        0x2 
 .rodata.__func__.6
                0x100086cc        0xc CMakeFiles/Optical-SW.dir/C_/VSARM/sdk/Pico/pico-sdk/lib/tinyusb/src/portable/raspberrypi/rp2040/dcd_rp2040.c.obj
 .rodata.__func__.9
                0x100086d8       0x10 CMakeFiles/Optical-SW.dir/C_/VSARM/sdk/Pico/pico-sdk/lib/tinyusb/src/portable/raspberrypi/rp2040/dcd_rp2040.c.obj
 .rodata._hw_endpoint_buffer_control_update32.str1.4
                0x100086e8       0x1f CMakeFiles/Optical-SW.dir/C_/VSARM/sdk/Pico/pico-sdk/lib/tinyusb/src/portable/raspberrypi/rp2040/rp2040_usb.c.obj
 *fill*         0x10008707        0x1 
 .rodata._hw_endpoint_xfer_sync.str1.4
                0x10008708       0x91 CMakeFiles/Optical-SW.dir/C_/VSARM/sdk/Pico/pico-sdk/lib/tinyusb/src/portable/raspberrypi/rp2040/rp2040_usb.c.obj
 *fill*         0x10008799        0x3 
 .rodata._hw_endpoint_xfer_continue.str1.4
                0x1000879c       0x50 CMakeFiles/Optical-SW.dir/C_/VSARM/sdk/Pico/pico-sdk/lib/tinyusb/src/portable/raspberrypi/rp2040/rp2040_usb.c.obj
 .rodata._hw_endpoint_xfer.str1.4
                0x100087ec        0xf CMakeFiles/Optical-SW.dir/C_/VSARM/sdk/Pico/pico-sdk/lib/tinyusb/src/portable/raspberrypi/rp2040/rp2040_usb.c.obj
 .rodata.str1.4
                0x100087fb        0xf CMakeFiles/Optical-SW.dir/C_/VSARM/sdk/Pico/pico-sdk/lib/tinyusb/src/portable/raspberrypi/rp2040/rp2040_usb.c.obj
                                  0x7 (size before relaxing)
 *fill*         0x100087fb        0x1 
 .rodata.__func__.0
                0x100087fc       0x12 CMakeFiles/Optical-SW.dir/C_/VSARM/sdk/Pico/pico-sdk/lib/tinyusb/src/portable/raspberrypi/rp2040/rp2040_usb.c.obj
 *fill*         0x1000880e        0x2 
 .rodata.__func__.1
                0x10008810       0x17 CMakeFiles/Optical-SW.dir/C_/VSARM/sdk/Pico/pico-sdk/lib/tinyusb/src/portable/raspberrypi/rp2040/rp2040_usb.c.obj
 *fill*         0x10008827        0x1 
 .rodata.process_set_config.str1.4
                0x10008828       0x17 CMakeFiles/Optical-SW.dir/C_/VSARM/sdk/Pico/pico-sdk/lib/tinyusb/src/device/usbd.c.obj
 *fill*         0x1000883f        0x1 
 .rodata.process_get_descriptor
                0x10008840       0x40 CMakeFiles/Optical-SW.dir/C_/VSARM/sdk/Pico/pico-sdk/lib/tinyusb/src/device/usbd.c.obj
 .rodata.process_control_request
                0x10008880       0x28 CMakeFiles/Optical-SW.dir/C_/VSARM/sdk/Pico/pico-sdk/lib/tinyusb/src/device/usbd.c.obj
 .rodata.tud_task
                0x100088a8       0x24 CMakeFiles/Optical-SW.dir/C_/VSARM/sdk/Pico/pico-sdk/lib/tinyusb/src/device/usbd.c.obj
 .rodata.__func__.2
                0x100088cc        0xf CMakeFiles/Optical-SW.dir/C_/VSARM/sdk/Pico/pico-sdk/lib/tinyusb/src/device/usbd.c.obj
 *fill*         0x100088db        0x1 
 .rodata.__func__.3
                0x100088dc        0xf CMakeFiles/Optical-SW.dir/C_/VSARM/sdk/Pico/pico-sdk/lib/tinyusb/src/device/usbd.c.obj
 *fill*         0x100088eb        0x1 
 .rodata.__func__.4
                0x100088ec       0x14 CMakeFiles/Optical-SW.dir/C_/VSARM/sdk/Pico/pico-sdk/lib/tinyusb/src/device/usbd.c.obj
 .rodata.__func__.5
                0x10008900       0x10 CMakeFiles/Optical-SW.dir/C_/VSARM/sdk/Pico/pico-sdk/lib/tinyusb/src/device/usbd.c.obj
 .rodata.__func__.6
                0x10008910       0x17 CMakeFiles/Optical-SW.dir/C_/VSARM/sdk/Pico/pico-sdk/lib/tinyusb/src/device/usbd.c.obj
 *fill*         0x10008927        0x1 
 .rodata.__func__.7
                0x10008928       0x13 CMakeFiles/Optical-SW.dir/C_/VSARM/sdk/Pico/pico-sdk/lib/tinyusb/src/device/usbd.c.obj
 *fill*         0x1000893b        0x1 
 .rodata.__func__.8
                0x1000893c       0x18 CMakeFiles/Optical-SW.dir/C_/VSARM/sdk/Pico/pico-sdk/lib/tinyusb/src/device/usbd.c.obj
 .rodata.__func__.9
                0x10008954        0x9 CMakeFiles/Optical-SW.dir/C_/VSARM/sdk/Pico/pico-sdk/lib/tinyusb/src/device/usbd.c.obj
 *fill*         0x1000895d        0x3 
 .rodata._usbd_driver
                0x10008960       0x18 CMakeFiles/Optical-SW.dir/C_/VSARM/sdk/Pico/pico-sdk/lib/tinyusb/src/device/usbd.c.obj
 .rodata.tud_control_xfer.str1.4
                0x10008978       0x17 CMakeFiles/Optical-SW.dir/C_/VSARM/sdk/Pico/pico-sdk/lib/tinyusb/src/device/usbd_control.c.obj
 .rodata.__func__.0
                0x10008978       0x15 CMakeFiles/Optical-SW.dir/C_/VSARM/sdk/Pico/pico-sdk/lib/tinyusb/src/device/usbd_control.c.obj
 *fill*         0x1000898d        0x3 
 .rodata.__func__.1
                0x10008990       0x11 CMakeFiles/Optical-SW.dir/C_/VSARM/sdk/Pico/pico-sdk/lib/tinyusb/src/device/usbd_control.c.obj
 .rodata.tud_cdc_n_write_flush.str1.4
                0x100089a1       0x17 CMakeFiles/Optical-SW.dir/C_/VSARM/sdk/Pico/pico-sdk/lib/tinyusb/src/class/cdc/cdc_device.c.obj
 *fill*         0x100089a1        0x3 
 .rodata.__func__.0
                0x100089a4        0xd CMakeFiles/Optical-SW.dir/C_/VSARM/sdk/Pico/pico-sdk/lib/tinyusb/src/class/cdc/cdc_device.c.obj
 *fill*         0x100089b1        0x3 
 .rodata.__func__.1
                0x100089b4        0xa CMakeFiles/Optical-SW.dir/C_/VSARM/sdk/Pico/pico-sdk/lib/tinyusb/src/class/cdc/cdc_device.c.obj
 *fill*         0x100089be        0x2 
 .rodata.__func__.2
                0x100089c0       0x16 CMakeFiles/Optical-SW.dir/C_/VSARM/sdk/Pico/pico-sdk/lib/tinyusb/src/class/cdc/cdc_device.c.obj
 .rodata.tusb_init.str1.4
                0x100089d6       0x17 CMakeFiles/Optical-SW.dir/C_/VSARM/sdk/Pico/pico-sdk/lib/tinyusb/src/tusb.c.obj
 *fill*         0x100089d6        0x2 
 .rodata.__func__.0
                0x100089d8        0xa CMakeFiles/Optical-SW.dir/C_/VSARM/sdk/Pico/pico-sdk/lib/tinyusb/src/tusb.c.obj
 *fill*         0x100089e2        0x2 
 .rodata.pico_get_unique_board_id_string.str1.4
                0x100089e4       0x4d CMakeFiles/Optical-SW.dir/C_/VSARM/sdk/Pico/pico-sdk/src/rp2_common/pico_unique_id/unique_id.c.obj
 *fill*         0x10008a31        0x3 
 .rodata.__func__.0
                0x10008a34       0x20 CMakeFiles/Optical-SW.dir/C_/VSARM/sdk/Pico/pico-sdk/src/rp2_common/pico_unique_id/unique_id.c.obj
 .rodata.str1.4
                0x10008a54      0x15a CMakeFiles/Optical-SW.dir/C_/VSARM/sdk/Pico/pico-sdk/src/rp2_common/hardware_flash/flash.c.obj
 *fill*         0x10008bae        0x2 
 .rodata.__func__.0
                0x10008bb0        0xd CMakeFiles/Optical-SW.dir/C_/VSARM/sdk/Pico/pico-sdk/src/rp2_common/hardware_flash/flash.c.obj
                0x10008bc0                . = ALIGN (0x4)
 *fill*         0x10008bbd        0x3 
 *(SORT_BY_ALIGNMENT(SORT_BY_NAME(.flashdata*)))
                0x10008bc0                . = ALIGN (0x4)

.rel.dyn        0x10008bc0        0x0
 .rel.iplt      0x10008bc0        0x0 c:/progra~2/gnuarm~1/102021~1.07/bin/../lib/gcc/arm-none-eabi/10.3.1/thumb/v6-m/nofp/crtbegin.o

.ARM.extab
 *(.ARM.extab* .gnu.linkonce.armextab.*)
                0x10008bc0                __exidx_start = .

.ARM.exidx
 *(.ARM.exidx* .gnu.linkonce.armexidx.*)
                0x10008bc0                __exidx_end = .
                0x10008bc0                . = ALIGN (0x4)
                0x10008bc0                __binary_info_start = .

.binary_info    0x10008bc0       0x28
 *(.binary_info.keep.*)
 .binary_info.keep.__bi_ptr22
                0x10008bc0        0x4 CMakeFiles/Optical-SW.dir/C_/VSARM/sdk/Pico/pico-sdk/src/rp2_common/pico_standard_link/binary_info.c.obj
 .binary_info.keep.__bi_ptr30
                0x10008bc4        0x4 CMakeFiles/Optical-SW.dir/C_/VSARM/sdk/Pico/pico-sdk/src/rp2_common/pico_standard_link/binary_info.c.obj
 .binary_info.keep.__bi_ptr38
                0x10008bc8        0x4 CMakeFiles/Optical-SW.dir/C_/VSARM/sdk/Pico/pico-sdk/src/rp2_common/pico_standard_link/binary_info.c.obj
 .binary_info.keep.__bi_ptr44
                0x10008bcc        0x4 CMakeFiles/Optical-SW.dir/C_/VSARM/sdk/Pico/pico-sdk/src/rp2_common/pico_standard_link/binary_info.c.obj
 .binary_info.keep.__bi_ptr50
                0x10008bd0        0x4 CMakeFiles/Optical-SW.dir/C_/VSARM/sdk/Pico/pico-sdk/src/rp2_common/pico_standard_link/binary_info.c.obj
 .binary_info.keep.__bi_ptr75
                0x10008bd4        0x4 CMakeFiles/Optical-SW.dir/C_/VSARM/sdk/Pico/pico-sdk/src/rp2_common/pico_standard_link/binary_info.c.obj
 .binary_info.keep.__bi_ptr81
                0x10008bd8        0x4 CMakeFiles/Optical-SW.dir/C_/VSARM/sdk/Pico/pico-sdk/src/rp2_common/pico_standard_link/binary_info.c.obj
 *(.binary_info.*)
 .binary_info.__bi_ptr28
                0x10008bdc        0x4 CMakeFiles/Optical-SW.dir/C_/VSARM/sdk/Pico/pico-sdk/src/rp2_common/pico_stdio_uart/stdio_uart.c.obj
 .binary_info.__bi_ptr29
                0x10008be0        0x4 CMakeFiles/Optical-SW.dir/C_/VSARM/sdk/Pico/pico-sdk/src/rp2_common/pico_stdio_uart/stdio_uart.c.obj
 .binary_info.__bi_ptr93
                0x10008be4        0x4 CMakeFiles/Optical-SW.dir/C_/VSARM/sdk/Pico/pico-sdk/src/rp2_common/pico_stdio_usb/stdio_usb.c.obj
                0x10008be8                __binary_info_end = .
                0x10008be8                . = ALIGN (0x4)
                0x10008be8                __etext = .

.ram_vector_table
                0x20000000       0xc0
 *(.ram_vector_table)
 .ram_vector_table
                0x20000000       0xc0 CMakeFiles/Optical-SW.dir/C_/VSARM/sdk/Pico/pico-sdk/src/rp2_common/pico_runtime/runtime.c.obj
                0x20000000                ram_vector_table

.data           0x200000c0      0x534 load address 0x10008be8
                0x200000c0                __data_start__ = .
 *(vtable)
 *(.time_critical*)
 .time_critical.mutex_enter_blocking
                0x200000c0       0x94 CMakeFiles/Optical-SW.dir/C_/VSARM/sdk/Pico/pico-sdk/src/common/pico_sync/mutex.c.obj
                0x200000c0                mutex_enter_blocking
 .time_critical.mutex_try_enter
                0x20000154       0x5a CMakeFiles/Optical-SW.dir/C_/VSARM/sdk/Pico/pico-sdk/src/common/pico_sync/mutex.c.obj
                0x20000154                mutex_try_enter
 *fill*         0x200001ae        0x2 
 .time_critical.mutex_enter_block_until
                0x200001b0       0x8c CMakeFiles/Optical-SW.dir/C_/VSARM/sdk/Pico/pico-sdk/src/common/pico_sync/mutex.c.obj
                0x200001b0                mutex_enter_block_until
 .time_critical.mutex_enter_timeout_ms
                0x2000023c       0x74 CMakeFiles/Optical-SW.dir/C_/VSARM/sdk/Pico/pico-sdk/src/common/pico_sync/mutex.c.obj
                0x2000023c                mutex_enter_timeout_ms
 .time_critical.mutex_exit
                0x200002b0       0x94 CMakeFiles/Optical-SW.dir/C_/VSARM/sdk/Pico/pico-sdk/src/common/pico_sync/mutex.c.obj
                0x200002b0                mutex_exit
 .time_critical.flash_init_boot2_copyout
                0x20000344       0x30 CMakeFiles/Optical-SW.dir/C_/VSARM/sdk/Pico/pico-sdk/src/rp2_common/hardware_flash/flash.c.obj
 .time_critical.flash_enable_xip_via_boot2
                0x20000374       0x10 CMakeFiles/Optical-SW.dir/C_/VSARM/sdk/Pico/pico-sdk/src/rp2_common/hardware_flash/flash.c.obj
 .time_critical.flash_cs_force
                0x20000384       0x28 CMakeFiles/Optical-SW.dir/C_/VSARM/sdk/Pico/pico-sdk/src/rp2_common/hardware_flash/flash.c.obj
 .time_critical.flash_do_cmd
                0x200003ac       0xc0 CMakeFiles/Optical-SW.dir/C_/VSARM/sdk/Pico/pico-sdk/src/rp2_common/hardware_flash/flash.c.obj
                0x200003ac                flash_do_cmd
 *(.text*)
 .text          0x2000046c        0x4 c:/progra~2/gnuarm~1/102021~1.07/bin/../lib/gcc/arm-none-eabi/10.3.1/thumb/v6-m/nofp\libgcc.a(_dvmd_tls.o)
                0x2000046c                __aeabi_idiv0
                0x2000046c                __aeabi_ldiv0
 .text.__stub   0x20000470       0x50 linker stubs
                0x200004c0                . = ALIGN (0x4)
 *(.rodata*)
                0x200004c0                . = ALIGN (0x4)
 *(.data*)
 .data.segPin   0x200004c0       0x20 CMakeFiles/Optical-SW.dir/optical-sw.c.obj
                0x200004c0                segPin
 .data.striped_spin_lock_num
                0x200004e0        0x1 CMakeFiles/Optical-SW.dir/C_/VSARM/sdk/Pico/pico-sdk/src/rp2_common/hardware_sync/sync.c.obj
 *fill*         0x200004e1        0x3 
 .data.default_alarm_pool
                0x200004e4       0x18 CMakeFiles/Optical-SW.dir/C_/VSARM/sdk/Pico/pico-sdk/src/common/pico_time/time.c.obj
 .data.default_alarm_pool_heap
                0x200004fc       0x10 CMakeFiles/Optical-SW.dir/C_/VSARM/sdk/Pico/pico-sdk/src/common/pico_time/time.c.obj
 .data          0x2000050c       0x48 CMakeFiles/Optical-SW.dir/C_/VSARM/sdk/Pico/pico-sdk/src/rp2_common/hardware_irq/irq_handler_chain.S.obj
                0x2000050c                irq_handler_chain_slots
                0x2000053c                irq_handler_chain_first_slot
                0x20000546                irq_handler_chain_remove_tail
 *fill*         0x20000554        0xc 
 .data.aeabi_bits_funcs
                0x20000560       0x10 CMakeFiles/Optical-SW.dir/C_/VSARM/sdk/Pico/pico-sdk/src/rp2_common/pico_bit_ops/bit_ops_aeabi.S.obj
                0x20000560                aeabi_bits_funcs
                0x20000570                aeabi_bits_funcs_end
 .data.aeabi_mem_funcs
                0x20000570       0x10 CMakeFiles/Optical-SW.dir/C_/VSARM/sdk/Pico/pico-sdk/src/rp2_common/pico_mem_ops/mem_ops_aeabi.S.obj
                0x20000570                aeabi_mem_funcs
                0x20000580                aeabi_mem_funcs_end
 .data.stdio_uart
                0x20000580       0x14 CMakeFiles/Optical-SW.dir/C_/VSARM/sdk/Pico/pico-sdk/src/rp2_common/pico_stdio_uart/stdio_uart.c.obj
                0x20000580                stdio_uart
 .data.stdio_usb
                0x20000594       0x14 CMakeFiles/Optical-SW.dir/C_/VSARM/sdk/Pico/pico-sdk/src/rp2_common/pico_stdio_usb/stdio_usb.c.obj
                0x20000594                stdio_usb
 .data.ep_dir_string
                0x200005a8        0x8 CMakeFiles/Optical-SW.dir/C_/VSARM/sdk/Pico/pico-sdk/lib/tinyusb/src/portable/raspberrypi/rp2040/rp2040_usb.c.obj
                0x200005a8                ep_dir_string
 .data._usbd_qdef
                0x200005b0       0x24 CMakeFiles/Optical-SW.dir/C_/VSARM/sdk/Pico/pico-sdk/lib/tinyusb/src/device/usbd.c.obj
                0x200005b0                _usbd_qdef
                0x200005d4                . = ALIGN (0x4)
 *(.after_data.*)
                0x200005d4                . = ALIGN (0x4)
                0x200005d4                PROVIDE (__mutex_array_start = .)
 *(SORT_BY_NAME(.mutex_array.*))
 *(.mutex_array)
 .mutex_array   0x200005d4        0x8 CMakeFiles/Optical-SW.dir/C_/VSARM/sdk/Pico/pico-sdk/src/rp2_common/pico_stdio/stdio.c.obj
                0x200005dc                PROVIDE (__mutex_array_end = .)
                0x200005dc                . = ALIGN (0x4)
                0x200005dc                PROVIDE (__preinit_array_start = .)
 *(SORT_BY_NAME(.preinit_array.*))
 .preinit_array.00001
                0x200005dc        0x4 CMakeFiles/Optical-SW.dir/C_/VSARM/sdk/Pico/pico-sdk/src/rp2_common/pico_mem_ops/mem_ops_aeabi.S.obj
 .preinit_array.00010
                0x200005e0        0x4 CMakeFiles/Optical-SW.dir/C_/VSARM/sdk/Pico/pico-sdk/src/rp2_common/pico_bit_ops/bit_ops_aeabi.S.obj
 .preinit_array.00020
                0x200005e4        0x4 CMakeFiles/Optical-SW.dir/C_/VSARM/sdk/Pico/pico-sdk/src/rp2_common/pico_double/double_aeabi.S.obj
 .preinit_array.00020
                0x200005e8        0x4 CMakeFiles/Optical-SW.dir/C_/VSARM/sdk/Pico/pico-sdk/src/rp2_common/pico_float/float_aeabi.S.obj
 *(.preinit_array)
                0x200005ec                PROVIDE (__preinit_array_end = .)
                0x200005ec                . = ALIGN (0x4)
                0x200005ec                PROVIDE (__init_array_start = .)
 *(SORT_BY_NAME(.init_array.*))
 *(.init_array)
 .init_array    0x200005ec        0x4 c:/progra~2/gnuarm~1/102021~1.07/bin/../lib/gcc/arm-none-eabi/10.3.1/thumb/v6-m/nofp/crtbegin.o
 .init_array    0x200005f0        0x4 CMakeFiles/Optical-SW.dir/C_/VSARM/sdk/Pico/pico-sdk/src/rp2_common/pico_unique_id/unique_id.c.obj
                0x200005f4                PROVIDE (__init_array_end = .)
                0x200005f4                . = ALIGN (0x4)
                [!provide]                PROVIDE (__fini_array_start = .)
 *(SORT_BY_NAME(.fini_array.*))
 *(.fini_array)
                [!provide]                PROVIDE (__fini_array_end = .)
 *(.jcr)
                0x200005f4                . = ALIGN (0x4)
                0x200005f4                __data_end__ = .

.igot.plt       0x200005f4        0x0 load address 0x1000911c
 .igot.plt      0x200005f4        0x0 c:/progra~2/gnuarm~1/102021~1.07/bin/../lib/gcc/arm-none-eabi/10.3.1/thumb/v6-m/nofp/crtbegin.o

.uninitialized_data
                0x200005f4        0x0 load address 0x1000911c
                0x200005f4                . = ALIGN (0x4)
 *(.uninitialized_data*)
