Archive member included to satisfy reference by file (symbol)

c:/progra~2/gnuarm~1/102021~1.07/bin/../lib/gcc/arm-none-eabi/10.3.1/thumb/v6-m/nofp\libgcc.a(_dvmd_tls.o)
                              CMakeFiles/MUXD.dir/C_/VSARM/sdk/Pico/pico-sdk/src/rp2_common/pico_divider/divider.S.obj (__aeabi_idiv0)
c:/progra~2/gnuarm~1/102021~1.07/bin/../lib/gcc/arm-none-eabi/10.3.1/../../../../arm-none-eabi/lib/thumb/v6-m/nofp\libg.a(lib_a-calloc.o)
                              CMakeFiles/MUXD.dir/C_/VSARM/sdk/Pico/pico-sdk/src/rp2_common/pico_malloc/pico_malloc.c.obj (calloc)
c:/progra~2/gnuarm~1/102021~1.07/bin/../lib/gcc/arm-none-eabi/10.3.1/../../../../arm-none-eabi/lib/thumb/v6-m/nofp\libg.a(lib_a-callocr.o)
                              c:/progra~2/gnuarm~1/102021~1.07/bin/../lib/gcc/arm-none-eabi/10.3.1/../../../../arm-none-eabi/lib/thumb/v6-m/nofp\libg.a(lib_a-calloc.o) (_calloc_r)
c:/progra~2/gnuarm~1/102021~1.07/bin/../lib/gcc/arm-none-eabi/10.3.1/../../../../arm-none-eabi/lib/thumb/v6-m/nofp\libg.a(lib_a-errno.o)
                              c:/progra~2/gnuarm~1/102021~1.07/bin/../lib/gcc/arm-none-eabi/10.3.1/../../../../arm-none-eabi/lib/thumb/v6-m/nofp\libg.a(lib_a-callocr.o) (__errno)
c:/progra~2/gnuarm~1/102021~1.07/bin/../lib/gcc/arm-none-eabi/10.3.1/../../../../arm-none-eabi/lib/thumb/v6-m/nofp\libg.a(lib_a-impure.o)
                              c:/progra~2/gnuarm~1/102021~1.07/bin/../lib/gcc/arm-none-eabi/10.3.1/../../../../arm-none-eabi/lib/thumb/v6-m/nofp\libg.a(lib_a-calloc.o) (_impure_ptr)
c:/progra~2/gnuarm~1/102021~1.07/bin/../lib/gcc/arm-none-eabi/10.3.1/../../../../arm-none-eabi/lib/thumb/v6-m/nofp\libg.a(lib_a-init.o)
                              c:/progra~2/gnuarm~1/102021~1.07/bin/../lib/gcc/arm-none-eabi/10.3.1/../../../../arm-none-eabi/lib/thumb/v6-m/nofp/crt0.o (__libc_init_array)
c:/progra~2/gnuarm~1/102021~1.07/bin/../lib/gcc/arm-none-eabi/10.3.1/../../../../arm-none-eabi/lib/thumb/v6-m/nofp\libg.a(lib_a-malloc.o)
                              CMakeFiles/MUXD.dir/C_/VSARM/sdk/Pico/pico-sdk/src/rp2_common/pico_malloc/pico_malloc.c.obj (malloc)
c:/progra~2/gnuarm~1/102021~1.07/bin/../lib/gcc/arm-none-eabi/10.3.1/../../../../arm-none-eabi/lib/thumb/v6-m/nofp\libg.a(lib_a-mallocr.o)
                              c:/progra~2/gnuarm~1/102021~1.07/bin/../lib/gcc/arm-none-eabi/10.3.1/../../../../arm-none-eabi/lib/thumb/v6-m/nofp\libg.a(lib_a-callocr.o) (_malloc_r)
c:/progra~2/gnuarm~1/102021~1.07/bin/../lib/gcc/arm-none-eabi/10.3.1/../../../../arm-none-eabi/lib/thumb/v6-m/nofp\libg.a(lib_a-mlock.o)
                              c:/progra~2/gnuarm~1/102021~1.07/bin/../lib/gcc/arm-none-eabi/10.3.1/../../../../arm-none-eabi/lib/thumb/v6-m/nofp\libg.a(lib_a-mallocr.o) (__malloc_lock)
c:/progra~2/gnuarm~1/102021~1.07/bin/../lib/gcc/arm-none-eabi/10.3.1/../../../../arm-none-eabi/lib/thumb/v6-m/nofp\libg.a(lib_a-sbrkr.o)
                              c:/progra~2/gnuarm~1/102021~1.07/bin/../lib/gcc/arm-none-eabi/10.3.1/../../../../arm-none-eabi/lib/thumb/v6-m/nofp\libg.a(lib_a-mallocr.o) (_sbrk_r)
c:/progra~2/gnuarm~1/102021~1.07/bin/../lib/gcc/arm-none-eabi/10.3.1/../../../../arm-none-eabi/lib/thumb/v6-m/nofp\libg.a(lib_a-strlen-stub.o)
                              CMakeFiles/MUXD.dir/C_/VSARM/sdk/Pico/pico-sdk/src/rp2_common/pico_stdio/stdio.c.obj (strlen)
c:/progra~2/gnuarm~1/102021~1.07/bin/../lib/gcc/arm-none-eabi/10.3.1/../../../../arm-none-eabi/lib/thumb/v6-m/nofp\libg.a(lib_a-freer.o)
                              c:/progra~2/gnuarm~1/102021~1.07/bin/../lib/gcc/arm-none-eabi/10.3.1/../../../../arm-none-eabi/lib/thumb/v6-m/nofp\libg.a(lib_a-malloc.o) (_free_r)
c:/progra~2/gnuarm~1/102021~1.07/bin/../lib/gcc/arm-none-eabi/10.3.1/../../../../arm-none-eabi/lib/thumb/v6-m/nofp\libg.a(lib_a-lock.o)
                              c:/progra~2/gnuarm~1/102021~1.07/bin/../lib/gcc/arm-none-eabi/10.3.1/../../../../arm-none-eabi/lib/thumb/v6-m/nofp\libg.a(lib_a-mlock.o) (__retarget_lock_acquire_recursive)
c:/progra~2/gnuarm~1/102021~1.07/bin/../lib/gcc/arm-none-eabi/10.3.1/../../../../arm-none-eabi/lib/thumb/v6-m/nofp\libg.a(lib_a-reent.o)
                              c:/progra~2/gnuarm~1/102021~1.07/bin/../lib/gcc/arm-none-eabi/10.3.1/../../../../arm-none-eabi/lib/thumb/v6-m/nofp\libg.a(lib_a-sbrkr.o) (errno)

Discarded input sections

 .text          0x00000000        0x0 c:/progra~2/gnuarm~1/102021~1.07/bin/../lib/gcc/arm-none-eabi/10.3.1/thumb/v6-m/nofp/crti.o
 .data          0x00000000        0x0 c:/progra~2/gnuarm~1/102021~1.07/bin/../lib/gcc/arm-none-eabi/10.3.1/thumb/v6-m/nofp/crti.o
 .bss           0x00000000        0x0 c:/progra~2/gnuarm~1/102021~1.07/bin/../lib/gcc/arm-none-eabi/10.3.1/thumb/v6-m/nofp/crti.o
 .data          0x00000000        0x4 c:/progra~2/gnuarm~1/102021~1.07/bin/../lib/gcc/arm-none-eabi/10.3.1/thumb/v6-m/nofp/crtbegin.o
 .rodata        0x00000000       0x24 c:/progra~2/gnuarm~1/102021~1.07/bin/../lib/gcc/arm-none-eabi/10.3.1/thumb/v6-m/nofp/crtbegin.o
[...]
Memory Configuration

Name             Origin             Length             Attributes
FLASH            0x10000000         0x00200000         xr
RAM              0x20000000         0x00040000         xrw
SCRATCH_X        0x20040000         0x00001000         xrw
SCRATCH_Y        0x20041000         0x00001000         xrw
*default*        0x00000000         0xffffffff

Linker script and memory map

LOAD c:/progra~2/gnuarm~1/102021~1.07/bin/../lib/gcc/arm-none-eabi/10.3.1/thumb/v6-m/nofp/crti.o
LOAD c:/progra~2/gnuarm~1/102021~1.07/bin/../lib/gcc/arm-none-eabi/10.3.1/thumb/v6-m/nofp/crtbegin.o
LOAD c:/progra~2/gnuarm~1/102021~1.07/bin/../lib/gcc/arm-none-eabi/10.3.1/../../../../arm-none-eabi/lib/thumb/v6-m/nofp/crt0.o

.flash_begin    0x10000000        0x0
                0x10000000                __flash_binary_start = .

.boot2          0x10000000      0x100
                0x10000000                __boot2_start__ = .
 *(.boot2)
 .boot2         0x10000000      0x100 C:\Users\ENITT\AppData\Local\Temp\ccc8dMzA.o
                0x10000100                __boot2_end__ = .
                0x00000001                ASSERT (((__boot2_end__ - __boot2_start__) == 0x100), ERROR: Pico second stage bootloader must be 256 bytes in size)

.text           0x10000100     0x45f0
                0x10000100                __logical_binary_start = .
 *(.vectors)
 .vectors       0x10000100       0xd4 CMakeFiles/MUXD.dir/C_/VSARM/sdk/Pico/pico-sdk/src/rp2_common/pico_standard_link/crt0.S.obj
                0x10000100                __VECTOR_TABLE
                0x10000100                __vectors
                0x100001c0                isr_invalid
                0x100001c0                __default_isrs_start
                0x100001c2                isr_nmi
                0x100001c4                isr_hardfault
                0x100001c6                isr_svcall
                0x100001c8                isr_pendsv
                0x100001ca                isr_systick
                0x100001cc                isr_irq23
                0x100001cc                isr_irq18
                0x100001cc                isr_irq11
                0x100001cc                isr_irq28
                0x100001cc                isr_irq19
                0x100001cc                isr_irq0
                0x100001cc                isr_irq6
                0x100001cc                isr_irq5
                0x100001cc                isr_irq12
                0x100001cc                isr_irq22
                0x100001cc                isr_irq31
                0x100001cc                isr_irq17
                0x100001cc                isr_irq27
                0x100001cc                isr_irq30
                0x100001cc                isr_irq2
                0x100001cc                isr_irq10
                0x100001cc                isr_irq8
                0x100001cc                isr_irq24
                0x100001cc                isr_irq1
                0x100001cc                isr_irq7
                0x100001cc                isr_irq21
                0x100001cc                isr_irq20
                0x100001cc                isr_irq15
                0x100001cc                isr_irq25
                0x100001cc                isr_irq13
                0x100001cc                __unhandled_user_irq
                0x100001cc                isr_irq4
                0x100001cc                isr_irq16
                0x100001cc                isr_irq29
                0x100001cc                isr_irq26
                0x100001cc                __default_isrs_end
                0x100001cc                isr_irq3
                0x100001cc                isr_irq14
                0x100001cc                isr_irq9
                0x100001d2                unhandled_user_irq_num_in_r0
 *(.binary_info_header)
 .binary_info_header
                0x100001d4       0x14 CMakeFiles/MUXD.dir/C_/VSARM/sdk/Pico/pico-sdk/src/rp2_common/pico_standard_link/crt0.S.obj
                0x100001e8                __binary_info_header_end = .
 *(.reset)
 .reset         0x100001e8       0xa8 CMakeFiles/MUXD.dir/C_/VSARM/sdk/Pico/pico-sdk/src/rp2_common/pico_standard_link/crt0.S.obj
                0x100001e8                _entry_point
                0x10000266                __get_current_exception
 .reset         0x10000290       0x30 CMakeFiles/MUXD.dir/C_/VSARM/sdk/Pico/pico-sdk/src/rp2_common/pico_standard_link/binary_info.c.obj
 *(.init)
 .init          0x100002c0        0x4 c:/progra~2/gnuarm~1/102021~1.07/bin/../lib/gcc/arm-none-eabi/10.3.1/thumb/v6-m/nofp/crti.o
                0x100002c0                _init
 *(EXCLUDE_FILE(*libm.a: *libc.a:*lib_a-mem*.o *libgcc.a:) .text*)
 .text          0x100002c4       0x48 c:/progra~2/gnuarm~1/102021~1.07/bin/../lib/gcc/arm-none-eabi/10.3.1/thumb/v6-m/nofp/crtbegin.o
 .text.muxnum   0x1000030c      0x270 CMakeFiles/MUXD.dir/muxd.c.obj
                0x1000030c                muxnum
 .text.main     0x1000057c      0x128 CMakeFiles/MUXD.dir/muxd.c.obj
                0x1000057c                main
 .text.gpio_set_function
                0x100006a4       0x30 CMakeFiles/MUXD.dir/C_/VSARM/sdk/Pico/pico-sdk/src/rp2_common/hardware_gpio/gpio.c.obj
                0x100006a4                gpio_set_function
 .text.gpio_init
                0x100006d4       0x16 CMakeFiles/MUXD.dir/C_/VSARM/sdk/Pico/pico-sdk/src/rp2_common/hardware_gpio/gpio.c.obj
                0x100006d4                gpio_init
 *fill*         0x100006ea        0x2 
 .text.hw_claim_lock
                0x100006ec       0x18 CMakeFiles/MUXD.dir/C_/VSARM/sdk/Pico/pico-sdk/src/rp2_common/hardware_claim/claim.c.obj
                0x100006ec                hw_claim_lock
 .text.hw_claim_unlock
                0x10000704       0x14 CMakeFiles/MUXD.dir/C_/VSARM/sdk/Pico/pico-sdk/src/rp2_common/hardware_claim/claim.c.obj
                0x10000704                hw_claim_unlock
 .text.hw_claim_or_assert
                0x10000718       0x32 CMakeFiles/MUXD.dir/C_/VSARM/sdk/Pico/pico-sdk/src/rp2_common/hardware_claim/claim.c.obj
                0x10000718                hw_claim_or_assert
 *fill*         0x1000074a        0x2 
 .text.running_on_fpga
                0x1000074c       0x14 CMakeFiles/MUXD.dir/C_/VSARM/sdk/Pico/pico-sdk/src/rp2_common/pico_platform/platform.c.obj
                0x1000074c                running_on_fpga
 .text.spin_locks_reset
                0x10000760       0x20 CMakeFiles/MUXD.dir/C_/VSARM/sdk/Pico/pico-sdk/src/rp2_common/hardware_sync/sync.c.obj
                0x10000760                spin_locks_reset
 .text.next_striped_spin_lock_num
                0x10000780       0x1c CMakeFiles/MUXD.dir/C_/VSARM/sdk/Pico/pico-sdk/src/rp2_common/hardware_sync/sync.c.obj
                0x10000780                next_striped_spin_lock_num
 .text.uart_set_baudrate
                0x1000079c       0x5c CMakeFiles/MUXD.dir/C_/VSARM/sdk/Pico/pico-sdk/src/rp2_common/hardware_uart/uart.c.obj
                0x1000079c                uart_set_baudrate
 .text.uart_set_translate_crlf
                0x100007f8       0x28 CMakeFiles/MUXD.dir/C_/VSARM/sdk/Pico/pico-sdk/src/rp2_common/hardware_uart/uart.c.obj
                0x100007f8                uart_set_translate_crlf
 .text.uart_init
                0x10000820       0x80 CMakeFiles/MUXD.dir/C_/VSARM/sdk/Pico/pico-sdk/src/rp2_common/hardware_uart/uart.c.obj
                0x10000820                uart_init
 .text.alarm_pool_post_alloc_init
                0x100008a0       0x40 CMakeFiles/MUXD.dir/C_/VSARM/sdk/Pico/pico-sdk/src/common/pico_time/time.c.obj
 .text.sleep_until_callback
                0x100008e0       0x30 CMakeFiles/MUXD.dir/C_/VSARM/sdk/Pico/pico-sdk/src/common/pico_time/time.c.obj
 .text.timer_pool_entry_comparator
                0x10000910       0x7c CMakeFiles/MUXD.dir/C_/VSARM/sdk/Pico/pico-sdk/src/common/pico_time/time.c.obj
                0x10000910                timer_pool_entry_comparator
 .text.ph_add_child_node
                0x1000098c       0xa4 CMakeFiles/MUXD.dir/C_/VSARM/sdk/Pico/pico-sdk/src/common/pico_time/time.c.obj
 .text.ph_merge_nodes
                0x10000a30       0x3e CMakeFiles/MUXD.dir/C_/VSARM/sdk/Pico/pico-sdk/src/common/pico_time/time.c.obj
 *fill*         0x10000a6e        0x2 
 .text.add_alarm_under_lock
                0x10000a70      0x174 CMakeFiles/MUXD.dir/C_/VSARM/sdk/Pico/pico-sdk/src/common/pico_time/time.c.obj
 .text.alarm_pool_alarm_callback
                0x10000be4      0x328 CMakeFiles/MUXD.dir/C_/VSARM/sdk/Pico/pico-sdk/src/common/pico_time/time.c.obj
 .text.alarm_pool_init_default
                0x10000f0c       0x38 CMakeFiles/MUXD.dir/C_/VSARM/sdk/Pico/pico-sdk/src/common/pico_time/time.c.obj
                0x10000f0c                alarm_pool_init_default
 .text.alarm_pool_get_default
                0x10000f44       0x2c CMakeFiles/MUXD.dir/C_/VSARM/sdk/Pico/pico-sdk/src/common/pico_time/time.c.obj
                0x10000f44                alarm_pool_get_default
 .text.alarm_pool_add_alarm_at
                0x10000f70      0x170 CMakeFiles/MUXD.dir/C_/VSARM/sdk/Pico/pico-sdk/src/common/pico_time/time.c.obj
                0x10000f70                alarm_pool_add_alarm_at
 .text.sleep_until
                0x100010e0       0xfc CMakeFiles/MUXD.dir/C_/VSARM/sdk/Pico/pico-sdk/src/common/pico_time/time.c.obj
                0x100010e0                sleep_until
 .text.sleep_us
                0x100011dc       0x58 CMakeFiles/MUXD.dir/C_/VSARM/sdk/Pico/pico-sdk/src/common/pico_time/time.c.obj
                0x100011dc                sleep_us
 .text.sleep_ms
                0x10001234       0x14 CMakeFiles/MUXD.dir/C_/VSARM/sdk/Pico/pico-sdk/src/common/pico_time/time.c.obj
                0x10001234                sleep_ms
 .text.hardware_alarm_irq_handler
                0x10001248       0x8c CMakeFiles/MUXD.dir/C_/VSARM/sdk/Pico/pico-sdk/src/rp2_common/hardware_timer/timer.c.obj
 .text.hardware_alarm_claim
                0x100012d4       0x18 CMakeFiles/MUXD.dir/C_/VSARM/sdk/Pico/pico-sdk/src/rp2_common/hardware_timer/timer.c.obj
                0x100012d4                hardware_alarm_claim
 .text.time_us_64
                0x100012ec       0x18 CMakeFiles/MUXD.dir/C_/VSARM/sdk/Pico/pico-sdk/src/rp2_common/hardware_timer/timer.c.obj
                0x100012ec                time_us_64
 .text.busy_wait_until
                0x10001304       0x28 CMakeFiles/MUXD.dir/C_/VSARM/sdk/Pico/pico-sdk/src/rp2_common/hardware_timer/timer.c.obj
                0x10001304                busy_wait_until
 .text.hardware_alarm_set_callback
                0x1000132c       0x90 CMakeFiles/MUXD.dir/C_/VSARM/sdk/Pico/pico-sdk/src/rp2_common/hardware_timer/timer.c.obj
                0x1000132c                hardware_alarm_set_callback
 .text.hardware_alarm_set_target
                0x100013bc       0xe8 CMakeFiles/MUXD.dir/C_/VSARM/sdk/Pico/pico-sdk/src/rp2_common/hardware_timer/timer.c.obj
                0x100013bc                hardware_alarm_set_target
 .text.hardware_alarm_cancel
                0x100014a4       0x40 CMakeFiles/MUXD.dir/C_/VSARM/sdk/Pico/pico-sdk/src/rp2_common/hardware_timer/timer.c.obj
                0x100014a4                hardware_alarm_cancel
 .text.lock_init
                0x100014e4       0x10 CMakeFiles/MUXD.dir/C_/VSARM/sdk/Pico/pico-sdk/src/common/pico_sync/lock_core.c.obj
                0x100014e4                lock_init
 .text.mutex_init_internal
                0x100014f4       0x1e CMakeFiles/MUXD.dir/C_/VSARM/sdk/Pico/pico-sdk/src/common/pico_sync/mutex.c.obj
 .text.mutex_init
                0x10001512        0xa CMakeFiles/MUXD.dir/C_/VSARM/sdk/Pico/pico-sdk/src/common/pico_sync/mutex.c.obj
                0x10001512                mutex_init
 .text.recursive_mutex_init
                0x1000151c        0xa CMakeFiles/MUXD.dir/C_/VSARM/sdk/Pico/pico-sdk/src/common/pico_sync/mutex.c.obj
                0x1000151c                recursive_mutex_init
 *fill*         0x10001526        0x2 
 .text.ph_add_child_node
                0x10001528       0xa4 CMakeFiles/MUXD.dir/C_/VSARM/sdk/Pico/pico-sdk/src/common/pico_util/pheap.c.obj
 .text.ph_merge_nodes
                0x100015cc       0x3e CMakeFiles/MUXD.dir/C_/VSARM/sdk/Pico/pico-sdk/src/common/pico_util/pheap.c.obj
 *fill*         0x1000160a        0x2 
 .text.ph_clear
                0x1000160c       0x70 CMakeFiles/MUXD.dir/C_/VSARM/sdk/Pico/pico-sdk/src/common/pico_util/pheap.c.obj
                0x1000160c                ph_clear
 .text.ph_post_alloc_init
                0x1000167c        0xe CMakeFiles/MUXD.dir/C_/VSARM/sdk/Pico/pico-sdk/src/common/pico_util/pheap.c.obj
                0x1000167c                ph_post_alloc_init
 *fill*         0x1000168a        0x2 
 .text.ph_merge_two_pass
                0x1000168c       0xa8 CMakeFiles/MUXD.dir/C_/VSARM/sdk/Pico/pico-sdk/src/common/pico_util/pheap.c.obj
                0x1000168c                ph_merge_two_pass
 .text.ph_remove_any_head
                0x10001734      0x108 CMakeFiles/MUXD.dir/C_/VSARM/sdk/Pico/pico-sdk/src/common/pico_util/pheap.c.obj
 .text.ph_remove_head
                0x1000183c       0x14 CMakeFiles/MUXD.dir/C_/VSARM/sdk/Pico/pico-sdk/src/common/pico_util/pheap.c.obj
                0x1000183c                ph_remove_head
 .text.ph_remove_and_free_node
                0x10001850       0xf8 CMakeFiles/MUXD.dir/C_/VSARM/sdk/Pico/pico-sdk/src/common/pico_util/pheap.c.obj
                0x10001850                ph_remove_and_free_node
 .text.runtime_init
                0x10001948       0xd8 CMakeFiles/MUXD.dir/C_/VSARM/sdk/Pico/pico-sdk/src/rp2_common/pico_runtime/runtime.c.obj
                0x10001948                runtime_init
 .text._exit    0x10001a20        0x4 CMakeFiles/MUXD.dir/C_/VSARM/sdk/Pico/pico-sdk/src/rp2_common/pico_runtime/runtime.c.obj
                0x10001a20                _exit
 .text.exit     0x10001a24        0x6 CMakeFiles/MUXD.dir/C_/VSARM/sdk/Pico/pico-sdk/src/rp2_common/pico_runtime/runtime.c.obj
                0x10001a24                exit
 *fill*         0x10001a2a        0x2 
 .text.__assert_func
                0x10001a2c       0x3c CMakeFiles/MUXD.dir/C_/VSARM/sdk/Pico/pico-sdk/src/rp2_common/pico_runtime/runtime.c.obj
                0x10001a2c                __assert_func
 .text.panic    0x10001a68       0x30 CMakeFiles/MUXD.dir/C_/VSARM/sdk/Pico/pico-sdk/src/rp2_common/pico_runtime/runtime.c.obj
                0x10001a68                panic
 .text.clock_configure
                0x10001a98      0x104 CMakeFiles/MUXD.dir/C_/VSARM/sdk/Pico/pico-sdk/src/rp2_common/hardware_clocks/clocks.c.obj
                0x10001a98                clock_configure
 .text.clocks_init
                0x10001b9c      0x100 CMakeFiles/MUXD.dir/C_/VSARM/sdk/Pico/pico-sdk/src/rp2_common/hardware_clocks/clocks.c.obj
                0x10001b9c                clocks_init
 .text.clock_get_hz
                0x10001c9c        0xc CMakeFiles/MUXD.dir/C_/VSARM/sdk/Pico/pico-sdk/src/rp2_common/hardware_clocks/clocks.c.obj
                0x10001c9c                clock_get_hz
 .text.set_raw_irq_handler_and_unlock
                0x10001ca8       0x28 CMakeFiles/MUXD.dir/C_/VSARM/sdk/Pico/pico-sdk/src/rp2_common/hardware_irq/irq.c.obj
 .text.make_branch
                0x10001cd0       0x34 CMakeFiles/MUXD.dir/C_/VSARM/sdk/Pico/pico-sdk/src/rp2_common/hardware_irq/irq.c.obj
 .text.insert_branch_and_link
                0x10001d04       0x40 CMakeFiles/MUXD.dir/C_/VSARM/sdk/Pico/pico-sdk/src/rp2_common/hardware_irq/irq.c.obj
 .text.irq_is_enabled
                0x10001d44       0x18 CMakeFiles/MUXD.dir/C_/VSARM/sdk/Pico/pico-sdk/src/rp2_common/hardware_irq/irq.c.obj
                0x10001d44                irq_is_enabled
 .text.irq_set_mask_enabled
                0x10001d5c       0x20 CMakeFiles/MUXD.dir/C_/VSARM/sdk/Pico/pico-sdk/src/rp2_common/hardware_irq/irq.c.obj
                0x10001d5c                irq_set_mask_enabled
 .text.irq_set_enabled
                0x10001d7c        0xe CMakeFiles/MUXD.dir/C_/VSARM/sdk/Pico/pico-sdk/src/rp2_common/hardware_irq/irq.c.obj
                0x10001d7c                irq_set_enabled
 *fill*         0x10001d8a        0x2 
 .text.irq_get_vtable_handler
                0x10001d8c       0x10 CMakeFiles/MUXD.dir/C_/VSARM/sdk/Pico/pico-sdk/src/rp2_common/hardware_irq/irq.c.obj
                0x10001d8c                irq_get_vtable_handler
 .text.irq_set_exclusive_handler
                0x10001d9c       0x54 CMakeFiles/MUXD.dir/C_/VSARM/sdk/Pico/pico-sdk/src/rp2_common/hardware_irq/irq.c.obj
                0x10001d9c                irq_set_exclusive_handler
 .text.irq_remove_handler
                0x10001df0      0x1ac CMakeFiles/MUXD.dir/C_/VSARM/sdk/Pico/pico-sdk/src/rp2_common/hardware_irq/irq.c.obj
                0x10001df0                irq_remove_handler
 .text.irq_set_priority
                0x10001f9c       0x28 CMakeFiles/MUXD.dir/C_/VSARM/sdk/Pico/pico-sdk/src/rp2_common/hardware_irq/irq.c.obj
                0x10001f9c                irq_set_priority
 .text.irq_add_tail_to_free_list
                0x10001fc4       0xf0 CMakeFiles/MUXD.dir/C_/VSARM/sdk/Pico/pico-sdk/src/rp2_common/hardware_irq/irq.c.obj
                0x10001fc4                irq_add_tail_to_free_list
 .text.irq_init_priorities
                0x100020b4       0x16 CMakeFiles/MUXD.dir/C_/VSARM/sdk/Pico/pico-sdk/src/rp2_common/hardware_irq/irq.c.obj
                0x100020b4                irq_init_priorities
 *fill*         0x100020ca        0x2 
 .text.pll_init
                0x100020cc      0x118 CMakeFiles/MUXD.dir/C_/VSARM/sdk/Pico/pico-sdk/src/rp2_common/hardware_pll/pll.c.obj
                0x100020cc                pll_init
 .text.watchdog_start_tick
                0x100021e4       0x10 CMakeFiles/MUXD.dir/C_/VSARM/sdk/Pico/pico-sdk/src/rp2_common/hardware_watchdog/watchdog.c.obj
                0x100021e4                watchdog_start_tick
 .text.xosc_init
                0x100021f4       0x28 CMakeFiles/MUXD.dir/C_/VSARM/sdk/Pico/pico-sdk/src/rp2_common/hardware_xosc/xosc.c.obj
                0x100021f4                xosc_init
 .text._out_null
                0x1000221c        0x2 CMakeFiles/MUXD.dir/C_/VSARM/sdk/Pico/pico-sdk/src/rp2_common/pico_printf/printf.c.obj
 .text._out_fct
                0x1000221e        0xe CMakeFiles/MUXD.dir/C_/VSARM/sdk/Pico/pico-sdk/src/rp2_common/pico_printf/printf.c.obj
 .text._atoi    0x1000222c       0x24 CMakeFiles/MUXD.dir/C_/VSARM/sdk/Pico/pico-sdk/src/rp2_common/pico_printf/printf.c.obj
 .text._out_rev
                0x10002250       0xae CMakeFiles/MUXD.dir/C_/VSARM/sdk/Pico/pico-sdk/src/rp2_common/pico_printf/printf.c.obj
 .text._ntoa_format
                0x100022fe      0x112 CMakeFiles/MUXD.dir/C_/VSARM/sdk/Pico/pico-sdk/src/rp2_common/pico_printf/printf.c.obj
 .text._ntoa_long
                0x10002410       0xbc CMakeFiles/MUXD.dir/C_/VSARM/sdk/Pico/pico-sdk/src/rp2_common/pico_printf/printf.c.obj
 .text._ntoa_long_long
                0x100024cc       0xe2 CMakeFiles/MUXD.dir/C_/VSARM/sdk/Pico/pico-sdk/src/rp2_common/pico_printf/printf.c.obj
 *fill*         0x100025ae        0x2 
 .text._etoa    0x100025b0      0x414 CMakeFiles/MUXD.dir/C_/VSARM/sdk/Pico/pico-sdk/src/rp2_common/pico_printf/printf.c.obj
 .text._ftoa    0x100029c4      0x354 CMakeFiles/MUXD.dir/C_/VSARM/sdk/Pico/pico-sdk/src/rp2_common/pico_printf/printf.c.obj
 .text._vsnprintf
                0x10002d18      0x624 CMakeFiles/MUXD.dir/C_/VSARM/sdk/Pico/pico-sdk/src/rp2_common/pico_printf/printf.c.obj
 .text.vfctprintf
                0x1000333c       0x20 CMakeFiles/MUXD.dir/C_/VSARM/sdk/Pico/pico-sdk/src/rp2_common/pico_printf/printf.c.obj
                0x1000333c                vfctprintf
 .text          0x1000335c       0x10 CMakeFiles/MUXD.dir/C_/VSARM/sdk/Pico/pico-sdk/src/rp2_common/pico_bit_ops/bit_ops_aeabi.S.obj
 .text.rom_func_lookup
                0x1000336c       0x10 CMakeFiles/MUXD.dir/C_/VSARM/sdk/Pico/pico-sdk/src/rp2_common/pico_bootrom/bootrom.c.obj
                0x1000336c                rom_func_lookup
 .text.rom_data_lookup
                0x1000337c       0x10 CMakeFiles/MUXD.dir/C_/VSARM/sdk/Pico/pico-sdk/src/rp2_common/pico_bootrom/bootrom.c.obj
                0x1000337c                rom_data_lookup
 .text.rom_funcs_lookup
                0x1000338c       0x36 CMakeFiles/MUXD.dir/C_/VSARM/sdk/Pico/pico-sdk/src/rp2_common/pico_bootrom/bootrom.c.obj
                0x1000338c                rom_funcs_lookup
 *fill*         0x100033c2        0x2 
 .text.__wrap___aeabi_idiv
                0x100033c4       0x50 CMakeFiles/MUXD.dir/C_/VSARM/sdk/Pico/pico-sdk/src/rp2_common/pico_divider/divider.S.obj
                0x100033c4                __wrap___aeabi_idivmod
                0x100033c4                divmod_s32s32
                0x100033c4                div_s32s32
                0x100033c4                __wrap___aeabi_idiv
                0x100033cc                divmod_s32s32_unsafe
                0x100033f8                divmod_s32s32_savestate
 .text.__wrap___aeabi_uidiv
                0x10003414       0x4c CMakeFiles/MUXD.dir/C_/VSARM/sdk/Pico/pico-sdk/src/rp2_common/pico_divider/divider.S.obj
                0x10003414                __wrap___aeabi_uidiv
                0x10003414                __wrap___aeabi_uidivmod
                0x10003414                div_u32u32
                0x10003414                divmod_u32u32
                0x1000341c                divmod_u32u32_unsafe
                0x10003444                divmod_u32u32_savestate
 .text.__wrap___aeabi_ldiv
                0x10003460      0x430 CMakeFiles/MUXD.dir/C_/VSARM/sdk/Pico/pico-sdk/src/rp2_common/pico_divider/divider.S.obj
                0x10003460                div_s64s64
                0x10003460                divmod_s64s64
                0x10003460                __wrap___aeabi_ldivmod
                0x10003498                divmod_u64u64
                0x10003498                div_u64u64
                0x10003498                __wrap___aeabi_uldivmod
                0x100034a8                divmod_u64u64_savestate
                0x100034d0                divmod_s64s64_unsafe
                0x10003558                divmod_u64u64_unsafe
 .text.__wrap___aeabi_darithmetic
                0x10003890       0x80 CMakeFiles/MUXD.dir/C_/VSARM/sdk/Pico/pico-sdk/src/rp2_common/pico_double/double_aeabi.S.obj
                0x10003890                __wrap___aeabi_drsub
                0x10003896                __wrap___aeabi_dsub
                0x100038a8                __wrap___aeabi_dadd
                0x100038ba                __wrap___aeabi_ddiv
                0x100038f6                __wrap___aeabi_dmul
 .text.__wrap___aeabi_cdcmple
                0x10003910       0x6c CMakeFiles/MUXD.dir/C_/VSARM/sdk/Pico/pico-sdk/src/rp2_common/pico_double/double_aeabi.S.obj
                0x10003910                __wrap___aeabi_cdrcmple
                0x10003920                __wrap___aeabi_cdcmpeq
                0x10003920                __wrap___aeabi_cdcmple
 .text.__wrap___aeabi_dcmplt
                0x1000397c        0xc CMakeFiles/MUXD.dir/C_/VSARM/sdk/Pico/pico-sdk/src/rp2_common/pico_double/double_aeabi.S.obj
                0x1000397c                __wrap___aeabi_dcmplt
 .text.__wrap___aeabi_dcmple
                0x10003988       0x10 CMakeFiles/MUXD.dir/C_/VSARM/sdk/Pico/pico-sdk/src/rp2_common/pico_double/double_aeabi.S.obj
                0x10003988                __wrap___aeabi_dcmple
 .text.__wrap___aeabi_dcmpge
                0x10003998       0x10 CMakeFiles/MUXD.dir/C_/VSARM/sdk/Pico/pico-sdk/src/rp2_common/pico_double/double_aeabi.S.obj
                0x10003998                __wrap___aeabi_dcmpge
 .text.__wrap___aeabi_dcmpgt
                0x100039a8        0xa CMakeFiles/MUXD.dir/C_/VSARM/sdk/Pico/pico-sdk/src/rp2_common/pico_double/double_aeabi.S.obj
                0x100039a8                __wrap___aeabi_dcmpgt
 .text.__wrap___aeabi_dcmpun
                0x100039b2       0x1c CMakeFiles/MUXD.dir/C_/VSARM/sdk/Pico/pico-sdk/src/rp2_common/pico_double/double_aeabi.S.obj
                0x100039b2                __wrap___aeabi_dcmpun
 *fill*         0x100039ce        0x2 
 .text.__wrap___aeabi_i2d
                0x100039d0       0x38 CMakeFiles/MUXD.dir/C_/VSARM/sdk/Pico/pico-sdk/src/rp2_common/pico_double/double_aeabi.S.obj
                0x100039d0                __wrap___aeabi_ui2d
                0x100039d8                __wrap___aeabi_i2d
 .text.__wrap___aeabi_d2iz
                0x10003a08       0x48 CMakeFiles/MUXD.dir/C_/VSARM/sdk/Pico/pico-sdk/src/rp2_common/pico_double/double_aeabi.S.obj
                0x10003a08                double2int_z
                0x10003a08                __wrap___aeabi_d2iz
 .text.__wrap___aeabi_d2uiz
                0x10003a50       0x18 CMakeFiles/MUXD.dir/C_/VSARM/sdk/Pico/pico-sdk/src/rp2_common/pico_double/double_aeabi.S.obj
                0x10003a50                __wrap___aeabi_d2uiz
                0x10003a50                double2uint
 .text.__aeabi_double_init
                0x10003a68       0xb8 CMakeFiles/MUXD.dir/C_/VSARM/sdk/Pico/pico-sdk/src/rp2_common/pico_double/double_init_rom.c.obj
                0x10003a68                __aeabi_double_init
 .text.double_table_shim_on_use_helper
                0x10003b20       0x34 CMakeFiles/MUXD.dir/C_/VSARM/sdk/Pico/pico-sdk/src/rp2_common/pico_double/double_v1_rom_shim.S.obj
                0x10003b20                double_table_shim_on_use_helper
 .text.__wrap___aeabi_dsub
                0x10003b54       0x10 CMakeFiles/MUXD.dir/C_/VSARM/sdk/Pico/pico-sdk/src/rp2_common/pico_double/double_v1_rom_shim.S.obj
                0x10003b54                drsub_shim
                0x10003b5a                dsub_shim
 .text.dadd_shim
                0x10003b64      0x15c CMakeFiles/MUXD.dir/C_/VSARM/sdk/Pico/pico-sdk/src/rp2_common/pico_double/double_v1_rom_shim.S.obj
                0x10003b64                dadd_shim
 .text.dmul_shim
                0x10003cc0      0x15c CMakeFiles/MUXD.dir/C_/VSARM/sdk/Pico/pico-sdk/src/rp2_common/pico_double/double_v1_rom_shim.S.obj
                0x10003cc0                dmul_shim
 .text.ddiv_shim
                0x10003e1c      0x1b0 CMakeFiles/MUXD.dir/C_/VSARM/sdk/Pico/pico-sdk/src/rp2_common/pico_double/double_v1_rom_shim.S.obj
                0x10003e1c                ddiv_shim
 .text.dcordic_rot_step
                0x10003fcc       0x7c CMakeFiles/MUXD.dir/C_/VSARM/sdk/Pico/pico-sdk/src/rp2_common/pico_double/double_v1_rom_shim.S.obj
                0x10003fcc                dcordic_rot_step
 .text.double2uint_shim
                0x10004048        0xe CMakeFiles/MUXD.dir/C_/VSARM/sdk/Pico/pico-sdk/src/rp2_common/pico_double/double_v1_rom_shim.S.obj
                0x10004048                double2uint_shim
                0x1000404a                double2ufix_shim
 *fill*         0x10004056        0x2 
 .text.double2uint64_shim
                0x10004058       0x6c CMakeFiles/MUXD.dir/C_/VSARM/sdk/Pico/pico-sdk/src/rp2_common/pico_double/double_v1_rom_shim.S.obj
                0x10004058                double2uint64_shim
                0x1000405a                double2ufix64_shim
                0x10004074                d2fix_a
 .text.dunpacks
                0x100040c4       0x3c CMakeFiles/MUXD.dir/C_/VSARM/sdk/Pico/pico-sdk/src/rp2_common/pico_double/double_v1_rom_shim.S.obj
                0x100040c4                dunpacks
 .text.__aeabi_lmul
                0x10004100       0x32 CMakeFiles/MUXD.dir/C_/VSARM/sdk/Pico/pico-sdk/src/rp2_common/pico_int64_ops/pico_int64_ops_aeabi.S.obj
                0x10004100                __wrap___aeabi_lmul
 *fill*         0x10004132        0x2 
 .text.__aeabi_float_init
                0x10004134       0xfc CMakeFiles/MUXD.dir/C_/VSARM/sdk/Pico/pico-sdk/src/rp2_common/pico_float/float_init_rom.c.obj
                0x10004134                __aeabi_float_init
 .text.float_table_shim_on_use_helper
                0x10004230       0x34 CMakeFiles/MUXD.dir/C_/VSARM/sdk/Pico/pico-sdk/src/rp2_common/pico_float/float_v1_rom_shim.S.obj
                0x10004230                float_table_shim_on_use_helper
 .text          0x10004264       0x10 CMakeFiles/MUXD.dir/C_/VSARM/sdk/Pico/pico-sdk/src/rp2_common/pico_mem_ops/mem_ops_aeabi.S.obj
                0x10004264                __aeabi_mem_init
 .text.memset   0x10004274        0xc CMakeFiles/MUXD.dir/C_/VSARM/sdk/Pico/pico-sdk/src/rp2_common/pico_mem_ops/mem_ops_aeabi.S.obj
                0x10004274                __wrap_memset
 .text.memcpy   0x10004280        0xc CMakeFiles/MUXD.dir/C_/VSARM/sdk/Pico/pico-sdk/src/rp2_common/pico_mem_ops/mem_ops_aeabi.S.obj
                0x10004280                __wrap_memcpy
                0x10004280                __wrap___aeabi_memcpy
 .text.stdio_out_chars_crlf
                0x1000428c       0x80 CMakeFiles/MUXD.dir/C_/VSARM/sdk/Pico/pico-sdk/src/rp2_common/pico_stdio/stdio.c.obj
 .text.stdio_stack_buffer_flush
                0x1000430c       0x44 CMakeFiles/MUXD.dir/C_/VSARM/sdk/Pico/pico-sdk/src/rp2_common/pico_stdio/stdio.c.obj
 .text.stdio_buffered_printer
                0x10004350       0x20 CMakeFiles/MUXD.dir/C_/VSARM/sdk/Pico/pico-sdk/src/rp2_common/pico_stdio/stdio.c.obj
 .text.stdout_serialize_begin
                0x10004370       0x30 CMakeFiles/MUXD.dir/C_/VSARM/sdk/Pico/pico-sdk/src/rp2_common/pico_stdio/stdio.c.obj
                0x10004370                stdout_serialize_begin
 .text.stdout_serialize_end
                0x100043a0       0x10 CMakeFiles/MUXD.dir/C_/VSARM/sdk/Pico/pico-sdk/src/rp2_common/pico_stdio/stdio.c.obj
                0x100043a0                stdout_serialize_end
 .text.stdio_put_string
                0x100043b0       0x84 CMakeFiles/MUXD.dir/C_/VSARM/sdk/Pico/pico-sdk/src/rp2_common/pico_stdio/stdio.c.obj
 .text.stdio_set_driver_enabled
                0x10004434       0x38 CMakeFiles/MUXD.dir/C_/VSARM/sdk/Pico/pico-sdk/src/rp2_common/pico_stdio/stdio.c.obj
                0x10004434                stdio_set_driver_enabled
 .text.stdio_flush
                0x1000446c       0x20 CMakeFiles/MUXD.dir/C_/VSARM/sdk/Pico/pico-sdk/src/rp2_common/pico_stdio/stdio.c.obj
                0x1000446c                stdio_flush
 .text.__wrap_puts
                0x1000448c       0x1c CMakeFiles/MUXD.dir/C_/VSARM/sdk/Pico/pico-sdk/src/rp2_common/pico_stdio/stdio.c.obj
                0x1000448c                __wrap_puts
 .text.__wrap_vprintf
                0x100044a8       0x44 CMakeFiles/MUXD.dir/C_/VSARM/sdk/Pico/pico-sdk/src/rp2_common/pico_stdio/stdio.c.obj
                0x100044a8                __wrap_vprintf
 .text.__wrap_printf
                0x100044ec       0x18 CMakeFiles/MUXD.dir/C_/VSARM/sdk/Pico/pico-sdk/src/rp2_common/pico_stdio/stdio.c.obj
                0x100044ec                __wrap_printf
 .text.stdio_init_all
                0x10004504        0x8 CMakeFiles/MUXD.dir/C_/VSARM/sdk/Pico/pico-sdk/src/rp2_common/pico_stdio/stdio.c.obj
                0x10004504                stdio_init_all
 .text.stdio_uart_out_chars
                0x1000450c       0x74 CMakeFiles/MUXD.dir/C_/VSARM/sdk/Pico/pico-sdk/src/rp2_common/pico_stdio_uart/stdio_uart.c.obj
 .text.stdio_uart_in_chars
                0x10004580       0x58 CMakeFiles/MUXD.dir/C_/VSARM/sdk/Pico/pico-sdk/src/rp2_common/pico_stdio_uart/stdio_uart.c.obj
                0x10004580                stdio_uart_in_chars
 .text.stdio_uart_init_full
                0x100045d8       0x3c CMakeFiles/MUXD.dir/C_/VSARM/sdk/Pico/pico-sdk/src/rp2_common/pico_stdio_uart/stdio_uart.c.obj
                0x100045d8                stdio_uart_init_full
 .text.stdio_uart_init
                0x10004614       0x28 CMakeFiles/MUXD.dir/C_/VSARM/sdk/Pico/pico-sdk/src/rp2_common/pico_stdio_uart/stdio_uart.c.obj
                0x10004614                stdio_uart_init
 .text.strlen   0x1000463c       0x5c c:/progra~2/gnuarm~1/102021~1.07/bin/../lib/gcc/arm-none-eabi/10.3.1/../../../../arm-none-eabi/lib/thumb/v6-m/nofp\libg.a(lib_a-strlen-stub.o)
                0x1000463c                strlen
 *(.fini)
 .fini          0x10004698        0x4 c:/progra~2/gnuarm~1/102021~1.07/bin/../lib/gcc/arm-none-eabi/10.3.1/thumb/v6-m/nofp/crti.o
                0x10004698                _fini
 *fill*         0x1000469c        0x4 
 .fini.__stub   0x100046a0       0x50 linker stubs
 *crtbegin.o(.ctors)
 *crtbegin?.o(.ctors)
 *(EXCLUDE_FILE(*crtend.o *crtend?.o) .ctors)
 *(SORT_BY_NAME(.ctors.*))
 *(.ctors)
 *crtbegin.o(.dtors)
 *crtbegin?.o(.dtors)
 *(EXCLUDE_FILE(*crtend.o *crtend?.o) .dtors)
 *(SORT_BY_NAME(.dtors.*))
 *(.dtors)
 *(.eh_frame*)
 .eh_frame      0x100046f0        0x0 c:/progra~2/gnuarm~1/102021~1.07/bin/../lib/gcc/arm-none-eabi/10.3.1/thumb/v6-m/nofp/crtbegin.o
                0x100046f0                . = ALIGN (0x4)

.glue_7         0x100046f0        0x0
 .glue_7        0x100046f0        0x0 linker stubs

.glue_7t        0x100046f0        0x0
 .glue_7t       0x100046f0        0x0 linker stubs

.vfp11_veneer   0x100046f0        0x0
 .vfp11_veneer  0x100046f0        0x0 linker stubs

.v4_bx          0x100046f0        0x0
 .v4_bx         0x100046f0        0x0 linker stubs

.iplt           0x100046f0        0x0
 .iplt          0x100046f0        0x0 c:/progra~2/gnuarm~1/102021~1.07/bin/../lib/gcc/arm-none-eabi/10.3.1/thumb/v6-m/nofp/crtbegin.o

.rodata         0x100046f0      0xe38
 *(EXCLUDE_FILE(*libm.a: *libc.a:*lib_a-mem*.o *libgcc.a:) .rodata*)
 .rodata.muxnum
                0x100046f0       0x2c CMakeFiles/MUXD.dir/muxd.c.obj
 .rodata.main.str1.4
                0x1000471c        0xb CMakeFiles/MUXD.dir/muxd.c.obj
 *fill*         0x10004727        0x1 
 .rodata.repeating_timer_callback.str1.4
                0x10004728       0x4b CMakeFiles/MUXD.dir/C_/VSARM/sdk/Pico/pico-sdk/src/common/pico_time/time.c.obj
 *fill*         0x10004773        0x1 
 .rodata.alarm_pool_dump_key.str1.4
                0x10004774       0x33 CMakeFiles/MUXD.dir/C_/VSARM/sdk/Pico/pico-sdk/src/common/pico_time/time.c.obj
 *fill*         0x100047a7        0x1 
 .rodata.ph_add_child_node.str1.4
                0x100047a8       0x96 CMakeFiles/MUXD.dir/C_/VSARM/sdk/Pico/pico-sdk/src/common/pico_time/time.c.obj
 *fill*         0x1000483e        0x2 
 .rodata.add_alarm_under_lock.str1.4
                0x10004840       0x28 CMakeFiles/MUXD.dir/C_/VSARM/sdk/Pico/pico-sdk/src/common/pico_time/time.c.obj
                                 0x2b (size before relaxing)
 .rodata.alarm_pool_alarm_callback.str1.4
                0x10004868       0xe6 CMakeFiles/MUXD.dir/C_/VSARM/sdk/Pico/pico-sdk/src/common/pico_time/time.c.obj
 *fill*         0x1000494e        0x2 
 .rodata.alarm_pool_get_default.str1.4
                0x10004950       0x21 CMakeFiles/MUXD.dir/C_/VSARM/sdk/Pico/pico-sdk/src/common/pico_time/time.c.obj
 *fill*         0x10004971        0x3 
 .rodata.sleep_until.str1.4
                0x10004974       0x4d CMakeFiles/MUXD.dir/C_/VSARM/sdk/Pico/pico-sdk/src/common/pico_time/time.c.obj
 *fill*         0x100049c1        0x3 
 .rodata.__func__.10
                0x100049c4       0x15 CMakeFiles/MUXD.dir/C_/VSARM/sdk/Pico/pico-sdk/src/common/pico_time/time.c.obj
 *fill*         0x100049d9        0x3 
 .rodata.__func__.11
                0x100049dc       0x1a CMakeFiles/MUXD.dir/C_/VSARM/sdk/Pico/pico-sdk/src/common/pico_time/time.c.obj
 *fill*         0x100049f6        0x2 
 .rodata.__func__.12
                0x100049f8        0xa CMakeFiles/MUXD.dir/C_/VSARM/sdk/Pico/pico-sdk/src/common/pico_time/time.c.obj
 *fill*         0x10004a02        0x2 
 .rodata.__func__.3
                0x10004a04       0x17 CMakeFiles/MUXD.dir/C_/VSARM/sdk/Pico/pico-sdk/src/common/pico_time/time.c.obj
 *fill*         0x10004a1b        0x1 
 .rodata.__func__.4
                0x10004a1c       0x12 CMakeFiles/MUXD.dir/C_/VSARM/sdk/Pico/pico-sdk/src/common/pico_time/time.c.obj
 *fill*         0x10004a2e        0x2 
 .rodata.__func__.5
                0x10004a30        0xd CMakeFiles/MUXD.dir/C_/VSARM/sdk/Pico/pico-sdk/src/common/pico_time/time.c.obj
 *fill*         0x10004a3d        0x3 
 .rodata.__func__.6
                0x10004a40       0x12 CMakeFiles/MUXD.dir/C_/VSARM/sdk/Pico/pico-sdk/src/common/pico_time/time.c.obj
 *fill*         0x10004a52        0x2 
 .rodata.__func__.7
                0x10004a54        0xf CMakeFiles/MUXD.dir/C_/VSARM/sdk/Pico/pico-sdk/src/common/pico_time/time.c.obj
 *fill*         0x10004a63        0x1 
 .rodata.__func__.8
                0x10004a64        0xc CMakeFiles/MUXD.dir/C_/VSARM/sdk/Pico/pico-sdk/src/common/pico_time/time.c.obj
 .rodata.__func__.9
                0x10004a70       0x15 CMakeFiles/MUXD.dir/C_/VSARM/sdk/Pico/pico-sdk/src/common/pico_time/time.c.obj
 *fill*         0x10004a85        0x3 
 .rodata.hardware_alarm_claim.str1.4
                0x10004a88       0x22 CMakeFiles/MUXD.dir/C_/VSARM/sdk/Pico/pico-sdk/src/rp2_common/hardware_timer/timer.c.obj
 *fill*         0x10004aaa        0x2 
 .rodata.hardware_alarm_set_target.str1.4
                0x10004aac       0x65 CMakeFiles/MUXD.dir/C_/VSARM/sdk/Pico/pico-sdk/src/rp2_common/hardware_timer/timer.c.obj
 *fill*         0x10004b11        0x3 
 .rodata.__func__.0
                0x10004b14       0x1a CMakeFiles/MUXD.dir/C_/VSARM/sdk/Pico/pico-sdk/src/rp2_common/hardware_timer/timer.c.obj
 *fill*         0x10004b2e        0x2 
 .rodata.str1.4
                0x10004b30       0xb1 CMakeFiles/MUXD.dir/C_/VSARM/sdk/Pico/pico-sdk/src/common/pico_sync/mutex.c.obj
                                0x115 (size before relaxing)
 *fill*         0x10004be1        0x3 
 .rodata.__func__.0
                0x10004be4        0xb CMakeFiles/MUXD.dir/C_/VSARM/sdk/Pico/pico-sdk/src/common/pico_sync/mutex.c.obj
 *fill*         0x10004bef        0x1 
 .rodata.__func__.3
                0x10004bf0       0x15 CMakeFiles/MUXD.dir/C_/VSARM/sdk/Pico/pico-sdk/src/common/pico_sync/mutex.c.obj
 .rodata.ph_add_child_node.str1.4
                0x10004c05       0x96 CMakeFiles/MUXD.dir/C_/VSARM/sdk/Pico/pico-sdk/src/common/pico_util/pheap.c.obj
 *fill*         0x10004c05        0x3 
 .rodata.ph_remove_any_head.str1.4
                0x10004c08       0x8c CMakeFiles/MUXD.dir/C_/VSARM/sdk/Pico/pico-sdk/src/common/pico_util/pheap.c.obj
 .rodata.ph_remove_and_free_node.str1.4
                0x10004c94       0x26 CMakeFiles/MUXD.dir/C_/VSARM/sdk/Pico/pico-sdk/src/common/pico_util/pheap.c.obj
 *fill*         0x10004cba        0x2 
 .rodata.__func__.0
                0x10004cbc       0x18 CMakeFiles/MUXD.dir/C_/VSARM/sdk/Pico/pico-sdk/src/common/pico_util/pheap.c.obj
 .rodata.__func__.1
                0x10004cd4       0x13 CMakeFiles/MUXD.dir/C_/VSARM/sdk/Pico/pico-sdk/src/common/pico_util/pheap.c.obj
 *fill*         0x10004ce7        0x1 
 .rodata.__func__.2
                0x10004ce8       0x12 CMakeFiles/MUXD.dir/C_/VSARM/sdk/Pico/pico-sdk/src/common/pico_util/pheap.c.obj
 *fill*         0x10004cfa        0x2 
 .rodata.__func__.3
                0x10004cfc        0xc CMakeFiles/MUXD.dir/C_/VSARM/sdk/Pico/pico-sdk/src/common/pico_util/pheap.c.obj
 .rodata.__assert_func.str1.4
                0x10004d08       0x3f CMakeFiles/MUXD.dir/C_/VSARM/sdk/Pico/pico-sdk/src/rp2_common/pico_runtime/runtime.c.obj
                                 0x43 (size before relaxing)
 *fill*         0x10004d47        0x1 
 .rodata.panic.str1.4
                0x10004d48       0x12 CMakeFiles/MUXD.dir/C_/VSARM/sdk/Pico/pico-sdk/src/rp2_common/pico_runtime/runtime.c.obj
 *fill*         0x10004d5a        0x2 
 .rodata.clock_configure.str1.4
                0x10004d5c       0x57 CMakeFiles/MUXD.dir/C_/VSARM/sdk/Pico/pico-sdk/src/rp2_common/hardware_clocks/clocks.c.obj
 *fill*         0x10004db3        0x1 
 .rodata.__func__.1
                0x10004db4       0x10 CMakeFiles/MUXD.dir/C_/VSARM/sdk/Pico/pico-sdk/src/rp2_common/hardware_clocks/clocks.c.obj
 .rodata.make_branch.str1.4
                0x10004dc4       0x4d CMakeFiles/MUXD.dir/C_/VSARM/sdk/Pico/pico-sdk/src/rp2_common/hardware_irq/irq.c.obj
 *fill*         0x10004e11        0x3 
 .rodata.irq_set_exclusive_handler.str1.4
                0x10004e14       0x36 CMakeFiles/MUXD.dir/C_/VSARM/sdk/Pico/pico-sdk/src/rp2_common/hardware_irq/irq.c.obj
 *fill*         0x10004e4a        0x2 
 .rodata.irq_add_shared_handler.str1.4
                0x10004e4c       0xd9 CMakeFiles/MUXD.dir/C_/VSARM/sdk/Pico/pico-sdk/src/rp2_common/hardware_irq/irq.c.obj
 *fill*         0x10004f25        0x3 
 .rodata.irq_remove_handler.str1.4
                0x10004f28       0x2a CMakeFiles/MUXD.dir/C_/VSARM/sdk/Pico/pico-sdk/src/rp2_common/hardware_irq/irq.c.obj
 *fill*         0x10004f52        0x2 
 .rodata.irq_add_tail_to_free_list.str1.4
                0x10004f54       0x32 CMakeFiles/MUXD.dir/C_/VSARM/sdk/Pico/pico-sdk/src/rp2_common/hardware_irq/irq.c.obj
                                 0x3a (size before relaxing)
 *fill*         0x10004f86        0x2 
 .rodata.__func__.0
                0x10004f88       0x1a CMakeFiles/MUXD.dir/C_/VSARM/sdk/Pico/pico-sdk/src/rp2_common/hardware_irq/irq.c.obj
 *fill*         0x10004fa2        0x2 
 .rodata.__func__.1
                0x10004fa4       0x17 CMakeFiles/MUXD.dir/C_/VSARM/sdk/Pico/pico-sdk/src/rp2_common/hardware_irq/irq.c.obj
 *fill*         0x10004fbb        0x1 
 .rodata.__func__.2
                0x10004fbc       0x13 CMakeFiles/MUXD.dir/C_/VSARM/sdk/Pico/pico-sdk/src/rp2_common/hardware_irq/irq.c.obj
 *fill*         0x10004fcf        0x1 
 .rodata.__func__.3
                0x10004fd0        0xc CMakeFiles/MUXD.dir/C_/VSARM/sdk/Pico/pico-sdk/src/rp2_common/hardware_irq/irq.c.obj
 .rodata.__func__.4
                0x10004fdc        0xf CMakeFiles/MUXD.dir/C_/VSARM/sdk/Pico/pico-sdk/src/rp2_common/hardware_irq/irq.c.obj
 *fill*         0x10004feb        0x1 
 .rodata.__func__.6
                0x10004fec       0x1a CMakeFiles/MUXD.dir/C_/VSARM/sdk/Pico/pico-sdk/src/rp2_common/hardware_irq/irq.c.obj
 *fill*         0x10005006        0x2 
 .rodata.pll_init.str1.4
                0x10005008       0xdb CMakeFiles/MUXD.dir/C_/VSARM/sdk/Pico/pico-sdk/src/rp2_common/hardware_pll/pll.c.obj
 *fill*         0x100050e3        0x1 
 .rodata.__func__.0
                0x100050e4        0x9 CMakeFiles/MUXD.dir/C_/VSARM/sdk/Pico/pico-sdk/src/rp2_common/hardware_pll/pll.c.obj
 *fill*         0x100050ed        0x3 
 .rodata._ftoa.str1.4
                0x100050f0       0x15 CMakeFiles/MUXD.dir/C_/VSARM/sdk/Pico/pico-sdk/src/rp2_common/pico_printf/printf.c.obj
 *fill*         0x10005105        0x3 
 .rodata._vsnprintf
                0x10005108      0x1e0 CMakeFiles/MUXD.dir/C_/VSARM/sdk/Pico/pico-sdk/src/rp2_common/pico_printf/printf.c.obj
 .rodata.pow10.0
                0x100052e8       0x50 CMakeFiles/MUXD.dir/C_/VSARM/sdk/Pico/pico-sdk/src/rp2_common/pico_printf/printf.c.obj
 .rodata.__aeabi_double_init.str1.4
                0x10005338       0xa8 CMakeFiles/MUXD.dir/C_/VSARM/sdk/Pico/pico-sdk/src/rp2_common/pico_double/double_init_rom.c.obj
 .rodata.__func__.0
                0x100053e0       0x14 CMakeFiles/MUXD.dir/C_/VSARM/sdk/Pico/pico-sdk/src/rp2_common/pico_double/double_init_rom.c.obj
 .rodata.__aeabi_float_init.str1.4
                0x100053f4       0x7a CMakeFiles/MUXD.dir/C_/VSARM/sdk/Pico/pico-sdk/src/rp2_common/pico_float/float_init_rom.c.obj
                                 0x7e (size before relaxing)
 *fill*         0x1000546e        0x2 
 .rodata.__func__.0
                0x10005470       0x13 CMakeFiles/MUXD.dir/C_/VSARM/sdk/Pico/pico-sdk/src/rp2_common/pico_float/float_init_rom.c.obj
 *fill*         0x10005483        0x1 
 .rodata.str1.4
                0x10005484       0x3c CMakeFiles/MUXD.dir/C_/VSARM/sdk/Pico/pico-sdk/src/rp2_common/pico_standard_link/binary_info.c.obj
 .rodata.__bi_44
                0x100054c0        0xc CMakeFiles/MUXD.dir/C_/VSARM/sdk/Pico/pico-sdk/src/rp2_common/pico_standard_link/binary_info.c.obj
 .rodata.__bi_75
                0x100054cc        0xc CMakeFiles/MUXD.dir/C_/VSARM/sdk/Pico/pico-sdk/src/rp2_common/pico_standard_link/binary_info.c.obj
 .rodata.__bi_81
                0x100054d8        0xc CMakeFiles/MUXD.dir/C_/VSARM/sdk/Pico/pico-sdk/src/rp2_common/pico_standard_link/binary_info.c.obj
 .rodata.crlf_str.3
                0x100054e4        0x2 CMakeFiles/MUXD.dir/C_/VSARM/sdk/Pico/pico-sdk/src/rp2_common/pico_stdio/stdio.c.obj
 *fill*         0x100054e6        0x2 
 .rodata.str1.4
                0x100054e8       0x2c CMakeFiles/MUXD.dir/C_/VSARM/sdk/Pico/pico-sdk/src/rp2_common/pico_stdio_uart/stdio_uart.c.obj
 .rodata.__bi_28.4
                0x10005514        0xc CMakeFiles/MUXD.dir/C_/VSARM/sdk/Pico/pico-sdk/src/rp2_common/pico_stdio_uart/stdio_uart.c.obj
 .rodata.__bi_29.5
                0x10005520        0x8 CMakeFiles/MUXD.dir/C_/VSARM/sdk/Pico/pico-sdk/src/rp2_common/pico_stdio_uart/stdio_uart.c.obj
                0x10005528                . = ALIGN (0x4)
 *(SORT_BY_ALIGNMENT(SORT_BY_NAME(.flashdata*)))
                0x10005528                . = ALIGN (0x4)

.rel.dyn        0x10005528        0x0
 .rel.iplt      0x10005528        0x0 c:/progra~2/gnuarm~1/102021~1.07/bin/../lib/gcc/arm-none-eabi/10.3.1/thumb/v6-m/nofp/crtbegin.o

.ARM.extab
 *(.ARM.extab* .gnu.linkonce.armextab.*)
                0x10005528                __exidx_start = .

.ARM.exidx
 *(.ARM.exidx* .gnu.linkonce.armexidx.*)
                0x10005528                __exidx_end = .
                0x10005528                . = ALIGN (0x4)
                0x10005528                __binary_info_start = .

.binary_info    0x10005528       0x24
 *(.binary_info.keep.*)
 .binary_info.keep.__bi_ptr22
                0x10005528        0x4 CMakeFiles/MUXD.dir/C_/VSARM/sdk/Pico/pico-sdk/src/rp2_common/pico_standard_link/binary_info.c.obj
 .binary_info.keep.__bi_ptr30
                0x1000552c        0x4 CMakeFiles/MUXD.dir/C_/VSARM/sdk/Pico/pico-sdk/src/rp2_common/pico_standard_link/binary_info.c.obj
 .binary_info.keep.__bi_ptr38
                0x10005530        0x4 CMakeFiles/MUXD.dir/C_/VSARM/sdk/Pico/pico-sdk/src/rp2_common/pico_standard_link/binary_info.c.obj
 .binary_info.keep.__bi_ptr44
                0x10005534        0x4 CMakeFiles/MUXD.dir/C_/VSARM/sdk/Pico/pico-sdk/src/rp2_common/pico_standard_link/binary_info.c.obj
 .binary_info.keep.__bi_ptr50
                0x10005538        0x4 CMakeFiles/MUXD.dir/C_/VSARM/sdk/Pico/pico-sdk/src/rp2_common/pico_standard_link/binary_info.c.obj
 .binary_info.keep.__bi_ptr75
                0x1000553c        0x4 CMakeFiles/MUXD.dir/C_/VSARM/sdk/Pico/pico-sdk/src/rp2_common/pico_standard_link/binary_info.c.obj
 .binary_info.keep.__bi_ptr81
                0x10005540        0x4 CMakeFiles/MUXD.dir/C_/VSARM/sdk/Pico/pico-sdk/src/rp2_common/pico_standard_link/binary_info.c.obj
 *(.binary_info.*)
 .binary_info.__bi_ptr28
                0x10005544        0x4 CMakeFiles/MUXD.dir/C_/VSARM/sdk/Pico/pico-sdk/src/rp2_common/pico_stdio_uart/stdio_uart.c.obj
 .binary_info.__bi_ptr29
                0x10005548        0x4 CMakeFiles/MUXD.dir/C_/VSARM/sdk/Pico/pico-sdk/src/rp2_common/pico_stdio_uart/stdio_uart.c.obj
                0x1000554c                __binary_info_end = .
                0x1000554c                . = ALIGN (0x4)
                0x1000554c                __etext = .

.ram_vector_table
                0x20000000       0xc0
 *(.ram_vector_table)
 .ram_vector_table
                0x20000000       0xc0 CMakeFiles/MUXD.dir/C_/VSARM/sdk/Pico/pico-sdk/src/rp2_common/pico_runtime/runtime.c.obj
                0x20000000                ram_vector_table

.data           0x200000c0      0x370 load address 0x1000554c
                0x200000c0                __data_start__ = .
 *(vtable)
 *(.time_critical*)
 .time_critical.mutex_enter_blocking
                0x200000c0       0x94 CMakeFiles/MUXD.dir/C_/VSARM/sdk/Pico/pico-sdk/src/common/pico_sync/mutex.c.obj
                0x200000c0                mutex_enter_blocking
 .time_critical.mutex_try_enter
                0x20000154       0x5a CMakeFiles/MUXD.dir/C_/VSARM/sdk/Pico/pico-sdk/src/common/pico_sync/mutex.c.obj
                0x20000154                mutex_try_enter
 *fill*         0x200001ae        0x2 
 .time_critical.mutex_exit
                0x200001b0       0x94 CMakeFiles/MUXD.dir/C_/VSARM/sdk/Pico/pico-sdk/src/common/pico_sync/mutex.c.obj
                0x200001b0                mutex_exit
 *(.text*)
 .text          0x20000244        0x4 c:/progra~2/gnuarm~1/102021~1.07/bin/../lib/gcc/arm-none-eabi/10.3.1/thumb/v6-m/nofp\libgcc.a(_dvmd_tls.o)
                0x20000244                __aeabi_idiv0
                0x20000244                __aeabi_ldiv0
 .text.__stub   0x20000248       0x10 linker stubs
                0x20000258                . = ALIGN (0x4)
 *(.rodata*)
                0x20000258                . = ALIGN (0x4)
 *(.data*)
 .data.Muxchannel
                0x20000258      0x100 CMakeFiles/MUXD.dir/muxd.c.obj
                0x20000258                Muxchannel
 .data.controlPin
                0x20000358       0x10 CMakeFiles/MUXD.dir/muxd.c.obj
                0x20000358                controlPin
 .data.striped_spin_lock_num
                0x20000368        0x1 CMakeFiles/MUXD.dir/C_/VSARM/sdk/Pico/pico-sdk/src/rp2_common/hardware_sync/sync.c.obj
 *fill*         0x20000369        0x3 
 .data.default_alarm_pool
                0x2000036c       0x18 CMakeFiles/MUXD.dir/C_/VSARM/sdk/Pico/pico-sdk/src/common/pico_time/time.c.obj
 .data.default_alarm_pool_heap
                0x20000384       0x10 CMakeFiles/MUXD.dir/C_/VSARM/sdk/Pico/pico-sdk/src/common/pico_time/time.c.obj
 .data          0x20000394       0x48 CMakeFiles/MUXD.dir/C_/VSARM/sdk/Pico/pico-sdk/src/rp2_common/hardware_irq/irq_handler_chain.S.obj
                0x20000394                irq_handler_chain_slots
                0x200003c4                irq_handler_chain_first_slot
                0x200003ce                irq_handler_chain_remove_tail
 *fill*         0x200003dc        0x4 
 .data.aeabi_bits_funcs
                0x200003e0       0x10 CMakeFiles/MUXD.dir/C_/VSARM/sdk/Pico/pico-sdk/src/rp2_common/pico_bit_ops/bit_ops_aeabi.S.obj
                0x200003e0                aeabi_bits_funcs
                0x200003f0                aeabi_bits_funcs_end
 .data.aeabi_mem_funcs
                0x200003f0       0x10 CMakeFiles/MUXD.dir/C_/VSARM/sdk/Pico/pico-sdk/src/rp2_common/pico_mem_ops/mem_ops_aeabi.S.obj
                0x200003f0                aeabi_mem_funcs
                0x20000400                aeabi_mem_funcs_end
 .data.stdio_uart
                0x20000400       0x14 CMakeFiles/MUXD.dir/C_/VSARM/sdk/Pico/pico-sdk/src/rp2_common/pico_stdio_uart/stdio_uart.c.obj
                0x20000400                stdio_uart
                0x20000414                . = ALIGN (0x4)
 *(.after_data.*)
                0x20000414                . = ALIGN (0x4)
                0x20000414                PROVIDE (__mutex_array_start = .)
 *(SORT_BY_NAME(.mutex_array.*))
 *(.mutex_array)
 .mutex_array   0x20000414        0x8 CMakeFiles/MUXD.dir/C_/VSARM/sdk/Pico/pico-sdk/src/rp2_common/pico_stdio/stdio.c.obj
                0x2000041c                PROVIDE (__mutex_array_end = .)
                0x2000041c                . = ALIGN (0x4)
                0x2000041c                PROVIDE (__preinit_array_start = .)
 *(SORT_BY_NAME(.preinit_array.*))
 .preinit_array.00001
                0x2000041c        0x4 CMakeFiles/MUXD.dir/C_/VSARM/sdk/Pico/pico-sdk/src/rp2_common/pico_mem_ops/mem_ops_aeabi.S.obj
 .preinit_array.00010
                0x20000420        0x4 CMakeFiles/MUXD.dir/C_/VSARM/sdk/Pico/pico-sdk/src/rp2_common/pico_bit_ops/bit_ops_aeabi.S.obj
 .preinit_array.00020
                0x20000424        0x4 CMakeFiles/MUXD.dir/C_/VSARM/sdk/Pico/pico-sdk/src/rp2_common/pico_double/double_aeabi.S.obj
 .preinit_array.00020
                0x20000428        0x4 CMakeFiles/MUXD.dir/C_/VSARM/sdk/Pico/pico-sdk/src/rp2_common/pico_float/float_aeabi.S.obj
 *(.preinit_array)
                0x2000042c                PROVIDE (__preinit_array_end = .)
                0x2000042c                . = ALIGN (0x4)
                0x2000042c                PROVIDE (__init_array_start = .)
 *(SORT_BY_NAME(.init_array.*))
 *(.init_array)
 .init_array    0x2000042c        0x4 c:/progra~2/gnuarm~1/102021~1.07/bin/../lib/gcc/arm-none-eabi/10.3.1/thumb/v6-m/nofp/crtbegin.o
                0x20000430                PROVIDE (__init_array_end = .)
                0x20000430                . = ALIGN (0x4)
                [!provide]                PROVIDE (__fini_array_start = .)
 *(SORT_BY_NAME(.fini_array.*))
 *(.fini_array)
                [!provide]                PROVIDE (__fini_array_end = .)
 *(.jcr)
                0x20000430                . = ALIGN (0x4)
                0x20000430                __data_end__ = .

.igot.plt       0x20000430        0x0 load address 0x100058bc
 .igot.plt      0x20000430        0x0 c:/progra~2/gnuarm~1/102021~1.07/bin/../lib/gcc/arm-none-eabi/10.3.1/thumb/v6-m/nofp/crtbegin.o

.uninitialized_data
                0x20000430        0x0 load address 0x100058bc
                0x20000430                . = ALIGN (0x4)
 *(.uninitialized_data*)

.scratch_x      0x20040000        0x0 load address 0x100058bc
                0x20040000                __scratch_x_start__ = .
 *(.scratch_x.*)
                0x20040000                . = ALIGN (0x4)
                0x20040000                __scratch_x_end__ = .
                0x100058bc                __scratch_x_source__ = LOADADDR (.scratch_x)

.scratch_y      0x20041000        0x0 load address 0x100058bc
                0x20041000                __scratch_y_start__ = .
 *(.scratch_y.*)
                0x20041000                . = ALIGN (0x4)
                0x20041000                __scratch_y_end__ = .
                0x100058bc                __scratch_y_source__ = LOADADDR (.scratch_y)

.bss            0x20000430      0x3d0
                0x20000430                . = ALIGN (0x4)
                0x20000430                __bss_start__ = .
 *(SORT_BY_ALIGNMENT(SORT_BY_NAME(.bss*)))
 .bss.default_alarm_pool_entries
                0x20000430      0x100 CMakeFiles/MUXD.dir/C_/VSARM/sdk/Pico/pico-sdk/src/common/pico_time/time.c.obj
 .bss           0x20000530       0x1c c:/progra~2/gnuarm~1/102021~1.07/bin/../lib/gcc/arm-none-eabi/10.3.1/thumb/v6-m/nofp/crtbegin.o
 .bss.alarm_callbacks
                0x2000054c       0x10 CMakeFiles/MUXD.dir/C_/VSARM/sdk/Pico/pico-sdk/src/rp2_common/hardware_timer/timer.c.obj
 .bss.configured_freq
                0x2000055c       0x28 CMakeFiles/MUXD.dir/C_/VSARM/sdk/Pico/pico-sdk/src/rp2_common/hardware_clocks/clocks.c.obj
 .bss.default_alarm_pool_entry_ids_high
                0x20000584       0x10 CMakeFiles/MUXD.dir/C_/VSARM/sdk/Pico/pico-sdk/src/common/pico_time/time.c.obj
 .bss.default_alarm_pool_heap_nodes
                0x20000594       0x30 CMakeFiles/MUXD.dir/C_/VSARM/sdk/Pico/pico-sdk/src/common/pico_time/time.c.obj
 .bss.drivers   0x200005c4        0x4 CMakeFiles/MUXD.dir/C_/VSARM/sdk/Pico/pico-sdk/src/rp2_common/pico_stdio/stdio.c.obj
 .bss.filter    0x200005c8        0x4 CMakeFiles/MUXD.dir/C_/VSARM/sdk/Pico/pico-sdk/src/rp2_common/pico_stdio/stdio.c.obj
 .bss.pools     0x200005cc       0x10 CMakeFiles/MUXD.dir/C_/VSARM/sdk/Pico/pico-sdk/src/common/pico_time/time.c.obj
 .bss.sd_table  0x200005dc      0x100 CMakeFiles/MUXD.dir/C_/VSARM/sdk/Pico/pico-sdk/src/rp2_common/pico_double/double_init_rom.c.obj
                0x200005dc                sd_table
 .bss.sf_clz_func
                0x200006dc        0x4 CMakeFiles/MUXD.dir/C_/VSARM/sdk/Pico/pico-sdk/src/rp2_common/pico_float/float_init_rom.c.obj
                0x200006dc                sf_clz_func
 .bss.sf_table  0x200006e0      0x100 CMakeFiles/MUXD.dir/C_/VSARM/sdk/Pico/pico-sdk/src/rp2_common/pico_float/float_init_rom.c.obj
                0x200006e0                sf_table
 .bss.sleep_notifier
                0x200007e0        0x4 CMakeFiles/MUXD.dir/C_/VSARM/sdk/Pico/pico-sdk/src/common/pico_time/time.c.obj
 .bss.target_hi
                0x200007e4       0x10 CMakeFiles/MUXD.dir/C_/VSARM/sdk/Pico/pico-sdk/src/rp2_common/hardware_timer/timer.c.obj
 .bss.uart_char_to_line_feed
                0x200007f4        0x4 CMakeFiles/MUXD.dir/C_/VSARM/sdk/Pico/pico-sdk/src/rp2_common/hardware_uart/uart.c.obj
                0x200007f4                uart_char_to_line_feed
 .bss.uart_instance
                0x200007f8        0x4 CMakeFiles/MUXD.dir/C_/VSARM/sdk/Pico/pico-sdk/src/rp2_common/pico_stdio_uart/stdio_uart.c.obj
 .bss.claimed   0x200007fc        0x1 CMakeFiles/MUXD.dir/C_/VSARM/sdk/Pico/pico-sdk/src/rp2_common/hardware_timer/timer.c.obj
 .bss.irq_hander_chain_free_slot_head
                0x200007fd        0x1 CMakeFiles/MUXD.dir/C_/VSARM/sdk/Pico/pico-sdk/src/rp2_common/hardware_irq/irq.c.obj
 .bss.timer_callbacks_pending
                0x200007fe        0x1 CMakeFiles/MUXD.dir/C_/VSARM/sdk/Pico/pico-sdk/src/rp2_common/hardware_timer/timer.c.obj
 *(COMMON)
                0x20000800                . = ALIGN (0x4)
 *fill*         0x200007ff        0x1 
                0x20000800                __bss_end__ = .

.heap           0x20000800      0x800
                0x20000800                __end__ = .
                0x20000800                end = __end__
 *(.heap*)
 .heap          0x20000800      0x800 CMakeFiles/MUXD.dir/C_/VSARM/sdk/Pico/pico-sdk/src/rp2_common/pico_standard_link/crt0.S.obj
                0x20001000                __HeapLimit = .

.stack1_dummy   0x20040000        0x0
 *(.stack1*)

.stack_dummy    0x20041000      0x800
 *(.stack*)
 .stack         0x20041000      0x800 CMakeFiles/MUXD.dir/C_/VSARM/sdk/Pico/pico-sdk/src/rp2_common/pico_standard_link/crt0.S.obj

.flash_end      0x100058bc        0x0
                0x100058bc                __flash_binary_end = .
                0x20040000                __StackLimit = (ORIGIN (RAM) + LENGTH (RAM))
                0x20041000                __StackOneTop = (ORIGIN (SCRATCH_X) + LENGTH (SCRATCH_X))
                0x20042000                __StackTop = (ORIGIN (SCRATCH_Y) + LENGTH (SCRATCH_Y))
                0x20041000                __StackOneBottom = (__StackOneTop - SIZEOF (.stack1_dummy))
                0x20041800                __StackBottom = (__StackTop - SIZEOF (.stack_dummy))
                0x20042000                PROVIDE (__stack = __StackTop)
                0x00000001                ASSERT ((__StackLimit >= __HeapLimit), region RAM overflowed)
                0x00000001                ASSERT (((__binary_info_header_end - __logical_binary_start) <= 0x100), Binary info must be in first 256 bytes of the binary)
LOAD CMakeFiles/MUXD.dir/muxd.c.obj
LOAD CMakeFiles/MUXD.dir/C_/VSARM/sdk/Pico/pico-sdk/src/rp2_common/pico_stdlib/stdlib.c.obj
LOAD CMakeFiles/MUXD.dir/C_/VSARM/sdk/Pico/pico-sdk/src/rp2_common/hardware_gpio/gpio.c.obj
LOAD CMakeFiles/MUXD.dir/C_/VSARM/sdk/Pico/pico-sdk/src/rp2_common/hardware_claim/claim.c.obj
LOAD CMakeFiles/MUXD.dir/C_/VSARM/sdk/Pico/pico-sdk/src/rp2_common/pico_platform/platform.c.obj
LOAD CMakeFiles/MUXD.dir/C_/VSARM/sdk/Pico/pico-sdk/src/rp2_common/hardware_sync/sync.c.obj
LOAD CMakeFiles/MUXD.dir/C_/VSARM/sdk/Pico/pico-sdk/src/rp2_common/hardware_uart/uart.c.obj
LOAD CMakeFiles/MUXD.dir/C_/VSARM/sdk/Pico/pico-sdk/src/rp2_common/hardware_divider/divider.S.obj
LOAD CMakeFiles/MUXD.dir/C_/VSARM/sdk/Pico/pico-sdk/src/common/pico_time/time.c.obj
LOAD CMakeFiles/MUXD.dir/C_/VSARM/sdk/Pico/pico-sdk/src/common/pico_time/timeout_helper.c.obj
LOAD CMakeFiles/MUXD.dir/C_/VSARM/sdk/Pico/pico-sdk/src/rp2_common/hardware_timer/timer.c.obj
LOAD CMakeFiles/MUXD.dir/C_/VSARM/sdk/Pico/pico-sdk/src/common/pico_sync/sem.c.obj
LOAD CMakeFiles/MUXD.dir/C_/VSARM/sdk/Pico/pico-sdk/src/common/pico_sync/lock_core.c.obj
LOAD CMakeFiles/MUXD.dir/C_/VSARM/sdk/Pico/pico-sdk/src/common/pico_sync/mutex.c.obj
LOAD CMakeFiles/MUXD.dir/C_/VSARM/sdk/Pico/pico-sdk/src/common/pico_sync/critical_section.c.obj
LOAD CMakeFiles/MUXD.dir/C_/VSARM/sdk/Pico/pico-sdk/src/common/pico_util/datetime.c.obj
LOAD CMakeFiles/MUXD.dir/C_/VSARM/sdk/Pico/pico-sdk/src/common/pico_util/pheap.c.obj
LOAD CMakeFiles/MUXD.dir/C_/VSARM/sdk/Pico/pico-sdk/src/common/pico_util/queue.c.obj
LOAD CMakeFiles/MUXD.dir/C_/VSARM/sdk/Pico/pico-sdk/src/rp2_common/pico_runtime/runtime.c.obj
LOAD CMakeFiles/MUXD.dir/C_/VSARM/sdk/Pico/pico-sdk/src/rp2_common/hardware_clocks/clocks.c.obj
LOAD CMakeFiles/MUXD.dir/C_/VSARM/sdk/Pico/pico-sdk/src/rp2_common/hardware_irq/irq.c.obj
LOAD CMakeFiles/MUXD.dir/C_/VSARM/sdk/Pico/pico-sdk/src/rp2_common/hardware_irq/irq_handler_chain.S.obj
LOAD CMakeFiles/MUXD.dir/C_/VSARM/sdk/Pico/pico-sdk/src/rp2_common/hardware_pll/pll.c.obj
LOAD CMakeFiles/MUXD.dir/C_/VSARM/sdk/Pico/pico-sdk/src/rp2_common/hardware_vreg/vreg.c.obj
LOAD CMakeFiles/MUXD.dir/C_/VSARM/sdk/Pico/pico-sdk/src/rp2_common/hardware_watchdog/watchdog.c.obj
LOAD CMakeFiles/MUXD.dir/C_/VSARM/sdk/Pico/pico-sdk/src/rp2_common/hardware_xosc/xosc.c.obj
LOAD CMakeFiles/MUXD.dir/C_/VSARM/sdk/Pico/pico-sdk/src/rp2_common/pico_printf/printf.c.obj
LOAD CMakeFiles/MUXD.dir/C_/VSARM/sdk/Pico/pico-sdk/src/rp2_common/pico_bit_ops/bit_ops_aeabi.S.obj
LOAD CMakeFiles/MUXD.dir/C_/VSARM/sdk/Pico/pico-sdk/src/rp2_common/pico_bootrom/bootrom.c.obj
LOAD CMakeFiles/MUXD.dir/C_/VSARM/sdk/Pico/pico-sdk/src/rp2_common/pico_divider/divider.S.obj
LOAD CMakeFiles/MUXD.dir/C_/VSARM/sdk/Pico/pico-sdk/src/rp2_common/pico_double/double_aeabi.S.obj
LOAD CMakeFiles/MUXD.dir/C_/VSARM/sdk/Pico/pico-sdk/src/rp2_common/pico_double/double_init_rom.c.obj
LOAD CMakeFiles/MUXD.dir/C_/VSARM/sdk/Pico/pico-sdk/src/rp2_common/pico_double/double_math.c.obj
LOAD CMakeFiles/MUXD.dir/C_/VSARM/sdk/Pico/pico-sdk/src/rp2_common/pico_double/double_v1_rom_shim.S.obj
LOAD CMakeFiles/MUXD.dir/C_/VSARM/sdk/Pico/pico-sdk/src/rp2_common/pico_int64_ops/pico_int64_ops_aeabi.S.obj
LOAD CMakeFiles/MUXD.dir/C_/VSARM/sdk/Pico/pico-sdk/src/rp2_common/pico_float/float_aeabi.S.obj
LOAD CMakeFiles/MUXD.dir/C_/VSARM/sdk/Pico/pico-sdk/src/rp2_common/pico_float/float_init_rom.c.obj
LOAD CMakeFiles/MUXD.dir/C_/VSARM/sdk/Pico/pico-sdk/src/rp2_common/pico_float/float_math.c.obj
LOAD CMakeFiles/MUXD.dir/C_/VSARM/sdk/Pico/pico-sdk/src/rp2_common/pico_float/float_v1_rom_shim.S.obj
LOAD CMakeFiles/MUXD.dir/C_/VSARM/sdk/Pico/pico-sdk/src/rp2_common/pico_malloc/pico_malloc.c.obj
LOAD CMakeFiles/MUXD.dir/C_/VSARM/sdk/Pico/pico-sdk/src/rp2_common/pico_mem_ops/mem_ops_aeabi.S.obj
LOAD CMakeFiles/MUXD.dir/C_/VSARM/sdk/Pico/pico-sdk/src/rp2_common/pico_standard_link/crt0.S.obj
LOAD CMakeFiles/MUXD.dir/C_/VSARM/sdk/Pico/pico-sdk/src/rp2_common/pico_standard_link/new_delete.cpp.obj
LOAD CMakeFiles/MUXD.dir/C_/VSARM/sdk/Pico/pico-sdk/src/rp2_common/pico_standard_link/binary_info.c.obj
LOAD CMakeFiles/MUXD.dir/C_/VSARM/sdk/Pico/pico-sdk/src/rp2_common/pico_stdio/stdio.c.obj
LOAD CMakeFiles/MUXD.dir/C_/VSARM/sdk/Pico/pico-sdk/src/rp2_common/pico_stdio_uart/stdio_uart.c.obj
LOAD C:\Users\ENITT\AppData\Local\Temp\ccc8dMzA.o
LOAD c:/progra~2/gnuarm~1/102021~1.07/bin/../lib/gcc/arm-none-eabi/10.3.1/../../../../arm-none-eabi/lib/thumb/v6-m/nofp\libstdc++.a
LOAD c:/progra~2/gnuarm~1/102021~1.07/bin/../lib/gcc/arm-none-eabi/10.3.1/../../../../arm-none-eabi/lib/thumb/v6-m/nofp\libm.a
START GROUP
LOAD c:/progra~2/gnuarm~1/102021~1.07/bin/../lib/gcc/arm-none-eabi/10.3.1/thumb/v6-m/nofp\libgcc.a
LOAD c:/progra~2/gnuarm~1/102021~1.07/bin/../lib/gcc/arm-none-eabi/10.3.1/../../../../arm-none-eabi/lib/thumb/v6-m/nofp\libg.a
LOAD c:/progra~2/gnuarm~1/102021~1.07/bin/../lib/gcc/arm-none-eabi/10.3.1/../../../../arm-none-eabi/lib/thumb/v6-m/nofp\libc.a
END GROUP
START GROUP
LOAD c:/progra~2/gnuarm~1/102021~1.07/bin/../lib/gcc/arm-none-eabi/10.3.1/thumb/v6-m/nofp\libgcc.a
LOAD c:/progra~2/gnuarm~1/102021~1.07/bin/../lib/gcc/arm-none-eabi/10.3.1/../../../../arm-none-eabi/lib/thumb/v6-m/nofp\libc.a
LOAD c:/progra~2/gnuarm~1/102021~1.07/bin/../lib/gcc/arm-none-eabi/10.3.1/../../../../arm-none-eabi/lib/thumb/v6-m/nofp\libnosys.a
END GROUP
LOAD c:/progra~2/gnuarm~1/102021~1.07/bin/../lib/gcc/arm-none-eabi/10.3.1/thumb/v6-m/nofp/crtend.o
LOAD c:/progra~2/gnuarm~1/102021~1.07/bin/../lib/gcc/arm-none-eabi/10.3.1/thumb/v6-m/nofp/crtn.o
OUTPUT(MUXD.elf elf32-littlearm)
LOAD linker stubs

.ARM.attributes
                0x00000000       0x28
 .ARM.attributes
                0x00000000       0x1e c:/progra~2/gnuarm~1/102021~1.07/bin/../lib/gcc/arm-none-eabi/10.3.1/thumb/v6-m/nofp/crti.o
 .ARM.attributes
                0x0000001e       0x2c c:/progra~2/gnuarm~1/102021~1.07/bin/../lib/gcc/arm-none-eabi/10.3.1/thumb/v6-m/nofp/crtbegin.o
 .ARM.attributes
                0x0000004a       0x2c CMakeFiles/MUXD.dir/muxd.c.obj
 .ARM.attributes
                0x00000076       0x2c CMakeFiles/MUXD.dir/C_/VSARM/sdk/Pico/pico-sdk/src/rp2_common/hardware_gpio/gpio.c.obj
 .ARM.attributes
                0x000000a2       0x2c CMakeFiles/MUXD.dir/C_/VSARM/sdk/Pico/pico-sdk/src/rp2_common/hardware_claim/claim.c.obj
 .ARM.attributes
                0x000000ce       0x2c CMakeFiles/MUXD.dir/C_/VSARM/sdk/Pico/pico-sdk/src/rp2_common/pico_platform/platform.c.obj
 .ARM.attributes
                0x000000fa       0x2c CMakeFiles/MUXD.dir/C_/VSARM/sdk/Pico/pico-sdk/src/rp2_common/hardware_sync/sync.c.obj
 .ARM.attributes
                0x00000126       0x2c CMakeFiles/MUXD.dir/C_/VSARM/sdk/Pico/pico-sdk/src/rp2_common/hardware_uart/uart.c.obj
 .ARM.attributes
                0x00000152       0x2c CMakeFiles/MUXD.dir/C_/VSARM/sdk/Pico/pico-sdk/src/common/pico_time/time.c.obj
 .ARM.attributes
                0x0000017e       0x2c CMakeFiles/MUXD.dir/C_/VSARM/sdk/Pico/pico-sdk/src/rp2_common/hardware_timer/timer.c.obj
 .ARM.attributes
                0x000001aa       0x2c CMakeFiles/MUXD.dir/C_/VSARM/sdk/Pico/pico-sdk/src/common/pico_sync/lock_core.c.obj
 .ARM.attributes
                0x000001d6       0x2c CMakeFiles/MUXD.dir/C_/VSARM/sdk/Pico/pico-sdk/src/common/pico_sync/mutex.c.obj
 .ARM.attributes
                0x00000202       0x2c CMakeFiles/MUXD.dir/C_/VSARM/sdk/Pico/pico-sdk/src/common/pico_util/pheap.c.obj
 .ARM.attributes
                0x0000022e       0x2c CMakeFiles/MUXD.dir/C_/VSARM/sdk/Pico/pico-sdk/src/rp2_common/pico_runtime/runtime.c.obj
 .ARM.attributes
                0x0000025a       0x2c CMakeFiles/MUXD.dir/C_/VSARM/sdk/Pico/pico-sdk/src/rp2_common/hardware_clocks/clocks.c.obj
 .ARM.attributes
                0x00000286       0x2c CMakeFiles/MUXD.dir/C_/VSARM/sdk/Pico/pico-sdk/src/rp2_common/hardware_irq/irq.c.obj
 .ARM.attributes
                0x000002b2       0x22 CMakeFiles/MUXD.dir/C_/VSARM/sdk/Pico/pico-sdk/src/rp2_common/hardware_irq/irq_handler_chain.S.obj
 .ARM.attributes
                0x000002d4       0x2c CMakeFiles/MUXD.dir/C_/VSARM/sdk/Pico/pico-sdk/src/rp2_common/hardware_pll/pll.c.obj
 .ARM.attributes
                0x00000300       0x2c CMakeFiles/MUXD.dir/C_/VSARM/sdk/Pico/pico-sdk/src/rp2_common/hardware_watchdog/watchdog.c.obj
 .ARM.attributes
                0x0000032c       0x2c CMakeFiles/MUXD.dir/C_/VSARM/sdk/Pico/pico-sdk/src/rp2_common/hardware_xosc/xosc.c.obj
 .ARM.attributes
                0x00000358       0x2c CMakeFiles/MUXD.dir/C_/VSARM/sdk/Pico/pico-sdk/src/rp2_common/pico_printf/printf.c.obj
 .ARM.attributes
                0x00000384       0x22 CMakeFiles/MUXD.dir/C_/VSARM/sdk/Pico/pico-sdk/src/rp2_common/pico_bit_ops/bit_ops_aeabi.S.obj
 .ARM.attributes
                0x000003a6       0x2c CMakeFiles/MUXD.dir/C_/VSARM/sdk/Pico/pico-sdk/src/rp2_common/pico_bootrom/bootrom.c.obj
 .ARM.attributes
                0x000003d2       0x22 CMakeFiles/MUXD.dir/C_/VSARM/sdk/Pico/pico-sdk/src/rp2_common/pico_divider/divider.S.obj
 .ARM.attributes
                0x000003f4       0x22 CMakeFiles/MUXD.dir/C_/VSARM/sdk/Pico/pico-sdk/src/rp2_common/pico_double/double_aeabi.S.obj
 .ARM.attributes
                0x00000416       0x2c CMakeFiles/MUXD.dir/C_/VSARM/sdk/Pico/pico-sdk/src/rp2_common/pico_double/double_init_rom.c.obj
 .ARM.attributes
                0x00000442       0x22 CMakeFiles/MUXD.dir/C_/VSARM/sdk/Pico/pico-sdk/src/rp2_common/pico_double/double_v1_rom_shim.S.obj
 .ARM.attributes
                0x00000464       0x22 CMakeFiles/MUXD.dir/C_/VSARM/sdk/Pico/pico-sdk/src/rp2_common/pico_int64_ops/pico_int64_ops_aeabi.S.obj
 .ARM.attributes
                0x00000486       0x22 CMakeFiles/MUXD.dir/C_/VSARM/sdk/Pico/pico-sdk/src/rp2_common/pico_float/float_aeabi.S.obj
 .ARM.attributes
                0x000004a8       0x2c CMakeFiles/MUXD.dir/C_/VSARM/sdk/Pico/pico-sdk/src/rp2_common/pico_float/float_init_rom.c.obj
 .ARM.attributes
                0x000004d4       0x22 CMakeFiles/MUXD.dir/C_/VSARM/sdk/Pico/pico-sdk/src/rp2_common/pico_float/float_v1_rom_shim.S.obj
 .ARM.attributes
                0x000004f6       0x22 CMakeFiles/MUXD.dir/C_/VSARM/sdk/Pico/pico-sdk/src/rp2_common/pico_mem_ops/mem_ops_aeabi.S.obj
 .ARM.attributes
                0x00000518       0x22 CMakeFiles/MUXD.dir/C_/VSARM/sdk/Pico/pico-sdk/src/rp2_common/pico_standard_link/crt0.S.obj
 .ARM.attributes
                0x0000053a       0x32 CMakeFiles/MUXD.dir/C_/VSARM/sdk/Pico/pico-sdk/src/rp2_common/pico_standard_link/binary_info.c.obj
 .ARM.attributes
                0x0000056c       0x2c CMakeFiles/MUXD.dir/C_/VSARM/sdk/Pico/pico-sdk/src/rp2_common/pico_stdio/stdio.c.obj
 .ARM.attributes
                0x00000598       0x2c CMakeFiles/MUXD.dir/C_/VSARM/sdk/Pico/pico-sdk/src/rp2_common/pico_stdio_uart/stdio_uart.c.obj
 .ARM.attributes
                0x000005c4       0x22 C:\Users\ENITT\AppData\Local\Temp\ccc8dMzA.o
 .ARM.attributes
                0x000005e6       0x1e c:/progra~2/gnuarm~1/102021~1.07/bin/../lib/gcc/arm-none-eabi/10.3.1/thumb/v6-m/nofp\libgcc.a(_dvmd_tls.o)
 .ARM.attributes
                0x00000604       0x2c c:/progra~2/gnuarm~1/102021~1.07/bin/../lib/gcc/arm-none-eabi/10.3.1/../../../../arm-none-eabi/lib/thumb/v6-m/nofp\libg.a(lib_a-strlen-stub.o)

.comment        0x00000000       0x49
 .comment       0x00000000       0x49 CMakeFiles/MUXD.dir/muxd.c.obj
                                 0x4a (size before relaxing)
 .comment       0x00000049       0x4a CMakeFiles/MUXD.dir/C_/VSARM/sdk/Pico/pico-sdk/src/rp2_common/hardware_gpio/gpio.c.obj
 .comment       0x00000049       0x4a CMakeFiles/MUXD.dir/C_/VSARM/sdk/Pico/pico-sdk/src/rp2_common/hardware_claim/claim.c.obj
 .comment       0x00000049       0x4a CMakeFiles/MUXD.dir/C_/VSARM/sdk/Pico/pico-sdk/src/rp2_common/pico_platform/platform.c.obj
 .comment       0x00000049       0x4a CMakeFiles/MUXD.dir/C_/VSARM/sdk/Pico/pico-sdk/src/rp2_common/hardware_sync/sync.c.obj
 .comment       0x00000049       0x4a CMakeFiles/MUXD.dir/C_/VSARM/sdk/Pico/pico-sdk/src/rp2_common/hardware_uart/uart.c.obj
 .comment       0x00000049       0x4a CMakeFiles/MUXD.dir/C_/VSARM/sdk/Pico/pico-sdk/src/common/pico_time/time.c.obj
 .comment       0x00000049       0x4a CMakeFiles/MUXD.dir/C_/VSARM/sdk/Pico/pico-sdk/src/rp2_common/hardware_timer/timer.c.obj
 .comment       0x00000049       0x4a CMakeFiles/MUXD.dir/C_/VSARM/sdk/Pico/pico-sdk/src/common/pico_sync/lock_core.c.obj
 .comment       0x00000049       0x4a CMakeFiles/MUXD.dir/C_/VSARM/sdk/Pico/pico-sdk/src/common/pico_sync/mutex.c.obj
 .comment       0x00000049       0x4a CMakeFiles/MUXD.dir/C_/VSARM/sdk/Pico/pico-sdk/src/common/pico_util/pheap.c.obj
 .comment       0x00000049       0x4a CMakeFiles/MUXD.dir/C_/VSARM/sdk/Pico/pico-sdk/src/rp2_common/pico_runtime/runtime.c.obj
 .comment       0x00000049       0x4a CMakeFiles/MUXD.dir/C_/VSARM/sdk/Pico/pico-sdk/src/rp2_common/hardware_clocks/clocks.c.obj
 .comment       0x00000049       0x4a CMakeFiles/MUXD.dir/C_/VSARM/sdk/Pico/pico-sdk/src/rp2_common/hardware_irq/irq.c.obj
 .comment       0x00000049       0x4a CMakeFiles/MUXD.dir/C_/VSARM/sdk/Pico/pico-sdk/src/rp2_common/hardware_pll/pll.c.obj
 .comment       0x00000049       0x4a CMakeFiles/MUXD.dir/C_/VSARM/sdk/Pico/pico-sdk/src/rp2_common/hardware_watchdog/watchdog.c.obj
 .comment       0x00000049       0x4a CMakeFiles/MUXD.dir/C_/VSARM/sdk/Pico/pico-sdk/src/rp2_common/hardware_xosc/xosc.c.obj
 .comment       0x00000049       0x4a CMakeFiles/MUXD.dir/C_/VSARM/sdk/Pico/pico-sdk/src/rp2_common/pico_printf/printf.c.obj
 .comment       0x00000049       0x4a CMakeFiles/MUXD.dir/C_/VSARM/sdk/Pico/pico-sdk/src/rp2_common/pico_bootrom/bootrom.c.obj
 .comment       0x00000049       0x4a CMakeFiles/MUXD.dir/C_/VSARM/sdk/Pico/pico-sdk/src/rp2_common/pico_double/double_init_rom.c.obj
 .comment       0x00000049       0x4a CMakeFiles/MUXD.dir/C_/VSARM/sdk/Pico/pico-sdk/src/rp2_common/pico_float/float_init_rom.c.obj
 .comment       0x00000049       0x4a CMakeFiles/MUXD.dir/C_/VSARM/sdk/Pico/pico-sdk/src/rp2_common/pico_standard_link/binary_info.c.obj
 .comment       0x00000049       0x4a CMakeFiles/MUXD.dir/C_/VSARM/sdk/Pico/pico-sdk/src/rp2_common/pico_stdio/stdio.c.obj
 .comment       0x00000049       0x4a CMakeFiles/MUXD.dir/C_/VSARM/sdk/Pico/pico-sdk/src/rp2_common/pico_stdio_uart/stdio_uart.c.obj

.debug_info     0x00000000    0x13944
 .debug_info    0x00000000     0x1602 CMakeFiles/MUXD.dir/muxd.c.obj
 .debug_info    0x00001602     0x1465 CMakeFiles/MUXD.dir/C_/VSARM/sdk/Pico/pico-sdk/src/rp2_common/hardware_gpio/gpio.c.obj
 .debug_info    0x00002a67      0x6ba CMakeFiles/MUXD.dir/C_/VSARM/sdk/Pico/pico-sdk/src/rp2_common/hardware_claim/claim.c.obj
 .debug_info    0x00003121      0x1e3 CMakeFiles/MUXD.dir/C_/VSARM/sdk/Pico/pico-sdk/src/rp2_common/pico_platform/platform.c.obj
 .debug_info    0x00003304      0x58e CMakeFiles/MUXD.dir/C_/VSARM/sdk/Pico/pico-sdk/src/rp2_common/hardware_sync/sync.c.obj
 .debug_info    0x00003892      0xb64 CMakeFiles/MUXD.dir/C_/VSARM/sdk/Pico/pico-sdk/src/rp2_common/hardware_uart/uart.c.obj
 .debug_info    0x000043f6     0x3b2f CMakeFiles/MUXD.dir/C_/VSARM/sdk/Pico/pico-sdk/src/common/pico_time/time.c.obj
 .debug_info    0x00007f25     0x1130 CMakeFiles/MUXD.dir/C_/VSARM/sdk/Pico/pico-sdk/src/rp2_common/hardware_timer/timer.c.obj
 .debug_info    0x00009055      0x1a4 CMakeFiles/MUXD.dir/C_/VSARM/sdk/Pico/pico-sdk/src/common/pico_sync/lock_core.c.obj
 .debug_info    0x000091f9     0x13b2 CMakeFiles/MUXD.dir/C_/VSARM/sdk/Pico/pico-sdk/src/common/pico_sync/mutex.c.obj
 .debug_info    0x0000a5ab     0x120c CMakeFiles/MUXD.dir/C_/VSARM/sdk/Pico/pico-sdk/src/common/pico_util/pheap.c.obj
 .debug_info    0x0000b7b7      0x9bc CMakeFiles/MUXD.dir/C_/VSARM/sdk/Pico/pico-sdk/src/rp2_common/pico_runtime/runtime.c.obj
 .debug_info    0x0000c173      0xf56 CMakeFiles/MUXD.dir/C_/VSARM/sdk/Pico/pico-sdk/src/rp2_common/hardware_clocks/clocks.c.obj
 .debug_info    0x0000d0c9     0x191a CMakeFiles/MUXD.dir/C_/VSARM/sdk/Pico/pico-sdk/src/rp2_common/hardware_irq/irq.c.obj
 .debug_info    0x0000e9e3      0x509 CMakeFiles/MUXD.dir/C_/VSARM/sdk/Pico/pico-sdk/src/rp2_common/hardware_pll/pll.c.obj
 .debug_info    0x0000eeec      0x49c CMakeFiles/MUXD.dir/C_/VSARM/sdk/Pico/pico-sdk/src/rp2_common/hardware_watchdog/watchdog.c.obj
 .debug_info    0x0000f388      0x1dd CMakeFiles/MUXD.dir/C_/VSARM/sdk/Pico/pico-sdk/src/rp2_common/hardware_xosc/xosc.c.obj
 .debug_info    0x0000f565     0x1a5f CMakeFiles/MUXD.dir/C_/VSARM/sdk/Pico/pico-sdk/src/rp2_common/pico_printf/printf.c.obj
 .debug_info    0x00010fc4       0x22 CMakeFiles/MUXD.dir/C_/VSARM/sdk/Pico/pico-sdk/src/rp2_common/pico_bit_ops/bit_ops_aeabi.S.obj
 .debug_info    0x00010fe6      0x231 CMakeFiles/MUXD.dir/C_/VSARM/sdk/Pico/pico-sdk/src/rp2_common/pico_bootrom/bootrom.c.obj
 .debug_info    0x00011217       0x22 CMakeFiles/MUXD.dir/C_/VSARM/sdk/Pico/pico-sdk/src/rp2_common/pico_divider/divider.S.obj
 .debug_info    0x00011239       0x22 CMakeFiles/MUXD.dir/C_/VSARM/sdk/Pico/pico-sdk/src/rp2_common/pico_double/double_aeabi.S.obj
 .debug_info    0x0001125b      0x2a0 CMakeFiles/MUXD.dir/C_/VSARM/sdk/Pico/pico-sdk/src/rp2_common/pico_double/double_init_rom.c.obj
 .debug_info    0x000114fb       0x22 CMakeFiles/MUXD.dir/C_/VSARM/sdk/Pico/pico-sdk/src/rp2_common/pico_double/double_v1_rom_shim.S.obj
 .debug_info    0x0001151d       0x26 CMakeFiles/MUXD.dir/C_/VSARM/sdk/Pico/pico-sdk/src/rp2_common/pico_int64_ops/pico_int64_ops_aeabi.S.obj
 .debug_info    0x00011543       0x22 CMakeFiles/MUXD.dir/C_/VSARM/sdk/Pico/pico-sdk/src/rp2_common/pico_float/float_aeabi.S.obj
 .debug_info    0x00011565      0x2e9 CMakeFiles/MUXD.dir/C_/VSARM/sdk/Pico/pico-sdk/src/rp2_common/pico_float/float_init_rom.c.obj
 .debug_info    0x0001184e       0x22 CMakeFiles/MUXD.dir/C_/VSARM/sdk/Pico/pico-sdk/src/rp2_common/pico_float/float_v1_rom_shim.S.obj
 .debug_info    0x00011870       0x22 CMakeFiles/MUXD.dir/C_/VSARM/sdk/Pico/pico-sdk/src/rp2_common/pico_mem_ops/mem_ops_aeabi.S.obj
 .debug_info    0x00011892       0x22 CMakeFiles/MUXD.dir/C_/VSARM/sdk/Pico/pico-sdk/src/rp2_common/pico_standard_link/crt0.S.obj
 .debug_info    0x000118b4      0x2f6 CMakeFiles/MUXD.dir/C_/VSARM/sdk/Pico/pico-sdk/src/rp2_common/pico_standard_link/binary_info.c.obj
 .debug_info    0x00011baa     0x116b CMakeFiles/MUXD.dir/C_/VSARM/sdk/Pico/pico-sdk/src/rp2_common/pico_stdio/stdio.c.obj
 .debug_info    0x00012d15      0xc2f CMakeFiles/MUXD.dir/C_/VSARM/sdk/Pico/pico-sdk/src/rp2_common/pico_stdio_uart/stdio_uart.c.obj

.debug_abbrev   0x00000000     0x3fa6
 .debug_abbrev  0x00000000      0x362 CMakeFiles/MUXD.dir/muxd.c.obj
 .debug_abbrev  0x00000362      0x2c4 CMakeFiles/MUXD.dir/C_/VSARM/sdk/Pico/pico-sdk/src/rp2_common/hardware_gpio/gpio.c.obj
 .debug_abbrev  0x00000626      0x2d6 CMakeFiles/MUXD.dir/C_/VSARM/sdk/Pico/pico-sdk/src/rp2_common/hardware_claim/claim.c.obj
 .debug_abbrev  0x000008fc       0xeb CMakeFiles/MUXD.dir/C_/VSARM/sdk/Pico/pico-sdk/src/rp2_common/pico_platform/platform.c.obj
 .debug_abbrev  0x000009e7      0x21b CMakeFiles/MUXD.dir/C_/VSARM/sdk/Pico/pico-sdk/src/rp2_common/hardware_sync/sync.c.obj
 .debug_abbrev  0x00000c02      0x2d2 CMakeFiles/MUXD.dir/C_/VSARM/sdk/Pico/pico-sdk/src/rp2_common/hardware_uart/uart.c.obj
 .debug_abbrev  0x00000ed4      0x53c CMakeFiles/MUXD.dir/C_/VSARM/sdk/Pico/pico-sdk/src/common/pico_time/time.c.obj
 .debug_abbrev  0x00001410      0x37e CMakeFiles/MUXD.dir/C_/VSARM/sdk/Pico/pico-sdk/src/rp2_common/hardware_timer/timer.c.obj
 .debug_abbrev  0x0000178e      0x116 CMakeFiles/MUXD.dir/C_/VSARM/sdk/Pico/pico-sdk/src/common/pico_sync/lock_core.c.obj
 .debug_abbrev  0x000018a4      0x37d CMakeFiles/MUXD.dir/C_/VSARM/sdk/Pico/pico-sdk/src/common/pico_sync/mutex.c.obj
 .debug_abbrev  0x00001c21      0x297 CMakeFiles/MUXD.dir/C_/VSARM/sdk/Pico/pico-sdk/src/common/pico_util/pheap.c.obj
 .debug_abbrev  0x00001eb8      0x35a CMakeFiles/MUXD.dir/C_/VSARM/sdk/Pico/pico-sdk/src/rp2_common/pico_runtime/runtime.c.obj
 .debug_abbrev  0x00002212      0x372 CMakeFiles/MUXD.dir/C_/VSARM/sdk/Pico/pico-sdk/src/rp2_common/hardware_clocks/clocks.c.obj
 .debug_abbrev  0x00002584      0x4a5 CMakeFiles/MUXD.dir/C_/VSARM/sdk/Pico/pico-sdk/src/rp2_common/hardware_irq/irq.c.obj
 .debug_abbrev  0x00002a29      0x1ea CMakeFiles/MUXD.dir/C_/VSARM/sdk/Pico/pico-sdk/src/rp2_common/hardware_pll/pll.c.obj
 .debug_abbrev  0x00002c13      0x1b1 CMakeFiles/MUXD.dir/C_/VSARM/sdk/Pico/pico-sdk/src/rp2_common/hardware_watchdog/watchdog.c.obj
 .debug_abbrev  0x00002dc4      0x109 CMakeFiles/MUXD.dir/C_/VSARM/sdk/Pico/pico-sdk/src/rp2_common/hardware_xosc/xosc.c.obj
 .debug_abbrev  0x00002ecd      0x384 CMakeFiles/MUXD.dir/C_/VSARM/sdk/Pico/pico-sdk/src/rp2_common/pico_printf/printf.c.obj
 .debug_abbrev  0x00003251       0x12 CMakeFiles/MUXD.dir/C_/VSARM/sdk/Pico/pico-sdk/src/rp2_common/pico_bit_ops/bit_ops_aeabi.S.obj
 .debug_abbrev  0x00003263       0xf8 CMakeFiles/MUXD.dir/C_/VSARM/sdk/Pico/pico-sdk/src/rp2_common/pico_bootrom/bootrom.c.obj
 .debug_abbrev  0x0000335b       0x12 CMakeFiles/MUXD.dir/C_/VSARM/sdk/Pico/pico-sdk/src/rp2_common/pico_divider/divider.S.obj
 .debug_abbrev  0x0000336d       0x12 CMakeFiles/MUXD.dir/C_/VSARM/sdk/Pico/pico-sdk/src/rp2_common/pico_double/double_aeabi.S.obj
 .debug_abbrev  0x0000337f      0x166 CMakeFiles/MUXD.dir/C_/VSARM/sdk/Pico/pico-sdk/src/rp2_common/pico_double/double_init_rom.c.obj
 .debug_abbrev  0x000034e5       0x12 CMakeFiles/MUXD.dir/C_/VSARM/sdk/Pico/pico-sdk/src/rp2_common/pico_double/double_v1_rom_shim.S.obj
 .debug_abbrev  0x000034f7       0x14 CMakeFiles/MUXD.dir/C_/VSARM/sdk/Pico/pico-sdk/src/rp2_common/pico_int64_ops/pico_int64_ops_aeabi.S.obj
 .debug_abbrev  0x0000350b       0x12 CMakeFiles/MUXD.dir/C_/VSARM/sdk/Pico/pico-sdk/src/rp2_common/pico_float/float_aeabi.S.obj
 .debug_abbrev  0x0000351d      0x179 CMakeFiles/MUXD.dir/C_/VSARM/sdk/Pico/pico-sdk/src/rp2_common/pico_float/float_init_rom.c.obj
 .debug_abbrev  0x00003696       0x12 CMakeFiles/MUXD.dir/C_/VSARM/sdk/Pico/pico-sdk/src/rp2_common/pico_float/float_v1_rom_shim.S.obj
 .debug_abbrev  0x000036a8       0x12 CMakeFiles/MUXD.dir/C_/VSARM/sdk/Pico/pico-sdk/src/rp2_common/pico_mem_ops/mem_ops_aeabi.S.obj
 .debug_abbrev  0x000036ba       0x12 CMakeFiles/MUXD.dir/C_/VSARM/sdk/Pico/pico-sdk/src/rp2_common/pico_standard_link/crt0.S.obj
 .debug_abbrev  0x000036cc       0xad CMakeFiles/MUXD.dir/C_/VSARM/sdk/Pico/pico-sdk/src/rp2_common/pico_standard_link/binary_info.c.obj
 .debug_abbrev  0x00003779      0x4a7 CMakeFiles/MUXD.dir/C_/VSARM/sdk/Pico/pico-sdk/src/rp2_common/pico_stdio/stdio.c.obj
 .debug_abbrev  0x00003c20      0x386 CMakeFiles/MUXD.dir/C_/VSARM/sdk/Pico/pico-sdk/src/rp2_common/pico_stdio_uart/stdio_uart.c.obj

.debug_loc      0x00000000     0xd614
 .debug_loc     0x00000000      0xd45 CMakeFiles/MUXD.dir/muxd.c.obj
 .debug_loc     0x00000d45      0xede CMakeFiles/MUXD.dir/C_/VSARM/sdk/Pico/pico-sdk/src/rp2_common/hardware_gpio/gpio.c.obj
 .debug_loc     0x00001c23      0x45f CMakeFiles/MUXD.dir/C_/VSARM/sdk/Pico/pico-sdk/src/rp2_common/hardware_claim/claim.c.obj
 .debug_loc     0x00002082       0xe9 CMakeFiles/MUXD.dir/C_/VSARM/sdk/Pico/pico-sdk/src/rp2_common/pico_platform/platform.c.obj
 .debug_loc     0x0000216b      0x233 CMakeFiles/MUXD.dir/C_/VSARM/sdk/Pico/pico-sdk/src/rp2_common/hardware_sync/sync.c.obj
 .debug_loc     0x0000239e      0x533 CMakeFiles/MUXD.dir/C_/VSARM/sdk/Pico/pico-sdk/src/rp2_common/hardware_uart/uart.c.obj
 .debug_loc     0x000028d1     0x2e37 CMakeFiles/MUXD.dir/C_/VSARM/sdk/Pico/pico-sdk/src/common/pico_time/time.c.obj
 .debug_loc     0x00005708      0x952 CMakeFiles/MUXD.dir/C_/VSARM/sdk/Pico/pico-sdk/src/rp2_common/hardware_timer/timer.c.obj
 .debug_loc     0x0000605a       0x60 CMakeFiles/MUXD.dir/C_/VSARM/sdk/Pico/pico-sdk/src/common/pico_sync/lock_core.c.obj
 .debug_loc     0x000060ba      0xbc3 CMakeFiles/MUXD.dir/C_/VSARM/sdk/Pico/pico-sdk/src/common/pico_sync/mutex.c.obj
 .debug_loc     0x00006c7d     0x1439 CMakeFiles/MUXD.dir/C_/VSARM/sdk/Pico/pico-sdk/src/common/pico_util/pheap.c.obj
 .debug_loc     0x000080b6      0x3c6 CMakeFiles/MUXD.dir/C_/VSARM/sdk/Pico/pico-sdk/src/rp2_common/pico_runtime/runtime.c.obj
 .debug_loc     0x0000847c      0x7eb CMakeFiles/MUXD.dir/C_/VSARM/sdk/Pico/pico-sdk/src/rp2_common/hardware_clocks/clocks.c.obj
 .debug_loc     0x00008c67     0x1186 CMakeFiles/MUXD.dir/C_/VSARM/sdk/Pico/pico-sdk/src/rp2_common/hardware_irq/irq.c.obj
 .debug_loc     0x00009ded      0x300 CMakeFiles/MUXD.dir/C_/VSARM/sdk/Pico/pico-sdk/src/rp2_common/hardware_pll/pll.c.obj
 .debug_loc     0x0000a0ed      0x267 CMakeFiles/MUXD.dir/C_/VSARM/sdk/Pico/pico-sdk/src/rp2_common/hardware_watchdog/watchdog.c.obj
 .debug_loc     0x0000a354       0x71 CMakeFiles/MUXD.dir/C_/VSARM/sdk/Pico/pico-sdk/src/rp2_common/hardware_xosc/xosc.c.obj
 .debug_loc     0x0000a3c5     0x2095 CMakeFiles/MUXD.dir/C_/VSARM/sdk/Pico/pico-sdk/src/rp2_common/pico_printf/printf.c.obj
 .debug_loc     0x0000c45a      0x16f CMakeFiles/MUXD.dir/C_/VSARM/sdk/Pico/pico-sdk/src/rp2_common/pico_bootrom/bootrom.c.obj
 .debug_loc     0x0000c5c9       0x59 CMakeFiles/MUXD.dir/C_/VSARM/sdk/Pico/pico-sdk/src/rp2_common/pico_double/double_init_rom.c.obj
 .debug_loc     0x0000c622       0x73 CMakeFiles/MUXD.dir/C_/VSARM/sdk/Pico/pico-sdk/src/rp2_common/pico_float/float_init_rom.c.obj
 .debug_loc     0x0000c695      0xa33 CMakeFiles/MUXD.dir/C_/VSARM/sdk/Pico/pico-sdk/src/rp2_common/pico_stdio/stdio.c.obj
 .debug_loc     0x0000d0c8      0x54c CMakeFiles/MUXD.dir/C_/VSARM/sdk/Pico/pico-sdk/src/rp2_common/pico_stdio_uart/stdio_uart.c.obj

.debug_aranges  0x00000000      0xd18
 .debug_aranges
                0x00000000       0x28 CMakeFiles/MUXD.dir/muxd.c.obj
 .debug_aranges
                0x00000028       0xd8 CMakeFiles/MUXD.dir/C_/VSARM/sdk/Pico/pico-sdk/src/rp2_common/hardware_gpio/gpio.c.obj
 .debug_aranges
                0x00000100       0x48 CMakeFiles/MUXD.dir/C_/VSARM/sdk/Pico/pico-sdk/src/rp2_common/hardware_claim/claim.c.obj
 .debug_aranges
                0x00000148       0x28 CMakeFiles/MUXD.dir/C_/VSARM/sdk/Pico/pico-sdk/src/rp2_common/pico_platform/platform.c.obj
 .debug_aranges
                0x00000170       0x58 CMakeFiles/MUXD.dir/C_/VSARM/sdk/Pico/pico-sdk/src/rp2_common/hardware_sync/sync.c.obj
 .debug_aranges
                0x000001c8       0x40 CMakeFiles/MUXD.dir/C_/VSARM/sdk/Pico/pico-sdk/src/rp2_common/hardware_uart/uart.c.obj
 .debug_aranges
                0x00000208       0xd0 CMakeFiles/MUXD.dir/C_/VSARM/sdk/Pico/pico-sdk/src/common/pico_time/time.c.obj
 .debug_aranges
                0x000002d8       0x78 CMakeFiles/MUXD.dir/C_/VSARM/sdk/Pico/pico-sdk/src/rp2_common/hardware_timer/timer.c.obj
 .debug_aranges
                0x00000350       0x20 CMakeFiles/MUXD.dir/C_/VSARM/sdk/Pico/pico-sdk/src/common/pico_sync/lock_core.c.obj
 .debug_aranges
                0x00000370       0x60 CMakeFiles/MUXD.dir/C_/VSARM/sdk/Pico/pico-sdk/src/common/pico_sync/mutex.c.obj
 .debug_aranges
                0x000003d0       0x78 CMakeFiles/MUXD.dir/C_/VSARM/sdk/Pico/pico-sdk/src/common/pico_util/pheap.c.obj
 .debug_aranges
                0x00000448       0x60 CMakeFiles/MUXD.dir/C_/VSARM/sdk/Pico/pico-sdk/src/rp2_common/pico_runtime/runtime.c.obj
 .debug_aranges
                0x000004a8       0x70 CMakeFiles/MUXD.dir/C_/VSARM/sdk/Pico/pico-sdk/src/rp2_common/hardware_clocks/clocks.c.obj
 .debug_aranges
                0x00000518       0x90 CMakeFiles/MUXD.dir/C_/VSARM/sdk/Pico/pico-sdk/src/rp2_common/hardware_irq/irq.c.obj
 .debug_aranges
                0x000005a8       0x28 CMakeFiles/MUXD.dir/C_/VSARM/sdk/Pico/pico-sdk/src/rp2_common/hardware_pll/pll.c.obj
 .debug_aranges
                0x000005d0       0x50 CMakeFiles/MUXD.dir/C_/VSARM/sdk/Pico/pico-sdk/src/rp2_common/hardware_watchdog/watchdog.c.obj
 .debug_aranges
                0x00000620       0x30 CMakeFiles/MUXD.dir/C_/VSARM/sdk/Pico/pico-sdk/src/rp2_common/hardware_xosc/xosc.c.obj
 .debug_aranges
                0x00000650       0x90 CMakeFiles/MUXD.dir/C_/VSARM/sdk/Pico/pico-sdk/src/rp2_common/pico_printf/printf.c.obj
 .debug_aranges
                0x000006e0       0x68 CMakeFiles/MUXD.dir/C_/VSARM/sdk/Pico/pico-sdk/src/rp2_common/pico_bit_ops/bit_ops_aeabi.S.obj
 .debug_aranges
                0x00000748       0x30 CMakeFiles/MUXD.dir/C_/VSARM/sdk/Pico/pico-sdk/src/rp2_common/pico_bootrom/bootrom.c.obj
 .debug_aranges
                0x00000778       0x40 CMakeFiles/MUXD.dir/C_/VSARM/sdk/Pico/pico-sdk/src/rp2_common/pico_divider/divider.S.obj
 .debug_aranges
                0x000007b8      0x140 CMakeFiles/MUXD.dir/C_/VSARM/sdk/Pico/pico-sdk/src/rp2_common/pico_double/double_aeabi.S.obj
 .debug_aranges
                0x000008f8       0x20 CMakeFiles/MUXD.dir/C_/VSARM/sdk/Pico/pico-sdk/src/rp2_common/pico_double/double_init_rom.c.obj
 .debug_aranges
                0x00000918       0xc8 CMakeFiles/MUXD.dir/C_/VSARM/sdk/Pico/pico-sdk/src/rp2_common/pico_double/double_v1_rom_shim.S.obj
 .debug_aranges
                0x000009e0       0x20 CMakeFiles/MUXD.dir/C_/VSARM/sdk/Pico/pico-sdk/src/rp2_common/pico_int64_ops/pico_int64_ops_aeabi.S.obj
 .debug_aranges
                0x00000a00      0x130 CMakeFiles/MUXD.dir/C_/VSARM/sdk/Pico/pico-sdk/src/rp2_common/pico_float/float_aeabi.S.obj
 .debug_aranges
                0x00000b30       0x20 CMakeFiles/MUXD.dir/C_/VSARM/sdk/Pico/pico-sdk/src/rp2_common/pico_float/float_init_rom.c.obj
 .debug_aranges
                0x00000b50       0x50 CMakeFiles/MUXD.dir/C_/VSARM/sdk/Pico/pico-sdk/src/rp2_common/pico_float/float_v1_rom_shim.S.obj
 .debug_aranges
                0x00000ba0       0x38 CMakeFiles/MUXD.dir/C_/VSARM/sdk/Pico/pico-sdk/src/rp2_common/pico_mem_ops/mem_ops_aeabi.S.obj
 .debug_aranges
                0x00000bd8       0x28 CMakeFiles/MUXD.dir/C_/VSARM/sdk/Pico/pico-sdk/src/rp2_common/pico_standard_link/crt0.S.obj
 .debug_aranges
                0x00000c00       0x18 CMakeFiles/MUXD.dir/C_/VSARM/sdk/Pico/pico-sdk/src/rp2_common/pico_standard_link/binary_info.c.obj
 .debug_aranges
                0x00000c18       0xb8 CMakeFiles/MUXD.dir/C_/VSARM/sdk/Pico/pico-sdk/src/rp2_common/pico_stdio/stdio.c.obj
 .debug_aranges
                0x00000cd0       0x48 CMakeFiles/MUXD.dir/C_/VSARM/sdk/Pico/pico-sdk/src/rp2_common/pico_stdio_uart/stdio_uart.c.obj

.debug_ranges   0x00000000     0x2b00
 .debug_ranges  0x00000000      0x1b0 CMakeFiles/MUXD.dir/muxd.c.obj
 .debug_ranges  0x000001b0       0xe0 CMakeFiles/MUXD.dir/C_/VSARM/sdk/Pico/pico-sdk/src/rp2_common/hardware_gpio/gpio.c.obj
 .debug_ranges  0x00000290       0xd8 CMakeFiles/MUXD.dir/C_/VSARM/sdk/Pico/pico-sdk/src/rp2_common/hardware_claim/claim.c.obj
 .debug_ranges  0x00000368       0x18 CMakeFiles/MUXD.dir/C_/VSARM/sdk/Pico/pico-sdk/src/rp2_common/pico_platform/platform.c.obj
 .debug_ranges  0x00000380       0xf0 CMakeFiles/MUXD.dir/C_/VSARM/sdk/Pico/pico-sdk/src/rp2_common/hardware_sync/sync.c.obj
 .debug_ranges  0x00000470       0xf8 CMakeFiles/MUXD.dir/C_/VSARM/sdk/Pico/pico-sdk/src/rp2_common/hardware_uart/uart.c.obj
 .debug_ranges  0x00000568      0xba0 CMakeFiles/MUXD.dir/C_/VSARM/sdk/Pico/pico-sdk/src/common/pico_time/time.c.obj
 .debug_ranges  0x00001108      0x320 CMakeFiles/MUXD.dir/C_/VSARM/sdk/Pico/pico-sdk/src/rp2_common/hardware_timer/timer.c.obj
 .debug_ranges  0x00001428       0x10 CMakeFiles/MUXD.dir/C_/VSARM/sdk/Pico/pico-sdk/src/common/pico_sync/lock_core.c.obj
 .debug_ranges  0x00001438      0x5c8 CMakeFiles/MUXD.dir/C_/VSARM/sdk/Pico/pico-sdk/src/common/pico_sync/mutex.c.obj
 .debug_ranges  0x00001a00      0x248 CMakeFiles/MUXD.dir/C_/VSARM/sdk/Pico/pico-sdk/src/common/pico_util/pheap.c.obj
 .debug_ranges  0x00001c48       0x68 CMakeFiles/MUXD.dir/C_/VSARM/sdk/Pico/pico-sdk/src/rp2_common/pico_runtime/runtime.c.obj
 .debug_ranges  0x00001cb0       0x60 CMakeFiles/MUXD.dir/C_/VSARM/sdk/Pico/pico-sdk/src/rp2_common/hardware_clocks/clocks.c.obj
 .debug_ranges  0x00001d10      0x3b0 CMakeFiles/MUXD.dir/C_/VSARM/sdk/Pico/pico-sdk/src/rp2_common/hardware_irq/irq.c.obj
 .debug_ranges  0x000020c0       0x30 CMakeFiles/MUXD.dir/C_/VSARM/sdk/Pico/pico-sdk/src/rp2_common/hardware_pll/pll.c.obj
 .debug_ranges  0x000020f0       0x40 CMakeFiles/MUXD.dir/C_/VSARM/sdk/Pico/pico-sdk/src/rp2_common/hardware_watchdog/watchdog.c.obj
 .debug_ranges  0x00002130       0x20 CMakeFiles/MUXD.dir/C_/VSARM/sdk/Pico/pico-sdk/src/rp2_common/hardware_xosc/xosc.c.obj
 .debug_ranges  0x00002150      0x108 CMakeFiles/MUXD.dir/C_/VSARM/sdk/Pico/pico-sdk/src/rp2_common/pico_printf/printf.c.obj
 .debug_ranges  0x00002258       0x60 CMakeFiles/MUXD.dir/C_/VSARM/sdk/Pico/pico-sdk/src/rp2_common/pico_bit_ops/bit_ops_aeabi.S.obj
 .debug_ranges  0x000022b8       0x38 CMakeFiles/MUXD.dir/C_/VSARM/sdk/Pico/pico-sdk/src/rp2_common/pico_bootrom/bootrom.c.obj
 .debug_ranges  0x000022f0       0x38 CMakeFiles/MUXD.dir/C_/VSARM/sdk/Pico/pico-sdk/src/rp2_common/pico_divider/divider.S.obj
 .debug_ranges  0x00002328      0x138 CMakeFiles/MUXD.dir/C_/VSARM/sdk/Pico/pico-sdk/src/rp2_common/pico_double/double_aeabi.S.obj
 .debug_ranges  0x00002460       0x30 CMakeFiles/MUXD.dir/C_/VSARM/sdk/Pico/pico-sdk/src/rp2_common/pico_double/double_init_rom.c.obj
 .debug_ranges  0x00002490       0xc0 CMakeFiles/MUXD.dir/C_/VSARM/sdk/Pico/pico-sdk/src/rp2_common/pico_double/double_v1_rom_shim.S.obj
 .debug_ranges  0x00002550      0x128 CMakeFiles/MUXD.dir/C_/VSARM/sdk/Pico/pico-sdk/src/rp2_common/pico_float/float_aeabi.S.obj
 .debug_ranges  0x00002678       0x28 CMakeFiles/MUXD.dir/C_/VSARM/sdk/Pico/pico-sdk/src/rp2_common/pico_float/float_init_rom.c.obj
 .debug_ranges  0x000026a0       0x48 CMakeFiles/MUXD.dir/C_/VSARM/sdk/Pico/pico-sdk/src/rp2_common/pico_float/float_v1_rom_shim.S.obj
 .debug_ranges  0x000026e8       0x30 CMakeFiles/MUXD.dir/C_/VSARM/sdk/Pico/pico-sdk/src/rp2_common/pico_mem_ops/mem_ops_aeabi.S.obj
 .debug_ranges  0x00002718       0x20 CMakeFiles/MUXD.dir/C_/VSARM/sdk/Pico/pico-sdk/src/rp2_common/pico_standard_link/crt0.S.obj
 .debug_ranges  0x00002738      0x198 CMakeFiles/MUXD.dir/C_/VSARM/sdk/Pico/pico-sdk/src/rp2_common/pico_stdio/stdio.c.obj
 .debug_ranges  0x000028d0      0x230 CMakeFiles/MUXD.dir/C_/VSARM/sdk/Pico/pico-sdk/src/rp2_common/pico_stdio_uart/stdio_uart.c.obj

.debug_line     0x00000000     0xd354
 .debug_line    0x00000000      0xc6e CMakeFiles/MUXD.dir/muxd.c.obj
 .debug_line    0x00000c6e      0x9bc CMakeFiles/MUXD.dir/C_/VSARM/sdk/Pico/pico-sdk/src/rp2_common/hardware_gpio/gpio.c.obj
 .debug_line    0x0000162a      0x45b CMakeFiles/MUXD.dir/C_/VSARM/sdk/Pico/pico-sdk/src/rp2_common/hardware_claim/claim.c.obj
 .debug_line    0x00001a85      0x26a CMakeFiles/MUXD.dir/C_/VSARM/sdk/Pico/pico-sdk/src/rp2_common/pico_platform/platform.c.obj
 .debug_line    0x00001cef      0x457 CMakeFiles/MUXD.dir/C_/VSARM/sdk/Pico/pico-sdk/src/rp2_common/hardware_sync/sync.c.obj
 .debug_line    0x00002146      0x720 CMakeFiles/MUXD.dir/C_/VSARM/sdk/Pico/pico-sdk/src/rp2_common/hardware_uart/uart.c.obj
 .debug_line    0x00002866     0x18ed CMakeFiles/MUXD.dir/C_/VSARM/sdk/Pico/pico-sdk/src/common/pico_time/time.c.obj
 .debug_line    0x00004153      0xac9 CMakeFiles/MUXD.dir/C_/VSARM/sdk/Pico/pico-sdk/src/rp2_common/hardware_timer/timer.c.obj
 .debug_line    0x00004c1c      0x20e CMakeFiles/MUXD.dir/C_/VSARM/sdk/Pico/pico-sdk/src/common/pico_sync/lock_core.c.obj
 .debug_line    0x00004e2a      0xa97 CMakeFiles/MUXD.dir/C_/VSARM/sdk/Pico/pico-sdk/src/common/pico_sync/mutex.c.obj
 .debug_line    0x000058c1      0x87e CMakeFiles/MUXD.dir/C_/VSARM/sdk/Pico/pico-sdk/src/common/pico_util/pheap.c.obj
 .debug_line    0x0000613f      0x7f4 CMakeFiles/MUXD.dir/C_/VSARM/sdk/Pico/pico-sdk/src/rp2_common/pico_runtime/runtime.c.obj
 .debug_line    0x00006933      0x987 CMakeFiles/MUXD.dir/C_/VSARM/sdk/Pico/pico-sdk/src/rp2_common/hardware_clocks/clocks.c.obj