Archive member included to satisfy reference by file (symbol)

c:/progra~2/gnuarm~1/102021~1.07/bin/../lib/gcc/arm-none-eabi/10.3.1/thumb/v6-m/nofp\libgcc.a(_dvmd_tls.o)
                              CMakeFiles/MUXD.dir/C_/VSARM/sdk/Pico/pico-sdk/src/rp2_common/pico_divider/divider.S.obj (__aeabi_idiv0)
c:/progra~2/gnuarm~1/102021~1.07/bin/../lib/gcc/arm-none-eabi/10.3.1/../../../../arm-none-eabi/lib/thumb/v6-m/nofp\libg.a(lib_a-calloc.o)
                              CMakeFiles/MUXD.dir/C_/VSARM/sdk/Pico/pico-sdk/src/rp2_common/pico_malloc/pico_malloc.c.obj (calloc)
c:/progra~2/gnuarm~1/102021~1.07/bin/../lib/gcc/arm-none-eabi/10.3.1/../../../../arm-none-eabi/lib/thumb/v6-m/nofp\libg.a(lib_a-callocr.o)
                              c:/progra~2/gnuarm~1/102021~1.07/bin/../lib/gcc/arm-none-eabi/10.3.1/../../../../arm-none-eabi/lib/thumb/v6-m/nofp\libg.a(lib_a-calloc.o) (_calloc_r)
c:/progra~2/gnuarm~1/102021~1.07/bin/../lib/gcc/arm-none-eabi/10.3.1/../../../../arm-none-eabi/lib/thumb/v6-m/nofp\libg.a(lib_a-errno.o)
                              c:/progra~2/gnuarm~1/102021~1.07/bin/../lib/gcc/arm-none-eabi/10.3.1/../../../../arm-none-eabi/lib/thumb/v6-m/nofp\libg.a(lib_a-callocr.o) (__errno)
c:/progra~2/gnuarm~1/102021~1.07/bin/../lib/gcc/arm-none-eabi/10.3.1/../../../../arm-none-eabi/lib/thumb/v6-m/nofp\libg.a(lib_a-impure.o)
                              c:/progra~2/gnuarm~1/102021~1.07/bin/../lib/gcc/arm-none-eabi/10.3.1/../../../../arm-none-eabi/lib/thumb/v6-m/nofp\libg.a(lib_a-calloc.o) (_impure_ptr)
c:/progra~2/gnuarm~1/102021~1.07/bin/../lib/gcc/arm-none-eabi/10.3.1/../../../../arm-none-eabi/lib/thumb/v6-m/nofp\libg.a(lib_a-init.o)
                              c:/progra~2/gnuarm~1/102021~1.07/bin/../lib/gcc/arm-none-eabi/10.3.1/../../../../arm-none-eabi/lib/thumb/v6-m/nofp/crt0.o (__libc_init_array)
c:/progra~2/gnuarm~1/102021~1.07/bin/../lib/gcc/arm-none-eabi/10.3.1/../../../../arm-none-eabi/lib/thumb/v6-m/nofp\libg.a(lib_a-malloc.o)
                              CMakeFiles/MUXD.dir/C_/VSARM/sdk/Pico/pico-sdk/src/rp2_common/pico_malloc/pico_malloc.c.obj (malloc)
c:/progra~2/gnuarm~1/102021~1.07/bin/../lib/gcc/arm-none-eabi/10.3.1/../../../../arm-none-eabi/lib/thumb/v6-m/nofp\libg.a(lib_a-mallocr.o)
                              c:/progra~2/gnuarm~1/102021~1.07/bin/../lib/gcc/arm-none-eabi/10.3.1/../../../../arm-none-eabi/lib/thumb/v6-m/nofp\libg.a(lib_a-callocr.o) (_malloc_r)
c:/progra~2/gnuarm~1/102021~1.07/bin/../lib/gcc/arm-none-eabi/10.3.1/../../../../arm-none-eabi/lib/thumb/v6-m/nofp\libg.a(lib_a-mlock.o)
                              c:/progra~2/gnuarm~1/102021~1.07/bin/../lib/gcc/arm-none-eabi/10.3.1/../../../../arm-none-eabi/lib/thumb/v6-m/nofp\libg.a(lib_a-mallocr.o) (__malloc_lock)
c:/progra~2/gnuarm~1/102021~1.07/bin/../lib/gcc/arm-none-eabi/10.3.1/../../../../arm-none-eabi/lib/thumb/v6-m/nofp\libg.a(lib_a-sbrkr.o)
                              c:/progra~2/gnuarm~1/102021~1.07/bin/../lib/gcc/arm-none-eabi/10.3.1/../../../../arm-none-eabi/lib/thumb/v6-m/nofp\libg.a(lib_a-mallocr.o) (_sbrk_r)
c:/progra~2/gnuarm~1/102021~1.07/bin/../lib/gcc/arm-none-eabi/10.3.1/../../../../arm-none-eabi/lib/thumb/v6-m/nofp\libg.a(lib_a-strlen-stub.o)
                              CMakeFiles/MUXD.dir/C_/VSARM/sdk/Pico/pico-sdk/src/rp2_common/pico_stdio/stdio.c.obj (strlen)
c:/progra~2/gnuarm~1/102021~1.07/bin/../lib/gcc/arm-none-eabi/10.3.1/../../../../arm-none-eabi/lib/thumb/v6-m/nofp\libg.a(lib_a-freer.o)
                              c:/progra~2/gnuarm~1/102021~1.07/bin/../lib/gcc/arm-none-eabi/10.3.1/../../../../arm-none-eabi/lib/thumb/v6-m/nofp\libg.a(lib_a-malloc.o) (_free_r)
c:/progra~2/gnuarm~1/102021~1.07/bin/../lib/gcc/arm-none-eabi/10.3.1/../../../../arm-none-eabi/lib/thumb/v6-m/nofp\libg.a(lib_a-lock.o)
                              c:/progra~2/gnuarm~1/102021~1.07/bin/../lib/gcc/arm-none-eabi/10.3.1/../../../../arm-none-eabi/lib/thumb/v6-m/nofp\libg.a(lib_a-mlock.o) (__retarget_lock_acquire_recursive)
c:/progra~2/gnuarm~1/102021~1.07/bin/../lib/gcc/arm-none-eabi/10.3.1/../../../../arm-none-eabi/lib/thumb/v6-m/nofp\libg.a(lib_a-reent.o)
                              c:/progra~2/gnuarm~1/102021~1.07/bin/../lib/gcc/arm-none-eabi/10.3.1/../../../../arm-none-eabi/lib/thumb/v6-m/nofp\libg.a(lib_a-sbrkr.o) (errno)

Discarded input sections

 .text          0x00000000        0x0 c:/progra~2/gnuarm~1/102021~1.07/bin/../lib/gcc/arm-none-eabi/10.3.1/thumb/v6-m/nofp/crti.o
 .data          0x00000000        0x0 c:/progra~2/gnuarm~1/102021~1.07/bin/../lib/gcc/arm-none-eabi/10.3.1/thumb/v6-m/nofp/crti.o
 .bss           0x00000000        0x0 c:/progra~2/gnuarm~1/102021~1.07/bin/../lib/gcc/arm-none-eabi/10.3.1/thumb/v6-m/nofp/crti.o
 .data          0x00000000        0x4 c:/progra~2/gnuarm~1/102021~1.07/bin/../lib/gcc/arm-none-eabi/10.3.1/thumb/v6-m/nofp/crtbegin.o
 .rodata        0x00000000       0x24 c:/progra~2/gnuarm~1/102021~1.07/bin/../lib/gcc/arm-none-eabi/10.3.1/thumb/v6-m/nofp/crtbegin.o
[...]
Memory Configuration

Name             Origin             Length             Attributes
FLASH            0x10000000         0x00200000         xr
RAM              0x20000000         0x00040000         xrw
SCRATCH_X        0x20040000         0x00001000         xrw
SCRATCH_Y        0x20041000         0x00001000         xrw
*default*        0x00000000         0xffffffff

Linker script and memory map

LOAD c:/progra~2/gnuarm~1/102021~1.07/bin/../lib/gcc/arm-none-eabi/10.3.1/thumb/v6-m/nofp/crti.o
LOAD c:/progra~2/gnuarm~1/102021~1.07/bin/../lib/gcc/arm-none-eabi/10.3.1/thumb/v6-m/nofp/crtbegin.o
LOAD c:/progra~2/gnuarm~1/102021~1.07/bin/../lib/gcc/arm-none-eabi/10.3.1/../../../../arm-none-eabi/lib/thumb/v6-m/nofp/crt0.o

.flash_begin    0x10000000        0x0
                0x10000000                __flash_binary_start = .

.boot2          0x10000000      0x100
                0x10000000                __boot2_start__ = .
 *(.boot2)
 .boot2         0x10000000      0x100 C:\Users\ENITT\AppData\Local\Temp\ccE7KmtG.o
                0x10000100                __boot2_end__ = .
                0x00000001                ASSERT (((__boot2_end__ - __boot2_start__) == 0x100), ERROR: Pico second stage bootloader must be 256 bytes in size)

.text           0x10000100     0x42c8
                0x10000100                __logical_binary_start = .
 *(.vectors)
 .vectors       0x10000100       0xd4 CMakeFiles/MUXD.dir/C_/VSARM/sdk/Pico/pico-sdk/src/rp2_common/pico_standard_link/crt0.S.obj
                0x10000100                __VECTOR_TABLE
                0x10000100                __vectors
                0x100001c0                isr_invalid
                0x100001c0                __default_isrs_start
                0x100001c2                isr_nmi
                0x100001c4                isr_hardfault
                0x100001c6                isr_svcall
                0x100001c8                isr_pendsv
                0x100001ca                isr_systick
                0x100001cc                isr_irq23
                0x100001cc                isr_irq18
                0x100001cc                isr_irq11
                0x100001cc                isr_irq28
                0x100001cc                isr_irq19
                0x100001cc                isr_irq0
                0x100001cc                isr_irq6
                0x100001cc                isr_irq5
                0x100001cc                isr_irq12
                0x100001cc                isr_irq22
                0x100001cc                isr_irq31
                0x100001cc                isr_irq17
                0x100001cc                isr_irq27
                0x100001cc                isr_irq30
                0x100001cc                isr_irq2
                0x100001cc                isr_irq10
                0x100001cc                isr_irq8
                0x100001cc                isr_irq24
                0x100001cc                isr_irq1
                0x100001cc                isr_irq7
                0x100001cc                isr_irq21
                0x100001cc                isr_irq20
                0x100001cc                isr_irq15
                0x100001cc                isr_irq25
                0x100001cc                isr_irq13
                0x100001cc                __unhandled_user_irq
                0x100001cc                isr_irq4
                0x100001cc                isr_irq16
                0x100001cc                isr_irq29
                0x100001cc                isr_irq26
                0x100001cc                __default_isrs_end
                0x100001cc                isr_irq3
                0x100001cc                isr_irq14
                0x100001cc                isr_irq9
                0x100001d2                unhandled_user_irq_num_in_r0
 *(.binary_info_header)
 .binary_info_header
                0x100001d4       0x14 CMakeFiles/MUXD.dir/C_/VSARM/sdk/Pico/pico-sdk/src/rp2_common/pico_standard_link/crt0.S.obj
                0x100001e8                __binary_info_header_end = .
 *(.reset)
 .reset         0x100001e8       0xa8 CMakeFiles/MUXD.dir/C_/VSARM/sdk/Pico/pico-sdk/src/rp2_common/pico_standard_link/crt0.S.obj
                0x100001e8                _entry_point
                0x10000266                __get_current_exception
 .reset         0x10000290       0x30 CMakeFiles/MUXD.dir/C_/VSARM/sdk/Pico/pico-sdk/src/rp2_common/pico_standard_link/binary_info.c.obj
 *(.init)
 .init          0x100002c0        0x4 c:/progra~2/gnuarm~1/102021~1.07/bin/../lib/gcc/arm-none-eabi/10.3.1/thumb/v6-m/nofp/crti.o
                0x100002c0                _init
 *(EXCLUDE_FILE(*libm.a: *libc.a:*lib_a-mem*.o *libgcc.a:) .text*)
 .text          0x100002c4       0x48 c:/progra~2/gnuarm~1/102021~1.07/bin/../lib/gcc/arm-none-eabi/10.3.1/thumb/v6-m/nofp/crtbegin.o
 .text.main     0x1000030c       0x70 CMakeFiles/MUXD.dir/muxd.c.obj
                0x1000030c                main
 .text.gpio_set_function
                0x1000037c       0x30 CMakeFiles/MUXD.dir/C_/VSARM/sdk/Pico/pico-sdk/src/rp2_common/hardware_gpio/gpio.c.obj
                0x1000037c                gpio_set_function
 .text.gpio_init
                0x100003ac       0x16 CMakeFiles/MUXD.dir/C_/VSARM/sdk/Pico/pico-sdk/src/rp2_common/hardware_gpio/gpio.c.obj
                0x100003ac                gpio_init
 *fill*         0x100003c2        0x2 
 .text.hw_claim_lock
                0x100003c4       0x18 CMakeFiles/MUXD.dir/C_/VSARM/sdk/Pico/pico-sdk/src/rp2_common/hardware_claim/claim.c.obj
                0x100003c4                hw_claim_lock
 .text.hw_claim_unlock
                0x100003dc       0x14 CMakeFiles/MUXD.dir/C_/VSARM/sdk/Pico/pico-sdk/src/rp2_common/hardware_claim/claim.c.obj
                0x100003dc                hw_claim_unlock
 .text.hw_claim_or_assert
                0x100003f0       0x32 CMakeFiles/MUXD.dir/C_/VSARM/sdk/Pico/pico-sdk/src/rp2_common/hardware_claim/claim.c.obj
                0x100003f0                hw_claim_or_assert
 *fill*         0x10000422        0x2 
 .text.running_on_fpga
                0x10000424       0x14 CMakeFiles/MUXD.dir/C_/VSARM/sdk/Pico/pico-sdk/src/rp2_common/pico_platform/platform.c.obj
                0x10000424                running_on_fpga
 .text.spin_locks_reset
                0x10000438       0x20 CMakeFiles/MUXD.dir/C_/VSARM/sdk/Pico/pico-sdk/src/rp2_common/hardware_sync/sync.c.obj
                0x10000438                spin_locks_reset
 .text.next_striped_spin_lock_num
                0x10000458       0x1c CMakeFiles/MUXD.dir/C_/VSARM/sdk/Pico/pico-sdk/src/rp2_common/hardware_sync/sync.c.obj
                0x10000458                next_striped_spin_lock_num
 .text.uart_set_baudrate
                0x10000474       0x5c CMakeFiles/MUXD.dir/C_/VSARM/sdk/Pico/pico-sdk/src/rp2_common/hardware_uart/uart.c.obj
                0x10000474                uart_set_baudrate
 .text.uart_set_translate_crlf
                0x100004d0       0x28 CMakeFiles/MUXD.dir/C_/VSARM/sdk/Pico/pico-sdk/src/rp2_common/hardware_uart/uart.c.obj
                0x100004d0                uart_set_translate_crlf
 .text.uart_init
                0x100004f8       0x80 CMakeFiles/MUXD.dir/C_/VSARM/sdk/Pico/pico-sdk/src/rp2_common/hardware_uart/uart.c.obj
                0x100004f8                uart_init
 .text.alarm_pool_post_alloc_init
                0x10000578       0x40 CMakeFiles/MUXD.dir/C_/VSARM/sdk/Pico/pico-sdk/src/common/pico_time/time.c.obj
 .text.sleep_until_callback
                0x100005b8       0x30 CMakeFiles/MUXD.dir/C_/VSARM/sdk/Pico/pico-sdk/src/common/pico_time/time.c.obj
 .text.timer_pool_entry_comparator
                0x100005e8       0x7c CMakeFiles/MUXD.dir/C_/VSARM/sdk/Pico/pico-sdk/src/common/pico_time/time.c.obj
                0x100005e8                timer_pool_entry_comparator
 .text.ph_add_child_node
                0x10000664       0xa4 CMakeFiles/MUXD.dir/C_/VSARM/sdk/Pico/pico-sdk/src/common/pico_time/time.c.obj
 .text.ph_merge_nodes
                0x10000708       0x3e CMakeFiles/MUXD.dir/C_/VSARM/sdk/Pico/pico-sdk/src/common/pico_time/time.c.obj
 *fill*         0x10000746        0x2 
 .text.add_alarm_under_lock
                0x10000748      0x174 CMakeFiles/MUXD.dir/C_/VSARM/sdk/Pico/pico-sdk/src/common/pico_time/time.c.obj
 .text.alarm_pool_alarm_callback
                0x100008bc      0x328 CMakeFiles/MUXD.dir/C_/VSARM/sdk/Pico/pico-sdk/src/common/pico_time/time.c.obj
 .text.alarm_pool_init_default
                0x10000be4       0x38 CMakeFiles/MUXD.dir/C_/VSARM/sdk/Pico/pico-sdk/src/common/pico_time/time.c.obj
                0x10000be4                alarm_pool_init_default
 .text.alarm_pool_get_default
                0x10000c1c       0x2c CMakeFiles/MUXD.dir/C_/VSARM/sdk/Pico/pico-sdk/src/common/pico_time/time.c.obj
                0x10000c1c                alarm_pool_get_default
 .text.alarm_pool_add_alarm_at
                0x10000c48      0x170 CMakeFiles/MUXD.dir/C_/VSARM/sdk/Pico/pico-sdk/src/common/pico_time/time.c.obj
                0x10000c48                alarm_pool_add_alarm_at
 .text.sleep_until
                0x10000db8       0xfc CMakeFiles/MUXD.dir/C_/VSARM/sdk/Pico/pico-sdk/src/common/pico_time/time.c.obj
                0x10000db8                sleep_until
 .text.sleep_us
                0x10000eb4       0x58 CMakeFiles/MUXD.dir/C_/VSARM/sdk/Pico/pico-sdk/src/common/pico_time/time.c.obj
                0x10000eb4                sleep_us
 .text.sleep_ms
                0x10000f0c       0x14 CMakeFiles/MUXD.dir/C_/VSARM/sdk/Pico/pico-sdk/src/common/pico_time/time.c.obj
                0x10000f0c                sleep_ms
 .text.hardware_alarm_irq_handler
                0x10000f20       0x8c CMakeFiles/MUXD.dir/C_/VSARM/sdk/Pico/pico-sdk/src/rp2_common/hardware_timer/timer.c.obj
 .text.hardware_alarm_claim
                0x10000fac       0x18 CMakeFiles/MUXD.dir/C_/VSARM/sdk/Pico/pico-sdk/src/rp2_common/hardware_timer/timer.c.obj
                0x10000fac                hardware_alarm_claim
 .text.time_us_64
                0x10000fc4       0x18 CMakeFiles/MUXD.dir/C_/VSARM/sdk/Pico/pico-sdk/src/rp2_common/hardware_timer/timer.c.obj
                0x10000fc4                time_us_64
 .text.busy_wait_until
                0x10000fdc       0x28 CMakeFiles/MUXD.dir/C_/VSARM/sdk/Pico/pico-sdk/src/rp2_common/hardware_timer/timer.c.obj
                0x10000fdc                busy_wait_until
 .text.hardware_alarm_set_callback
                0x10001004       0x90 CMakeFiles/MUXD.dir/C_/VSARM/sdk/Pico/pico-sdk/src/rp2_common/hardware_timer/timer.c.obj
                0x10001004                hardware_alarm_set_callback
 .text.hardware_alarm_set_target
                0x10001094       0xe8 CMakeFiles/MUXD.dir/C_/VSARM/sdk/Pico/pico-sdk/src/rp2_common/hardware_timer/timer.c.obj
                0x10001094                hardware_alarm_set_target
 .text.hardware_alarm_cancel
                0x1000117c       0x40 CMakeFiles/MUXD.dir/C_/VSARM/sdk/Pico/pico-sdk/src/rp2_common/hardware_timer/timer.c.obj
                0x1000117c                hardware_alarm_cancel
 .text.lock_init
                0x100011bc       0x10 CMakeFiles/MUXD.dir/C_/VSARM/sdk/Pico/pico-sdk/src/common/pico_sync/lock_core.c.obj
                0x100011bc                lock_init
 .text.mutex_init_internal
                0x100011cc       0x1e CMakeFiles/MUXD.dir/C_/VSARM/sdk/Pico/pico-sdk/src/common/pico_sync/mutex.c.obj
 .text.mutex_init
                0x100011ea        0xa CMakeFiles/MUXD.dir/C_/VSARM/sdk/Pico/pico-sdk/src/common/pico_sync/mutex.c.obj
                0x100011ea                mutex_init
 .text.recursive_mutex_init
                0x100011f4        0xa CMakeFiles/MUXD.dir/C_/VSARM/sdk/Pico/pico-sdk/src/common/pico_sync/mutex.c.obj
                0x100011f4                recursive_mutex_init
 *fill*         0x100011fe        0x2 
 .text.ph_add_child_node
                0x10001200       0xa4 CMakeFiles/MUXD.dir/C_/VSARM/sdk/Pico/pico-sdk/src/common/pico_util/pheap.c.obj
 .text.ph_merge_nodes
                0x100012a4       0x3e CMakeFiles/MUXD.dir/C_/VSARM/sdk/Pico/pico-sdk/src/common/pico_util/pheap.c.obj
 *fill*         0x100012e2        0x2 
 .text.ph_clear
                0x100012e4       0x70 CMakeFiles/MUXD.dir/C_/VSARM/sdk/Pico/pico-sdk/src/common/pico_util/pheap.c.obj
                0x100012e4                ph_clear
 .text.ph_post_alloc_init
                0x10001354        0xe CMakeFiles/MUXD.dir/C_/VSARM/sdk/Pico/pico-sdk/src/common/pico_util/pheap.c.obj
                0x10001354                ph_post_alloc_init
 *fill*         0x10001362        0x2 
 .text.ph_merge_two_pass
                0x10001364       0xa8 CMakeFiles/MUXD.dir/C_/VSARM/sdk/Pico/pico-sdk/src/common/pico_util/pheap.c.obj
                0x10001364                ph_merge_two_pass
 .text.ph_remove_any_head
                0x1000140c      0x108 CMakeFiles/MUXD.dir/C_/VSARM/sdk/Pico/pico-sdk/src/common/pico_util/pheap.c.obj
 .text.ph_remove_head
                0x10001514       0x14 CMakeFiles/MUXD.dir/C_/VSARM/sdk/Pico/pico-sdk/src/common/pico_util/pheap.c.obj
                0x10001514                ph_remove_head
 .text.ph_remove_and_free_node
                0x10001528       0xf8 CMakeFiles/MUXD.dir/C_/VSARM/sdk/Pico/pico-sdk/src/common/pico_util/pheap.c.obj
                0x10001528                ph_remove_and_free_node
 .text.runtime_init
                0x10001620       0xd8 CMakeFiles/MUXD.dir/C_/VSARM/sdk/Pico/pico-sdk/src/rp2_common/pico_runtime/runtime.c.obj
                0x10001620                runtime_init
 .text._exit    0x100016f8        0x4 CMakeFiles/MUXD.dir/C_/VSARM/sdk/Pico/pico-sdk/src/rp2_common/pico_runtime/runtime.c.obj
                0x100016f8                _exit
 .text.exit     0x100016fc        0x6 CMakeFiles/MUXD.dir/C_/VSARM/sdk/Pico/pico-sdk/src/rp2_common/pico_runtime/runtime.c.obj
                0x100016fc                exit
 *fill*         0x10001702        0x2 
 .text.__assert_func
                0x10001704       0x3c CMakeFiles/MUXD.dir/C_/VSARM/sdk/Pico/pico-sdk/src/rp2_common/pico_runtime/runtime.c.obj
                0x10001704                __assert_func
 .text.panic    0x10001740       0x30 CMakeFiles/MUXD.dir/C_/VSARM/sdk/Pico/pico-sdk/src/rp2_common/pico_runtime/runtime.c.obj
                0x10001740                panic
 .text.clock_configure
                0x10001770      0x104 CMakeFiles/MUXD.dir/C_/VSARM/sdk/Pico/pico-sdk/src/rp2_common/hardware_clocks/clocks.c.obj
                0x10001770                clock_configure
 .text.clocks_init
                0x10001874      0x100 CMakeFiles/MUXD.dir/C_/VSARM/sdk/Pico/pico-sdk/src/rp2_common/hardware_clocks/clocks.c.obj
                0x10001874                clocks_init
 .text.clock_get_hz
                0x10001974        0xc CMakeFiles/MUXD.dir/C_/VSARM/sdk/Pico/pico-sdk/src/rp2_common/hardware_clocks/clocks.c.obj
                0x10001974                clock_get_hz
 .text.set_raw_irq_handler_and_unlock
                0x10001980       0x28 CMakeFiles/MUXD.dir/C_/VSARM/sdk/Pico/pico-sdk/src/rp2_common/hardware_irq/irq.c.obj
 .text.make_branch
                0x100019a8       0x34 CMakeFiles/MUXD.dir/C_/VSARM/sdk/Pico/pico-sdk/src/rp2_common/hardware_irq/irq.c.obj
 .text.insert_branch_and_link
                0x100019dc       0x40 CMakeFiles/MUXD.dir/C_/VSARM/sdk/Pico/pico-sdk/src/rp2_common/hardware_irq/irq.c.obj
 .text.irq_is_enabled
                0x10001a1c       0x18 CMakeFiles/MUXD.dir/C_/VSARM/sdk/Pico/pico-sdk/src/rp2_common/hardware_irq/irq.c.obj
                0x10001a1c                irq_is_enabled
 .text.irq_set_mask_enabled
                0x10001a34       0x20 CMakeFiles/MUXD.dir/C_/VSARM/sdk/Pico/pico-sdk/src/rp2_common/hardware_irq/irq.c.obj
                0x10001a34                irq_set_mask_enabled
 .text.irq_set_enabled
                0x10001a54        0xe CMakeFiles/MUXD.dir/C_/VSARM/sdk/Pico/pico-sdk/src/rp2_common/hardware_irq/irq.c.obj
                0x10001a54                irq_set_enabled
 *fill*         0x10001a62        0x2 
 .text.irq_get_vtable_handler
                0x10001a64       0x10 CMakeFiles/MUXD.dir/C_/VSARM/sdk/Pico/pico-sdk/src/rp2_common/hardware_irq/irq.c.obj
                0x10001a64                irq_get_vtable_handler
 .text.irq_set_exclusive_handler
                0x10001a74       0x54 CMakeFiles/MUXD.dir/C_/VSARM/sdk/Pico/pico-sdk/src/rp2_common/hardware_irq/irq.c.obj
                0x10001a74                irq_set_exclusive_handler
 .text.irq_remove_handler
                0x10001ac8      0x1ac CMakeFiles/MUXD.dir/C_/VSARM/sdk/Pico/pico-sdk/src/rp2_common/hardware_irq/irq.c.obj
                0x10001ac8                irq_remove_handler
 .text.irq_set_priority
                0x10001c74       0x28 CMakeFiles/MUXD.dir/C_/VSARM/sdk/Pico/pico-sdk/src/rp2_common/hardware_irq/irq.c.obj
                0x10001c74                irq_set_priority
 .text.irq_add_tail_to_free_list
                0x10001c9c       0xf0 CMakeFiles/MUXD.dir/C_/VSARM/sdk/Pico/pico-sdk/src/rp2_common/hardware_irq/irq.c.obj
                0x10001c9c                irq_add_tail_to_free_list
 .text.irq_init_priorities
                0x10001d8c       0x16 CMakeFiles/MUXD.dir/C_/VSARM/sdk/Pico/pico-sdk/src/rp2_common/hardware_irq/irq.c.obj
                0x10001d8c                irq_init_priorities
 *fill*         0x10001da2        0x2 
 .text.pll_init
                0x10001da4      0x118 CMakeFiles/MUXD.dir/C_/VSARM/sdk/Pico/pico-sdk/src/rp2_common/hardware_pll/pll.c.obj
                0x10001da4                pll_init
 .text.watchdog_start_tick
                0x10001ebc       0x10 CMakeFiles/MUXD.dir/C_/VSARM/sdk/Pico/pico-sdk/src/rp2_common/hardware_watchdog/watchdog.c.obj
                0x10001ebc                watchdog_start_tick
 .text.xosc_init
                0x10001ecc       0x28 CMakeFiles/MUXD.dir/C_/VSARM/sdk/Pico/pico-sdk/src/rp2_common/hardware_xosc/xosc.c.obj
                0x10001ecc                xosc_init
 .text._out_null
                0x10001ef4        0x2 CMakeFiles/MUXD.dir/C_/VSARM/sdk/Pico/pico-sdk/src/rp2_common/pico_printf/printf.c.obj
 .text._out_fct
                0x10001ef6        0xe CMakeFiles/MUXD.dir/C_/VSARM/sdk/Pico/pico-sdk/src/rp2_common/pico_printf/printf.c.obj
 .text._atoi    0x10001f04       0x24 CMakeFiles/MUXD.dir/C_/VSARM/sdk/Pico/pico-sdk/src/rp2_common/pico_printf/printf.c.obj
 .text._out_rev
                0x10001f28       0xae CMakeFiles/MUXD.dir/C_/VSARM/sdk/Pico/pico-sdk/src/rp2_common/pico_printf/printf.c.obj
 .text._ntoa_format
                0x10001fd6      0x112 CMakeFiles/MUXD.dir/C_/VSARM/sdk/Pico/pico-sdk/src/rp2_common/pico_printf/printf.c.obj
 .text._ntoa_long
                0x100020e8       0xbc CMakeFiles/MUXD.dir/C_/VSARM/sdk/Pico/pico-sdk/src/rp2_common/pico_printf/printf.c.obj
 .text._ntoa_long_long
                0x100021a4       0xe2 CMakeFiles/MUXD.dir/C_/VSARM/sdk/Pico/pico-sdk/src/rp2_common/pico_printf/printf.c.obj
 *fill*         0x10002286        0x2 
 .text._etoa    0x10002288      0x414 CMakeFiles/MUXD.dir/C_/VSARM/sdk/Pico/pico-sdk/src/rp2_common/pico_printf/printf.c.obj
 .text._ftoa    0x1000269c      0x354 CMakeFiles/MUXD.dir/C_/VSARM/sdk/Pico/pico-sdk/src/rp2_common/pico_printf/printf.c.obj
 .text._vsnprintf
                0x100029f0      0x624 CMakeFiles/MUXD.dir/C_/VSARM/sdk/Pico/pico-sdk/src/rp2_common/pico_printf/printf.c.obj
 .text.vfctprintf
                0x10003014       0x20 CMakeFiles/MUXD.dir/C_/VSARM/sdk/Pico/pico-sdk/src/rp2_common/pico_printf/printf.c.obj
                0x10003014                vfctprintf
 .text          0x10003034       0x10 CMakeFiles/MUXD.dir/C_/VSARM/sdk/Pico/pico-sdk/src/rp2_common/pico_bit_ops/bit_ops_aeabi.S.obj
 .text.rom_func_lookup
                0x10003044       0x10 CMakeFiles/MUXD.dir/C_/VSARM/sdk/Pico/pico-sdk/src/rp2_common/pico_bootrom/bootrom.c.obj
                0x10003044                rom_func_lookup
 .text.rom_data_lookup
                0x10003054       0x10 CMakeFiles/MUXD.dir/C_/VSARM/sdk/Pico/pico-sdk/src/rp2_common/pico_bootrom/bootrom.c.obj
                0x10003054                rom_data_lookup
 .text.rom_funcs_lookup
                0x10003064       0x36 CMakeFiles/MUXD.dir/C_/VSARM/sdk/Pico/pico-sdk/src/rp2_common/pico_bootrom/bootrom.c.obj
                0x10003064                rom_funcs_lookup
 *fill*         0x1000309a        0x2 
 .text.__wrap___aeabi_idiv
                0x1000309c       0x50 CMakeFiles/MUXD.dir/C_/VSARM/sdk/Pico/pico-sdk/src/rp2_common/pico_divider/divider.S.obj
                0x1000309c                __wrap___aeabi_idivmod
                0x1000309c                divmod_s32s32
                0x1000309c                div_s32s32
                0x1000309c                __wrap___aeabi_idiv
                0x100030a4                divmod_s32s32_unsafe
                0x100030d0                divmod_s32s32_savestate
 .text.__wrap___aeabi_uidiv
                0x100030ec       0x4c CMakeFiles/MUXD.dir/C_/VSARM/sdk/Pico/pico-sdk/src/rp2_common/pico_divider/divider.S.obj
                0x100030ec                __wrap___aeabi_uidiv
                0x100030ec                __wrap___aeabi_uidivmod
                0x100030ec                div_u32u32
                0x100030ec                divmod_u32u32
                0x100030f4                divmod_u32u32_unsafe
                0x1000311c                divmod_u32u32_savestate
 .text.__wrap___aeabi_ldiv
                0x10003138      0x430 CMakeFiles/MUXD.dir/C_/VSARM/sdk/Pico/pico-sdk/src/rp2_common/pico_divider/divider.S.obj
                0x10003138                div_s64s64
                0x10003138                divmod_s64s64
                0x10003138                __wrap___aeabi_ldivmod
                0x10003170                divmod_u64u64
                0x10003170                div_u64u64
                0x10003170                __wrap___aeabi_uldivmod
                0x10003180                divmod_u64u64_savestate
                0x100031a8                divmod_s64s64_unsafe
                0x10003230                divmod_u64u64_unsafe
 .text.__wrap___aeabi_darithmetic
                0x10003568       0x80 CMakeFiles/MUXD.dir/C_/VSARM/sdk/Pico/pico-sdk/src/rp2_common/pico_double/double_aeabi.S.obj
                0x10003568                __wrap___aeabi_drsub
                0x1000356e                __wrap___aeabi_dsub
                0x10003580                __wrap___aeabi_dadd
                0x10003592                __wrap___aeabi_ddiv
                0x100035ce                __wrap___aeabi_dmul
 .text.__wrap___aeabi_cdcmple
                0x100035e8       0x6c CMakeFiles/MUXD.dir/C_/VSARM/sdk/Pico/pico-sdk/src/rp2_common/pico_double/double_aeabi.S.obj
                0x100035e8                __wrap___aeabi_cdrcmple
                0x100035f8                __wrap___aeabi_cdcmpeq
                0x100035f8                __wrap___aeabi_cdcmple
 .text.__wrap___aeabi_dcmplt
                0x10003654        0xc CMakeFiles/MUXD.dir/C_/VSARM/sdk/Pico/pico-sdk/src/rp2_common/pico_double/double_aeabi.S.obj
                0x10003654                __wrap___aeabi_dcmplt
 .text.__wrap___aeabi_dcmple
                0x10003660       0x10 CMakeFiles/MUXD.dir/C_/VSARM/sdk/Pico/pico-sdk/src/rp2_common/pico_double/double_aeabi.S.obj
                0x10003660                __wrap___aeabi_dcmple
 .text.__wrap___aeabi_dcmpge
                0x10003670       0x10 CMakeFiles/MUXD.dir/C_/VSARM/sdk/Pico/pico-sdk/src/rp2_common/pico_double/double_aeabi.S.obj
                0x10003670                __wrap___aeabi_dcmpge
 .text.__wrap___aeabi_dcmpgt
                0x10003680        0xa CMakeFiles/MUXD.dir/C_/VSARM/sdk/Pico/pico-sdk/src/rp2_common/pico_double/double_aeabi.S.obj
                0x10003680                __wrap___aeabi_dcmpgt
 .text.__wrap___aeabi_dcmpun
                0x1000368a       0x1c CMakeFiles/MUXD.dir/C_/VSARM/sdk/Pico/pico-sdk/src/rp2_common/pico_double/double_aeabi.S.obj
                0x1000368a                __wrap___aeabi_dcmpun
 *fill*         0x100036a6        0x2 
 .text.__wrap___aeabi_i2d
                0x100036a8       0x38 CMakeFiles/MUXD.dir/C_/VSARM/sdk/Pico/pico-sdk/src/rp2_common/pico_double/double_aeabi.S.obj
                0x100036a8                __wrap___aeabi_ui2d
                0x100036b0                __wrap___aeabi_i2d
 .text.__wrap___aeabi_d2iz
                0x100036e0       0x48 CMakeFiles/MUXD.dir/C_/VSARM/sdk/Pico/pico-sdk/src/rp2_common/pico_double/double_aeabi.S.obj
                0x100036e0                double2int_z
                0x100036e0                __wrap___aeabi_d2iz
 .text.__wrap___aeabi_d2uiz
                0x10003728       0x18 CMakeFiles/MUXD.dir/C_/VSARM/sdk/Pico/pico-sdk/src/rp2_common/pico_double/double_aeabi.S.obj
                0x10003728                __wrap___aeabi_d2uiz
                0x10003728                double2uint
 .text.__aeabi_double_init
                0x10003740       0xb8 CMakeFiles/MUXD.dir/C_/VSARM/sdk/Pico/pico-sdk/src/rp2_common/pico_double/double_init_rom.c.obj
                0x10003740                __aeabi_double_init
 .text.double_table_shim_on_use_helper
                0x100037f8       0x34 CMakeFiles/MUXD.dir/C_/VSARM/sdk/Pico/pico-sdk/src/rp2_common/pico_double/double_v1_rom_shim.S.obj
                0x100037f8                double_table_shim_on_use_helper
 .text.__wrap___aeabi_dsub
                0x1000382c       0x10 CMakeFiles/MUXD.dir/C_/VSARM/sdk/Pico/pico-sdk/src/rp2_common/pico_double/double_v1_rom_shim.S.obj
                0x1000382c                drsub_shim
                0x10003832                dsub_shim
 .text.dadd_shim
                0x1000383c      0x15c CMakeFiles/MUXD.dir/C_/VSARM/sdk/Pico/pico-sdk/src/rp2_common/pico_double/double_v1_rom_shim.S.obj
                0x1000383c                dadd_shim
 .text.dmul_shim
                0x10003998      0x15c CMakeFiles/MUXD.dir/C_/VSARM/sdk/Pico/pico-sdk/src/rp2_common/pico_double/double_v1_rom_shim.S.obj
                0x10003998                dmul_shim
 .text.ddiv_shim
                0x10003af4      0x1b0 CMakeFiles/MUXD.dir/C_/VSARM/sdk/Pico/pico-sdk/src/rp2_common/pico_double/double_v1_rom_shim.S.obj
                0x10003af4                ddiv_shim
 .text.dcordic_rot_step
                0x10003ca4       0x7c CMakeFiles/MUXD.dir/C_/VSARM/sdk/Pico/pico-sdk/src/rp2_common/pico_double/double_v1_rom_shim.S.obj
                0x10003ca4                dcordic_rot_step
 .text.double2uint_shim
                0x10003d20        0xe CMakeFiles/MUXD.dir/C_/VSARM/sdk/Pico/pico-sdk/src/rp2_common/pico_double/double_v1_rom_shim.S.obj
                0x10003d20                double2uint_shim
                0x10003d22                double2ufix_shim
 *fill*         0x10003d2e        0x2 
 .text.double2uint64_shim
                0x10003d30       0x6c CMakeFiles/MUXD.dir/C_/VSARM/sdk/Pico/pico-sdk/src/rp2_common/pico_double/double_v1_rom_shim.S.obj
                0x10003d30                double2uint64_shim
                0x10003d32                double2ufix64_shim
                0x10003d4c                d2fix_a
 .text.dunpacks
                0x10003d9c       0x3c CMakeFiles/MUXD.dir/C_/VSARM/sdk/Pico/pico-sdk/src/rp2_common/pico_double/double_v1_rom_shim.S.obj
                0x10003d9c                dunpacks
 .text.__aeabi_lmul
                0x10003dd8       0x32 CMakeFiles/MUXD.dir/C_/VSARM/sdk/Pico/pico-sdk/src/rp2_common/pico_int64_ops/pico_int64_ops_aeabi.S.obj
                0x10003dd8                __wrap___aeabi_lmul
 *fill*         0x10003e0a        0x2 
 .text.__aeabi_float_init
                0x10003e0c       0xfc CMakeFiles/MUXD.dir/C_/VSARM/sdk/Pico/pico-sdk/src/rp2_common/pico_float/float_init_rom.c.obj
                0x10003e0c                __aeabi_float_init
 .text.float_table_shim_on_use_helper
                0x10003f08       0x34 CMakeFiles/MUXD.dir/C_/VSARM/sdk/Pico/pico-sdk/src/rp2_common/pico_float/float_v1_rom_shim.S.obj
                0x10003f08                float_table_shim_on_use_helper
 .text          0x10003f3c       0x10 CMakeFiles/MUXD.dir/C_/VSARM/sdk/Pico/pico-sdk/src/rp2_common/pico_mem_ops/mem_ops_aeabi.S.obj
                0x10003f3c                __aeabi_mem_init
 .text.memset   0x10003f4c        0xc CMakeFiles/MUXD.dir/C_/VSARM/sdk/Pico/pico-sdk/src/rp2_common/pico_mem_ops/mem_ops_aeabi.S.obj
                0x10003f4c                __wrap_memset
 .text.memcpy   0x10003f58        0xc CMakeFiles/MUXD.dir/C_/VSARM/sdk/Pico/pico-sdk/src/rp2_common/pico_mem_ops/mem_ops_aeabi.S.obj
                0x10003f58                __wrap_memcpy
                0x10003f58                __wrap___aeabi_memcpy
 .text.stdio_out_chars_crlf
                0x10003f64       0x80 CMakeFiles/MUXD.dir/C_/VSARM/sdk/Pico/pico-sdk/src/rp2_common/pico_stdio/stdio.c.obj
 .text.stdio_stack_buffer_flush
                0x10003fe4       0x44 CMakeFiles/MUXD.dir/C_/VSARM/sdk/Pico/pico-sdk/src/rp2_common/pico_stdio/stdio.c.obj
 .text.stdio_buffered_printer
                0x10004028       0x20 CMakeFiles/MUXD.dir/C_/VSARM/sdk/Pico/pico-sdk/src/rp2_common/pico_stdio/stdio.c.obj
 .text.stdout_serialize_begin
                0x10004048       0x30 CMakeFiles/MUXD.dir/C_/VSARM/sdk/Pico/pico-sdk/src/rp2_common/pico_stdio/stdio.c.obj
                0x10004048                stdout_serialize_begin
 .text.stdout_serialize_end
                0x10004078       0x10 CMakeFiles/MUXD.dir/C_/VSARM/sdk/Pico/pico-sdk/src/rp2_common/pico_stdio/stdio.c.obj
                0x10004078                stdout_serialize_end
 .text.stdio_put_string
                0x10004088       0x84 CMakeFiles/MUXD.dir/C_/VSARM/sdk/Pico/pico-sdk/src/rp2_common/pico_stdio/stdio.c.obj
 .text.stdio_set_driver_enabled
                0x1000410c       0x38 CMakeFiles/MUXD.dir/C_/VSARM/sdk/Pico/pico-sdk/src/rp2_common/pico_stdio/stdio.c.obj
                0x1000410c                stdio_set_driver_enabled
 .text.stdio_flush
                0x10004144       0x20 CMakeFiles/MUXD.dir/C_/VSARM/sdk/Pico/pico-sdk/src/rp2_common/pico_stdio/stdio.c.obj
                0x10004144                stdio_flush
 .text.__wrap_puts
                0x10004164       0x1c CMakeFiles/MUXD.dir/C_/VSARM/sdk/Pico/pico-sdk/src/rp2_common/pico_stdio/stdio.c.obj
                0x10004164                __wrap_puts
 .text.__wrap_vprintf
                0x10004180       0x44 CMakeFiles/MUXD.dir/C_/VSARM/sdk/Pico/pico-sdk/src/rp2_common/pico_stdio/stdio.c.obj
                0x10004180                __wrap_vprintf
 .text.__wrap_printf
                0x100041c4       0x18 CMakeFiles/MUXD.dir/C_/VSARM/sdk/Pico/pico-sdk/src/rp2_common/pico_stdio/stdio.c.obj
                0x100041c4                __wrap_printf
 .text.stdio_init_all
                0x100041dc        0x8 CMakeFiles/MUXD.dir/C_/VSARM/sdk/Pico/pico-sdk/src/rp2_common/pico_stdio/stdio.c.obj
                0x100041dc                stdio_init_all
 .text.stdio_uart_out_chars
                0x100041e4       0x74 CMakeFiles/MUXD.dir/C_/VSARM/sdk/Pico/pico-sdk/src/rp2_common/pico_stdio_uart/stdio_uart.c.obj
 .text.stdio_uart_in_chars
                0x10004258       0x58 CMakeFiles/MUXD.dir/C_/VSARM/sdk/Pico/pico-sdk/src/rp2_common/pico_stdio_uart/stdio_uart.c.obj
                0x10004258                stdio_uart_in_chars
 .text.stdio_uart_init_full
                0x100042b0       0x3c CMakeFiles/MUXD.dir/C_/VSARM/sdk/Pico/pico-sdk/src/rp2_common/pico_stdio_uart/stdio_uart.c.obj
                0x100042b0                stdio_uart_init_full
 .text.stdio_uart_init
                0x100042ec       0x28 CMakeFiles/MUXD.dir/C_/VSARM/sdk/Pico/pico-sdk/src/rp2_common/pico_stdio_uart/stdio_uart.c.obj
                0x100042ec                stdio_uart_init
 .text.strlen   0x10004314       0x5c c:/progra~2/gnuarm~1/102021~1.07/bin/../lib/gcc/arm-none-eabi/10.3.1/../../../../arm-none-eabi/lib/thumb/v6-m/nofp\libg.a(lib_a-strlen-stub.o)
                0x10004314                strlen
 *(.fini)
 .fini          0x10004370        0x4 c:/progra~2/gnuarm~1/102021~1.07/bin/../lib/gcc/arm-none-eabi/10.3.1/thumb/v6-m/nofp/crti.o
                0x10004370                _fini
 *fill*         0x10004374        0x4 
 .fini.__stub   0x10004378       0x50 linker stubs
 *crtbegin.o(.ctors)
 *crtbegin?.o(.ctors)
 *(EXCLUDE_FILE(*crtend.o *crtend?.o) .ctors)
 *(SORT_BY_NAME(.ctors.*))
 *(.ctors)
 *crtbegin.o(.dtors)
 *crtbegin?.o(.dtors)
 *(EXCLUDE_FILE(*crtend.o *crtend?.o) .dtors)
 *(SORT_BY_NAME(.dtors.*))
 *(.dtors)
 *(.eh_frame*)
 .eh_frame      0x100043c8        0x0 c:/progra~2/gnuarm~1/102021~1.07/bin/../lib/gcc/arm-none-eabi/10.3.1/thumb/v6-m/nofp/crtbegin.o
                0x100043c8                . = ALIGN (0x4)

.glue_7         0x100043c8        0x0
 .glue_7        0x100043c8        0x0 linker stubs

.glue_7t        0x100043c8        0x0
 .glue_7t       0x100043c8        0x0 linker stubs

.vfp11_veneer   0x100043c8        0x0
 .vfp11_veneer  0x100043c8        0x0 linker stubs

.v4_bx          0x100043c8        0x0
 .v4_bx         0x100043c8        0x0 linker stubs

.iplt           0x100043c8        0x0
 .iplt          0x100043c8        0x0 c:/progra~2/gnuarm~1/102021~1.07/bin/../lib/gcc/arm-none-eabi/10.3.1/thumb/v6-m/nofp/crtbegin.o

.rodata         0x100043c8      0xe10
 *(EXCLUDE_FILE(*libm.a: *libc.a:*lib_a-mem*.o *libgcc.a:) .rodata*)
 .rodata.main.str1.4
                0x100043c8        0xb CMakeFiles/MUXD.dir/muxd.c.obj
 *fill*         0x100043d3        0x1 
 .rodata.repeating_timer_callback.str1.4
                0x100043d4       0x4b CMakeFiles/MUXD.dir/C_/VSARM/sdk/Pico/pico-sdk/src/common/pico_time/time.c.obj
 *fill*         0x1000441f        0x1 
 .rodata.alarm_pool_dump_key.str1.4
                0x10004420       0x33 CMakeFiles/MUXD.dir/C_/VSARM/sdk/Pico/pico-sdk/src/common/pico_time/time.c.obj
 *fill*         0x10004453        0x1 
 .rodata.ph_add_child_node.str1.4
                0x10004454       0x96 CMakeFiles/MUXD.dir/C_/VSARM/sdk/Pico/pico-sdk/src/common/pico_time/time.c.obj
 *fill*         0x100044ea        0x2 
 .rodata.add_alarm_under_lock.str1.4
                0x100044ec       0x28 CMakeFiles/MUXD.dir/C_/VSARM/sdk/Pico/pico-sdk/src/common/pico_time/time.c.obj
                                 0x2b (size before relaxing)
 .rodata.alarm_pool_alarm_callback.str1.4
                0x10004514       0xe6 CMakeFiles/MUXD.dir/C_/VSARM/sdk/Pico/pico-sdk/src/common/pico_time/time.c.obj
 *fill*         0x100045fa        0x2 
 .rodata.alarm_pool_get_default.str1.4
                0x100045fc       0x21 CMakeFiles/MUXD.dir/C_/VSARM/sdk/Pico/pico-sdk/src/common/pico_time/time.c.obj
 *fill*         0x1000461d        0x3 
 .rodata.sleep_until.str1.4
                0x10004620       0x4d CMakeFiles/MUXD.dir/C_/VSARM/sdk/Pico/pico-sdk/src/common/pico_time/time.c.obj
 *fill*         0x1000466d        0x3 
 .rodata.__func__.10
                0x10004670       0x15 CMakeFiles/MUXD.dir/C_/VSARM/sdk/Pico/pico-sdk/src/common/pico_time/time.c.obj
 *fill*         0x10004685        0x3 
 .rodata.__func__.11
                0x10004688       0x1a CMakeFiles/MUXD.dir/C_/VSARM/sdk/Pico/pico-sdk/src/common/pico_time/time.c.obj
 *fill*         0x100046a2        0x2 
 .rodata.__func__.12
                0x100046a4        0xa CMakeFiles/MUXD.dir/C_/VSARM/sdk/Pico/pico-sdk/src/common/pico_time/time.c.obj
 *fill*         0x100046ae        0x2 
 .rodata.__func__.3
                0x100046b0       0x17 CMakeFiles/MUXD.dir/C_/VSARM/sdk/Pico/pico-sdk/src/common/pico_time/time.c.obj
 *fill*         0x100046c7        0x1 
 .rodata.__func__.4
                0x100046c8       0x12 CMakeFiles/MUXD.dir/C_/VSARM/sdk/Pico/pico-sdk/src/common/pico_time/time.c.obj
 *fill*         0x100046da        0x2 
 .rodata.__func__.5
                0x100046dc        0xd CMakeFiles/MUXD.dir/C_/VSARM/sdk/Pico/pico-sdk/src/common/pico_time/time.c.obj
 *fill*         0x100046e9        0x3 
 .rodata.__func__.6
                0x100046ec       0x12 CMakeFiles/MUXD.dir/C_/VSARM/sdk/Pico/pico-sdk/src/common/pico_time/time.c.obj
 *fill*         0x100046fe        0x2 
 .rodata.__func__.7
                0x10004700        0xf CMakeFiles/MUXD.dir/C_/VSARM/sdk/Pico/pico-sdk/src/common/pico_time/time.c.obj
 *fill*         0x1000470f        0x1 
 .rodata.__func__.8
                0x10004710        0xc CMakeFiles/MUXD.dir/C_/VSARM/sdk/Pico/pico-sdk/src/common/pico_time/time.c.obj
 .rodata.__func__.9
                0x1000471c       0x15 CMakeFiles/MUXD.dir/C_/VSARM/sdk/Pico/pico-sdk/src/common/pico_time/time.c.obj
 *fill*         0x10004731        0x3 
 .rodata.hardware_alarm_claim.str1.4
                0x10004734       0x22 CMakeFiles/MUXD.dir/C_/VSARM/sdk/Pico/pico-sdk/src/rp2_common/hardware_timer/timer.c.obj
 *fill*         0x10004756        0x2 
 .rodata.hardware_alarm_set_target.str1.4
                0x10004758       0x65 CMakeFiles/MUXD.dir/C_/VSARM/sdk/Pico/pico-sdk/src/rp2_common/hardware_timer/timer.c.obj
 *fill*         0x100047bd        0x3 
 .rodata.__func__.0
                0x100047c0       0x1a CMakeFiles/MUXD.dir/C_/VSARM/sdk/Pico/pico-sdk/src/rp2_common/hardware_timer/timer.c.obj
 *fill*         0x100047da        0x2 
 .rodata.str1.4
                0x100047dc       0xb1 CMakeFiles/MUXD.dir/C_/VSARM/sdk/Pico/pico-sdk/src/common/pico_sync/mutex.c.obj
                                0x115 (size before relaxing)
 *fill*         0x1000488d        0x3 
 .rodata.__func__.0
                0x10004890        0xb CMakeFiles/MUXD.dir/C_/VSARM/sdk/Pico/pico-sdk/src/common/pico_sync/mutex.c.obj
 *fill*         0x1000489b        0x1 
 .rodata.__func__.3
                0x1000489c       0x15 CMakeFiles/MUXD.dir/C_/VSARM/sdk/Pico/pico-sdk/src/common/pico_sync/mutex.c.obj
 .rodata.ph_add_child_node.str1.4
                0x100048b1       0x96 CMakeFiles/MUXD.dir/C_/VSARM/sdk/Pico/pico-sdk/src/common/pico_util/pheap.c.obj
 *fill*         0x100048b1        0x3 
 .rodata.ph_remove_any_head.str1.4
                0x100048b4       0x8c CMakeFiles/MUXD.dir/C_/VSARM/sdk/Pico/pico-sdk/src/common/pico_util/pheap.c.obj
 .rodata.ph_remove_and_free_node.str1.4
                0x10004940       0x26 CMakeFiles/MUXD.dir/C_/VSARM/sdk/Pico/pico-sdk/src/common/pico_util/pheap.c.obj
 *fill*         0x10004966        0x2 
 .rodata.__func__.0
                0x10004968       0x18 CMakeFiles/MUXD.dir/C_/VSARM/sdk/Pico/pico-sdk/src/common/pico_util/pheap.c.obj
 .rodata.__func__.1
                0x10004980       0x13 CMakeFiles/MUXD.dir/C_/VSARM/sdk/Pico/pico-sdk/src/common/pico_util/pheap.c.obj
 *fill*         0x10004993        0x1 
 .rodata.__func__.2
                0x10004994       0x12 CMakeFiles/MUXD.dir/C_/VSARM/sdk/Pico/pico-sdk/src/common/pico_util/pheap.c.obj
 *fill*         0x100049a6        0x2 
 .rodata.__func__.3
                0x100049a8        0xc CMakeFiles/MUXD.dir/C_/VSARM/sdk/Pico/pico-sdk/src/common/pico_util/pheap.c.obj
 .rodata.__assert_func.str1.4
                0x100049b4       0x3f CMakeFiles/MUXD.dir/C_/VSARM/sdk/Pico/pico-sdk/src/rp2_common/pico_runtime/runtime.c.obj
                                 0x43 (size before relaxing)
 *fill*         0x100049f3        0x1 
 .rodata.panic.str1.4
                0x100049f4       0x12 CMakeFiles/MUXD.dir/C_/VSARM/sdk/Pico/pico-sdk/src/rp2_common/pico_runtime/runtime.c.obj
 *fill*         0x10004a06        0x2 
 .rodata.clock_configure.str1.4
                0x10004a08       0x57 CMakeFiles/MUXD.dir/C_/VSARM/sdk/Pico/pico-sdk/src/rp2_common/hardware_clocks/clocks.c.obj
 *fill*         0x10004a5f        0x1 
 .rodata.__func__.1
                0x10004a60       0x10 CMakeFiles/MUXD.dir/C_/VSARM/sdk/Pico/pico-sdk/src/rp2_common/hardware_clocks/clocks.c.obj
 .rodata.make_branch.str1.4
                0x10004a70       0x4d CMakeFiles/MUXD.dir/C_/VSARM/sdk/Pico/pico-sdk/src/rp2_common/hardware_irq/irq.c.obj
 *fill*         0x10004abd        0x3 
 .rodata.irq_set_exclusive_handler.str1.4
                0x10004ac0       0x36 CMakeFiles/MUXD.dir/C_/VSARM/sdk/Pico/pico-sdk/src/rp2_common/hardware_irq/irq.c.obj
 *fill*         0x10004af6        0x2 
 .rodata.irq_add_shared_handler.str1.4
                0x10004af8       0xd9 CMakeFiles/MUXD.dir/C_/VSARM/sdk/Pico/pico-sdk/src/rp2_common/hardware_irq/irq.c.obj
 *fill*         0x10004bd1        0x3 
 .rodata.irq_remove_handler.str1.4
                0x10004bd4       0x2a CMakeFiles/MUXD.dir/C_/VSARM/sdk/Pico/pico-sdk/src/rp2_common/hardware_irq/irq.c.obj
 *fill*         0x10004bfe        0x2 
 .rodata.irq_add_tail_to_free_list.str1.4
                0x10004c00       0x32 CMakeFiles/MUXD.dir/C_/VSARM/sdk/Pico/pico-sdk/src/rp2_common/hardware_irq/irq.c.obj
                                 0x3a (size before relaxing)
 *fill*         0x10004c32        0x2 
 .rodata.__func__.0
                0x10004c34       0x1a CMakeFiles/MUXD.dir/C_/VSARM/sdk/Pico/pico-sdk/src/rp2_common/hardware_irq/irq.c.obj
 *fill*         0x10004c4e        0x2 
 .rodata.__func__.1
                0x10004c50       0x17 CMakeFiles/MUXD.dir/C_/VSARM/sdk/Pico/pico-sdk/src/rp2_common/hardware_irq/irq.c.obj
 *fill*         0x10004c67        0x1 
 .rodata.__func__.2
                0x10004c68       0x13 CMakeFiles/MUXD.dir/C_/VSARM/sdk/Pico/pico-sdk/src/rp2_common/hardware_irq/irq.c.obj
 *fill*         0x10004c7b        0x1 
 .rodata.__func__.3
                0x10004c7c        0xc CMakeFiles/MUXD.dir/C_/VSARM/sdk/Pico/pico-sdk/src/rp2_common/hardware_irq/irq.c.obj
 .rodata.__func__.4
                0x10004c88        0xf CMakeFiles/MUXD.dir/C_/VSARM/sdk/Pico/pico-sdk/src/rp2_common/hardware_irq/irq.c.obj
 *fill*         0x10004c97        0x1 
 .rodata.__func__.6
                0x10004c98       0x1a CMakeFiles/MUXD.dir/C_/VSARM/sdk/Pico/pico-sdk/src/rp2_common/hardware_irq/irq.c.obj
 *fill*         0x10004cb2        0x2 
 .rodata.pll_init.str1.4
                0x10004cb4       0xdb CMakeFiles/MUXD.dir/C_/VSARM/sdk/Pico/pico-sdk/src/rp2_common/hardware_pll/pll.c.obj
 *fill*         0x10004d8f        0x1 
 .rodata.__func__.0
                0x10004d90        0x9 CMakeFiles/MUXD.dir/C_/VSARM/sdk/Pico/pico-sdk/src/rp2_common/hardware_pll/pll.c.obj
 *fill*         0x10004d99        0x3 
 .rodata._ftoa.str1.4
                0x10004d9c       0x15 CMakeFiles/MUXD.dir/C_/VSARM/sdk/Pico/pico-sdk/src/rp2_common/pico_printf/printf.c.obj
 *fill*         0x10004db1        0x3 
 .rodata._vsnprintf
                0x10004db4      0x1e0 CMakeFiles/MUXD.dir/C_/VSARM/sdk/Pico/pico-sdk/src/rp2_common/pico_printf/printf.c.obj
 *fill*         0x10004f94        0x4 
 .rodata.pow10.0
                0x10004f98       0x50 CMakeFiles/MUXD.dir/C_/VSARM/sdk/Pico/pico-sdk/src/rp2_common/pico_printf/printf.c.obj
 .rodata.__aeabi_double_init.str1.4
                0x10004fe8       0xa8 CMakeFiles/MUXD.dir/C_/VSARM/sdk/Pico/pico-sdk/src/rp2_common/pico_double/double_init_rom.c.obj
 .rodata.__func__.0
                0x10005090       0x14 CMakeFiles/MUXD.dir/C_/VSARM/sdk/Pico/pico-sdk/src/rp2_common/pico_double/double_init_rom.c.obj
 .rodata.__aeabi_float_init.str1.4
                0x100050a4       0x7a CMakeFiles/MUXD.dir/C_/VSARM/sdk/Pico/pico-sdk/src/rp2_common/pico_float/float_init_rom.c.obj
                                 0x7e (size before relaxing)
 *fill*         0x1000511e        0x2 
 .rodata.__func__.0
                0x10005120       0x13 CMakeFiles/MUXD.dir/C_/VSARM/sdk/Pico/pico-sdk/src/rp2_common/pico_float/float_init_rom.c.obj
 *fill*         0x10005133        0x1 
 .rodata.str1.4
                0x10005134       0x3c CMakeFiles/MUXD.dir/C_/VSARM/sdk/Pico/pico-sdk/src/rp2_common/pico_standard_link/binary_info.c.obj
 .rodata.__bi_44
                0x10005170        0xc CMakeFiles/MUXD.dir/C_/VSARM/sdk/Pico/pico-sdk/src/rp2_common/pico_standard_link/binary_info.c.obj
 .rodata.__bi_75
                0x1000517c        0xc CMakeFiles/MUXD.dir/C_/VSARM/sdk/Pico/pico-sdk/src/rp2_common/pico_standard_link/binary_info.c.obj
 .rodata.__bi_81
                0x10005188        0xc CMakeFiles/MUXD.dir/C_/VSARM/sdk/Pico/pico-sdk/src/rp2_common/pico_standard_link/binary_info.c.obj
 .rodata.crlf_str.3
                0x10005194        0x2 CMakeFiles/MUXD.dir/C_/VSARM/sdk/Pico/pico-sdk/src/rp2_common/pico_stdio/stdio.c.obj
 *fill*         0x10005196        0x2 
 .rodata.str1.4
                0x10005198       0x2c CMakeFiles/MUXD.dir/C_/VSARM/sdk/Pico/pico-sdk/src/rp2_common/pico_stdio_uart/stdio_uart.c.obj
 .rodata.__bi_28.4
                0x100051c4        0xc CMakeFiles/MUXD.dir/C_/VSARM/sdk/Pico/pico-sdk/src/rp2_common/pico_stdio_uart/stdio_uart.c.obj
 .rodata.__bi_29.5
                0x100051d0        0x8 CMakeFiles/MUXD.dir/C_/VSARM/sdk/Pico/pico-sdk/src/rp2_common/pico_stdio_uart/stdio_uart.c.obj
                0x100051d8                . = ALIGN (0x4)
 *(SORT_BY_ALIGNMENT(SORT_BY_NAME(.flashdata*)))
                0x100051d8                . = ALIGN (0x4)

.rel.dyn        0x100051d8        0x0
 .rel.iplt      0x100051d8        0x0 c:/progra~2/gnuarm~1/102021~1.07/bin/../lib/gcc/arm-none-eabi/10.3.1/thumb/v6-m/nofp/crtbegin.o

.ARM.extab
 *(.ARM.extab* .gnu.linkonce.armextab.*)
                0x100051d8                __exidx_start = .

.ARM.exidx
 *(.ARM.exidx* .gnu.linkonce.armexidx.*)
                0x100051d8                __exidx_end = .
                0x100051d8                . = ALIGN (0x4)
                0x100051d8                __binary_info_start = .

.binary_info    0x100051d8       0x24
 *(.binary_info.keep.*)
 .binary_info.keep.__bi_ptr22
                0x100051d8        0x4 CMakeFiles/MUXD.dir/C_/VSARM/sdk/Pico/pico-sdk/src/rp2_common/pico_standard_link/binary_info.c.obj
 .binary_info.keep.__bi_ptr30
                0x100051dc        0x4 CMakeFiles/MUXD.dir/C_/VSARM/sdk/Pico/pico-sdk/src/rp2_common/pico_standard_link/binary_info.c.obj
 .binary_info.keep.__bi_ptr38
                0x100051e0        0x4 CMakeFiles/MUXD.dir/C_/VSARM/sdk/Pico/pico-sdk/src/rp2_common/pico_standard_link/binary_info.c.obj
 .binary_info.keep.__bi_ptr44
                0x100051e4        0x4 CMakeFiles/MUXD.dir/C_/VSARM/sdk/Pico/pico-sdk/src/rp2_common/pico_standard_link/binary_info.c.obj
 .binary_info.keep.__bi_ptr50
                0x100051e8        0x4 CMakeFiles/MUXD.dir/C_/VSARM/sdk/Pico/pico-sdk/src/rp2_common/pico_standard_link/binary_info.c.obj
 .binary_info.keep.__bi_ptr75
                0x100051ec        0x4 CMakeFiles/MUXD.dir/C_/VSARM/sdk/Pico/pico-sdk/src/rp2_common/pico_standard_link/binary_info.c.obj
 .binary_info.keep.__bi_ptr81
                0x100051f0        0x4 CMakeFiles/MUXD.dir/C_/VSARM/sdk/Pico/pico-sdk/src/rp2_common/pico_standard_link/binary_info.c.obj
 *(.binary_info.*)
 .binary_info.__bi_ptr28
                0x100051f4        0x4 CMakeFiles/MUXD.dir/C_/VSARM/sdk/Pico/pico-sdk/src/rp2_common/pico_stdio_uart/stdio_uart.c.obj
 .binary_info.__bi_ptr29
                0x100051f8        0x4 CMakeFiles/MUXD.dir/C_/VSARM/sdk/Pico/pico-sdk/src/rp2_common/pico_stdio_uart/stdio_uart.c.obj
                0x100051fc                __binary_info_end = .
                0x100051fc                . = ALIGN (0x4)
                0x100051fc                __etext = .

.ram_vector_table
                0x20000000       0xc0
 *(.ram_vector_table)
 .ram_vector_table
                0x20000000       0xc0 CMakeFiles/MUXD.dir/C_/VSARM/sdk/Pico/pico-sdk/src/rp2_common/pico_runtime/runtime.c.obj
                0x20000000                ram_vector_table

.data           0x200000c0      0x260 load address 0x100051fc
                0x200000c0                __data_start__ = .
 *(vtable)
 *(.time_critical*)
 .time_critical.mutex_enter_blocking
                0x200000c0       0x94 CMakeFiles/MUXD.dir/C_/VSARM/sdk/Pico/pico-sdk/src/common/pico_sync/mutex.c.obj
                0x200000c0                mutex_enter_blocking
 .time_critical.mutex_try_enter
                0x20000154       0x5a CMakeFiles/MUXD.dir/C_/VSARM/sdk/Pico/pico-sdk/src/common/pico_sync/mutex.c.obj
                0x20000154                mutex_try_enter
 *fill*         0x200001ae        0x2 
 .time_critical.mutex_exit
                0x200001b0       0x94 CMakeFiles/MUXD.dir/C_/VSARM/sdk/Pico/pico-sdk/src/common/pico_sync/mutex.c.obj
                0x200001b0                mutex_exit
 *(.text*)
 .text          0x20000244        0x4 c:/progra~2/gnuarm~1/102021~1.07/bin/../lib/gcc/arm-none-eabi/10.3.1/thumb/v6-m/nofp\libgcc.a(_dvmd_tls.o)
                0x20000244                __aeabi_idiv0
                0x20000244                __aeabi_ldiv0
 .text.__stub   0x20000248       0x10 linker stubs
                0x20000258                . = ALIGN (0x4)
 *(.rodata*)
                0x20000258                . = ALIGN (0x4)
 *(.data*)
 .data.striped_spin_lock_num
                0x20000258        0x1 CMakeFiles/MUXD.dir/C_/VSARM/sdk/Pico/pico-sdk/src/rp2_common/hardware_sync/sync.c.obj
 *fill*         0x20000259        0x3 
 .data.default_alarm_pool
                0x2000025c       0x18 CMakeFiles/MUXD.dir/C_/VSARM/sdk/Pico/pico-sdk/src/common/pico_time/time.c.obj
 .data.default_alarm_pool_heap
                0x20000274       0x10 CMakeFiles/MUXD.dir/C_/VSARM/sdk/Pico/pico-sdk/src/common/pico_time/time.c.obj
 .data          0x20000284       0x48 CMakeFiles/MUXD.dir/C_/VSARM/sdk/Pico/pico-sdk/src/rp2_common/hardware_irq/irq_handler_chain.S.obj
                0x20000284                irq_handler_chain_slots
                0x200002b4                irq_handler_chain_first_slot
                0x200002be                irq_handler_chain_remove_tail
 *fill*         0x200002cc        0x4 
 .data.aeabi_bits_funcs
                0x200002d0       0x10 CMakeFiles/MUXD.dir/C_/VSARM/sdk/Pico/pico-sdk/src/rp2_common/pico_bit_ops/bit_ops_aeabi.S.obj
                0x200002d0                aeabi_bits_funcs
                0x200002e0                aeabi_bits_funcs_end
 .data.aeabi_mem_funcs
                0x200002e0       0x10 CMakeFiles/MUXD.dir/C_/VSARM/sdk/Pico/pico-sdk/src/rp2_common/pico_mem_ops/mem_ops_aeabi.S.obj
                0x200002e0                aeabi_mem_funcs
                0x200002f0                aeabi_mem_funcs_end
 .data.stdio_uart
                0x200002f0       0x14 CMakeFiles/MUXD.dir/C_/VSARM/sdk/Pico/pico-sdk/src/rp2_common/pico_stdio_uart/stdio_uart.c.obj
                0x200002f0                stdio_uart
                0x20000304                . = ALIGN (0x4)
 *(.after_data.*)
                0x20000304                . = ALIGN (0x4)
                0x20000304                PROVIDE (__mutex_array_start = .)
 *(SORT_BY_NAME(.mutex_array.*))
 *(.mutex_array)
 .mutex_array   0x20000304        0x8 CMakeFiles/MUXD.dir/C_/VSARM/sdk/Pico/pico-sdk/src/rp2_common/pico_stdio/stdio.c.obj
                0x2000030c                PROVIDE (__mutex_array_end = .)
                0x2000030c                . = ALIGN (0x4)
                0x2000030c                PROVIDE (__preinit_array_start = .)
 *(SORT_BY_NAME(.preinit_array.*))
 .preinit_array.00001
                0x2000030c        0x4 CMakeFiles/MUXD.dir/C_/VSARM/sdk/Pico/pico-sdk/src/rp2_common/pico_mem_ops/mem_ops_aeabi.S.obj
 .preinit_array.00010
                0x20000310        0x4 CMakeFiles/MUXD.dir/C_/VSARM/sdk/Pico/pico-sdk/src/rp2_common/pico_bit_ops/bit_ops_aeabi.S.obj
 .preinit_array.00020
                0x20000314        0x4 CMakeFiles/MUXD.dir/C_/VSARM/sdk/Pico/pico-sdk/src/rp2_common/pico_double/double_aeabi.S.obj
 .preinit_array.00020
                0x20000318        0x4 CMakeFiles/MUXD.dir/C_/VSARM/sdk/Pico/pico-sdk/src/rp2_common/pico_float/float_aeabi.S.obj
 *(.preinit_array)
                0x2000031c                PROVIDE (__preinit_array_end = .)
                0x2000031c                . = ALIGN (0x4)
                0x2000031c                PROVIDE (__init_array_start = .)
 *(SORT_BY_NAME(.init_array.*))
 *(.init_array)
 .init_array    0x2000031c        0x4 c:/progra~2/gnuarm~1/102021~1.07/bin/../lib/gcc/arm-none-eabi/10.3.1/thumb/v6-m/nofp/crtbegin.o
                0x20000320                PROVIDE (__init_array_end = .)
                0x20000320                . = ALIGN (0x4)
                [!provide]                PROVIDE (__fini_array_start = .)
 *(SORT_BY_NAME(.fini_array.*))
 *(.fini_array)
                [!provide]                PROVIDE (__fini_array_end = .)
 *(.jcr)
                0x20000320                . = ALIGN (0x4)
                0x20000320                __data_end__ = .

.igot.plt       0x20000320        0x0 load address 0x1000545c
 .igot.plt      0x20000320        0x0 c:/progra~2/gnuarm~1/102021~1.07/bin/../lib/gcc/arm-none-eabi/10.3.1/thumb/v6-m/nofp/crtbegin.o

.uninitialized_data
                0x20000320        0x0 load address 0x1000545c
                0x20000320                . = ALIGN (0x4)
 *(.uninitialized_data*)

.scratch_x      0x20040000        0x0 load address 0x1000545c
                0x20040000                __scratch_x_start__ = .
 *(.scratch_x.*)
                0x20040000                . = ALIGN (0x4)
                0x20040000                __scratch_x_end__ = .
                0x1000545c                __scratch_x_source__ = LOADADDR (.scratch_x)

.scratch_y      0x20041000        0x0 load address 0x1000545c
                0x20041000                __scratch_y_start__ = .
 *(.scratch_y.*)
                0x20041000                . = ALIGN (0x4)
                0x20041000                __scratch_y_end__ = .
                0x1000545c                __scratch_y_source__ = LOADADDR (.scratch_y)

.bss            0x20000320      0x3d0
                0x20000320                . = ALIGN (0x4)
                0x20000320                __bss_start__ = .
 *(SORT_BY_ALIGNMENT(SORT_BY_NAME(.bss*)))
 .bss.default_alarm_pool_entries
                0x20000320      0x100 CMakeFiles/MUXD.dir/C_/VSARM/sdk/Pico/pico-sdk/src/common/pico_time/time.c.obj
 .bss           0x20000420       0x1c c:/progra~2/gnuarm~1/102021~1.07/bin/../lib/gcc/arm-none-eabi/10.3.1/thumb/v6-m/nofp/crtbegin.o
 .bss.alarm_callbacks
                0x2000043c       0x10 CMakeFiles/MUXD.dir/C_/VSARM/sdk/Pico/pico-sdk/src/rp2_common/hardware_timer/timer.c.obj
 .bss.configured_freq
                0x2000044c       0x28 CMakeFiles/MUXD.dir/C_/VSARM/sdk/Pico/pico-sdk/src/rp2_common/hardware_clocks/clocks.c.obj
 .bss.default_alarm_pool_entry_ids_high
                0x20000474       0x10 CMakeFiles/MUXD.dir/C_/VSARM/sdk/Pico/pico-sdk/src/common/pico_time/time.c.obj
 .bss.default_alarm_pool_heap_nodes
                0x20000484       0x30 CMakeFiles/MUXD.dir/C_/VSARM/sdk/Pico/pico-sdk/src/common/pico_time/time.c.obj
 .bss.drivers   0x200004b4        0x4 CMakeFiles/MUXD.dir/C_/VSARM/sdk/Pico/pico-sdk/src/rp2_common/pico_stdio/stdio.c.obj
 .bss.filter    0x200004b8        0x4 CMakeFiles/MUXD.dir/C_/VSARM/sdk/Pico/pico-sdk/src/rp2_common/pico_stdio/stdio.c.obj
 .bss.pools     0x200004bc       0x10 CMakeFiles/MUXD.dir/C_/VSARM/sdk/Pico/pico-sdk/src/common/pico_time/time.c.obj
 .bss.sd_table  0x200004cc      0x100 CMakeFiles/MUXD.dir/C_/VSARM/sdk/Pico/pico-sdk/src/rp2_common/pico_double/double_init_rom.c.obj
                0x200004cc                sd_table
 .bss.sf_clz_func
                0x200005cc        0x4 CMakeFiles/MUXD.dir/C_/VSARM/sdk/Pico/pico-sdk/src/rp2_common/pico_float/float_init_rom.c.obj
                0x200005cc                sf_clz_func
 .bss.sf_table  0x200005d0      0x100 CMakeFiles/MUXD.dir/C_/VSARM/sdk/Pico/pico-sdk/src/rp2_common/pico_float/float_init_rom.c.obj
                0x200005d0                sf_table
 .bss.sleep_notifier
                0x200006d0        0x4 CMakeFiles/MUXD.dir/C_/VSARM/sdk/Pico/pico-sdk/src/common/pico_time/time.c.obj
 .bss.target_hi
                0x200006d4       0x10 CMakeFiles/MUXD.dir/C_/VSARM/sdk/Pico/pico-sdk/src/rp2_common/hardware_timer/timer.c.obj
 .bss.uart_char_to_line_feed
                0x200006e4        0x4 CMakeFiles/MUXD.dir/C_/VSARM/sdk/Pico/pico-sdk/src/rp2_common/hardware_uart/uart.c.obj
                0x200006e4                uart_char_to_line_feed
 .bss.uart_instance
                0x200006e8        0x4 CMakeFiles/MUXD.dir/C_/VSARM/sdk/Pico/pico-sdk/src/rp2_common/pico_stdio_uart/stdio_uart.c.obj
 .bss.claimed   0x200006ec        0x1 CMakeFiles/MUXD.dir/C_/VSARM/sdk/Pico/pico-sdk/src/rp2_common/hardware_timer/timer.c.obj
 .bss.irq_hander_chain_free_slot_head
                0x200006ed        0x1 CMakeFiles/MUXD.dir/C_/VSARM/sdk/Pico/pico-sdk/src/rp2_common/hardware_irq/irq.c.obj
 .bss.timer_callbacks_pending
                0x200006ee        0x1 CMakeFiles/MUXD.dir/C_/VSARM/sdk/Pico/pico-sdk/src/rp2_common/hardware_timer/timer.c.obj
 *(COMMON)
                0x200006f0                . = ALIGN (0x4)
 *fill*         0x200006ef        0x1 
                0x200006f0                __bss_end__ = .

.heap           0x200006f0      0x800
                0x200006f0                __end__ = .
                0x200006f0                end = __end__
 *(.heap*)
 .heap          0x200006f0      0x800 CMakeFiles/MUXD.dir/C_/VSARM/sdk/Pico/pico-sdk/src/rp2_common/pico_standard_link/crt0.S.obj
                0x20000ef0                __HeapLimit = .

.stack1_dummy   0x20040000        0x0
 *(.stack1*)

.stack_dummy    0x20041000      0x800
 *(.stack*)
 .stack         0x20041000      0x800 CMakeFiles/MUXD.dir/C_/VSARM/sdk/Pico/pico-sdk/src/rp2_common/pico_standard_link/crt0.S.obj

.flash_end      0x1000545c        0x0
                0x1000545c                __flash_binary_end = .
                0x20040000                __StackLimit = (ORIGIN (RAM) + LENGTH (RAM))
                0x20041000                __StackOneTop = (ORIGIN (SCRATCH_X) + LENGTH (SCRATCH_X))
                0x20042000                __StackTop = (ORIGIN (SCRATCH_Y) + LENGTH (SCRATCH_Y))
                0x20041000                __StackOneBottom = (__StackOneTop - SIZEOF (.stack1_dummy))
                0x20041800                __StackBottom = (__StackTop - SIZEOF (.stack_dummy))
                0x20042000                PROVIDE (__stack = __StackTop)
                0x00000001                ASSERT ((__StackLimit >= __HeapLimit), region RAM overflowed)
                0x00000001                ASSERT (((__binary_info_header_end - __logical_binary_start) <= 0x100), Binary info must be in first 256 bytes of the binary)
LOAD CMakeFiles/MUXD.dir/muxd.c.obj
LOAD CMakeFiles/MUXD.dir/C_/VSARM/sdk/Pico/pico-sdk/src/rp2_common/pico_stdlib/stdlib.c.obj
LOAD CMakeFiles/MUXD.dir/C_/VSARM/sdk/Pico/pico-sdk/src/rp2_common/hardware_gpio/gpio.c.obj
LOAD CMakeFiles/MUXD.dir/C_/VSARM/sdk/Pico/pico-sdk/src/rp2_common/hardware_claim/claim.c.obj
LOAD CMakeFiles/MUXD.dir/C_/VSARM/sdk/Pico/pico-sdk/src/rp2_common/pico_platform/platform.c.obj
LOAD CMakeFiles/MUXD.dir/C_/VSARM/sdk/Pico/pico-sdk/src/rp2_common/hardware_sync/sync.c.obj
LOAD CMakeFiles/MUXD.dir/C_/VSARM/sdk/Pico/pico-sdk/src/rp2_common/hardware_uart/uart.c.obj
LOAD CMakeFiles/MUXD.dir/C_/VSARM/sdk/Pico/pico-sdk/src/rp2_common/hardware_divider/divider.S.obj
LOAD CMakeFiles/MUXD.dir/C_/VSARM/sdk/Pico/pico-sdk/src/common/pico_time/time.c.obj
LOAD CMakeFiles/MUXD.dir/C_/VSARM/sdk/Pico/pico-sdk/src/common/pico_time/timeout_helper.c.obj
LOAD CMakeFiles/MUXD.dir/C_/VSARM/sdk/Pico/pico-sdk/src/rp2_common/hardware_timer/timer.c.obj
LOAD CMakeFiles/MUXD.dir/C_/VSARM/sdk/Pico/pico-sdk/src/common/pico_sync/sem.c.obj
LOAD CMakeFiles/MUXD.dir/C_/VSARM/sdk/Pico/pico-sdk/src/common/pico_sync/lock_core.c.obj
LOAD CMakeFiles/MUXD.dir/C_/VSARM/sdk/Pico/pico-sdk/src/common/pico_sync/mutex.c.obj
LOAD CMakeFiles/MUXD.dir/C_/VSARM/sdk/Pico/pico-sdk/src/common/pico_sync/critical_section.c.obj
LOAD CMakeFiles/MUXD.dir/C_/VSARM/sdk/Pico/pico-sdk/src/common/pico_util/datetime.c.obj
LOAD CMakeFiles/MUXD.dir/C_/VSARM/sdk/Pico/pico-sdk/src/common/pico_util/pheap.c.obj
LOAD CMakeFiles/MUXD.dir/C_/VSARM/sdk/Pico/pico-sdk/src/common/pico_util/queue.c.obj
LOAD CMakeFiles/MUXD.dir/C_/VSARM/sdk/Pico/pico-sdk/src/rp2_common/pico_runtime/runtime.c.obj
LOAD CMakeFiles/MUXD.dir/C_/VSARM/sdk/Pico/pico-sdk/src/rp2_common/hardware_clocks/clocks.c.obj
LOAD CMakeFiles/MUXD.dir/C_/VSARM/sdk/Pico/pico-sdk/src/rp2_common/hardware_irq/irq.c.obj
LOAD CMakeFiles/MUXD.dir/C_/VSARM/sdk/Pico/pico-sdk/src/rp2_common/hardware_irq/irq_handler_chain.S.obj
LOAD CMakeFiles/MUXD.dir/C_/VSARM/sdk/Pico/pico-sdk/src/rp2_common/hardware_pll/pll.c.obj
LOAD CMakeFiles/MUXD.dir/C_/VSARM/sdk/Pico/pico-sdk/src/rp2_common/hardware_vreg/vreg.c.obj
LOAD CMakeFiles/MUXD.dir/C_/VSARM/sdk/Pico/pico-sdk/src/rp2_common/hardware_watchdog/watchdog.c.obj
LOAD CMakeFiles/MUXD.dir/C_/VSARM/sdk/Pico/pico-sdk/src/rp2_common/hardware_xosc/xosc.c.obj
LOAD CMakeFiles/MUXD.dir/C_/VSARM/sdk/Pico/pico-sdk/src/rp2_common/pico_printf/printf.c.obj
LOAD CMakeFiles/MUXD.dir/C_/VSARM/sdk/Pico/pico-sdk/src/rp2_common/pico_bit_ops/bit_ops_aeabi.S.obj
LOAD CMakeFiles/MUXD.dir/C_/VSARM/sdk/Pico/pico-sdk/src/rp2_common/pico_bootrom/bootrom.c.obj
LOAD CMakeFiles/MUXD.dir/C_/VSARM/sdk/Pico/pico-sdk/src/rp2_common/pico_divider/divider.S.obj
LOAD CMakeFiles/MUXD.dir/C_/VSARM/sdk/Pico/pico-sdk/src/rp2_common/pico_double/double_aeabi.S.obj
LOAD CMakeFiles/MUXD.dir/C_/VSARM/sdk/Pico/pico-sdk/src/rp2_common/pico_double/double_init_rom.c.obj
LOAD CMakeFiles/MUXD.dir/C_/VSARM/sdk/Pico/pico-sdk/src/rp2_common/pico_double/double_math.c.obj
LOAD CMakeFiles/MUXD.dir/C_/VSARM/sdk/Pico/pico-sdk/src/rp2_common/pico_double/double_v1_rom_shim.S.obj
LOAD CMakeFiles/MUXD.dir/C_/VSARM/sdk/Pico/pico-sdk/src/rp2_common/pico_int64_ops/pico_int64_ops_aeabi.S.obj
LOAD CMakeFiles/MUXD.dir/C_/VSARM/sdk/Pico/pico-sdk/src/rp2_common/pico_float/float_aeabi.S.obj
LOAD CMakeFiles/MUXD.dir/C_/VSARM/sdk/Pico/pico-sdk/src/rp2_common/pico_float/float_init_rom.c.obj
LOAD CMakeFiles/MUXD.dir/C_/VSARM/sdk/Pico/pico-sdk/src/rp2_common/pico_float/float_math.c.obj
LOAD CMakeFiles/MUXD.dir/C_/VSARM/sdk/Pico/pico-sdk/src/rp2_common/pico_float/float_v1_rom_shim.S.obj
LOAD CMakeFiles/MUXD.dir/C_/VSARM/sdk/Pico/pico-sdk/src/rp2_common/pico_malloc/pico_malloc.c.obj
LOAD CMakeFiles/MUXD.dir/C_/VSARM/sdk/Pico/pico-sdk/src/rp2_common/pico_mem_ops/mem_ops_aeabi.S.obj
LOAD CMakeFiles/MUXD.dir/C_/VSARM/sdk/Pico/pico-sdk/src/rp2_common/pico_standard_link/crt0.S.obj
LOAD CMakeFiles/MUXD.dir/C_/VSARM/sdk/Pico/pico-sdk/src/rp2_common/pico_standard_link/new_delete.cpp.obj
LOAD CMakeFiles/MUXD.dir/C_/VSARM/sdk/Pico/pico-sdk/src/rp2_common/pico_standard_link/binary_info.c.obj
LOAD CMakeFiles/MUXD.dir/C_/VSARM/sdk/Pico/pico-sdk/src/rp2_common/pico_stdio/stdio.c.obj
LOAD CMakeFiles/MUXD.dir/C_/VSARM/sdk/Pico/pico-sdk/src/rp2_common/pico_stdio_uart/stdio_uart.c.obj
LOAD C:\Users\ENITT\AppData\Local\Temp\ccE7KmtG.o
LOAD c:/progra~2/gnuarm~1/102021~1.07/bin/../lib/gcc/arm-none-eabi/10.3.1/../../../../arm-none-eabi/lib/thumb/v6-m/nofp\libstdc++.a
LOAD c:/progra~2/gnuarm~1/102021~1.07/bin/../lib/gcc/arm-none-eabi/10.3.1/../../../../arm-none-eabi/lib/thumb/v6-m/nofp\libm.a
START GROUP
LOAD c:/progra~2/gnuarm~1/102021~1.07/bin/../lib/gcc/arm-none-eabi/10.3.1/thumb/v6-m/nofp\libgcc.a
LOAD c:/progra~2/gnuarm~1/102021~1.07/bin/../lib/gcc/arm-none-eabi/10.3.1/../../../../arm-none-eabi/lib/thumb/v6-m/nofp\libg.a
LOAD c:/progra~2/gnuarm~1/102021~1.07/bin/../lib/gcc/arm-none-eabi/10.3.1/../../../../arm-none-eabi/lib/thumb/v6-m/nofp\libc.a
END GROUP
START GROUP
LOAD c:/progra~2/gnuarm~1/102021~1.07/bin/../lib/gcc/arm-none-eabi/10.3.1/thumb/v6-m/nofp\libgcc.a
LOAD c:/progra~2/gnuarm~1/102021~1.07/bin/../lib/gcc/arm-none-eabi/10.3.1/../../../../arm-none-eabi/lib/thumb/v6-m/nofp\libc.a
LOAD c:/progra~2/gnuarm~1/102021~1.07/bin/../lib/gcc/arm-none-eabi/10.3.1/../../../../arm-none-eabi/lib/thumb/v6-m/nofp\libnosys.a
END GROUP
LOAD c:/progra~2/gnuarm~1/102021~1.07/bin/../lib/gcc/arm-none-eabi/10.3.1/thumb/v6-m/nofp/crtend.o
LOAD c:/progra~2/gnuarm~1/102021~1.07/bin/../lib/gcc/arm-none-eabi/10.3.1/thumb/v6-m/nofp/crtn.o
OUTPUT(MUXD.elf elf32-littlearm)
LOAD linker stubs

.ARM.attributes
                0x00000000       0x28
 .ARM.attributes
                0x00000000       0x1e c:/progra~2/gnuarm~1/102021~1.07/bin/../lib/gcc/arm-none-eabi/10.3.1/thumb/v6-m/nofp/crti.o
 .ARM.attributes
                0x0000001e       0x2c c:/progra~2/gnuarm~1/102021~1.07/bin/../lib/gcc/arm-none-eabi/10.3.1/thumb/v6-m/nofp/crtbegin.o
 .ARM.attributes
                0x0000004a       0x2c CMakeFiles/MUXD.dir/muxd.c.obj
 .ARM.attributes
                0x00000076       0x2c CMakeFiles/MUXD.dir/C_/VSARM/sdk/Pico/pico-sdk/src/rp2_common/hardware_gpio/gpio.c.obj
 .ARM.attributes
                0x000000a2       0x2c CMakeFiles/MUXD.dir/C_/VSARM/sdk/Pico/pico-sdk/src/rp2_common/hardware_claim/claim.c.obj
 .ARM.attributes
                0x000000ce       0x2c CMakeFiles/MUXD.dir/C_/VSARM/sdk/Pico/pico-sdk/src/rp2_common/pico_platform/platform.c.obj
 .ARM.attributes
                0x000000fa       0x2c CMakeFiles/MUXD.dir/C_/VSARM/sdk/Pico/pico-sdk/src/rp2_common/hardware_sync/sync.c.obj
 .ARM.attributes
                0x00000126       0x2c CMakeFiles/MUXD.dir/C_/VSARM/sdk/Pico/pico-sdk/src/rp2_common/hardware_uart/uart.c.obj
 .ARM.attributes
                0x00000152       0x2c CMakeFiles/MUXD.dir/C_/VSARM/sdk/Pico/pico-sdk/src/common/pico_time/time.c.obj
 .ARM.attributes
                0x0000017e       0x2c CMakeFiles/MUXD.dir/C_/VSARM/sdk/Pico/pico-sdk/src/rp2_common/hardware_timer/timer.c.obj
 .ARM.attributes
                0x000001aa       0x2c CMakeFiles/MUXD.dir/C_/VSARM/sdk/Pico/pico-sdk/src/common/pico_sync/lock_core.c.obj
 .ARM.attributes
                0x000001d6       0x2c CMakeFiles/MUXD.dir/C_/VSARM/sdk/Pico/pico-sdk/src/common/pico_sync/mutex.c.obj
 .ARM.attributes
                0x00000202       0x2c CMakeFiles/MUXD.dir/C_/VSARM/sdk/Pico/pico-sdk/src/common/pico_util/pheap.c.obj
 .ARM.attributes
                0x0000022e       0x2c CMakeFiles/MUXD.dir/C_/VSARM/sdk/Pico/pico-sdk/src/rp2_common/pico_runtime/runtime.c.obj
 .ARM.attributes
                0x0000025a       0x2c CMakeFiles/MUXD.dir/C_/VSARM/sdk/Pico/pico-sdk/src/rp2_common/hardware_clocks/clocks.c.obj
 .ARM.attributes
                0x00000286       0x2c CMakeFiles/MUXD.dir/C_/VSARM/sdk/Pico/pico-sdk/src/rp2_common/hardware_irq/irq.c.obj
 .ARM.attributes
                0x000002b2       0x22 CMakeFiles/MUXD.dir/C_/VSARM/sdk/Pico/pico-sdk/src/rp2_common/hardware_irq/irq_handler_chain.S.obj
 .ARM.attributes
                0x000002d4       0x2c CMakeFiles/MUXD.dir/C_/VSARM/sdk/Pico/pico-sdk/src/rp2_common/hardware_pll/pll.c.obj
 .ARM.attributes
                0x00000300       0x2c CMakeFiles/MUXD.dir/C_/VSARM/sdk/Pico/pico-sdk/src/rp2_common/hardware_watchdog/watchdog.c.obj
 .ARM.attributes
                0x0000032c       0x2c CMakeFiles/MUXD.dir/C_/VSARM/sdk/Pico/pico-sdk/src/rp2_common/hardware_xosc/xosc.c.obj
 .ARM.attributes
                0x00000358       0x2c CMakeFiles/MUXD.dir/C_/VSARM/sdk/Pico/pico-sdk/src/rp2_common/pico_printf/printf.c.obj
 .ARM.attributes
                0x00000384       0x22 CMakeFiles/MUXD.dir/C_/VSARM/sdk/Pico/pico-sdk/src/rp2_common/pico_bit_ops/bit_ops_aeabi.S.obj
 .ARM.attributes
                0x000003a6       0x2c CMakeFiles/MUXD.dir/C_/VSARM/sdk/Pico/pico-sdk/src/rp2_common/pico_bootrom/bootrom.c.obj
 .ARM.attributes
                0x000003d2       0x22 CMakeFiles/MUXD.dir/C_/VSARM/sdk/Pico/pico-sdk/src/rp2_common/pico_divider/divider.S.obj
 .ARM.attributes
                0x000003f4       0x22 CMakeFiles/MUXD.dir/C_/VSARM/sdk/Pico/pico-sdk/src/rp2_common/pico_double/double_aeabi.S.obj
 .ARM.attributes
                0x00000416       0x2c CMakeFiles/MUXD.dir/C_/VSARM/sdk/Pico/pico-sdk/src/rp2_common/pico_double/double_init_rom.c.obj
 .ARM.attributes
                0x00000442       0x22 CMakeFiles/MUXD.dir/C_/VSARM/sdk/Pico/pico-sdk/src/rp2_common/pico_double/double_v1_rom_shim.S.obj
 .ARM.attributes
                0x00000464       0x22 CMakeFiles/MUXD.dir/C_/VSARM/sdk/Pico/pico-sdk/src/rp2_common/pico_int64_ops/pico_int64_ops_aeabi.S.obj
 .ARM.attributes
                0x00000486       0x22 CMakeFiles/MUXD.dir/C_/VSARM/sdk/Pico/pico-sdk/src/rp2_common/pico_float/float_aeabi.S.obj
 .ARM.attributes
                0x000004a8       0x2c CMakeFiles/MUXD.dir/C_/VSARM/sdk/Pico/pico-sdk/src/rp2_common/pico_float/float_init_rom.c.obj
 .ARM.attributes
                0x000004d4       0x22 CMakeFiles/MUXD.dir/C_/VSARM/sdk/Pico/pico-sdk/src/rp2_common/pico_float/float_v1_rom_shim.S.obj
 .ARM.attributes
                0x000004f6       0x22 CMakeFiles/MUXD.dir/C_/VSARM/sdk/Pico/pico-sdk/src/rp2_common/pico_mem_ops/mem_ops_aeabi.S.obj
 .ARM.attributes
                0x00000518       0x22 CMakeFiles/MUXD.dir/C_/VSARM/sdk/Pico/pico-sdk/src/rp2_common/pico_standard_link/crt0.S.obj
 .ARM.attributes
                0x0000053a       0x32 CMakeFiles/MUXD.dir/C_/VSARM/sdk/Pico/pico-sdk/src/rp2_common/pico_standard_link/binary_info.c.obj
 .ARM.attributes
                0x0000056c       0x2c CMakeFiles/MUXD.dir/C_/VSARM/sdk/Pico/pico-sdk/src/rp2_common/pico_stdio/stdio.c.obj
 .ARM.attributes
                0x00000598       0x2c CMakeFiles/MUXD.dir/C_/VSARM/sdk/Pico/pico-sdk/src/rp2_common/pico_stdio_uart/stdio_uart.c.obj
 .ARM.attributes
                0x000005c4       0x22 C:\Users\ENITT\AppData\Local\Temp\ccE7KmtG.o
 .ARM.attributes
                0x000005e6       0x1e c:/progra~2/gnuarm~1/102021~1.07/bin/../lib/gcc/arm-none-eabi/10.3.1/thumb/v6-m/nofp\libgcc.a(_dvmd_tls.o)
 .ARM.attributes
                0x00000604       0x2c c:/progra~2/gnuarm~1/102021~1.07/bin/../lib/gcc/arm-none-eabi/10.3.1/../../../../arm-none-eabi/lib/thumb/v6-m/nofp\libg.a(lib_a-strlen-stub.o)

.comment        0x00000000       0x49
 .comment       0x00000000       0x49 CMakeFiles/MUXD.dir/muxd.c.obj
                                 0x4a (size before relaxing)
 .comment       0x00000049       0x4a CMakeFiles/MUXD.dir/C_/VSARM/sdk/Pico/pico-sdk/src/rp2_common/hardware_gpio/gpio.c.obj
 .comment       0x00000049       0x4a CMakeFiles/MUXD.dir/C_/VSARM/sdk/Pico/pico-sdk/src/rp2_common/hardware_claim/claim.c.obj
 .comment       0x00000049       0x4a CMakeFiles/MUXD.dir/C_/VSARM/sdk/Pico/pico-sdk/src/rp2_common/pico_platform/platform.c.obj
 .comment       0x00000049       0x4a CMakeFiles/MUXD.dir/C_/VSARM/sdk/Pico/pico-sdk/src/rp2_common/hardware_sync/sync.c.obj
 .comment       0x00000049       0x4a CMakeFiles/MUXD.dir/C_/VSARM/sdk/Pico/pico-sdk/src/rp2_common/hardware_uart/uart.c.obj
 .comment       0x00000049       0x4a CMakeFiles/MUXD.dir/C_/VSARM/sdk/Pico/pico-sdk/src/common/pico_time/time.c.obj
 .comment       0x00000049       0x4a CMakeFiles/MUXD.dir/C_/VSARM/sdk/Pico/pico-sdk/src/rp2_common/hardware_timer/timer.c.obj
 .comment       0x00000049       0x4a CMakeFiles/MUXD.dir/C_/VSARM/sdk/Pico/pico-sdk/src/common/pico_sync/lock_core.c.obj
 .comment       0x00000049       0x4a CMakeFiles/MUXD.dir/C_/VSARM/sdk/Pico/pico-sdk/src/common/pico_sync/mutex.c.obj
 .comment       0x00000049       0x4a CMakeFiles/MUXD.dir/C_/VSARM/sdk/Pico/pico-sdk/src/common/pico_util/pheap.c.obj
 .comment       0x00000049       0x4a CMakeFiles/MUXD.dir/C_/VSARM/sdk/Pico/pico-sdk/src/rp2_common/pico_runtime/runtime.c.obj
 .comment       0x00000049       0x4a CMakeFiles/MUXD.dir/C_/VSARM/sdk/Pico/pico-sdk/src/rp2_common/hardware_clocks/clocks.c.obj
 .comment       0x00000049       0x4a CMakeFiles/MUXD.dir/C_/VSARM/sdk/Pico/pico-sdk/src/rp2_common/hardware_irq/irq.c.obj
 .comment       0x00000049       0x4a CMakeFiles/MUXD.dir/C_/VSARM/sdk/Pico/pico-sdk/src/rp2_common/hardware_pll/pll.c.obj
 .comment       0x00000049       0x4a CMakeFiles/MUXD.dir/C_/VSARM/sdk/Pico/pico-sdk/src/rp2_common/hardware_watchdog/watchdog.c.obj
 .comment       0x00000049       0x4a CMakeFiles/MUXD.dir/C_/VSARM/sdk/Pico/pico-sdk/src/rp2_common/hardware_xosc/xosc.c.obj
 .comment       0x00000049       0x4a CMakeFiles/MUXD.dir/C_/VSARM/sdk/Pico/pico-sdk/src/rp2_common/pico_printf/printf.c.obj
 .comment       0x00000049       0x4a CMakeFiles/MUXD.dir/C_/VSARM/sdk/Pico/pico-sdk/src/rp2_common/pico_bootrom/bootrom.c.obj
 .comment       0x00000049       0x4a CMakeFiles/MUXD.dir/C_/VSARM/sdk/Pico/pico-sdk/src/rp2_common/pico_double/double_init_rom.c.obj
 .comment       0x00000049       0x4a CMakeFiles/MUXD.dir/C_/VSARM/sdk/Pico/pico-sdk/src/rp2_common/pico_float/float_init_rom.c.obj
 .comment       0x00000049       0x4a CMakeFiles/MUXD.dir/C_/VSARM/sdk/Pico/pico-sdk/src/rp2_common/pico_standard_link/binary_info.c.obj
 .comment       0x00000049       0x4a CMakeFiles/MUXD.dir/C_/VSARM/sdk/Pico/pico-sdk/src/rp2_common/pico_stdio/stdio.c.obj
 .comment       0x00000049       0x4a CMakeFiles/MUXD.dir/C_/VSARM/sdk/Pico/pico-sdk/src/rp2_common/pico_stdio_uart/stdio_uart.c.obj

.debug_info     0x00000000    0x12c00
 .debug_info    0x00000000      0x8be CMakeFiles/MUXD.dir/muxd.c.obj
 .debug_info    0x000008be     0x1465 CMakeFiles/MUXD.dir/C_/VSARM/sdk/Pico/pico-sdk/src/rp2_common/hardware_gpio/gpio.c.obj
 .debug_info    0x00001d23      0x6ba CMakeFiles/MUXD.dir/C_/VSARM/sdk/Pico/pico-sdk/src/rp2_common/hardware_claim/claim.c.obj
 .debug_info    0x000023dd      0x1e3 CMakeFiles/MUXD.dir/C_/VSARM/sdk/Pico/pico-sdk/src/rp2_common/pico_platform/platform.c.obj
 .debug_info    0x000025c0      0x58e CMakeFiles/MUXD.dir/C_/VSARM/sdk/Pico/pico-sdk/src/rp2_common/hardware_sync/sync.c.obj
 .debug_info    0x00002b4e      0xb64 CMakeFiles/MUXD.dir/C_/VSARM/sdk/Pico/pico-sdk/src/rp2_common/hardware_uart/uart.c.obj
 .debug_info    0x000036b2     0x3b2f CMakeFiles/MUXD.dir/C_/VSARM/sdk/Pico/pico-sdk/src/common/pico_time/time.c.obj
 .debug_info    0x000071e1     0x1130 CMakeFiles/MUXD.dir/C_/VSARM/sdk/Pico/pico-sdk/src/rp2_common/hardware_timer/timer.c.obj
 .debug_info    0x00008311      0x1a4 CMakeFiles/MUXD.dir/C_/VSARM/sdk/Pico/pico-sdk/src/common/pico_sync/lock_core.c.obj
 .debug_info    0x000084b5     0x13b2 CMakeFiles/MUXD.dir/C_/VSARM/sdk/Pico/pico-sdk/src/common/pico_sync/mutex.c.obj
 .debug_info    0x00009867     0x120c CMakeFiles/MUXD.dir/C_/VSARM/sdk/Pico/pico-sdk/src/common/pico_util/pheap.c.obj
 .debug_info    0x0000aa73      0x9bc CMakeFiles/MUXD.dir/C_/VSARM/sdk/Pico/pico-sdk/src/rp2_common/pico_runtime/runtime.c.obj
 .debug_info    0x0000b42f      0xf56 CMakeFiles/MUXD.dir/C_/VSARM/sdk/Pico/pico-sdk/src/rp2_common/hardware_clocks/clocks.c.obj
 .debug_info    0x0000c385     0x191a CMakeFiles/MUXD.dir/C_/VSARM/sdk/Pico/pico-sdk/src/rp2_common/hardware_irq/irq.c.obj
 .debug_info    0x0000dc9f      0x509 CMakeFiles/MUXD.dir/C_/VSARM/sdk/Pico/pico-sdk/src/rp2_common/hardware_pll/pll.c.obj
 .debug_info    0x0000e1a8      0x49c CMakeFiles/MUXD.dir/C_/VSARM/sdk/Pico/pico-sdk/src/rp2_common/hardware_watchdog/watchdog.c.obj
 .debug_info    0x0000e644      0x1dd CMakeFiles/MUXD.dir/C_/VSARM/sdk/Pico/pico-sdk/src/rp2_common/hardware_xosc/xosc.c.obj
 .debug_info    0x0000e821     0x1a5f CMakeFiles/MUXD.dir/C_/VSARM/sdk/Pico/pico-sdk/src/rp2_common/pico_printf/printf.c.obj
 .debug_info    0x00010280       0x22 CMakeFiles/MUXD.dir/C_/VSARM/sdk/Pico/pico-sdk/src/rp2_common/pico_bit_ops/bit_ops_aeabi.S.obj
 .debug_info    0x000102a2      0x231 CMakeFiles/MUXD.dir/C_/VSARM/sdk/Pico/pico-sdk/src/rp2_common/pico_bootrom/bootrom.c.obj
 .debug_info    0x000104d3       0x22 CMakeFiles/MUXD.dir/C_/VSARM/sdk/Pico/pico-sdk/src/rp2_common/pico_divider/divider.S.obj
 .debug_info    0x000104f5       0x22 CMakeFiles/MUXD.dir/C_/VSARM/sdk/Pico/pico-sdk/src/rp2_common/pico_double/double_aeabi.S.obj
 .debug_info    0x00010517      0x2a0 CMakeFiles/MUXD.dir/C_/VSARM/sdk/Pico/pico-sdk/src/rp2_common/pico_double/double_init_rom.c.obj
 .debug_info    0x000107b7       0x22 CMakeFiles/MUXD.dir/C_/VSARM/sdk/Pico/pico-sdk/src/rp2_common/pico_double/double_v1_rom_shim.S.obj
 .debug_info    0x000107d9       0x26 CMakeFiles/MUXD.dir/C_/VSARM/sdk/Pico/pico-sdk/src/rp2_common/pico_int64_ops/pico_int64_ops_aeabi.S.obj
 .debug_info    0x000107ff       0x22 CMakeFiles/MUXD.dir/C_/VSARM/sdk/Pico/pico-sdk/src/rp2_common/pico_float/float_aeabi.S.obj
 .debug_info    0x00010821      0x2e9 CMakeFiles/MUXD.dir/C_/VSARM/sdk/Pico/pico-sdk/src/rp2_common/pico_float/float_init_rom.c.obj
 .debug_info    0x00010b0a       0x22 CMakeFiles/MUXD.dir/C_/VSARM/sdk/Pico/pico-sdk/src/rp2_common/pico_float/float_v1_rom_shim.S.obj
 .debug_info    0x00010b2c       0x22 CMakeFiles/MUXD.dir/C_/VSARM/sdk/Pico/pico-sdk/src/rp2_common/pico_mem_ops/mem_ops_aeabi.S.obj
 .debug_info    0x00010b4e       0x22 CMakeFiles/MUXD.dir/C_/VSARM/sdk/Pico/pico-sdk/src/rp2_common/pico_standard_link/crt0.S.obj
 .debug_info    0x00010b70      0x2f6 CMakeFiles/MUXD.dir/C_/VSARM/sdk/Pico/pico-sdk/src/rp2_common/pico_standard_link/binary_info.c.obj
 .debug_info    0x00010e66     0x116b CMakeFiles/MUXD.dir/C_/VSARM/sdk/Pico/pico-sdk/src/rp2_common/pico_stdio/stdio.c.obj
 .debug_info    0x00011fd1      0xc2f CMakeFiles/MUXD.dir/C_/VSARM/sdk/Pico/pico-sdk/src/rp2_common/pico_stdio_uart/stdio_uart.c.obj

.debug_abbrev   0x00000000     0x3df6
 .debug_abbrev  0x00000000      0x1b2 CMakeFiles/MUXD.dir/muxd.c.obj
 .debug_abbrev  0x000001b2      0x2c4 CMakeFiles/MUXD.dir/C_/VSARM/sdk/Pico/pico-sdk/src/rp2_common/hardware_gpio/gpio.c.obj
 .debug_abbrev  0x00000476      0x2d6 CMakeFiles/MUXD.dir/C_/VSARM/sdk/Pico/pico-sdk/src/rp2_common/hardware_claim/claim.c.obj
 .debug_abbrev  0x0000074c       0xeb CMakeFiles/MUXD.dir/C_/VSARM/sdk/Pico/pico-sdk/src/rp2_common/pico_platform/platform.c.obj
 .debug_abbrev  0x00000837      0x21b CMakeFiles/MUXD.dir/C_/VSARM/sdk/Pico/pico-sdk/src/rp2_common/hardware_sync/sync.c.obj
 .debug_abbrev  0x00000a52      0x2d2 CMakeFiles/MUXD.dir/C_/VSARM/sdk/Pico/pico-sdk/src/rp2_common/hardware_uart/uart.c.obj
 .debug_abbrev  0x00000d24      0x53c CMakeFiles/MUXD.dir/C_/VSARM/sdk/Pico/pico-sdk/src/common/pico_time/time.c.obj
 .debug_abbrev  0x00001260      0x37e CMakeFiles/MUXD.dir/C_/VSARM/sdk/Pico/pico-sdk/src/rp2_common/hardware_timer/timer.c.obj
 .debug_abbrev  0x000015de      0x116 CMakeFiles/MUXD.dir/C_/VSARM/sdk/Pico/pico-sdk/src/common/pico_sync/lock_core.c.obj
 .debug_abbrev  0x000016f4      0x37d CMakeFiles/MUXD.dir/C_/VSARM/sdk/Pico/pico-sdk/src/common/pico_sync/mutex.c.obj
 .debug_abbrev  0x00001a71      0x297 CMakeFiles/MUXD.dir/C_/VSARM/sdk/Pico/pico-sdk/src/common/pico_util/pheap.c.obj
 .debug_abbrev  0x00001d08      0x35a CMakeFiles/MUXD.dir/C_/VSARM/sdk/Pico/pico-sdk/src/rp2_common/pico_runtime/runtime.c.obj
 .debug_abbrev  0x00002062      0x372 CMakeFiles/MUXD.dir/C_/VSARM/sdk/Pico/pico-sdk/src/rp2_common/hardware_clocks/clocks.c.obj
 .debug_abbrev  0x000023d4      0x4a5 CMakeFiles/MUXD.dir/C_/VSARM/sdk/Pico/pico-sdk/src/rp2_common/hardware_irq/irq.c.obj
 .debug_abbrev  0x00002879      0x1ea CMakeFiles/MUXD.dir/C_/VSARM/sdk/Pico/pico-sdk/src/rp2_common/hardware_pll/pll.c.obj
 .debug_abbrev  0x00002a63      0x1b1 CMakeFiles/MUXD.dir/C_/VSARM/sdk/Pico/pico-sdk/src/rp2_common/hardware_watchdog/watchdog.c.obj
 .debug_abbrev  0x00002c14      0x109 CMakeFiles/MUXD.dir/C_/VSARM/sdk/Pico/pico-sdk/src/rp2_common/hardware_xosc/xosc.c.obj
 .debug_abbrev  0x00002d1d      0x384 CMakeFiles/MUXD.dir/C_/VSARM/sdk/Pico/pico-sdk/src/rp2_common/pico_printf/printf.c.obj
 .debug_abbrev  0x000030a1       0x12 CMakeFiles/MUXD.dir/C_/VSARM/sdk/Pico/pico-sdk/src/rp2_common/pico_bit_ops/bit_ops_aeabi.S.obj
 .debug_abbrev  0x000030b3       0xf8 CMakeFiles/MUXD.dir/C_/VSARM/sdk/Pico/pico-sdk/src/rp2_common/pico_bootrom/bootrom.c.obj
 .debug_abbrev  0x000031ab       0x12 CMakeFiles/MUXD.dir/C_/VSARM/sdk/Pico/pico-sdk/src/rp2_common/pico_divider/divider.S.obj
 .debug_abbrev  0x000031bd       0x12 CMakeFiles/MUXD.dir/C_/VSARM/sdk/Pico/pico-sdk/src/rp2_common/pico_double/double_aeabi.S.obj
 .debug_abbrev  0x000031cf      0x166 CMakeFiles/MUXD.dir/C_/VSARM/sdk/Pico/pico-sdk/src/rp2_common/pico_double/double_init_rom.c.obj
 .debug_abbrev  0x00003335       0x12 CMakeFiles/MUXD.dir/C_/VSARM/sdk/Pico/pico-sdk/src/rp2_common/pico_double/double_v1_rom_shim.S.obj
 .debug_abbrev  0x00003347       0x14 CMakeFiles/MUXD.dir/C_/VSARM/sdk/Pico/pico-sdk/src/rp2_common/pico_int64_ops/pico_int64_ops_aeabi.S.obj
 .debug_abbrev  0x0000335b       0x12 CMakeFiles/MUXD.dir/C_/VSARM/sdk/Pico/pico-sdk/src/rp2_common/pico_float/float_aeabi.S.obj
 .debug_abbrev  0x0000336d      0x179 CMakeFiles/MUXD.dir/C_/VSARM/sdk/Pico/pico-sdk/src/rp2_common/pico_float/float_init_rom.c.obj
 .debug_abbrev  0x000034e6       0x12 CMakeFiles/MUXD.dir/C_/VSARM/sdk/Pico/pico-sdk/src/rp2_common/pico_float/float_v1_rom_shim.S.obj
 .debug_abbrev  0x000034f8       0x12 CMakeFiles/MUXD.dir/C_/VSARM/sdk/Pico/pico-sdk/src/rp2_common/pico_mem_ops/mem_ops_aeabi.S.obj
 .debug_abbrev  0x0000350a       0x12 CMakeFiles/MUXD.dir/C_/VSARM/sdk/Pico/pico-sdk/src/rp2_common/pico_standard_link/crt0.S.obj
 .debug_abbrev  0x0000351c       0xad CMakeFiles/MUXD.dir/C_/VSARM/sdk/Pico/pico-sdk/src/rp2_common/pico_standard_link/binary_info.c.obj
 .debug_abbrev  0x000035c9      0x4a7 CMakeFiles/MUXD.dir/C_/VSARM/sdk/Pico/pico-sdk/src/rp2_common/pico_stdio/stdio.c.obj
 .debug_abbrev  0x00003a70      0x386 CMakeFiles/MUXD.dir/C_/VSARM/sdk/Pico/pico-sdk/src/rp2_common/pico_stdio_uart/stdio_uart.c.obj

.debug_loc      0x00000000     0xcc0b
 .debug_loc     0x00000000      0x33c CMakeFiles/MUXD.dir/muxd.c.obj
 .debug_loc     0x0000033c      0xede CMakeFiles/MUXD.dir/C_/VSARM/sdk/Pico/pico-sdk/src/rp2_common/hardware_gpio/gpio.c.obj
 .debug_loc     0x0000121a      0x45f CMakeFiles/MUXD.dir/C_/VSARM/sdk/Pico/pico-sdk/src/rp2_common/hardware_claim/claim.c.obj
 .debug_loc     0x00001679       0xe9 CMakeFiles/MUXD.dir/C_/VSARM/sdk/Pico/pico-sdk/src/rp2_common/pico_platform/platform.c.obj
 .debug_loc     0x00001762      0x233 CMakeFiles/MUXD.dir/C_/VSARM/sdk/Pico/pico-sdk/src/rp2_common/hardware_sync/sync.c.obj
 .debug_loc     0x00001995      0x533 CMakeFiles/MUXD.dir/C_/VSARM/sdk/Pico/pico-sdk/src/rp2_common/hardware_uart/uart.c.obj
 .debug_loc     0x00001ec8     0x2e37 CMakeFiles/MUXD.dir/C_/VSARM/sdk/Pico/pico-sdk/src/common/pico_time/time.c.obj
 .debug_loc     0x00004cff      0x952 CMakeFiles/MUXD.dir/C_/VSARM/sdk/Pico/pico-sdk/src/rp2_common/hardware_timer/timer.c.obj
 .debug_loc     0x00005651       0x60 CMakeFiles/MUXD.dir/C_/VSARM/sdk/Pico/pico-sdk/src/common/pico_sync/lock_core.c.obj
 .debug_loc     0x000056b1      0xbc3 CMakeFiles/MUXD.dir/C_/VSARM/sdk/Pico/pico-sdk/src/common/pico_sync/mutex.c.obj
 .debug_loc     0x00006274     0x1439 CMakeFiles/MUXD.dir/C_/VSARM/sdk/Pico/pico-sdk/src/common/pico_util/pheap.c.obj
 .debug_loc     0x000076ad      0x3c6 CMakeFiles/MUXD.dir/C_/VSARM/sdk/Pico/pico-sdk/src/rp2_common/pico_runtime/runtime.c.obj
 .debug_loc     0x00007a73      0x7eb CMakeFiles/MUXD.dir/C_/VSARM/sdk/Pico/pico-sdk/src/rp2_common/hardware_clocks/clocks.c.obj
 .debug_loc     0x0000825e     0x1186 CMakeFiles/MUXD.dir/C_/VSARM/sdk/Pico/pico-sdk/src/rp2_common/hardware_irq/irq.c.obj
 .debug_loc     0x000093e4      0x300 CMakeFiles/MUXD.dir/C_/VSARM/sdk/Pico/pico-sdk/src/rp2_common/hardware_pll/pll.c.obj
 .debug_loc     0x000096e4      0x267 CMakeFiles/MUXD.dir/C_/VSARM/sdk/Pico/pico-sdk/src/rp2_common/hardware_watchdog/watchdog.c.obj
 .debug_loc     0x0000994b       0x71 CMakeFiles/MUXD.dir/C_/VSARM/sdk/Pico/pico-sdk/src/rp2_common/hardware_xosc/xosc.c.obj
 .debug_loc     0x000099bc     0x2095 CMakeFiles/MUXD.dir/C_/VSARM/sdk/Pico/pico-sdk/src/rp2_common/pico_printf/printf.c.obj
 .debug_loc     0x0000ba51      0x16f CMakeFiles/MUXD.dir/C_/VSARM/sdk/Pico/pico-sdk/src/rp2_common/pico_bootrom/bootrom.c.obj
 .debug_loc     0x0000bbc0       0x59 CMakeFiles/MUXD.dir/C_/VSARM/sdk/Pico/pico-sdk/src/rp2_common/pico_double/double_init_rom.c.obj
 .debug_loc     0x0000bc19       0x73 CMakeFiles/MUXD.dir/C_/VSARM/sdk/Pico/pico-sdk/src/rp2_common/pico_float/float_init_rom.c.obj
 .debug_loc     0x0000bc8c      0xa33 CMakeFiles/MUXD.dir/C_/VSARM/sdk/Pico/pico-sdk/src/rp2_common/pico_stdio/stdio.c.obj
 .debug_loc     0x0000c6bf      0x54c CMakeFiles/MUXD.dir/C_/VSARM/sdk/Pico/pico-sdk/src/rp2_common/pico_stdio_uart/stdio_uart.c.obj

.debug_aranges  0x00000000      0xd10
 .debug_aranges
                0x00000000       0x20 CMakeFiles/MUXD.dir/muxd.c.obj
 .debug_aranges
                0x00000020       0xd8 CMakeFiles/MUXD.dir/C_/VSARM/sdk/Pico/pico-sdk/src/rp2_common/hardware_gpio/gpio.c.obj
 .debug_aranges
                0x000000f8       0x48 CMakeFiles/MUXD.dir/C_/VSARM/sdk/Pico/pico-sdk/src/rp2_common/hardware_claim/claim.c.obj
 .debug_aranges
                0x00000140       0x28 CMakeFiles/MUXD.dir/C_/VSARM/sdk/Pico/pico-sdk/src/rp2_common/pico_platform/platform.c.obj
 .debug_aranges
                0x00000168       0x58 CMakeFiles/MUXD.dir/C_/VSARM/sdk/Pico/pico-sdk/src/rp2_common/hardware_sync/sync.c.obj
 .debug_aranges
                0x000001c0       0x40 CMakeFiles/MUXD.dir/C_/VSARM/sdk/Pico/pico-sdk/src/rp2_common/hardware_uart/uart.c.obj
 .debug_aranges
                0x00000200       0xd0 CMakeFiles/MUXD.dir/C_/VSARM/sdk/Pico/pico-sdk/src/common/pico_time/time.c.obj
 .debug_aranges
                0x000002d0       0x78 CMakeFiles/MUXD.dir/C_/VSARM/sdk/Pico/pico-sdk/src/rp2_common/hardware_timer/timer.c.obj
 .debug_aranges
                0x00000348       0x20 CMakeFiles/MUXD.dir/C_/VSARM/sdk/Pico/pico-sdk/src/common/pico_sync/lock_core.c.obj
 .debug_aranges
                0x00000368       0x60 CMakeFiles/MUXD.dir/C_/VSARM/sdk/Pico/pico-sdk/src/common/pico_sync/mutex.c.obj
 .debug_aranges
                0x000003c8       0x78 CMakeFiles/MUXD.dir/C_/VSARM/sdk/Pico/pico-sdk/src/common/pico_util/pheap.c.obj
 .debug_aranges
                0x00000440       0x60 CMakeFiles/MUXD.dir/C_/VSARM/sdk/Pico/pico-sdk/src/rp2_common/pico_runtime/runtime.c.obj
 .debug_aranges
                0x000004a0       0x70 CMakeFiles/MUXD.dir/C_/VSARM/sdk/Pico/pico-sdk/src/rp2_common/hardware_clocks/clocks.c.obj
 .debug_aranges
                0x00000510       0x90 CMakeFiles/MUXD.dir/C_/VSARM/sdk/Pico/pico-sdk/src/rp2_common/hardware_irq/irq.c.obj
 .debug_aranges
                0x000005a0       0x28 CMakeFiles/MUXD.dir/C_/VSARM/sdk/Pico/pico-sdk/src/rp2_common/hardware_pll/pll.c.obj
 .debug_aranges
                0x000005c8       0x50 CMakeFiles/MUXD.dir/C_/VSARM/sdk/Pico/pico-sdk/src/rp2_common/hardware_watchdog/watchdog.c.obj
 .debug_aranges
                0x00000618       0x30 CMakeFiles/MUXD.dir/C_/VSARM/sdk/Pico/pico-sdk/src/rp2_common/hardware_xosc/xosc.c.obj
 .debug_aranges
                0x00000648       0x90 CMakeFiles/MUXD.dir/C_/VSARM/sdk/Pico/pico-sdk/src/rp2_common/pico_printf/printf.c.obj
 .debug_aranges
                0x000006d8       0x68 CMakeFiles/MUXD.dir/C_/VSARM/sdk/Pico/pico-sdk/src/rp2_common/pico_bit_ops/bit_ops_aeabi.S.obj
 .debug_aranges
                0x00000740       0x30 CMakeFiles/MUXD.dir/C_/VSARM/sdk/Pico/pico-sdk/src/rp2_common/pico_bootrom/bootrom.c.obj
 .debug_aranges
                0x00000770       0x40 CMakeFiles/MUXD.dir/C_/VSARM/sdk/Pico/pico-sdk/src/rp2_common/pico_divider/divider.S.obj
 .debug_aranges
                0x000007b0      0x140 CMakeFiles/MUXD.dir/C_/VSARM/sdk/Pico/pico-sdk/src/rp2_common/pico_double/double_aeabi.S.obj
 .debug_aranges
                0x000008f0       0x20 CMakeFiles/MUXD.dir/C_/VSARM/sdk/Pico/pico-sdk/src/rp2_common/pico_double/double_init_rom.c.obj
 .debug_aranges
                0x00000910       0xc8 CMakeFiles/MUXD.dir/C_/VSARM/sdk/Pico/pico-sdk/src/rp2_common/pico_double/double_v1_rom_shim.S.obj
 .debug_aranges
                0x000009d8       0x20 CMakeFiles/MUXD.dir/C_/VSARM/sdk/Pico/pico-sdk/src/rp2_common/pico_int64_ops/pico_int64_ops_aeabi.S.obj
 .debug_aranges
                0x000009f8      0x130 CMakeFiles/MUXD.dir/C_/VSARM/sdk/Pico/pico-sdk/src/rp2_common/pico_float/float_aeabi.S.obj
 .debug_aranges
                0x00000b28       0x20 CMakeFiles/MUXD.dir/C_/VSARM/sdk/Pico/pico-sdk/src/rp2_common/pico_float/float_init_rom.c.obj
 .debug_aranges
                0x00000b48       0x50 CMakeFiles/MUXD.dir/C_/VSARM/sdk/Pico/pico-sdk/src/rp2_common/pico_float/float_v1_rom_shim.S.obj
 .debug_aranges
                0x00000b98       0x38 CMakeFiles/MUXD.dir/C_/VSARM/sdk/Pico/pico-sdk/src/rp2_common/pico_mem_ops/mem_ops_aeabi.S.obj
 .debug_aranges
                0x00000bd0       0x28 CMakeFiles/MUXD.dir/C_/VSARM/sdk/Pico/pico-sdk/src/rp2_common/pico_standard_link/crt0.S.obj
 .debug_aranges
                0x00000bf8       0x18 CMakeFiles/MUXD.dir/C_/VSARM/sdk/Pico/pico-sdk/src/rp2_common/pico_standard_link/binary_info.c.obj
 .debug_aranges
                0x00000c10       0xb8 CMakeFiles/MUXD.dir/C_/VSARM/sdk/Pico/pico-sdk/src/rp2_common/pico_stdio/stdio.c.obj
 .debug_aranges
                0x00000cc8       0x48 CMakeFiles/MUXD.dir/C_/VSARM/sdk/Pico/pico-sdk/src/rp2_common/pico_stdio_uart/stdio_uart.c.obj

.debug_ranges   0x00000000     0x2960
 .debug_ranges  0x00000000       0x10 CMakeFiles/MUXD.dir/muxd.c.obj
 .debug_ranges  0x00000010       0xe0 CMakeFiles/MUXD.dir/C_/VSARM/sdk/Pico/pico-sdk/src/rp2_common/hardware_gpio/gpio.c.obj
 .debug_ranges  0x000000f0       0xd8 CMakeFiles/MUXD.dir/C_/VSARM/sdk/Pico/pico-sdk/src/rp2_common/hardware_claim/claim.c.obj
 .debug_ranges  0x000001c8       0x18 CMakeFiles/MUXD.dir/C_/VSARM/sdk/Pico/pico-sdk/src/rp2_common/pico_platform/platform.c.obj
 .debug_ranges  0x000001e0       0xf0 CMakeFiles/MUXD.dir/C_/VSARM/sdk/Pico/pico-sdk/src/rp2_common/hardware_sync/sync.c.obj
 .debug_ranges  0x000002d0       0xf8 CMakeFiles/MUXD.dir/C_/VSARM/sdk/Pico/pico-sdk/src/rp2_common/hardware_uart/uart.c.obj
 .debug_ranges  0x000003c8      0xba0 CMakeFiles/MUXD.dir/C_/VSARM/sdk/Pico/pico-sdk/src/common/pico_time/time.c.obj
 .debug_ranges  0x00000f68      0x320 CMakeFiles/MUXD.dir/C_/VSARM/sdk/Pico/pico-sdk/src/rp2_common/hardware_timer/timer.c.obj
 .debug_ranges  0x00001288       0x10 CMakeFiles/MUXD.dir/C_/VSARM/sdk/Pico/pico-sdk/src/common/pico_sync/lock_core.c.obj
 .debug_ranges  0x00001298      0x5c8 CMakeFiles/MUXD.dir/C_/VSARM/sdk/Pico/pico-sdk/src/common/pico_sync/mutex.c.obj
 .debug_ranges  0x00001860      0x248 CMakeFiles/MUXD.dir/C_/VSARM/sdk/Pico/pico-sdk/src/common/pico_util/pheap.c.obj
 .debug_ranges  0x00001aa8       0x68 CMakeFiles/MUXD.dir/C_/VSARM/sdk/Pico/pico-sdk/src/rp2_common/pico_runtime/runtime.c.obj
 .debug_ranges  0x00001b10       0x60 CMakeFiles/MUXD.dir/C_/VSARM/sdk/Pico/pico-sdk/src/rp2_common/hardware_clocks/clocks.c.obj
 .debug_ranges  0x00001b70      0x3b0 CMakeFiles/MUXD.dir/C_/VSARM/sdk/Pico/pico-sdk/src/rp2_common/hardware_irq/irq.c.obj
 .debug_ranges  0x00001f20       0x30 CMakeFiles/MUXD.dir/C_/VSARM/sdk/Pico/pico-sdk/src/rp2_common/hardware_pll/pll.c.obj
 .debug_ranges  0x00001f50       0x40 CMakeFiles/MUXD.dir/C_/VSARM/sdk/Pico/pico-sdk/src/rp2_common/hardware_watchdog/watchdog.c.obj
 .debug_ranges  0x00001f90       0x20 CMakeFiles/MUXD.dir/C_/VSARM/sdk/Pico/pico-sdk/src/rp2_common/hardware_xosc/xosc.c.obj
 .debug_ranges  0x00001fb0      0x108 CMakeFiles/MUXD.dir/C_/VSARM/sdk/Pico/pico-sdk/src/rp2_common/pico_printf/printf.c.obj
 .debug_ranges  0x000020b8       0x60 CMakeFiles/MUXD.dir/C_/VSARM/sdk/Pico/pico-sdk/src/rp2_common/pico_bit_ops/bit_ops_aeabi.S.obj
 .debug_ranges  0x00002118       0x38 CMakeFiles/MUXD.dir/C_/VSARM/sdk/Pico/pico-sdk/src/rp2_common/pico_bootrom/bootrom.c.obj
 .debug_ranges  0x00002150       0x38 CMakeFiles/MUXD.dir/C_/VSARM/sdk/Pico/pico-sdk/src/rp2_common/pico_divider/divider.S.obj
 .debug_ranges  0x00002188      0x138 CMakeFiles/MUXD.dir/C_/VSARM/sdk/Pico/pico-sdk/src/rp2_common/pico_double/double_aeabi.S.obj
 .debug_ranges  0x000022c0       0x30 CMakeFiles/MUXD.dir/C_/VSARM/sdk/Pico/pico-sdk/src/rp2_common/pico_double/double_init_rom.c.obj
 .debug_ranges  0x000022f0       0xc0 CMakeFiles/MUXD.dir/C_/VSARM/sdk/Pico/pico-sdk/src/rp2_common/pico_double/double_v1_rom_shim.S.obj
 .debug_ranges  0x000023b0      0x128 CMakeFiles/MUXD.dir/C_/VSARM/sdk/Pico/pico-sdk/src/rp2_common/pico_float/float_aeabi.S.obj
 .debug_ranges  0x000024d8       0x28 CMakeFiles/MUXD.dir/C_/VSARM/sdk/Pico/pico-sdk/src/rp2_common/pico_float/float_init_rom.c.obj
 .debug_ranges  0x00002500       0x48 CMakeFiles/MUXD.dir/C_/VSARM/sdk/Pico/pico-sdk/src/rp2_common/pico_float/float_v1_rom_shim.S.obj
 .debug_ranges  0x00002548       0x30 CMakeFiles/MUXD.dir/C_/VSARM/sdk/Pico/pico-sdk/src/rp2_common/pico_mem_ops/mem_ops_aeabi.S.obj
 .debug_ranges  0x00002578       0x20 CMakeFiles/MUXD.dir/C_/VSARM/sdk/Pico/pico-sdk/src/rp2_common/pico_standard_link/crt0.S.obj
 .debug_ranges  0x00002598      0x198 CMakeFiles/MUXD.dir/C_/VSARM/sdk/Pico/pico-sdk/src/rp2_common/pico_stdio/stdio.c.obj
 .debug_ranges  0x00002730      0x230 CMakeFiles/MUXD.dir/C_/VSARM/sdk/Pico/pico-sdk/src/rp2_common/pico_stdio_uart/stdio_uart.c.obj

.debug_line     0x00000000     0xcbf1
 .debug_line    0x00000000      0x50b CMakeFiles/MUXD.dir/muxd.c.obj
 .debug_line    0x0000050b      0x9bc CMakeFiles/MUXD.dir/C_/VSARM/sdk/Pico/pico-sdk/src/rp2_common/hardware_gpio/gpio.c.obj
 .debug_line    0x00000ec7      0x45b CMakeFiles/MUXD.dir/C_/VSARM/sdk/Pico/pico-sdk/src/rp2_common/hardware_claim/claim.c.obj
 .debug_line    0x00001322      0x26a CMakeFiles/MUXD.dir/C_/VSARM/sdk/Pico/pico-sdk/src/rp2_common/pico_platform/platform.c.obj
 .debug_line    0x0000158c      0x457 CMakeFiles/MUXD.dir/C_/VSARM/sdk/Pico/pico-sdk/src/rp2_common/hardware_sync/sync.c.obj
 .debug_line    0x000019e3      0x720 CMakeFiles/MUXD.dir/C_/VSARM/sdk/Pico/pico-sdk/src/rp2_common/hardware_uart/uart.c.obj
 .debug_line    0x00002103     0x18ed CMakeFiles/MUXD.dir/C_/VSARM/sdk/Pico/pico-sdk/src/common/pico_time/time.c.obj
 .debug_line    0x000039f0      0xac9 CMakeFiles/MUXD.dir/C_/VSARM/sdk/Pico/pico-sdk/src/rp2_common/hardware_timer/timer.c.obj
 .debug_line    0x000044b9      0x20e CMakeFiles/MUXD.dir/C_/VSARM/sdk/Pico/pico-sdk/src/common/pico_sync/lock_core.c.obj
 .debug_line    0x000046c7      0xa97 CMakeFiles/MUXD.dir/C_/VSARM/sdk/Pico/pico-sdk/src/common/pico_sync/mutex.c.obj
 .debug_line    0x0000515e      0x87e CMakeFiles/MUXD.dir/C_/VSARM/sdk/Pico/pico-sdk/src/common/pico_util/pheap.c.obj
 .debug_line    0x000059dc      0x7f4 CMakeFiles/MUXD.dir/C_/VSARM/sdk/Pico/pico-sdk/src/rp2_common/pico_runtime/runtime.c.obj
 .debug_line    0x000061d0      0x987 CMakeFiles/MUXD.dir/C_/VSARM/sdk/Pico/pico-sdk/src/rp2_common/hardware_clocks/clocks.c.obj
 .debug_line    0x00006b57      0xe11 CMakeFiles/MUXD.dir/C_/VSARM/sdk/Pico/pico-sdk/src/rp2_common/hardware_irq/irq.c.obj
 .debug_line    0x00007968      0x52d CMakeFiles/MUXD.dir/C_/VSARM/sdk/Pico/pico-sdk/src/rp2_common/hardware_pll/pll.c.obj
 .debug_line    0x00007e95      0x39c CMakeFiles/MUXD.dir/C_/VSARM/sdk/Pico/pico-sdk/src/rp2_common/hardware_watchdog/watchdog.c.obj
 .debug_line    0x00008231      0x299 CMakeFiles/MUXD.dir/C_/VSARM/sdk/Pico/pico-sdk/src/rp2_common/hardware_xosc/xosc.c.obj